BL51 BANKED LINKER/LOCATER V6.22                                                        09/18/2018  21:03:41  PAGE 1


BL51 BANKED LINKER/LOCATER V6.22, INVOKED BY:
D:\KEIL_V5\C51\BIN\BL51.EXE .\obj\z_main.obj, .\obj\z_adc.obj, .\obj\z_delay.obj, .\obj\z_global.obj, .\obj\z_gpio.obj, 
>> .\obj\z_ps2.obj, .\obj\z_pwm.obj, .\obj\z_sensor.obj, .\obj\z_timer.obj, .\obj\z_uart.obj, .\obj\z_w25q64.obj TO .\ob
>> j\51_duoji20180918 PRINT (.\lst\51_duoji20180918.m51)


MEMORY MODEL: LARGE WITH FLOATING POINT ARITHMETIC


INPUT MODULES INCLUDED:
  .\obj\z_main.obj (Z_MAIN)
  .\obj\z_adc.obj (Z_ADC)
  .\obj\z_delay.obj (Z_DELAY)
  .\obj\z_global.obj (Z_GLOBAL)
  .\obj\z_gpio.obj (Z_GPIO)
  .\obj\z_ps2.obj (Z_PS2)
  .\obj\z_pwm.obj (Z_PWM)
  .\obj\z_sensor.obj (Z_SENSOR)
  .\obj\z_timer.obj (Z_TIMER)
  .\obj\z_uart.obj (Z_UART)
  .\obj\z_w25q64.obj (Z_W25Q64)
  D:\KEIL_V5\C51\LIB\C51FPL.LIB (?C?FPADD)
  D:\KEIL_V5\C51\LIB\C51FPL.LIB (?C?FPMUL)
  D:\KEIL_V5\C51\LIB\C51FPL.LIB (?C?FPDIV)
  D:\KEIL_V5\C51\LIB\C51FPL.LIB (?C?FPCMP)
  D:\KEIL_V5\C51\LIB\C51FPL.LIB (?C?FPNEG)
  D:\KEIL_V5\C51\LIB\C51FPL.LIB (?C?FCAST)
  D:\KEIL_V5\C51\LIB\C51FPL.LIB (?C?CASTF)
  D:\KEIL_V5\C51\LIB\C51FPL.LIB (PRINTF)
  D:\KEIL_V5\C51\LIB\C51FPL.LIB (SCANF)
  D:\KEIL_V5\C51\LIB\C51FPL.LIB (?C?FPGETOPN)
  D:\KEIL_V5\C51\LIB\C51FPL.LIB (?C?FPROUND)
  D:\KEIL_V5\C51\LIB\C51FPL.LIB (?C?FPCONVERT)
  D:\KEIL_V5\C51\LIB\C51FPL.LIB (?C?ATOF)
  D:\KEIL_V5\C51\LIB\C51FPL.LIB (?C?FTNPWR)
  D:\KEIL_V5\C51\LIB\C51L.LIB (?C_STARTUP)
  D:\KEIL_V5\C51\LIB\C51L.LIB (?C?COPY)
  D:\KEIL_V5\C51\LIB\C51L.LIB (?C?CLDPTR)
  D:\KEIL_V5\C51\LIB\C51L.LIB (?C?CLDOPTR)
  D:\KEIL_V5\C51\LIB\C51L.LIB (?C?CSTPTR)
  D:\KEIL_V5\C51\LIB\C51L.LIB (?C?CSTOPTR)
  D:\KEIL_V5\C51\LIB\C51L.LIB (?C?IMUL)
  D:\KEIL_V5\C51\LIB\C51L.LIB (?C?SIDIV)
  D:\KEIL_V5\C51\LIB\C51L.LIB (?C?IILDX)
  D:\KEIL_V5\C51\LIB\C51L.LIB (?C?ILDIX)
  D:\KEIL_V5\C51\LIB\C51L.LIB (?C?ILDPTR)
  D:\KEIL_V5\C51\LIB\C51L.LIB (?C?ILDOPTR)
  D:\KEIL_V5\C51\LIB\C51L.LIB (?C?ISTPTR)
  D:\KEIL_V5\C51\LIB\C51L.LIB (?C?ISTOPTR)
  D:\KEIL_V5\C51\LIB\C51L.LIB (?C?LMUL)
  D:\KEIL_V5\C51\LIB\C51L.LIB (?C?ULDIV)
  D:\KEIL_V5\C51\LIB\C51L.LIB (?C?LNEG)
  D:\KEIL_V5\C51\LIB\C51L.LIB (?C?ULCMP)
  D:\KEIL_V5\C51\LIB\C51L.LIB (?C?ULSHR)
  D:\KEIL_V5\C51\LIB\C51L.LIB (?C?LSHL)
  D:\KEIL_V5\C51\LIB\C51L.LIB (?C?LSTPTR)
  D:\KEIL_V5\C51\LIB\C51L.LIB (?C?LSTXDATA)
  D:\KEIL_V5\C51\LIB\C51L.LIB (?C?LSTKXDATA)
BL51 BANKED LINKER/LOCATER V6.22                                                      09/18/2018  21:03:41  PAGE 2


  D:\KEIL_V5\C51\LIB\C51L.LIB (?C?OFFXADD)
  D:\KEIL_V5\C51\LIB\C51L.LIB (?C?PLDXDATA)
  D:\KEIL_V5\C51\LIB\C51L.LIB (?C?PLDIXDATA)
  D:\KEIL_V5\C51\LIB\C51L.LIB (?C?PILDXDATA)
  D:\KEIL_V5\C51\LIB\C51L.LIB (?C?PSTXDATA)
  D:\KEIL_V5\C51\LIB\C51L.LIB (?C?CCASE)
  D:\KEIL_V5\C51\LIB\C51L.LIB (PUTCHAR)
  D:\KEIL_V5\C51\LIB\C51L.LIB (GETCHAR)
  D:\KEIL_V5\C51\LIB\C51L.LIB (UNGETC)
  D:\KEIL_V5\C51\LIB\C51L.LIB (ISSPACE)
  D:\KEIL_V5\C51\LIB\C51L.LIB (?C?STRCPY)
  D:\KEIL_V5\C51\LIB\C51L.LIB (STRLEN)
  D:\KEIL_V5\C51\LIB\C51L.LIB (?C?MEMSET)
  D:\KEIL_V5\C51\LIB\C51L.LIB (?C_INIT)
  D:\KEIL_V5\C51\LIB\C51L.LIB (?C?UIDIV)
  D:\KEIL_V5\C51\LIB\C51L.LIB (?C?LSTIDATA)
  D:\KEIL_V5\C51\LIB\C51L.LIB (?C?LSTPDATA)
  D:\KEIL_V5\C51\LIB\C51L.LIB (_GETKEY)


LINK MAP OF MODULE:  .\obj\51_duoji20180918 (Z_MAIN)


            TYPE    BASE      LENGTH    RELOCATION   SEGMENT NAME
            -----------------------------------------------------

            * * * * * * *   D A T A   M E M O R Y   * * * * * * *
            REG     0000H     0008H     ABSOLUTE     "REG BANK 0"
            REG     0008H     0008H     ABSOLUTE     "REG BANK 1"
            DATA    0010H     000BH     UNIT         _DATA_GROUP_
                    001BH     0005H                  *** GAP ***
            BIT     0020H.0   0001H.3   UNIT         _BIT_GROUP_
            BIT     0021H.3   0000H.1   UNIT         ?BI?GETCHAR
                    0021H.4   0000H.4                *** GAP ***
            IDATA   0022H     0001H     UNIT         ?STACK

            * * * * * * *  X D A T A   M E M O R Y  * * * * * * *
            XDATA   0000H     03A1H     UNIT         ?XD?Z_GLOBAL
            XDATA   03A1H     006CH     UNIT         ?XD?Z_SENSOR
            XDATA   040DH     0051H     UNIT         ?XD?Z_MAIN
            XDATA   045EH     0046H     UNIT         _XDATA_GROUP_
            XDATA   04A4H     0010H     UNIT         ?XD?Z_UART
            XDATA   04B4H     000DH     UNIT         ?XD?_SPIFLASHWRITE?Z_W25Q64
            XDATA   04C1H     0005H     UNIT         ?XD?Z_TIMER
            XDATA   04C6H     0002H     UNIT         ?XD?LOOP_MONITOR_SERVO?Z_MAIN
            XDATA   04C8H     0001H     UNIT         ?XD?GETCHAR

            * * * * * * *   C O D E   M E M O R Y   * * * * * * *
            CODE    0000H     0003H     ABSOLUTE     
            CODE    0003H     0008H     UNIT         ?PR?_UART1_SEND_BYTE?Z_UART
            CODE    000BH     0003H     ABSOLUTE     
            CODE    000EH     000DH     UNIT         ?PR?DJ_IO_INIT?Z_GPIO
            CODE    001BH     0003H     ABSOLUTE     
            CODE    001EH     0005H     UNIT         ?PR?SETUP_VOL?Z_MAIN
            CODE    0023H     0003H     ABSOLUTE     
            CODE    0026H     001DH     UNIT         ?PR?IO_INIT?Z_GPIO
            CODE    0043H     0003H     ABSOLUTE     
BL51 BANKED LINKER/LOCATER V6.22                                                      09/18/2018  21:03:41  PAGE 3


            CODE    0046H     004BH     UNIT         ?PR?LOOP_SAVE_SOMETHING?Z_MAIN
            CODE    0091H     0001H     UNIT         ?PR?HANDLE_UART?Z_MAIN
            CODE    0092H     0001H     UNIT         ?PR?HANDLE_SENSOR?Z_MAIN
            CODE    0093H     0003H     ABSOLUTE     
            CODE    0096H     0004H     UNIT         ?PR?SOFT_RESET?Z_MAIN
            CODE    009AH     0001H     UNIT         ?PR?SETUP_XUNJI?Z_SENSOR
            CODE    009BH     0003H     ABSOLUTE     
            CODE    009EH     1497H     UNIT         ?CO?Z_MAIN
            CODE    1535H     0BD9H     UNIT         ?C?LIB_CODE
            CODE    210EH     0B91H     UNIT         ?PR?_PARSE_CMD?Z_MAIN
            CODE    2C9FH     087CH     UNIT         ?PR?_DO_ACTION?Z_MAIN
            CODE    351BH     0483H     UNIT         ?PR?PRINTF?PRINTF
            CODE    399EH     035AH     UNIT         ?PR?SCANF?SCANF
            CODE    3CF8H     0332H     UNIT         ?PR?_PARSE_PSX_BUF?Z_MAIN
            CODE    402AH     02BFH     UNIT         ?PR?SMART_YSSBJIAQU?Z_SENSOR
            CODE    42E9H     024FH     UNIT         ?PR?SMART_XUNJIYANSE?Z_SENSOR
            CODE    4538H     01E0H     UNIT         ?PR?_ACTION_SAVE?Z_MAIN
            CODE    4718H     0195H     UNIT         ?PR?SMART_YSSB_VERIFY?Z_SENSOR
            CODE    48ADH     0184H     UNIT         ?PR?LOOP_BT_ONCE?Z_MAIN
            CODE    4A31H     0171H     UNIT         ?PR?_DUOJI_INC_HANDLE?Z_MAIN
            CODE    4BA2H     0170H     UNIT         ?C_INITSEG
            CODE    4D12H     015AH     UNIT         ?PR?UART1?Z_UART
            CODE    4E6CH     013FH     UNIT         ?PR?_SELECTION_SORT?Z_GLOBAL
            CODE    4FABH     013CH     UNIT         ?PR?UART2_INT?Z_UART
            CODE    50E7H     013CH     UNIT         ?PR?UART4?Z_UART
            CODE    5223H     012EH     UNIT         ?PR?_CAR_PWM_SET?Z_PWM
            CODE    5351H     0119H     UNIT         ?PR?_STR_CONTAIN_STR?Z_GLOBAL
            CODE    546AH     0118H     UNIT         ?PR?SETUP_OTHERS?Z_MAIN
            CODE    5582H     0100H     UNIT         ?PR?SMART_SOUNDJIAQU?Z_SENSOR
            CODE    5682H     00ECH     UNIT         ?PR?LOOP_ACTION?Z_MAIN
            CODE    576EH     00EAH     UNIT         ?PR?_SPIFLASHWRITENOCHECK?Z_W25Q64
            CODE    5858H     00E6H     UNIT         ?PR??C?ATOF??C?ATOF
            CODE    593EH     00D8H     UNIT         ?PR?T0_IRQ?Z_TIMER
            CODE    5A16H     00C6H     UNIT         ?PR?_ERASE_SECTOR?Z_MAIN
            CODE    5ADCH     00B8H     UNIT         ?PR?SMART_XUNJICSBJIAQU?Z_SENSOR
            CODE    5B94H     00B5H     UNIT         ?PR?SETUP_YSSB?Z_SENSOR
            CODE    5C49H     00B1H     UNIT         ?PR?GET_ADC_YSSB_MIDDLE?Z_SENSOR
            CODE    5CFAH     00B0H     UNIT         ?PR?_PSX_WRITE_READ?Z_PS2
            CODE    5DAAH     00ABH     UNIT         ?PR?_PRINT_GROUP?Z_MAIN
            CODE    5E55H     009EH     UNIT         ?PR?SETUP_W25Q64?Z_MAIN
            CODE    5EF3H     009EH     UNIT         ?PR?SMART_CSBJIAQU?Z_SENSOR
            CODE    5F91H     009DH     UNIT         ?PR?LOOP_PS2_CAR_PWM?Z_MAIN
            CODE    602EH     0098H     UNIT         ?PR?SMART_ZIYOUBIZHANG?Z_SENSOR
            CODE    60C6H     0096H     UNIT         ?PR?SMART_GENSUI?Z_SENSOR
            CODE    615CH     0093H     UNIT         ?PR?GET_CSB_VALUE?Z_SENSOR
            CODE    61EFH     0091H     UNIT         ?PR?LOOP_UART?Z_MAIN
            CODE    6280H     008CH     UNIT         ?PR?_GET_ACTION_INDEX?Z_MAIN
            CODE    630CH     008CH     UNIT         ?C_C51STARTUP
            CODE    6398H     0088H     UNIT         ?CO?Z_SENSOR
            CODE    6420H     0082H     UNIT         ?PR?_SPIFLASHWRITEPAGE?Z_W25Q64
            CODE    64A2H     007CH     UNIT         ?PR?_PSX_TRANSFER?Z_PS2
            CODE    651EH     0071H     UNIT         ?PR?LOOP_SMART_SENSOR?Z_SENSOR
            CODE    658FH     0068H     UNIT         ?PR?_SPIFLASHERASESECTOR?Z_W25Q64
            CODE    65F7H     0067H     UNIT         ?PR?_DO_GROUP_ONCE?Z_MAIN
            CODE    665EH     0064H     UNIT         ?PR?LOOP_VOL_WARNING?Z_MAIN
            CODE    66C2H     0063H     UNIT         ?PR?_SPIFLASHREAD?Z_W25Q64
            CODE    6725H     0061H     UNIT         ?PR?_UART4_INIT?Z_UART
BL51 BANKED LINKER/LOCATER V6.22                                                      09/18/2018  21:03:41  PAGE 4


            CODE    6786H     0060H     UNIT         ?PR?_UART1_INIT?Z_UART
            CODE    67E6H     005EH     UNIT         ?PR?LOOP_MONITOR_SERVO?Z_MAIN
            CODE    6844H     005EH     UNIT         ?PR?_UART2_INIT?Z_UART
            CODE    68A2H     005CH     UNIT         ?PR?LOOP_PS2_BUTTON?Z_MAIN
            CODE    68FEH     0059H     UNIT         ?PR?_BEEP_ON_TIMES?Z_GPIO
            CODE    6957H     0056H     UNIT         ?PR?_PWM_INIT?Z_PWM
            CODE    69ADH     0053H     UNIT         ?PR?MAIN?Z_MAIN
            CODE    6A00H     0053H     UNIT         ?PR?CHECK_DJ_STATE?Z_MAIN
            CODE    6A53H     0050H     UNIT         ?PR?GLOBAL_INIT?Z_GLOBAL
            CODE    6AA3H     004EH     UNIT         ?PR?SMART_XUNJI?Z_SENSOR
            CODE    6AF1H     004BH     UNIT         ?PR?T3_IRQ?Z_TIMER
            CODE    6B3CH     004AH     UNIT         ?PR?SMART_XUNJIBIZHANG?Z_SENSOR
            CODE    6B86H     0049H     UNIT         ?PR?GET_ADC_CSB_MIDDLE?Z_SENSOR
            CODE    6BCFH     0043H     UNIT         ?PR?_INT_EXCHANGE?Z_MAIN
            CODE    6C12H     0042H     UNIT         ?PR?SETUP_START?Z_MAIN
            CODE    6C54H     0041H     UNIT         ?PR?_ABS_FLOAT?Z_MAIN
            CODE    6C95H     003DH     UNIT         ?PR?LOOP_PS2_DATA?Z_MAIN
            CODE    6CD2H     003BH     UNIT         ?PR?_UART1_SEND_STR?Z_UART
            CODE    6D0DH     0038H     UNIT         ?PR?_DJ_IO_SET?Z_GPIO
            CODE    6D45H     0037H     UNIT         ?PR?LOOP_NLED?Z_MAIN
            CODE    6D7CH     0037H     UNIT         ?PR?_ZX_UART_SEND_STR?Z_UART
            CODE    6DB3H     0036H     UNIT         ?PR?_TIMER0_RESET?Z_TIMER
            CODE    6DE9H     0033H     UNIT         ?PR?_UART4_SEND_STR?Z_UART
            CODE    6E1CH     0032H     UNIT         ?PR?_SPIFLASHWRITE?Z_W25Q64
            CODE    6E4EH     002BH     UNIT         ?PR?_PWM2_SETPWMWIDE?Z_PWM
            CODE    6E79H     002BH     UNIT         ?PR?_PWM3_SETPWMWIDE?Z_PWM
            CODE    6EA4H     002BH     UNIT         ?PR?_PWM4_SETPWMWIDE?Z_PWM
            CODE    6ECFH     002BH     UNIT         ?PR?_PWM5_SETPWMWIDE?Z_PWM
            CODE    6EFAH     002AH     UNIT         ?PR?SPIFLASHREADID?Z_W25Q64
            CODE    6F24H     0028H     UNIT         ?PR?_ADC_READ?Z_ADC
            CODE    6F4CH     0027H     UNIT         ?PR?PUTCHAR?PUTCHAR
            CODE    6F73H     0025H     UNIT         ?PR?REWRITE_EEPROM?Z_MAIN
            CODE    6F98H     0024H     UNIT         ?PR?_UART2_SEND_STR?Z_UART
            CODE    6FBCH     0021H     UNIT         ?PR?T1_IRQ?Z_TIMER
            CODE    6FDDH     0020H     UNIT         ?PR?_MDELAY?Z_DELAY
            CODE    6FFDH     001EH     UNIT         ?PR?_SPIWRITEREAD?Z_W25Q64
            CODE    701BH     001AH     UNIT         ?PR?_UART2_SEND_BYTE?Z_UART
            CODE    7035H     0019H     UNIT         ?PR?_REPLACE_CHAR?Z_MAIN
            CODE    704EH     0018H     UNIT         ?PR?TIMER0_INIT?Z_TIMER
            CODE    7066H     0017H     UNIT         ?PR?SETUP_UART1?Z_MAIN
            CODE    707DH     0017H     UNIT         ?PR?SETUP_UART2?Z_MAIN
            CODE    7094H     0017H     UNIT         ?PR?SETUP_UART4?Z_MAIN
            CODE    70ABH     0015H     UNIT         ?PR?_ADC_INIT?Z_ADC
            CODE    70C0H     0015H     UNIT         ?PR?_STRLEN?STRLEN
            CODE    70D5H     0014H     UNIT         ?PR?_ABS_INT?Z_GLOBAL
            CODE    70E9H     0014H     UNIT         ?PR?TIMER1_INIT?Z_TIMER
            CODE    70FDH     0014H     UNIT         ?PR?GETCHAR?GETCHAR
            CODE    7111H     0014H     UNIT         ?PR?_ISSPACE?ISSPACE
            CODE    7125H     0013H     UNIT         ?PR?_UDELAY?Z_DELAY
            CODE    7138H     0012H     UNIT         ?PR?TIMER3_INIT?Z_TIMER
            CODE    714AH     0010H     UNIT         ?PR?SPIMASTERINIT?Z_W25Q64
            CODE    715AH     000FH     UNIT         ?PR?SETUP_CAR_PWM?Z_MAIN
            CODE    7169H     000FH     UNIT         ?PR?MILLIS?Z_TIMER
            CODE    7178H     000FH     UNIT         ?PR?GET_UART_TIMEOUT?Z_UART
            CODE    7187H     000FH     UNIT         ?PR?SPIFLASHREADSR?Z_W25Q64
            CODE    7196H     000CH     UNIT         ?PR?SETUP_SENSOR?Z_SENSOR
            CODE    71A2H     000BH     UNIT         ?PR?_DELAY?Z_DELAY
BL51 BANKED LINKER/LOCATER V6.22                                                      09/18/2018  21:03:41  PAGE 5


            CODE    71ADH     000BH     UNIT         ?PR?_UART4_SEND_BYTE?Z_UART
            CODE    71B8H     000AH     UNIT         ?PR?SPIFLASHWRITEENABLE?Z_W25Q64
            CODE    71C2H     000AH     UNIT         ?PR?_GETKEY?_GETKEY
            CODE    71CCH     0009H     UNIT         ?PR?SPIFLASHINIT?Z_W25Q64
            CODE    71D5H     0008H     UNIT         ?PR?SPIFLASHWAITBUSY?Z_W25Q64
            CODE    71DDH     0008H     UNIT         ?PR?GETCHAR?UNGETCHAR
            CODE    71E5H     0007H     UNIT         ?PR?PSX_INIT?Z_PS2
            CODE    71ECH     0006H     UNIT         ?PR?SETUP_INTERRUPT?Z_MAIN
            CODE    71F2H     0004H     UNIT         ?PR?UART2_OPEN?Z_UART
            CODE    71F6H     0004H     UNIT         ?PR?UART2_CLOSE?Z_UART
            CODE    71FAH     0004H     UNIT         ?PR?UART4_OPEN?Z_UART
            CODE    71FEH     0004H     UNIT         ?PR?UART4_CLOSE?Z_UART
            CODE    7202H     0003H     UNIT         ?PR?SETUP_GLOBAL?Z_MAIN
            CODE    7205H     0003H     UNIT         ?PR?SETUP_GPIO?Z_MAIN
            CODE    7208H     0003H     UNIT         ?PR?SETUP_NLED?Z_MAIN
            CODE    720BH     0003H     UNIT         ?PR?SETUP_BEEP?Z_MAIN
            CODE    720EH     0003H     UNIT         ?PR?SETUP_DJIO?Z_MAIN
            CODE    7211H     0003H     UNIT         ?PR?SETUP_PS2?Z_MAIN
            CODE    7214H     0003H     UNIT         ?PR?SETUP_DJ_TIMER?Z_MAIN
            CODE    7217H     0003H     UNIT         ?PR?SETUP_SYSTICK?Z_MAIN
            CODE    721AH     0003H     UNIT         ?PR?SETUP_CSB?Z_SENSOR
            CODE    721DH     0003H     UNIT         ?PR?UART1_OPEN?Z_UART
            CODE    7220H     0003H     UNIT         ?PR?UART1_CLOSE?Z_UART
            CODE    7223H     0001H     UNIT         ?PR?SETUP_SOUND?Z_SENSOR



OVERLAY MAP OF MODULE:   .\obj\51_duoji20180918 (Z_MAIN)


SEGMENT                                       BIT_GROUP          DATA_GROUP          XDATA_GROUP
  +--> CALLED SEGMENT                      START    LENGTH     START    LENGTH     START    LENGTH
--------------------------------------------------------------------------------------------------
?PR?T0_IRQ?Z_TIMER                         -----    -----      -----    -----      -----    -----
  +--> ?PR?_TIMER0_RESET?Z_TIMER
  +--> ?PR?_DJ_IO_SET?Z_GPIO

?PR?_TIMER0_RESET?Z_TIMER                  -----    -----      -----    -----      045EH    0002H

*** NEW ROOT ***************************************************

?PR?UART1?Z_UART                           -----    -----      -----    -----      -----    -----
  +--> ?PR?MILLIS?Z_TIMER

*** NEW ROOT ***************************************************

?PR?UART2_INT?Z_UART                       -----    -----      -----    -----      -----    -----
  +--> ?PR?MILLIS?Z_TIMER

*** NEW ROOT ***************************************************

?PR?UART4?Z_UART                           -----    -----      -----    -----      -----    -----
  +--> ?PR?MILLIS?Z_TIMER

*** NEW ROOT ***************************************************

?C_C51STARTUP                              -----    -----      -----    -----      -----    -----
BL51 BANKED LINKER/LOCATER V6.22                                                      09/18/2018  21:03:41  PAGE 6


  +--> ?PR?MAIN?Z_MAIN
  +--> ?C_INITSEG

?PR?MAIN?Z_MAIN                            -----    -----      -----    -----      -----    -----
  +--> ?PR?SETUP_GLOBAL?Z_MAIN
  +--> ?PR?SETUP_GPIO?Z_MAIN
  +--> ?PR?SETUP_NLED?Z_MAIN
  +--> ?PR?SETUP_BEEP?Z_MAIN
  +--> ?PR?SETUP_DJIO?Z_MAIN
  +--> ?PR?SETUP_W25Q64?Z_MAIN
  +--> ?PR?SETUP_PS2?Z_MAIN
  +--> ?PR?SETUP_VOL?Z_MAIN
  +--> ?PR?SETUP_CAR_PWM?Z_MAIN
  +--> ?PR?SETUP_UART1?Z_MAIN
  +--> ?PR?SETUP_UART2?Z_MAIN
  +--> ?PR?SETUP_UART4?Z_MAIN
  +--> ?PR?SETUP_SYSTICK?Z_MAIN
  +--> ?PR?SETUP_OTHERS?Z_MAIN
  +--> ?PR?SETUP_SENSOR?Z_SENSOR
  +--> ?PR?SETUP_DJ_TIMER?Z_MAIN
  +--> ?PR?SETUP_INTERRUPT?Z_MAIN
  +--> ?PR?SETUP_START?Z_MAIN
  +--> ?PR?LOOP_NLED?Z_MAIN
  +--> ?PR?LOOP_UART?Z_MAIN
  +--> ?PR?LOOP_ACTION?Z_MAIN
  +--> ?PR?LOOP_BT_ONCE?Z_MAIN
  +--> ?PR?LOOP_PS2_DATA?Z_MAIN
  +--> ?PR?LOOP_PS2_BUTTON?Z_MAIN
  +--> ?PR?LOOP_PS2_CAR_PWM?Z_MAIN
  +--> ?PR?LOOP_SAVE_SOMETHING?Z_MAIN
  +--> ?PR?LOOP_SMART_SENSOR?Z_SENSOR

?PR?SETUP_GLOBAL?Z_MAIN                    -----    -----      -----    -----      -----    -----
  +--> ?PR?GLOBAL_INIT?Z_GLOBAL

?PR?SETUP_GPIO?Z_MAIN                      -----    -----      -----    -----      -----    -----
  +--> ?PR?IO_INIT?Z_GPIO

?PR?SETUP_DJIO?Z_MAIN                      -----    -----      -----    -----      -----    -----
  +--> ?PR?DJ_IO_INIT?Z_GPIO

?PR?SETUP_W25Q64?Z_MAIN                    -----    -----      -----    -----      -----    -----
  +--> ?PR?SPIFLASHINIT?Z_W25Q64
  +--> ?PR?SPIFLASHREADID?Z_W25Q64
  +--> ?PR?_SPIFLASHREAD?Z_W25Q64
  +--> ?PR?REWRITE_EEPROM?Z_MAIN

?PR?SPIFLASHINIT?Z_W25Q64                  -----    -----      -----    -----      -----    -----
  +--> ?PR?SPIMASTERINIT?Z_W25Q64

?PR?SPIFLASHREADID?Z_W25Q64                -----    -----      -----    -----      -----    -----
  +--> ?PR?_SPIWRITEREAD?Z_W25Q64

?PR?_SPIFLASHREAD?Z_W25Q64                 -----    -----      -----    -----      0474H    0009H
  +--> ?PR?_SPIWRITEREAD?Z_W25Q64

?PR?REWRITE_EEPROM?Z_MAIN                  -----    -----      -----    -----      -----    -----
BL51 BANKED LINKER/LOCATER V6.22                                                      09/18/2018  21:03:41  PAGE 7


  +--> ?PR?_SPIFLASHERASESECTOR?Z_W25Q64
  +--> ?PR?_SPIFLASHWRITENOCHECK?Z_W25Q64

?PR?_SPIFLASHERASESECTOR?Z_W25Q64          -----    -----      -----    -----      0474H    0004H
  +--> ?PR?SPIFLASHWRITEENABLE?Z_W25Q64
  +--> ?PR?SPIFLASHWAITBUSY?Z_W25Q64
  +--> ?PR?_SPIWRITEREAD?Z_W25Q64

?PR?SPIFLASHWRITEENABLE?Z_W25Q64           -----    -----      -----    -----      -----    -----
  +--> ?PR?_SPIWRITEREAD?Z_W25Q64

?PR?SPIFLASHWAITBUSY?Z_W25Q64              -----    -----      -----    -----      -----    -----
  +--> ?PR?SPIFLASHREADSR?Z_W25Q64

?PR?SPIFLASHREADSR?Z_W25Q64                -----    -----      -----    -----      -----    -----
  +--> ?PR?_SPIWRITEREAD?Z_W25Q64

?PR?_SPIFLASHWRITENOCHECK?Z_W25Q64         -----    -----      -----    -----      0465H    000BH
  +--> ?PR?_SPIFLASHWRITEPAGE?Z_W25Q64

?PR?_SPIFLASHWRITEPAGE?Z_W25Q64            -----    -----      -----    -----      0470H    0009H
  +--> ?PR?SPIFLASHWRITEENABLE?Z_W25Q64
  +--> ?PR?_SPIWRITEREAD?Z_W25Q64
  +--> ?PR?SPIFLASHWAITBUSY?Z_W25Q64

?PR?SETUP_PS2?Z_MAIN                       -----    -----      -----    -----      -----    -----
  +--> ?PR?PSX_INIT?Z_PS2

?PR?SETUP_VOL?Z_MAIN                       -----    -----      -----    -----      -----    -----
  +--> ?PR?_ADC_INIT?Z_ADC

?PR?SETUP_CAR_PWM?Z_MAIN                   -----    -----      -----    -----      -----    -----
  +--> ?PR?_PWM_INIT?Z_PWM
  +--> ?PR?_CAR_PWM_SET?Z_PWM

?PR?_CAR_PWM_SET?Z_PWM                     -----    -----      -----    -----      0470H    0004H
  +--> ?PR?_PWM3_SETPWMWIDE?Z_PWM
  +--> ?PR?_PWM2_SETPWMWIDE?Z_PWM
  +--> ?PR?_PWM4_SETPWMWIDE?Z_PWM
  +--> ?PR?_PWM5_SETPWMWIDE?Z_PWM

?PR?SETUP_UART1?Z_MAIN                     -----    -----      -----    -----      -----    -----
  +--> ?PR?_UART1_INIT?Z_UART
  +--> ?PR?UART1_OPEN?Z_UART
  +--> ?CO?Z_MAIN
  +--> ?PR?_UART1_SEND_STR?Z_UART

?PR?_UART1_INIT?Z_UART                     -----    -----      -----    -----      0460H    0004H

?PR?_UART1_SEND_STR?Z_UART                 -----    -----      -----    -----      0474H    0003H
  +--> ?PR?_UART1_SEND_BYTE?Z_UART

?PR?SETUP_UART2?Z_MAIN                     -----    -----      -----    -----      -----    -----
  +--> ?PR?_UART2_INIT?Z_UART
  +--> ?PR?UART2_OPEN?Z_UART
  +--> ?CO?Z_MAIN
  +--> ?PR?_UART2_SEND_STR?Z_UART
BL51 BANKED LINKER/LOCATER V6.22                                                      09/18/2018  21:03:41  PAGE 8



?PR?_UART2_INIT?Z_UART                     -----    -----      -----    -----      0460H    0004H

?PR?_UART2_SEND_STR?Z_UART                 -----    -----      -----    -----      0460H    0003H
  +--> ?PR?_UART2_SEND_BYTE?Z_UART

?PR?SETUP_UART4?Z_MAIN                     -----    -----      -----    -----      -----    -----
  +--> ?PR?_UART4_INIT?Z_UART
  +--> ?PR?UART4_OPEN?Z_UART
  +--> ?CO?Z_MAIN
  +--> ?PR?_UART4_SEND_STR?Z_UART

?PR?_UART4_INIT?Z_UART                     -----    -----      -----    -----      0460H    0004H

?PR?_UART4_SEND_STR?Z_UART                 -----    -----      -----    -----      0460H    0003H
  +--> ?PR?_UART4_SEND_BYTE?Z_UART

?PR?SETUP_SYSTICK?Z_MAIN                   -----    -----      -----    -----      -----    -----
  +--> ?PR?TIMER3_INIT?Z_TIMER

?PR?SETUP_OTHERS?Z_MAIN                    -----    -----      -----    -----      -----    -----
  +--> ?PR?_SPIFLASHREAD?Z_W25Q64
  +--> ?PR?_STRLEN?STRLEN
  +--> ?PR?_DO_ACTION?Z_MAIN
  +--> ?PR?_PARSE_CMD?Z_MAIN

?PR?_DO_ACTION?Z_MAIN                      -----    -----      -----    -----      0472H    0017H
  +--> ?PR?_ZX_UART_SEND_STR?Z_UART
  +--> ?CO?Z_MAIN
  +--> ?PR?MILLIS?Z_TIMER

?PR?_ZX_UART_SEND_STR?Z_UART               -----    -----      -----    -----      0489H    0003H
  +--> ?PR?_UART2_SEND_BYTE?Z_UART

?PR?_PARSE_CMD?Z_MAIN                      -----    -----      -----    -----      0463H    000DH
  +--> ?PR?_UART1_SEND_STR?Z_UART
  +--> ?CO?Z_MAIN
  +--> ?PR?_STR_CONTAIN_STR?Z_GLOBAL
  +--> ?PR?_ZX_UART_SEND_STR?Z_UART
  +--> ?PR?_CAR_PWM_SET?Z_PWM
  +--> ?PR?SCANF?SCANF
  +--> ?PR?PRINTF?PRINTF
  +--> ?PR?SOFT_RESET?Z_MAIN
  +--> ?PR?_PRINT_GROUP?Z_MAIN
  +--> ?PR?_ERASE_SECTOR?Z_MAIN
  +--> ?PR?_DO_GROUP_ONCE?Z_MAIN
  +--> ?PR?_MDELAY?Z_DELAY
  +--> ?PR?_BEEP_ON_TIMES?Z_GPIO

?PR?_STR_CONTAIN_STR?Z_GLOBAL              -----    -----      -----    -----      0470H    000CH

?PR?SCANF?SCANF                            0020H.0  0000H.6    0010H    0009H      0470H    002EH
  +--> ?PR?GETCHAR?UNGETCHAR
  +--> ?PR?_ISSPACE?ISSPACE
  +--> ?PR?GETCHAR?GETCHAR
  +--> ?PR??C?ATOF??C?ATOF

BL51 BANKED LINKER/LOCATER V6.22                                                      09/18/2018  21:03:41  PAGE 9


?PR?GETCHAR?GETCHAR                        -----    -----      -----    -----      -----    -----
  +--> ?PR?_GETKEY?_GETKEY
  +--> ?PR?PUTCHAR?PUTCHAR

?PR??C?ATOF??C?ATOF                        0020H.6  0000H.5    0019H    0002H      -----    -----

?PR?PRINTF?PRINTF                          0020H.0  0001H.1    0010H    0005H      0474H    0030H
  +--> ?PR?PUTCHAR?PUTCHAR

?PR?_PRINT_GROUP?Z_MAIN                    -----    -----      -----    -----      0470H    0004H
  +--> ?PR?_INT_EXCHANGE?Z_MAIN
  +--> ?PR?_SPIFLASHREAD?Z_W25Q64
  +--> ?PR?_UART1_SEND_STR?Z_UART
  +--> ?CO?Z_MAIN

?PR?_INT_EXCHANGE?Z_MAIN                   -----    -----      -----    -----      0474H    0006H

?PR?_ERASE_SECTOR?Z_MAIN                   -----    -----      -----    -----      0470H    0004H
  +--> ?PR?_INT_EXCHANGE?Z_MAIN
  +--> ?PR?_SPIFLASHERASESECTOR?Z_W25Q64
  +--> ?CO?Z_MAIN
  +--> ?PR?PRINTF?PRINTF
  +--> ?PR?_UART1_SEND_STR?Z_UART

?PR?_DO_GROUP_ONCE?Z_MAIN                  -----    -----      -----    -----      0470H    0002H
  +--> ?PR?_SPIFLASHREAD?Z_W25Q64
  +--> ?PR?_DO_ACTION?Z_MAIN
  +--> ?CO?Z_MAIN
  +--> ?PR?PRINTF?PRINTF
  +--> ?PR?_UART1_SEND_STR?Z_UART

?PR?_BEEP_ON_TIMES?Z_GPIO                  -----    -----      -----    -----      0470H    0006H
  +--> ?PR?_MDELAY?Z_DELAY

?PR?SETUP_SENSOR?Z_SENSOR                  -----    -----      -----    -----      -----    -----
  +--> ?PR?SETUP_XUNJI?Z_SENSOR
  +--> ?PR?SETUP_SOUND?Z_SENSOR
  +--> ?PR?SETUP_CSB?Z_SENSOR
  +--> ?PR?SETUP_YSSB?Z_SENSOR

?PR?SETUP_CSB?Z_SENSOR                     -----    -----      -----    -----      -----    -----
  +--> ?PR?TIMER0_INIT?Z_TIMER

?PR?SETUP_YSSB?Z_SENSOR                    -----    -----      -----    -----      -----    -----
  +--> ?PR?_ADC_INIT?Z_ADC
  +--> ?PR?REWRITE_EEPROM?Z_MAIN
  +--> ?CO?Z_SENSOR
  +--> ?PR?_UART1_SEND_STR?Z_UART
  +--> ?PR?PRINTF?PRINTF

?PR?SETUP_DJ_TIMER?Z_MAIN                  -----    -----      -----    -----      -----    -----
  +--> ?PR?TIMER1_INIT?Z_TIMER

?PR?SETUP_START?Z_MAIN                     -----    -----      -----    -----      -----    -----
  +--> ?PR?_MDELAY?Z_DELAY

?PR?LOOP_NLED?Z_MAIN                       -----    -----      -----    -----      -----    -----
BL51 BANKED LINKER/LOCATER V6.22                                                      09/18/2018  21:03:41  PAGE 10


  +--> ?PR?MILLIS?Z_TIMER

?PR?LOOP_UART?Z_MAIN                       -----    -----      -----    -----      -----    -----
  +--> ?PR?_PARSE_CMD?Z_MAIN
  +--> ?PR?_DO_ACTION?Z_MAIN
  +--> ?PR?_ACTION_SAVE?Z_MAIN
  +--> ?PR?GET_UART_TIMEOUT?Z_UART
  +--> ?PR?MILLIS?Z_TIMER

?PR?_ACTION_SAVE?Z_MAIN                    -----    -----      -----    -----      0460H    0005H
  +--> ?PR?REWRITE_EEPROM?Z_MAIN
  +--> ?CO?Z_MAIN
  +--> ?PR?SCANF?SCANF
  +--> ?PR?_SPIFLASHREAD?Z_W25Q64
  +--> ?PR?_STRLEN?STRLEN
  +--> ?PR?_GET_ACTION_INDEX?Z_MAIN
  +--> ?PR?_SPIFLASHERASESECTOR?Z_W25Q64
  +--> ?PR?_REPLACE_CHAR?Z_MAIN
  +--> ?PR?_SPIFLASHWRITENOCHECK?Z_W25Q64
  +--> ?PR?_UART1_SEND_STR?Z_UART

?PR?_GET_ACTION_INDEX?Z_MAIN               -----    -----      -----    -----      0465H    0005H

?PR?_REPLACE_CHAR?Z_MAIN                   -----    -----      -----    -----      0465H    0005H

?PR?LOOP_ACTION?Z_MAIN                     -----    -----      -----    -----      -----    -----
  +--> ?PR?_DUOJI_INC_HANDLE?Z_MAIN
  +--> ?PR?CHECK_DJ_STATE?Z_MAIN
  +--> ?PR?_DO_GROUP_ONCE?Z_MAIN
  +--> ?CO?Z_MAIN
  +--> ?PR?_UART1_SEND_STR?Z_UART

?PR?_DUOJI_INC_HANDLE?Z_MAIN               -----    -----      -----    -----      0460H    0003H
  +--> ?PR?_ABS_FLOAT?Z_MAIN

?PR?_ABS_FLOAT?Z_MAIN                      -----    -----      -----    -----      0463H    0004H

?PR?CHECK_DJ_STATE?Z_MAIN                  -----    -----      -----    -----      0460H    0002H

?PR?LOOP_BT_ONCE?Z_MAIN                    -----    -----      -----    -----      -----    -----
  +--> ?PR?MILLIS?Z_TIMER
  +--> ?PR?_UART4_INIT?Z_UART
  +--> ?PR?UART4_OPEN?Z_UART
  +--> ?CO?Z_MAIN
  +--> ?PR?_UART4_SEND_STR?Z_UART

?PR?LOOP_PS2_DATA?Z_MAIN                   -----    -----      -----    -----      -----    -----
  +--> ?PR?MILLIS?Z_TIMER
  +--> ?PR?_PSX_WRITE_READ?Z_PS2

?PR?_PSX_WRITE_READ?Z_PS2                  -----    -----      -----    -----      0460H    0003H
  +--> ?PR?_PSX_TRANSFER?Z_PS2

?PR?_PSX_TRANSFER?Z_PS2                    -----    -----      -----    -----      0463H    0003H
  +--> ?PR?_DELAY?Z_DELAY

?PR?LOOP_PS2_BUTTON?Z_MAIN                 -----    -----      -----    -----      -----    -----
BL51 BANKED LINKER/LOCATER V6.22                                                      09/18/2018  21:03:41  PAGE 11


  +--> ?PR?_CAR_PWM_SET?Z_PWM
  +--> ?PR?_PARSE_PSX_BUF?Z_MAIN

?PR?_PARSE_PSX_BUF?Z_MAIN                  -----    -----      -----    -----      0460H    0003H
  +--> ?CO?Z_MAIN
  +--> ?PR?_STRLEN?STRLEN
  +--> ?PR?_STR_CONTAIN_STR?Z_GLOBAL
  +--> ?PR?_PARSE_CMD?Z_MAIN
  +--> ?PR?_DO_ACTION?Z_MAIN
  +--> ?PR?_MDELAY?Z_DELAY

?PR?LOOP_PS2_CAR_PWM?Z_MAIN                -----    -----      -----    -----      0460H    0004H
  +--> ?PR?_CAR_PWM_SET?Z_PWM

?PR?LOOP_SAVE_SOMETHING?Z_MAIN             -----    -----      -----    -----      -----    -----
  +--> ?PR?MILLIS?Z_TIMER
  +--> ?PR?REWRITE_EEPROM?Z_MAIN

?PR?LOOP_SMART_SENSOR?Z_SENSOR             -----    -----      -----    -----      -----    -----
  +--> ?PR?SMART_XUNJI?Z_SENSOR
  +--> ?PR?SMART_SOUNDJIAQU?Z_SENSOR
  +--> ?PR?SMART_ZIYOUBIZHANG?Z_SENSOR
  +--> ?PR?SMART_YSSBJIAQU?Z_SENSOR
  +--> ?PR?SMART_CSBJIAQU?Z_SENSOR
  +--> ?PR?SMART_GENSUI?Z_SENSOR
  +--> ?PR?SMART_XUNJIBIZHANG?Z_SENSOR
  +--> ?PR?SMART_XUNJIYANSE?Z_SENSOR
  +--> ?PR?SMART_XUNJICSBJIAQU?Z_SENSOR
  +--> ?PR?SMART_YSSB_VERIFY?Z_SENSOR

?PR?SMART_XUNJI?Z_SENSOR                   -----    -----      -----    -----      0462H    0002H
  +--> ?PR?_CAR_PWM_SET?Z_PWM

?PR?SMART_SOUNDJIAQU?Z_SENSOR              -----    -----      -----    -----      -----    -----
  +--> ?PR?_BEEP_ON_TIMES?Z_GPIO
  +--> ?PR?MILLIS?Z_TIMER
  +--> ?CO?Z_SENSOR
  +--> ?PR?_PARSE_CMD?Z_MAIN

?PR?SMART_ZIYOUBIZHANG?Z_SENSOR            -----    -----      -----    -----      0460H    0004H
  +--> ?PR?MILLIS?Z_TIMER
  +--> ?PR?GET_ADC_CSB_MIDDLE?Z_SENSOR
  +--> ?CO?Z_SENSOR
  +--> ?PR?PRINTF?PRINTF
  +--> ?PR?_UART1_SEND_STR?Z_UART
  +--> ?PR?_CAR_PWM_SET?Z_PWM

?PR?GET_ADC_CSB_MIDDLE?Z_SENSOR            -----    -----      -----    -----      0464H    0001H
  +--> ?PR?GET_CSB_VALUE?Z_SENSOR
  +--> ?PR?_SELECTION_SORT?Z_GLOBAL

?PR?_SELECTION_SORT?Z_GLOBAL               -----    -----      -----    -----      0465H    000AH

?PR?SMART_YSSBJIAQU?Z_SENSOR               -----    -----      -----    -----      -----    -----
  +--> ?PR?MILLIS?Z_TIMER
  +--> ?PR?GET_ADC_YSSB_MIDDLE?Z_SENSOR
  +--> ?CO?Z_SENSOR
BL51 BANKED LINKER/LOCATER V6.22                                                      09/18/2018  21:03:41  PAGE 12


  +--> ?PR?PRINTF?PRINTF
  +--> ?PR?_UART1_SEND_STR?Z_UART
  +--> ?PR?_MDELAY?Z_DELAY
  +--> ?PR?_PARSE_CMD?Z_MAIN
  +--> ?PR?_BEEP_ON_TIMES?Z_GPIO

?PR?GET_ADC_YSSB_MIDDLE?Z_SENSOR           -----    -----      -----    -----      -----    -----
  +--> ?PR?_ADC_READ?Z_ADC
  +--> ?PR?_SELECTION_SORT?Z_GLOBAL

?PR?_ADC_READ?Z_ADC                        -----    -----      -----    -----      -----    -----
  +--> ?PR?_ADC_INIT?Z_ADC

?PR?SMART_CSBJIAQU?Z_SENSOR                -----    -----      -----    -----      0460H    0002H
  +--> ?PR?MILLIS?Z_TIMER
  +--> ?PR?GET_ADC_CSB_MIDDLE?Z_SENSOR
  +--> ?CO?Z_SENSOR
  +--> ?PR?PRINTF?PRINTF
  +--> ?PR?_UART1_SEND_STR?Z_UART
  +--> ?PR?_PARSE_CMD?Z_MAIN
  +--> ?PR?_BEEP_ON_TIMES?Z_GPIO

?PR?SMART_GENSUI?Z_SENSOR                  -----    -----      -----    -----      0460H    0004H
  +--> ?PR?MILLIS?Z_TIMER
  +--> ?PR?GET_ADC_CSB_MIDDLE?Z_SENSOR
  +--> ?PR?_CAR_PWM_SET?Z_PWM

?PR?SMART_XUNJIBIZHANG?Z_SENSOR            -----    -----      -----    -----      -----    -----
  +--> ?PR?MILLIS?Z_TIMER
  +--> ?PR?GET_ADC_CSB_MIDDLE?Z_SENSOR
  +--> ?PR?_CAR_PWM_SET?Z_PWM
  +--> ?PR?SMART_XUNJI?Z_SENSOR

?PR?SMART_XUNJIYANSE?Z_SENSOR              -----    -----      -----    -----      -----    -----
  +--> ?PR?MILLIS?Z_TIMER
  +--> ?PR?GET_ADC_YSSB_MIDDLE?Z_SENSOR
  +--> ?PR?_CAR_PWM_SET?Z_PWM
  +--> ?PR?_MDELAY?Z_DELAY
  +--> ?CO?Z_SENSOR
  +--> ?PR?_PARSE_CMD?Z_MAIN
  +--> ?PR?_BEEP_ON_TIMES?Z_GPIO
  +--> ?PR?SMART_XUNJI?Z_SENSOR

?PR?SMART_XUNJICSBJIAQU?Z_SENSOR           -----    -----      -----    -----      0460H    0002H
  +--> ?PR?GET_ADC_CSB_MIDDLE?Z_SENSOR
  +--> ?PR?MILLIS?Z_TIMER
  +--> ?PR?_BEEP_ON_TIMES?Z_GPIO
  +--> ?PR?_CAR_PWM_SET?Z_PWM
  +--> ?CO?Z_SENSOR
  +--> ?PR?_PARSE_CMD?Z_MAIN
  +--> ?PR?SMART_XUNJI?Z_SENSOR

?PR?SMART_YSSB_VERIFY?Z_SENSOR             -----    -----      -----    -----      0460H    0004H
  +--> ?PR?_BEEP_ON_TIMES?Z_GPIO
  +--> ?PR?GET_ADC_YSSB_MIDDLE?Z_SENSOR
  +--> ?PR?_MDELAY?Z_DELAY
  +--> ?PR?REWRITE_EEPROM?Z_MAIN
BL51 BANKED LINKER/LOCATER V6.22                                                      09/18/2018  21:03:41  PAGE 13


  +--> ?CO?Z_SENSOR
  +--> ?PR?PRINTF?PRINTF
  +--> ?PR?_UART1_SEND_STR?Z_UART



SYMBOL TABLE OF MODULE:  .\obj\51_duoji20180918 (Z_MAIN)

  VALUE           TYPE          NAME
  ----------------------------------

  -------         MODULE        Z_MAIN
  C:0000H         SYMBOL        _ICE_DUMMY_
  D:00D0H         PUBLIC        PSW
  D:0080H         PUBLIC        P0
  D:0090H         PUBLIC        P1
  D:00A0H         PUBLIC        P2
  D:00B0H         PUBLIC        P3
  D:00C0H         PUBLIC        P4
  D:00C8H         PUBLIC        P5
  D:00E8H         PUBLIC        P6
  D:00F8H         PUBLIC        P7
  D:00A8H         PUBLIC        IE
  B:00A8H.7       PUBLIC        EA
  B:00A8H.3       PUBLIC        ET1
  B:00A8H.1       PUBLIC        ET0
  D:00B8H         PUBLIC        IP
  D:0088H         PUBLIC        TCON
  B:0088H.6       PUBLIC        TR1
  B:0088H.4       PUBLIC        TR0
  D:0098H         PUBLIC        SCON
  D:00C7H         PUBLIC        IAP_CONTR
  D:00D8H         PUBLIC        CCON
  C:7202H         PUBLIC        setup_global
  C:7205H         PUBLIC        setup_gpio
  C:7208H         PUBLIC        setup_nled
  C:001EH         PUBLIC        setup_vol
  C:720BH         PUBLIC        setup_beep
  C:720EH         PUBLIC        setup_djio
  C:5E55H         PUBLIC        setup_w25q64
  C:7211H         PUBLIC        setup_ps2
  C:7214H         PUBLIC        setup_dj_timer
  C:715AH         PUBLIC        setup_car_pwm
  C:7066H         PUBLIC        setup_uart1
  C:707DH         PUBLIC        setup_uart2
  C:7094H         PUBLIC        setup_uart4
  C:7217H         PUBLIC        setup_systick
  C:6C12H         PUBLIC        setup_start
  C:546AH         PUBLIC        setup_others
  C:71ECH         PUBLIC        setup_interrupt
  C:6D45H         PUBLIC        loop_nled
  C:61EFH         PUBLIC        loop_uart
  C:5682H         PUBLIC        loop_action
  C:48ADH         PUBLIC        loop_bt_once
  C:6C95H         PUBLIC        loop_ps2_data
  C:68A2H         PUBLIC        loop_ps2_button
  C:5F91H         PUBLIC        loop_ps2_car_pwm
BL51 BANKED LINKER/LOCATER V6.22                                                      09/18/2018  21:03:41  PAGE 14


  C:0046H         PUBLIC        loop_save_something
  C:665EH         PUBLIC        loop_vol_warning
  C:67E6H         PUBLIC        loop_monitor_servo
  C:0096H         PUBLIC        soft_reset
  C:3CF8H         PUBLIC        _parse_psx_buf
  C:2123H         PUBLIC        _parse_cmd
  C:4538H         PUBLIC        _action_save
  C:6280H         PUBLIC        _get_action_index
  C:5DAAH         PUBLIC        _print_group
  C:6BCFH         PUBLIC        _int_exchange
  C:5A16H         PUBLIC        _erase_sector
  C:65F7H         PUBLIC        _do_group_once
  C:6A00H         PUBLIC        check_dj_state
  C:2CB4H         PUBLIC        _do_action
  C:7035H         PUBLIC        _replace_char
  C:6F73H         PUBLIC        rewrite_eeprom
  B:00A0H.0       PUBLIC        nled
  B:00C8H.1       PUBLIC        beep
  C:4A31H         PUBLIC        _duoji_inc_handle
  X:0433H         PUBLIC        adc7_value
  X:0435H         PUBLIC        adc0_value
  X:0437H         PUBLIC        do_start_index
  X:0439H         PUBLIC        do_time
  X:043BH         PUBLIC        group_num_start
  X:043DH         PUBLIC        group_num_end
  X:043FH         PUBLIC        group_num_times
  X:0441H         PUBLIC        i
  X:0442H         PUBLIC        car_dw
  X:0443H         PUBLIC        bias_systick_ms_bak
  X:0447H         PUBLIC        djBiasSaveFlag
  X:0448H         PUBLIC        dbt_flag
  X:0449H         PUBLIC        vol_adc
  X:044DH         PUBLIC        save_addr_sector
  X:0451H         PUBLIC        save_action_index_bak
  X:0455H         PUBLIC        psx_buf
  C:1466H         PUBLIC        pre_cmd_set_red
  C:1496H         PUBLIC        pre_cmd_set_grn
  C:14C6H         PUBLIC        action_pre_group
  C:69ADH         PUBLIC        main
  C:0091H         PUBLIC        handle_uart
  C:6C54H         PUBLIC        _abs_float
  C:0092H         PUBLIC        handle_sensor
  -------         PROC          MAIN
  C:69ADH         LINE#         182
  C:69ADH         LINE#         184
  C:69B0H         LINE#         185
  C:69B3H         LINE#         186
  C:69B6H         LINE#         187
  C:69B9H         LINE#         188
  C:69BCH         LINE#         189
  C:69BFH         LINE#         190
  C:69C2H         LINE#         191
  C:69C5H         LINE#         192
  C:69C8H         LINE#         193
  C:69CBH         LINE#         194
  C:69CEH         LINE#         195
  C:69D1H         LINE#         196
BL51 BANKED LINKER/LOCATER V6.22                                                      09/18/2018  21:03:41  PAGE 15


  C:69D4H         LINE#         198
  C:69D7H         LINE#         199
  C:69DAH         LINE#         201
  C:69DDH         LINE#         202
  C:69E0H         LINE#         204
  C:69E3H         LINE#         206
  C:69E3H         LINE#         207
  C:69E6H         LINE#         208
  C:69E9H         LINE#         209
  C:69ECH         LINE#         210
  C:69EFH         LINE#         211
  C:69F2H         LINE#         212
  C:69F5H         LINE#         213
  C:69F8H         LINE#         214
  C:69FBH         LINE#         215
  C:69FEH         LINE#         221
  -------         ENDPROC       MAIN
  -------         PROC          SETUP_GLOBAL
  C:7202H         LINE#         229
  C:7202H         LINE#         231
  -------         ENDPROC       SETUP_GLOBAL
  -------         PROC          SETUP_GPIO
  C:7205H         LINE#         234
  C:7205H         LINE#         236
  -------         ENDPROC       SETUP_GPIO
  -------         PROC          SETUP_NLED
  C:7208H         LINE#         239
  C:7208H         LINE#         240
  C:720AH         LINE#         241
  -------         ENDPROC       SETUP_NLED
  -------         PROC          SETUP_BEEP
  C:720BH         LINE#         243
  C:720BH         LINE#         244
  C:720DH         LINE#         245
  -------         ENDPROC       SETUP_BEEP
  -------         PROC          SETUP_DJIO
  C:720EH         LINE#         247
  C:720EH         LINE#         248
  -------         ENDPROC       SETUP_DJIO
  -------         PROC          SETUP_VOL
  C:001EH         LINE#         251
  C:001EH         LINE#         252
  -------         ENDPROC       SETUP_VOL
  -------         PROC          SETUP_W25Q64
  C:5E55H         LINE#         256
  C:5E55H         LINE#         258
  C:5E58H         LINE#         259
  C:5E69H         LINE#         261
  C:5E83H         LINE#         262
  C:5E9FH         LINE#         263
  C:5EA9H         LINE#         264
  C:5EB3H         LINE#         265
  C:5EB6H         LINE#         266
  C:5EB6H         LINE#         268
  C:5EC2H         LINE#         269
  C:5ED1H         LINE#         270
  C:5EE1H         LINE#         271
BL51 BANKED LINKER/LOCATER V6.22                                                      09/18/2018  21:03:41  PAGE 16


  C:5EE9H         LINE#         272
  C:5EF2H         LINE#         273
  C:5EF2H         LINE#         281
  -------         ENDPROC       SETUP_W25Q64
  -------         PROC          SETUP_PS2
  C:7211H         LINE#         284
  C:7211H         LINE#         286
  -------         ENDPROC       SETUP_PS2
  -------         PROC          SETUP_DJ_TIMER
  C:7214H         LINE#         289
  C:7214H         LINE#         290
  -------         ENDPROC       SETUP_DJ_TIMER
  -------         PROC          SETUP_CAR_PWM
  C:715AH         LINE#         293
  C:715AH         LINE#         295
  C:7161H         LINE#         296
  -------         ENDPROC       SETUP_CAR_PWM
  -------         PROC          SETUP_UART1
  C:7066H         LINE#         299
  C:7066H         LINE#         301
  C:7071H         LINE#         303
  C:7074H         LINE#         305
  -------         ENDPROC       SETUP_UART1
  -------         PROC          SETUP_UART2
  C:707DH         LINE#         308
  C:707DH         LINE#         310
  C:7088H         LINE#         312
  C:708BH         LINE#         314
  -------         ENDPROC       SETUP_UART2
  -------         PROC          SETUP_UART4
  C:7094H         LINE#         317
  C:7094H         LINE#         319
  C:709FH         LINE#         321
  C:70A2H         LINE#         324
  -------         ENDPROC       SETUP_UART4
  -------         PROC          SETUP_SYSTICK
  C:7217H         LINE#         327
  C:7217H         LINE#         329
  -------         ENDPROC       SETUP_SYSTICK
  -------         PROC          SETUP_START
  C:6C12H         LINE#         334
  C:6C12H         LINE#         336
  C:6C28H         LINE#         337
  C:6C3EH         LINE#         338
  -------         ENDPROC       SETUP_START
  -------         PROC          SETUP_OTHERS
  C:546AH         LINE#         341
  C:546AH         LINE#         343
  C:5479H         LINE#         344
  C:5479H         LINE#         346
  C:5479H         LINE#         347
  C:5479H         LINE#         349
  C:5490H         LINE#         350
  C:5490H         LINE#         352
  C:54A6H         LINE#         353
  C:54BFH         LINE#         354
  C:54CDH         LINE#         355
BL51 BANKED LINKER/LOCATER V6.22                                                      09/18/2018  21:03:41  PAGE 17


  C:54DAH         LINE#         356
  C:54E7H         LINE#         357
  C:54F4H         LINE#         358
  C:54FDH         LINE#         359
  C:5500H         LINE#         360
  C:5500H         LINE#         363
  C:5508H         LINE#         364
  C:5517H         LINE#         365
  C:551EH         LINE#         366
  C:5527H         LINE#         367
  C:5527H         LINE#         368
  C:5540H         LINE#         369
  C:554EH         LINE#         370
  C:555BH         LINE#         371
  C:5568H         LINE#         372
  C:5575H         LINE#         373
  C:557EH         LINE#         374
  C:5581H         LINE#         375
  C:5581H         LINE#         376
  C:5581H         LINE#         378
  -------         ENDPROC       SETUP_OTHERS
  -------         PROC          SETUP_INTERRUPT
  C:71ECH         LINE#         381
  C:71ECH         LINE#         383
  C:71EFH         LINE#         386
  C:71F1H         LINE#         387
  -------         ENDPROC       SETUP_INTERRUPT
  -------         PROC          LOOP_NLED
  -------         DO            
  X:040DH         SYMBOL        systick_ms_bak
  -------         ENDDO         
  C:6D45H         LINE#         396
  C:6D45H         LINE#         398
  C:6D70H         LINE#         399
  C:6D79H         LINE#         400
  C:6D7BH         LINE#         401
  C:6D7BH         LINE#         402
  -------         ENDPROC       LOOP_NLED
  -------         PROC          LOOP_UART
  -------         DO            
  X:0411H         SYMBOL        do_once1
  X:0412H         SYMBOL        do_once2
  -------         ENDDO         
  C:61EFH         LINE#         404
  C:61EFH         LINE#         406
  C:61F5H         LINE#         410
  C:61FCH         LINE#         412
  C:61FFH         LINE#         413
  C:6208H         LINE#         415
  C:6208H         LINE#         416
  C:6211H         LINE#         419
  C:6214H         LINE#         420
  C:621DH         LINE#         423
  C:6226H         LINE#         424
  C:6226H         LINE#         425
  C:622BH         LINE#         426
  C:622FH         LINE#         428
BL51 BANKED LINKER/LOCATER V6.22                                                      09/18/2018  21:03:41  PAGE 18


  C:622FH         LINE#         431
  C:625EH         LINE#         432
  C:6264H         LINE#         433
  C:6268H         LINE#         434
  C:626AH         LINE#         435
  C:626DH         LINE#         436
  C:626DH         LINE#         437
  C:626EH         LINE#         438
  C:6274H         LINE#         439
  C:6278H         LINE#         440
  C:627CH         LINE#         441
  C:627FH         LINE#         442
  C:627FH         LINE#         443
  C:627FH         LINE#         446
  -------         ENDPROC       LOOP_UART
  -------         PROC          LOOP_SAVE_SOMETHING
  -------         DO            
  X:0413H         SYMBOL        saveTime
  -------         ENDDO         
  C:0046H         LINE#         449
  C:0046H         LINE#         451
  C:007FH         LINE#         452
  C:0084H         LINE#         453
  C:008DH         LINE#         454
  C:0090H         LINE#         455
  C:0090H         LINE#         457
  -------         ENDPROC       LOOP_SAVE_SOMETHING
  -------         PROC          LOOP_PS2_DATA
  -------         DO            
  X:0417H         SYMBOL        systick_ms_bak
  -------         ENDDO         
  C:6C95H         LINE#         460
  C:6C95H         LINE#         462
  C:6CBFH         LINE#         464
  C:6CBFH         LINE#         465
  C:6CC8H         LINE#         466
  C:6CD1H         LINE#         475
  -------         ENDPROC       LOOP_PS2_DATA
  -------         PROC          LOOP_PS2_CAR_PWM
  -------         DO            
  X:041BH         SYMBOL        car_left_bak
  X:041DH         SYMBOL        car_right_bak
  X:0460H         SYMBOL        car_left
  X:0462H         SYMBOL        car_right
  -------         ENDDO         
  C:5F91H         LINE#         478
  C:5F91H         LINE#         482
  C:5F9CH         LINE#         483
  C:5FBFH         LINE#         484
  C:5FE0H         LINE#         486
  C:5FFEH         LINE#         487
  C:600FH         LINE#         488
  C:601EH         LINE#         489
  C:602DH         LINE#         490
  C:602DH         LINE#         492
  -------         ENDPROC       LOOP_PS2_CAR_PWM
  -------         PROC          LOOP_PS2_BUTTON
BL51 BANKED LINKER/LOCATER V6.22                                                      09/18/2018  21:03:41  PAGE 19


  -------         DO            
  X:041FH         SYMBOL        psx_button_bak
  X:0421H         SYMBOL        mode_bak
  -------         ENDDO         
  C:68A2H         LINE#         496
  C:68A2H         LINE#         501
  C:68AEH         LINE#         502
  C:68B0H         LINE#         503
  C:68B3H         LINE#         504
  C:68B9H         LINE#         505
  C:68B9H         LINE#         506
  C:68C1H         LINE#         507
  C:68C7H         LINE#         509
  C:68C7H         LINE#         511
  C:68DFH         LINE#         512
  C:68DFH         LINE#         513
  C:68DFH         LINE#         514
  C:68EDH         LINE#         515
  C:68F5H         LINE#         516
  C:68FDH         LINE#         517
  C:68FDH         LINE#         519
  -------         ENDPROC       LOOP_PS2_BUTTON
  -------         PROC          _PARSE_PSX_BUF
  D:0001H         SYMBOL        buf
  X:0460H         SYMBOL        mode
  -------         DO            
  X:0461H         SYMBOL        i
  X:0462H         SYMBOL        pos
  X:0422H         SYMBOL        bak
  X:0424H         SYMBOL        temp
  X:0426H         SYMBOL        temp2
  -------         ENDDO         
  C:3CF8H         LINE#         521
  C:3CFDH         LINE#         522
  C:3D02H         LINE#         524
  C:3D1CH         LINE#         526
  C:3D2EH         LINE#         527
  C:3D3AH         LINE#         528
  C:3D48H         LINE#         529
  C:3D5AH         LINE#         530
  C:3D7AH         LINE#         531
  C:3D7AH         LINE#         532
  C:3D89H         LINE#         534
  C:3D98H         LINE#         535
  C:3DA0H         LINE#         536
  C:3DCCH         LINE#         537
  C:3DD9H         LINE#         538
  C:3E1BH         LINE#         539
  C:3E1BH         LINE#         541
  C:3E37H         LINE#         542
  C:3E45H         LINE#         543
  C:3E60H         LINE#         547
  C:3E6FH         LINE#         548
  C:3E6FH         LINE#         549
  C:3E72H         LINE#         550
  C:3E8FH         LINE#         554
  C:3E9EH         LINE#         555
BL51 BANKED LINKER/LOCATER V6.22                                                      09/18/2018  21:03:41  PAGE 20


  C:3E9EH         LINE#         556
  C:3EA1H         LINE#         557
  C:3EA1H         LINE#         562
  C:3EA9H         LINE#         563
  C:3EACH         LINE#         565
  C:3EBBH         LINE#         566
  C:3EC3H         LINE#         567
  C:3EEFH         LINE#         568
  C:3EFCH         LINE#         569
  C:3F3EH         LINE#         570
  C:3F3EH         LINE#         572
  C:3F5AH         LINE#         573
  C:3F5FH         LINE#         574
  C:3F80H         LINE#         578
  C:3F98H         LINE#         579
  C:3FADH         LINE#         580
  C:3FADH         LINE#         581
  C:3FB0H         LINE#         582
  C:3FD6H         LINE#         586
  C:3FEEH         LINE#         587
  C:4003H         LINE#         588
  C:4003H         LINE#         589
  C:4006H         LINE#         590
  C:4006H         LINE#         593
  C:4006H         LINE#         594
  C:4006H         LINE#         598
  C:4006H         LINE#         599
  C:400FH         LINE#         600
  C:401EH         LINE#         601
  C:4029H         LINE#         602
  C:4029H         LINE#         604
  -------         ENDPROC       _PARSE_PSX_BUF
  -------         PROC          HANDLE_UART
  C:0091H         LINE#         606
  C:0091H         LINE#         610
  -------         ENDPROC       HANDLE_UART
  C:211DH         SYMBOL        L?0365
  -------         PROC          L?0364
  -------         ENDPROC       L?0364
  C:211DH         SYMBOL        L?0365
  -------         PROC          _PARSE_CMD
  X:0463H         SYMBOL        cmd
  -------         DO            
  X:0428H         SYMBOL        djrFlag
  X:0466H         SYMBOL        pos
  X:0468H         SYMBOL        i
  X:046AH         SYMBOL        index
  X:046CH         SYMBOL        int1
  X:046EH         SYMBOL        int2
  -------         ENDDO         
  C:2123H         LINE#         627
  C:212EH         LINE#         633
  C:2131H         LINE#         635
  C:215BH         LINE#         636
  C:2161H         LINE#         637
  C:2178H         LINE#         638
  C:2192H         LINE#         639
BL51 BANKED LINKER/LOCATER V6.22                                                      09/18/2018  21:03:41  PAGE 21


  C:21CCH         LINE#         640
  C:21DCH         LINE#         641
  C:21E5H         LINE#         642
  C:21EDH         LINE#         643
  C:21F3H         LINE#         644
  C:221EH         LINE#         645
  C:224DH         LINE#         646
  C:226EH         LINE#         647
  C:22A8H         LINE#         648
  C:22CEH         LINE#         649
  C:22D7H         LINE#         650
  C:22D7H         LINE#         653
  C:22FEH         LINE#         654
  C:2301H         LINE#         655
  C:2328H         LINE#         656
  C:2363H         LINE#         657
  C:2374H         LINE#         658
  C:2374H         LINE#         659
  C:239BH         LINE#         660
  C:23D6H         LINE#         661
  C:23E7H         LINE#         662
  C:23E7H         LINE#         663
  C:240EH         LINE#         664
  C:243DH         LINE#         665
  C:2448H         LINE#         666
  C:244EH         LINE#         667
  C:244EH         LINE#         668
  C:2479H         LINE#         669
  C:24C0H         LINE#         671
  C:24D7H         LINE#         672
  C:24DFH         LINE#         673
  C:24EEH         LINE#         674
  C:24F3H         LINE#         676
  C:24F4H         LINE#         677
  C:24FAH         LINE#         678
  C:24FAH         LINE#         680
  C:24FAH         LINE#         681
  C:24FAH         LINE#         682
  C:2524H         LINE#         683
  C:255FH         LINE#         684
  C:256DH         LINE#         685
  C:256DH         LINE#         686
  C:2597H         LINE#         687
  C:259DH         LINE#         688
  C:25A2H         LINE#         689
  C:25A2H         LINE#         690
  C:25CBH         LINE#         691
  C:25D1H         LINE#         692
  C:25D8H         LINE#         693
  C:25E3H         LINE#         694
  C:260BH         LINE#         695
  C:2613H         LINE#         696
  C:263DH         LINE#         697
  C:2645H         LINE#         698
  C:266FH         LINE#         699
  C:2677H         LINE#         700
  C:26A1H         LINE#         701
BL51 BANKED LINKER/LOCATER V6.22                                                      09/18/2018  21:03:41  PAGE 22


  C:26A9H         LINE#         702
  C:26D3H         LINE#         703
  C:26D8H         LINE#         704
  C:2702H         LINE#         705
  C:2706H         LINE#         706
  C:2730H         LINE#         707
  C:2734H         LINE#         708
  C:2761H         LINE#         709
  C:276AH         LINE#         710
  C:2784H         LINE#         711
  C:279EH         LINE#         712
  C:27B8H         LINE#         713
  C:2859H         LINE#         714
  C:286AH         LINE#         715
  C:2894H         LINE#         716
  C:289DH         LINE#         717
  C:28B7H         LINE#         718
  C:28D1H         LINE#         719
  C:28EBH         LINE#         720
  C:298CH         LINE#         721
  C:299DH         LINE#         723
  C:29A3H         LINE#         724
  C:29A5H         LINE#         725
  C:29A7H         LINE#         726
  C:29AEH         LINE#         727
  C:29AEH         LINE#         728
  C:29BFH         LINE#         729
  C:29E7H         LINE#         730
  C:29EDH         LINE#         731
  C:2A17H         LINE#         732
  C:2A1FH         LINE#         733
  C:2A23H         LINE#         734
  C:2A26H         LINE#         735
  C:2A2AH         LINE#         736
  C:2A2AH         LINE#         737
  C:2A54H         LINE#         738
  C:2A59H         LINE#         739
  C:2AA3H         LINE#         740
  C:2AACH         LINE#         741
  C:2ACAH         LINE#         742
  C:2AEFH         LINE#         743
  C:2B25H         LINE#         744
  C:2B32H         LINE#         745
  C:2B39H         LINE#         746
  C:2B3FH         LINE#         747
  C:2B3FH         LINE#         748
  C:2B47H         LINE#         749
  C:2B4FH         LINE#         750
  C:2B55H         LINE#         751
  C:2B55H         LINE#         752
  C:2B64H         LINE#         753
  C:2B6CH         LINE#         754
  C:2B73H         LINE#         755
  C:2B82H         LINE#         756
  C:2B8AH         LINE#         757
  C:2B92H         LINE#         758
  C:2B99H         LINE#         759
BL51 BANKED LINKER/LOCATER V6.22                                                      09/18/2018  21:03:41  PAGE 23


  C:2BA8H         LINE#         760
  C:2BAAH         LINE#         761
  C:2BB1H         LINE#         762
  C:2BB5H         LINE#         763
  C:2BB5H         LINE#         765
  C:2BCCH         LINE#         766
  C:2BD4H         LINE#         767
  C:2BE3H         LINE#         768
  C:2BE8H         LINE#         769
  C:2BEDH         LINE#         770
  C:2BEEH         LINE#         771
  C:2BF1H         LINE#         772
  C:2BF1H         LINE#         774
  C:2BF1H         LINE#         775
  C:2C18H         LINE#         776
  C:2C21H         LINE#         777
  C:2C48H         LINE#         778
  C:2C74H         LINE#         779
  C:2C86H         LINE#         780
  C:2C8BH         LINE#         781
  C:2C96H         LINE#         782
  C:2C9EH         LINE#         784
  C:2C9EH         LINE#         785
  C:2C9EH         LINE#         786
  C:2C9EH         LINE#         787
  -------         ENDPROC       _PARSE_CMD
  -------         PROC          _ACTION_SAVE
  X:0460H         SYMBOL        str
  -------         DO            
  X:0463H         SYMBOL        action_index
  -------         ENDDO         
  C:4538H         LINE#         791
  C:4543H         LINE#         792
  C:4548H         LINE#         794
  C:4565H         LINE#         795
  C:456AH         LINE#         796
  C:456DH         LINE#         797
  C:4576H         LINE#         799
  C:458EH         LINE#         800
  C:45CAH         LINE#         801
  C:45DEH         LINE#         802
  C:45F5H         LINE#         803
  C:45F7H         LINE#         804
  C:4606H         LINE#         805
  C:461FH         LINE#         806
  C:4639H         LINE#         807
  C:4639H         LINE#         808
  C:463FH         LINE#         809
  C:4642H         LINE#         811
  C:4648H         LINE#         812
  C:464BH         LINE#         814
  C:464BH         LINE#         816
  C:4661H         LINE#         818
  C:467DH         LINE#         820
  C:4686H         LINE#         822
  C:4686H         LINE#         824
  C:46ADH         LINE#         825
BL51 BANKED LINKER/LOCATER V6.22                                                      09/18/2018  21:03:41  PAGE 24


  C:46C3H         LINE#         826
  C:46D9H         LINE#         827
  C:470EH         LINE#         829
  C:4717H         LINE#         831
  -------         ENDPROC       _ACTION_SAVE
  -------         PROC          _GET_ACTION_INDEX
  X:0465H         SYMBOL        str
  -------         DO            
  X:0468H         SYMBOL        index
  -------         ENDDO         
  C:6280H         LINE#         833
  C:628BH         LINE#         834
  C:6290H         LINE#         836
  C:62A0H         LINE#         837
  C:62A4H         LINE#         838
  C:62A9H         LINE#         839
  C:62C1H         LINE#         840
  C:62E6H         LINE#         841
  C:62F0H         LINE#         842
  C:62F2H         LINE#         843
  C:62FBH         LINE#         844
  C:62FBH         LINE#         845
  C:6305H         LINE#         846
  C:6305H         LINE#         847
  C:6307H         LINE#         848
  C:630BH         LINE#         849
  -------         ENDPROC       _GET_ACTION_INDEX
  -------         PROC          _PRINT_GROUP
  X:0470H         SYMBOL        start
  X:0472H         SYMBOL        end
  C:5DAAH         LINE#         851
  C:5DB8H         LINE#         852
  C:5DD3H         LINE#         853
  C:5DEAH         LINE#         854
  C:5DEAH         LINE#         855
  C:5E05H         LINE#         856
  C:5E14H         LINE#         857
  C:5E32H         LINE#         858
  C:5E3BH         LINE#         859
  C:5E44H         LINE#         860
  C:5E54H         LINE#         861
  -------         ENDPROC       _PRINT_GROUP
  -------         PROC          _INT_EXCHANGE
  X:0474H         SYMBOL        int1
  X:0477H         SYMBOL        int2
  -------         DO            
  D:0006H         SYMBOL        int_temp
  -------         ENDDO         
  C:6BCFH         LINE#         864
  C:6BDAH         LINE#         866
  C:6BE0H         LINE#         867
  C:6C01H         LINE#         868
  -------         ENDPROC       _INT_EXCHANGE
  -------         PROC          _ERASE_SECTOR
  X:0470H         SYMBOL        start
  X:0472H         SYMBOL        end
  C:5A16H         LINE#         871
BL51 BANKED LINKER/LOCATER V6.22                                                      09/18/2018  21:03:41  PAGE 25


  C:5A24H         LINE#         872
  C:5A3FH         LINE#         873
  C:5A56H         LINE#         874
  C:5A56H         LINE#         875
  C:5A6DH         LINE#         876
  C:5A89H         LINE#         877
  C:5A92H         LINE#         878
  C:5AB8H         LINE#         879
  C:5AC1H         LINE#         880
  C:5AD1H         LINE#         881
  C:5ADBH         LINE#         882
  -------         ENDPROC       _ERASE_SECTOR
  -------         PROC          _DO_GROUP_ONCE
  X:0470H         SYMBOL        group_num
  C:65F7H         LINE#         886
  C:65FFH         LINE#         898
  C:660EH         LINE#         899
  C:660EH         LINE#         901
  C:660EH         LINE#         902
  C:660EH         LINE#         904
  C:662CH         LINE#         905
  C:662CH         LINE#         907
  C:662FH         LINE#         908
  C:6655H         LINE#         909
  -------         ENDPROC       _DO_GROUP_ONCE
  -------         PROC          _ABS_FLOAT
  X:0463H         SYMBOL        value
  C:6C54H         LINE#         913
  C:6C5AH         LINE#         914
  C:6C74H         LINE#         915
  C:6C83H         LINE#         916
  C:6C83H         LINE#         917
  C:6C94H         LINE#         918
  -------         ENDPROC       _ABS_FLOAT
  -------         PROC          _DUOJI_INC_HANDLE
  X:0460H         SYMBOL        index
  -------         DO            
  X:0461H         SYMBOL        aim_temp
  -------         ENDDO         
  C:4A31H         LINE#         920
  C:4A36H         LINE#         923
  C:4A5BH         LINE#         925
  C:4A82H         LINE#         927
  C:4A8CH         LINE#         928
  C:4A96H         LINE#         929
  C:4AA9H         LINE#         930
  C:4AB0H         LINE#         931
  C:4AB0H         LINE#         933
  C:4B24H         LINE#         934
  C:4B45H         LINE#         935
  C:4B5AH         LINE#         936
  C:4B5BH         LINE#         937
  C:4BA1H         LINE#         938
  C:4BA1H         LINE#         939
  C:4BA1H         LINE#         940
  -------         ENDPROC       _DUOJI_INC_HANDLE
  -------         PROC          LOOP_ACTION
BL51 BANKED LINKER/LOCATER V6.22                                                      09/18/2018  21:03:41  PAGE 26


  C:5682H         LINE#         943
  C:5682H         LINE#         945
  C:5688H         LINE#         946
  C:5690H         LINE#         947
  C:5695H         LINE#         948
  C:5695H         LINE#         950
  C:56A7H         LINE#         951
  C:56B2H         LINE#         953
  C:56C8H         LINE#         954
  C:56D4H         LINE#         955
  C:56DCH         LINE#         956
  C:56E9H         LINE#         957
  C:56F7H         LINE#         958
  C:56FEH         LINE#         959
  C:56FEH         LINE#         960
  C:56FEH         LINE#         961
  C:56FEH         LINE#         962
  C:5700H         LINE#         964
  C:5700H         LINE#         965
  C:570EH         LINE#         966
  C:570FH         LINE#         967
  C:5723H         LINE#         968
  C:5732H         LINE#         969
  C:573CH         LINE#         970
  C:574AH         LINE#         971
  C:5751H         LINE#         972
  C:5756H         LINE#         973
  C:575FH         LINE#         974
  C:575FH         LINE#         975
  C:575FH         LINE#         977
  C:575FH         LINE#         978
  C:576DH         LINE#         979
  C:576DH         LINE#         980
  C:576DH         LINE#         982
  -------         ENDPROC       LOOP_ACTION
  -------         PROC          CHECK_DJ_STATE
  -------         DO            
  X:0460H         SYMBOL        i
  -------         ENDDO         
  C:6A00H         LINE#         984
  C:6A00H         LINE#         986
  C:6A19H         LINE#         987
  C:6A40H         LINE#         988
  C:6A50H         LINE#         989
  C:6A52H         LINE#         990
  -------         ENDPROC       CHECK_DJ_STATE
  C:2CAEH         SYMBOL        L?0363
  -------         PROC          L?0362
  -------         ENDPROC       L?0362
  C:2CAEH         SYMBOL        L?0363
  -------         PROC          _DO_ACTION
  X:0472H         SYMBOL        uart_receive_buf
  -------         DO            
  X:0475H         SYMBOL        index
  X:0477H         SYMBOL        time
  X:0479H         SYMBOL        i
  X:047BH         SYMBOL        lst_i
BL51 BANKED LINKER/LOCATER V6.22                                                      09/18/2018  21:03:41  PAGE 27


  X:047DH         SYMBOL        parse_ok
  X:047FH         SYMBOL        bias
  X:0481H         SYMBOL        pwm
  X:0485H         SYMBOL        aim_temp
  -------         ENDDO         
  C:2CB4H         LINE#         992
  C:2CBFH         LINE#         997
  C:2CC2H         LINE#         998
  C:2CCBH         LINE#         1000
  C:2D21H         LINE#         1001
  C:2D6BH         LINE#         1002
  C:2DB4H         LINE#         1003
  C:2DE8H         LINE#         1004
  C:2DF3H         LINE#         1005
  C:2DF7H         LINE#         1006
  C:2E04H         LINE#         1007
  C:2E04H         LINE#         1008
  C:2E93H         LINE#         1009
  C:2EB7H         LINE#         1010
  C:2ED4H         LINE#         1011
  C:2EDEH         LINE#         1012
  C:2EFAH         LINE#         1013
  C:2F04H         LINE#         1014
  C:2F04H         LINE#         1016
  C:2F2FH         LINE#         1017
  C:2F53H         LINE#         1018
  C:2F6DH         LINE#         1019
  C:2F76H         LINE#         1020
  C:2F7CH         LINE#         1021
  C:2F7DH         LINE#         1023
  C:2FC6H         LINE#         1024
  C:3011H         LINE#         1025
  C:301CH         LINE#         1026
  C:3057H         LINE#         1027
  C:3077H         LINE#         1028
  C:3078H         LINE#         1030
  C:3078H         LINE#         1033
  C:3085H         LINE#         1034
  C:30A4H         LINE#         1035
  C:30A8H         LINE#         1036
  C:30B4H         LINE#         1037
  C:30C9H         LINE#         1038
  C:30E9H         LINE#         1039
  C:311CH         LINE#         1040
  C:311EH         LINE#         1041
  C:313EH         LINE#         1042
  C:3156H         LINE#         1043
  C:317CH         LINE#         1044
  C:31D6H         LINE#         1045
  C:31D9H         LINE#         1046
  C:31F9H         LINE#         1047
  C:320DH         LINE#         1048
  C:322DH         LINE#         1049
  C:3260H         LINE#         1050
  C:3262H         LINE#         1053
  C:32C2H         LINE#         1056
  C:32F9H         LINE#         1057
BL51 BANKED LINKER/LOCATER V6.22                                                      09/18/2018  21:03:41  PAGE 28


  C:3318H         LINE#         1058
  C:3318H         LINE#         1060
  C:335FH         LINE#         1061
  C:3386H         LINE#         1062
  C:33AAH         LINE#         1065
  C:33BEH         LINE#         1066
  C:33E4H         LINE#         1067
  C:3408H         LINE#         1068
  C:3422H         LINE#         1069
  C:3425H         LINE#         1070
  C:344BH         LINE#         1071
  C:346BH         LINE#         1072
  C:3506H         LINE#         1073
  C:3506H         LINE#         1076
  C:3506H         LINE#         1078
  C:3509H         LINE#         1079
  C:3517H         LINE#         1080
  C:3517H         LINE#         1081
  C:351AH         LINE#         1082
  -------         ENDPROC       _DO_ACTION
  -------         PROC          _REPLACE_CHAR
  D:0001H         SYMBOL        str
  D:0005H         SYMBOL        ch1
  X:0469H         SYMBOL        ch2
  C:7035H         LINE#         1084
  C:7035H         LINE#         1085
  C:703AH         LINE#         1086
  C:703DH         LINE#         1087
  C:7044H         LINE#         1088
  C:7044H         LINE#         1089
  C:704BH         LINE#         1090
  C:704DH         LINE#         1092
  -------         ENDPROC       _REPLACE_CHAR
  -------         PROC          LOOP_VOL_WARNING
  -------         DO            
  X:0429H         SYMBOL        systick_ms_bak
  -------         ENDDO         
  C:665EH         LINE#         1095
  C:665EH         LINE#         1098
  C:6689H         LINE#         1099
  C:6692H         LINE#         1100
  C:669FH         LINE#         1101
  C:66C1H         LINE#         1122
  -------         ENDPROC       LOOP_VOL_WARNING
  -------         PROC          HANDLE_SENSOR
  C:0092H         LINE#         1125
  C:0092H         LINE#         1231
  -------         ENDPROC       HANDLE_SENSOR
  -------         PROC          REWRITE_EEPROM
  C:6F73H         LINE#         1234
  C:6F73H         LINE#         1235
  C:6F7EH         LINE#         1236
  -------         ENDPROC       REWRITE_EEPROM
  -------         PROC          LOOP_BT_ONCE
  -------         DO            
  X:042DH         SYMBOL        first_change
  X:042EH         SYMBOL        step
BL51 BANKED LINKER/LOCATER V6.22                                                      09/18/2018  21:03:41  PAGE 29


  X:042FH         SYMBOL        systick_ms_bak
  -------         ENDDO         
  C:48ADH         LINE#         1239
  C:48ADH         LINE#         1242
  C:48B6H         LINE#         1243
  C:48E7H         LINE#         1244
  C:48F0H         LINE#         1245
  C:48FBH         LINE#         1246
  C:48FEH         LINE#         1247
  C:4904H         LINE#         1248
  C:4904H         LINE#         1249
  C:4939H         LINE#         1250
  C:4942H         LINE#         1251
  C:494DH         LINE#         1252
  C:494DH         LINE#         1253
  C:4982H         LINE#         1254
  C:498BH         LINE#         1255
  C:4994H         LINE#         1256
  C:4994H         LINE#         1257
  C:49C8H         LINE#         1258
  C:49D1H         LINE#         1259
  C:49DAH         LINE#         1260
  C:49E0H         LINE#         1261
  C:4A13H         LINE#         1262
  C:4A1CH         LINE#         1263
  C:4A25H         LINE#         1264
  C:4A2BH         LINE#         1265
  C:4A30H         LINE#         1266
  C:4A30H         LINE#         1267
  C:4A30H         LINE#         1268
  -------         ENDPROC       LOOP_BT_ONCE
  -------         PROC          SOFT_RESET
  C:0096H         LINE#         1270
  C:0096H         LINE#         1271
  C:0099H         LINE#         1272
  -------         ENDPROC       SOFT_RESET
  -------         PROC          LOOP_MONITOR_SERVO
  -------         DO            
  X:04C6H         SYMBOL        i
  D:0006H         SYMBOL        value
  -------         ENDDO         
  C:67E6H         LINE#         1274
  C:67E6H         LINE#         1275
  C:67E9H         LINE#         1276
  C:67EFH         LINE#         1277
  C:6821H         LINE#         1278
  C:683BH         LINE#         1279
  C:683FH         LINE#         1280
  C:6843H         LINE#         1281
  C:6843H         LINE#         1283
  -------         ENDPROC       LOOP_MONITOR_SERVO
  -------         ENDMOD        Z_MAIN

  -------         MODULE        Z_ADC
  C:0000H         SYMBOL        _ICE_DUMMY_
  C:70ABH         PUBLIC        _adc_init
  C:6F24H         PUBLIC        _adc_read
BL51 BANKED LINKER/LOCATER V6.22                                                      09/18/2018  21:03:41  PAGE 30


  D:00BCH         PUBLIC        ADC_CONTR
  D:00BDH         PUBLIC        ADC_RES
  D:00BEH         PUBLIC        ADC_LOW2
  D:009DH         PUBLIC        P1ASF
  -------         PROC          _ADC_INIT
  D:0007H         SYMBOL        ch
  C:70ABH         LINE#         16
  C:70ABH         LINE#         17
  C:70B8H         LINE#         18
  C:70BBH         LINE#         19
  C:70BEH         LINE#         20
  C:70BFH         LINE#         21
  -------         ENDPROC       _ADC_INIT
  -------         PROC          _ADC_READ
  D:0006H         SYMBOL        ch
  C:6F24H         LINE#         23
  C:6F26H         LINE#         24
  C:6F29H         LINE#         25
  C:6F2EH         LINE#         26
  C:6F2FH         LINE#         27
  C:6F30H         LINE#         28
  C:6F31H         LINE#         29
  C:6F32H         LINE#         30
  C:6F37H         LINE#         31
  C:6F3AH         LINE#         33
  C:6F4BH         LINE#         36
  -------         ENDPROC       _ADC_READ
  -------         ENDMOD        Z_ADC

  -------         MODULE        Z_DELAY
  C:0000H         SYMBOL        _ICE_DUMMY_
  C:71A2H         PUBLIC        _delay
  C:7125H         PUBLIC        _udelay
  C:6FDDH         PUBLIC        _mdelay
  -------         PROC          _DELAY
  D:0006H         SYMBOL        t
  C:71A2H         LINE#         3
  C:71A2H         LINE#         5
  C:71ACH         LINE#         7
  -------         ENDPROC       _DELAY
  -------         PROC          _UDELAY
  D:0006H         SYMBOL        t
  -------         DO            
  D:0005H         SYMBOL        i
  -------         ENDDO         
  C:7125H         LINE#         9
  C:7125H         LINE#         11
  C:712FH         LINE#         12
  C:7131H         LINE#         13
  C:7137H         LINE#         15
  -------         ENDPROC       _UDELAY
  -------         PROC          _MDELAY
  D:0006H         SYMBOL        t
  -------         DO            
  D:0004H         SYMBOL        i
  D:0002H         SYMBOL        j
  -------         ENDDO         
BL51 BANKED LINKER/LOCATER V6.22                                                      09/18/2018  21:03:41  PAGE 31


  C:6FDDH         LINE#         17
  C:6FDDH         LINE#         19
  C:6FE7H         LINE#         20
  C:6FF5H         LINE#         21
  C:6FFCH         LINE#         22
  -------         ENDPROC       _MDELAY
  -------         ENDMOD        Z_DELAY

  -------         MODULE        Z_GLOBAL
  C:0000H         SYMBOL        _ICE_DUMMY_
  D:00D0H         PUBLIC        PSW
  D:0080H         PUBLIC        P0
  D:0090H         PUBLIC        P1
  D:00A0H         PUBLIC        P2
  D:00B0H         PUBLIC        P3
  D:00C0H         PUBLIC        P4
  D:00C8H         PUBLIC        P5
  D:00E8H         PUBLIC        P6
  D:00F8H         PUBLIC        P7
  D:00A8H         PUBLIC        IE
  D:00B8H         PUBLIC        IP
  D:0088H         PUBLIC        TCON
  D:0098H         PUBLIC        SCON
  D:00D8H         PUBLIC        CCON
  X:0000H         PUBLIC        duoji_doing
  X:0070H         PUBLIC        eeprom_info
  X:0130H         PUBLIC        uart_receive_buf
  X:0334H         PUBLIC        uart1_get_ok
  X:0335H         PUBLIC        uart1_mode
  X:0336H         PUBLIC        uart_receive_buf_index
  X:0337H         PUBLIC        cmd_return
  X:039BH         PUBLIC        timer1_flag_dj
  X:039CH         PUBLIC        duoji_index1
  X:039DH         PUBLIC        smart_mode
  X:039EH         PUBLIC        group_do_ok
  X:039FH         PUBLIC        csb_cnt
  C:6A53H         PUBLIC        global_init
  C:5351H         PUBLIC        _str_contain_str
  C:70D5H         PUBLIC        _abs_int
  C:4E6CH         PUBLIC        _selection_sort
  -------         PROC          GLOBAL_INIT
  -------         DO            
  D:0003H         SYMBOL        i
  -------         ENDDO         
  C:6A53H         LINE#         16
  C:6A53H         LINE#         19
  C:6A55H         LINE#         20
  C:6A6AH         LINE#         21
  C:6A7FH         LINE#         22
  C:6A94H         LINE#         23
  C:6A99H         LINE#         25
  C:6A9EH         LINE#         26
  C:6AA0H         LINE#         27
  C:6AA2H         LINE#         29
  -------         ENDPROC       GLOBAL_INIT
  -------         PROC          _STR_CONTAIN_STR
  X:0470H         SYMBOL        str
BL51 BANKED LINKER/LOCATER V6.22                                                      09/18/2018  21:03:41  PAGE 32


  X:0473H         SYMBOL        str2
  -------         DO            
  X:0476H         SYMBOL        str_temp
  X:0479H         SYMBOL        str_temp2
  -------         ENDDO         
  C:5351H         LINE#         31
  C:535CH         LINE#         33
  C:5367H         LINE#         34
  C:537CH         LINE#         35
  C:5390H         LINE#         36
  C:53A4H         LINE#         37
  C:53B4H         LINE#         38
  C:53DCH         LINE#         39
  C:5417H         LINE#         40
  C:542CH         LINE#         41
  C:542CH         LINE#         42
  C:542CH         LINE#         43
  C:542CH         LINE#         44
  C:543FH         LINE#         45
  C:5459H         LINE#         46
  C:5459H         LINE#         48
  C:5459H         LINE#         49
  C:5463H         LINE#         50
  C:5463H         LINE#         51
  C:5466H         LINE#         52
  C:5469H         LINE#         53
  -------         ENDPROC       _STR_CONTAIN_STR
  -------         PROC          _SELECTION_SORT
  D:0001H         SYMBOL        a
  X:0465H         SYMBOL        len
  -------         DO            
  X:0467H         SYMBOL        i
  X:0469H         SYMBOL        j
  X:046BH         SYMBOL        mi
  X:046DH         SYMBOL        t
  -------         ENDDO         
  C:4E6CH         LINE#         55
[...]
  C:5068H         LINE#         278
  C:5075H         LINE#         279
  C:5083H         LINE#         280
  C:5083H         LINE#         281
  C:5083H         LINE#         282
  C:5093H         LINE#         283
  C:50A1H         LINE#         284
  C:50A1H         LINE#         285
  C:50A1H         LINE#         286
BL51 BANKED LINKER/LOCATER V6.22                                                      09/18/2018  21:03:41  PAGE 55


  C:50B1H         LINE#         287
  C:50C3H         LINE#         288
  C:50C8H         LINE#         289
  C:50CFH         LINE#         290
  C:50CFH         LINE#         292
  C:50DCH         LINE#         294
  C:50DCH         LINE#         300
  -------         ENDPROC       UART2_INT
  -------         PROC          UART4
  -------         DO            
  X:04ABH         SYMBOL        buf_index
  X:04ADH         SYMBOL        sbuf_bak
  -------         ENDDO         
  C:50E7H         LINE#         305
  C:50F4H         LINE#         308
  C:50FCH         LINE#         309
  C:50FFH         LINE#         310
  C:5105H         LINE#         314
  C:510EH         LINE#         316
  C:5115H         LINE#         317
  C:511BH         LINE#         318
  C:5122H         LINE#         319
  C:512BH         LINE#         320
  C:5133H         LINE#         321
  C:513BH         LINE#         322
  C:5141H         LINE#         323
  C:5147H         LINE#         324
  C:514DH         LINE#         325
  C:5153H         LINE#         326
  C:5159H         LINE#         327
  C:515FH         LINE#         328
  C:5165H         LINE#         329
  C:5165H         LINE#         330
  C:516CH         LINE#         331
  C:516CH         LINE#         333
  C:5189H         LINE#         335
  C:5191H         LINE#         337
  C:5196H         LINE#         339
  C:51A4H         LINE#         340
  C:51A4H         LINE#         341
  C:51A4H         LINE#         342
  C:51A4H         LINE#         343
  C:51B1H         LINE#         344
  C:51BFH         LINE#         345
  C:51BFH         LINE#         346
  C:51BFH         LINE#         347
  C:51CFH         LINE#         348
  C:51DDH         LINE#         349
  C:51DDH         LINE#         350
  C:51DDH         LINE#         351
  C:51EDH         LINE#         352
  C:51FFH         LINE#         353
  C:5204H         LINE#         354
  C:520BH         LINE#         355
  C:520BH         LINE#         357
  C:5218H         LINE#         358
  C:5218H         LINE#         364
BL51 BANKED LINKER/LOCATER V6.22                                                      09/18/2018  21:03:41  PAGE 56


  -------         ENDPROC       UART4
  -------         ENDMOD        Z_UART

  -------         MODULE        Z_W25Q64
  C:0000H         SYMBOL        _ICE_DUMMY_
  D:00D0H         PUBLIC        PSW
  D:0080H         PUBLIC        P0
  D:0090H         PUBLIC        P1
  D:00A0H         PUBLIC        P2
  D:00B0H         PUBLIC        P3
  D:00C0H         PUBLIC        P4
  D:00C8H         PUBLIC        P5
  D:00E8H         PUBLIC        P6
  D:00F8H         PUBLIC        P7
  D:0092H         PUBLIC        P1M0
  D:0091H         PUBLIC        P1M1
  D:00B4H         PUBLIC        P4M0
  D:00B3H         PUBLIC        P4M1
  D:00A8H         PUBLIC        IE
  D:00B8H         PUBLIC        IP
  D:0088H         PUBLIC        TCON
  D:0098H         PUBLIC        SCON
  D:00CDH         PUBLIC        SPSTAT
  D:00CEH         PUBLIC        SPCTL
  D:00CFH         PUBLIC        SPDAT
  D:00D8H         PUBLIC        CCON
  C:714AH         PUBLIC        SpiMasterInit
  C:700EH         PUBLIC        _SpiWriteRead
  B:00C0H.0       PUBLIC        P4_0
  C:71CCH         PUBLIC        SpiFlashInit
  C:6EFAH         PUBLIC        SpiFlashReadID
  C:7187H         PUBLIC        SpiFlashReadSR
  C:71B8H         PUBLIC        SpiFlashWriteEnable
  C:576EH         PUBLIC        _SpiFlashWriteNoCheck
  C:66C2H         PUBLIC        _SpiFlashRead
  C:6E1CH         PUBLIC        _SpiFlashWrite
  C:658FH         PUBLIC        _SpiFlashEraseSector
  C:71D5H         PUBLIC        SpiFlashWaitBusy
  C:6420H         PUBLIC        _SpiFlashWritePage
  -------         PROC          SPIMASTERINIT
  C:714AH         LINE#         27
  C:714AH         LINE#         28
  C:714AH         LINE#         42
  C:714DH         LINE#         43
  C:7150H         LINE#         44
  C:7153H         LINE#         45
  C:7156H         LINE#         50
  C:7159H         LINE#         54
  -------         ENDPROC       SPIMASTERINIT
  -------         PROC          L?0033
  -------         ENDPROC       L?0033
  -------         PROC          _SPIWRITEREAD
  D:0007H         SYMBOL        d
  C:700EH         LINE#         103
  C:700EH         LINE#         104
  C:700EH         LINE#         105
  C:7010H         LINE#         106
BL51 BANKED LINKER/LOCATER V6.22                                                      09/18/2018  21:03:41  PAGE 57


  C:7015H         LINE#         107
  C:7018H         LINE#         108
  C:701AH         LINE#         109
  -------         ENDPROC       _SPIWRITEREAD
  -------         PROC          SPIFLASHINIT
  C:71CCH         LINE#         144
  C:71CCH         LINE#         145
  C:71CCH         LINE#         147
  C:71CFH         LINE#         148
  C:71D2H         LINE#         150
  -------         ENDPROC       SPIFLASHINIT
  -------         PROC          SPIFLASHREADSR
  -------         DO            
  D:0007H         SYMBOL        rt
  -------         ENDDO         
  C:7187H         LINE#         165
  C:7187H         LINE#         166
  C:7187H         LINE#         167
  C:7187H         LINE#         168
  C:7189H         LINE#         169
  C:718EH         LINE#         170
  C:7193H         LINE#         171
  C:7195H         LINE#         172
  C:7195H         LINE#         173
  -------         ENDPROC       SPIFLASHREADSR
  -------         PROC          SPIFLASHWRITEENABLE
  C:71B8H         LINE#         195
  C:71B8H         LINE#         196
  C:71B8H         LINE#         197
  C:71BAH         LINE#         198
  C:71BFH         LINE#         199
  C:71C1H         LINE#         200
  -------         ENDPROC       SPIFLASHWRITEENABLE
  -------         PROC          SPIFLASHREADID
  -------         DO            
  D:0004H         SYMBOL        Temp
  -------         ENDDO         
  C:6EFAH         LINE#         224
  C:6EFAH         LINE#         225
  C:6EFAH         LINE#         226
  C:6EFDH         LINE#         227
  C:6EFFH         LINE#         228
  C:6F04H         LINE#         229
  C:6F09H         LINE#         230
  C:6F0EH         LINE#         231
  C:6F13H         LINE#         232
  C:6F1AH         LINE#         233
  C:6F1FH         LINE#         234
  C:6F21H         LINE#         235
  C:6F23H         LINE#         236
  -------         ENDPROC       SPIFLASHREADID
  -------         PROC          _SPIFLASHREAD
  X:0474H         SYMBOL        pBuffer
  X:0477H         SYMBOL        ReadAddr
  X:047BH         SYMBOL        NumByteToRead
  -------         DO            
  D:0004H         SYMBOL        i
BL51 BANKED LINKER/LOCATER V6.22                                                      09/18/2018  21:03:41  PAGE 58


  -------         ENDDO         
  C:66C2H         LINE#         245
  C:66D1H         LINE#         246
  C:66D1H         LINE#         248
  C:66D3H         LINE#         249
  C:66D8H         LINE#         250
  C:66DDH         LINE#         251
  C:66E2H         LINE#         252
  C:66F3H         LINE#         254
  C:6703H         LINE#         255
  C:6703H         LINE#         256
  C:671BH         LINE#         257
  C:6722H         LINE#         259
  C:6724H         LINE#         260
  -------         ENDPROC       _SPIFLASHREAD
  -------         PROC          _SPIFLASHWRITEPAGE
  X:0470H         SYMBOL        pBuffer
  X:0473H         SYMBOL        WriteAddr
  X:0477H         SYMBOL        NumByteToWrite
  -------         DO            
  D:0004H         SYMBOL        i
  -------         ENDDO         
  C:6420H         LINE#         269
  C:642FH         LINE#         270
  C:642FH         LINE#         273
  C:6432H         LINE#         274
  C:6434H         LINE#         276
  C:6439H         LINE#         277
  C:644FH         LINE#         278
  C:6465H         LINE#         279
  C:6470H         LINE#         281
  C:649DH         LINE#         283
  C:649FH         LINE#         284
  -------         ENDPROC       _SPIFLASHWRITEPAGE
  -------         PROC          _SPIFLASHWRITENOCHECK
  X:0465H         SYMBOL        pBuffer
  X:0468H         SYMBOL        WriteAddr
  X:046CH         SYMBOL        NumByteToWrite
  -------         DO            
  X:046EH         SYMBOL        pageremain
  -------         ENDDO         
  C:576EH         LINE#         298
  C:577DH         LINE#         299
  C:577DH         LINE#         301
  C:5795H         LINE#         302
  C:57A9H         LINE#         304
  C:57A9H         LINE#         305
  C:57A9H         LINE#         306
  C:57D4H         LINE#         307
  C:57E9H         LINE#         309
  C:57E9H         LINE#         310
  C:57FAH         LINE#         311
  C:581DH         LINE#         313
  C:5836H         LINE#         314
  C:5848H         LINE#         315
  C:5855H         LINE#         316
  C:5855H         LINE#         317
BL51 BANKED LINKER/LOCATER V6.22                                                      09/18/2018  21:03:41  PAGE 59


  -------         ENDPROC       _SPIFLASHWRITENOCHECK
  -------         PROC          _SPIFLASHWRITE
  D:0001H         SYMBOL        pBuffer
  X:04B7H         SYMBOL        WriteAddr
  X:04BBH         SYMBOL        NumByteToWrite
  -------         DO            
  X:04BDH         SYMBOL        secpos
  -------         ENDDO         
  C:6E1CH         LINE#         329
  C:6E22H         LINE#         330
  C:6E22H         LINE#         331
  C:6E2CH         LINE#         334
  -------         ENDPROC       _SPIFLASHWRITE
  -------         PROC          _SPIFLASHERASESECTOR
  X:0474H         SYMBOL        Dst_Addr
  C:658FH         LINE#         357
  C:6595H         LINE#         358
  C:6595H         LINE#         360
  C:65AEH         LINE#         361
  C:65B1H         LINE#         362
  C:65B4H         LINE#         363
  C:65B6H         LINE#         364
  C:65BBH         LINE#         365
  C:65D1H         LINE#         366
  C:65E7H         LINE#         367
  C:65F2H         LINE#         368
  C:65F4H         LINE#         369
  -------         ENDPROC       _SPIFLASHERASESECTOR
  -------         PROC          SPIFLASHWAITBUSY
  C:71D5H         LINE#         377
  C:71D5H         LINE#         378
  C:71D5H         LINE#         379
  C:71DCH         LINE#         380
  -------         ENDPROC       SPIFLASHWAITBUSY
  -------         ENDMOD        Z_W25Q64

  -------         MODULE        ?C?FPADD
  C:153CH         PUBLIC        ?C?FPADD
  C:1538H         PUBLIC        ?C?FPSUB
  -------         ENDMOD        ?C?FPADD

  -------         MODULE        ?C?FPMUL
  C:162DH         PUBLIC        ?C?FPMUL
  -------         ENDMOD        ?C?FPMUL

  -------         MODULE        ?C?FPDIV
  C:1736H         PUBLIC        ?C?FPDIV
  -------         ENDMOD        ?C?FPDIV

  -------         MODULE        ?C?FPCMP
  C:17D5H         PUBLIC        ?C?FPCMP
  C:17D3H         PUBLIC        ?C?FPCMP3
  -------         ENDMOD        ?C?FPCMP

  -------         MODULE        ?C?FPNEG
  C:184CH         PUBLIC        ?C?FPNEG
  -------         ENDMOD        ?C?FPNEG
BL51 BANKED LINKER/LOCATER V6.22                                                      09/18/2018  21:03:41  PAGE 60



  -------         MODULE        ?C?FCAST
  C:1867H         PUBLIC        ?C?FCASTC
  C:1862H         PUBLIC        ?C?FCASTI
  C:185DH         PUBLIC        ?C?FCASTL
  -------         ENDMOD        ?C?FCAST

  -------         MODULE        ?C?CASTF
  C:189BH         PUBLIC        ?C?CASTF
  -------         ENDMOD        ?C?CASTF

  -------         MODULE        PRINTF
  X:0474H         PUBLIC        ?_PRINTF?BYTE
  X:0474H         PUBLIC        ?_SPRINTF?BYTE
  C:3586H         PUBLIC        _PRINTF
  C:3580H         PUBLIC        _SPRINTF
  -------         ENDMOD        PRINTF

  -------         MODULE        SCANF
  X:0470H         PUBLIC        ?_SCANF?BYTE
  X:0470H         PUBLIC        ?_SSCANF?BYTE
  C:3A2BH         PUBLIC        _SCANF
  C:3A27H         PUBLIC        _SSCANF
  -------         ENDMOD        SCANF

  -------         MODULE        ?C?FPROUND
  C:191CH         PUBLIC        ?C?FPROUND
  -------         ENDMOD        ?C?FPROUND

  -------         MODULE        ?C?FPCONVERT
  C:1959H         PUBLIC        ?C?FPCONVERT
  -------         ENDMOD        ?C?FPCONVERT

  -------         MODULE        ?C?FTNPWR
  C:1A8EH         PUBLIC        ?C?FTNPWR
  -------         ENDMOD        ?C?FTNPWR

  -------         MODULE        ?C?COPY
  C:1B9EH         PUBLIC        ?C?COPY
  -------         ENDMOD        ?C?COPY

  -------         MODULE        ?C?CLDPTR
  C:1BC4H         PUBLIC        ?C?CLDPTR
  -------         ENDMOD        ?C?CLDPTR

  -------         MODULE        ?C?CLDOPTR
  C:1BDDH         PUBLIC        ?C?CLDOPTR
  -------         ENDMOD        ?C?CLDOPTR

  -------         MODULE        ?C?CSTPTR
  C:1C0AH         PUBLIC        ?C?CSTPTR
  -------         ENDMOD        ?C?CSTPTR

  -------         MODULE        ?C?CSTOPTR
  C:1C1CH         PUBLIC        ?C?CSTOPTR
  -------         ENDMOD        ?C?CSTOPTR

BL51 BANKED LINKER/LOCATER V6.22                                                      09/18/2018  21:03:41  PAGE 61


  -------         MODULE        ?C?IMUL
  C:1C3EH         PUBLIC        ?C?IMUL
  -------         ENDMOD        ?C?IMUL

  -------         MODULE        ?C?SIDIV
  C:1C50H         PUBLIC        ?C?SIDIV
  -------         ENDMOD        ?C?SIDIV

  -------         MODULE        ?C?IILDX
  C:1C86H         PUBLIC        ?C?IILDX
  -------         ENDMOD        ?C?IILDX

  -------         MODULE        ?C?ILDIX
  C:1C9CH         PUBLIC        ?C?ILDIX
  -------         ENDMOD        ?C?ILDIX

  -------         MODULE        ?C?ILDPTR
  C:1CB2H         PUBLIC        ?C?ILDPTR
  -------         ENDMOD        ?C?ILDPTR

  -------         MODULE        ?C?ILDOPTR
  C:1CDDH         PUBLIC        ?C?ILDOPTR
  -------         ENDMOD        ?C?ILDOPTR

  -------         MODULE        ?C?ISTPTR
  C:1D15H         PUBLIC        ?C?ISTPTR
  -------         ENDMOD        ?C?ISTPTR

  -------         MODULE        ?C?ISTOPTR
  C:1D34H         PUBLIC        ?C?ISTOPTR
  -------         ENDMOD        ?C?ISTOPTR

  -------         MODULE        ?C?LMUL
  C:1D61H         PUBLIC        ?C?LMUL
  -------         ENDMOD        ?C?LMUL

  -------         MODULE        ?C?ULDIV
  C:1DECH         PUBLIC        ?C?ULDIV
  -------         ENDMOD        ?C?ULDIV

  -------         MODULE        ?C?LNEG
  C:1E7EH         PUBLIC        ?C?LNEG
  -------         ENDMOD        ?C?LNEG

  -------         MODULE        ?C?ULCMP
  C:1E8CH         PUBLIC        ?C?ULCMP
  -------         ENDMOD        ?C?ULCMP

  -------         MODULE        ?C?ULSHR
  C:1E9DH         PUBLIC        ?C?ULSHR
  -------         ENDMOD        ?C?ULSHR

  -------         MODULE        ?C?LSHL
  C:1EB0H         PUBLIC        ?C?LSHL
  -------         ENDMOD        ?C?LSHL

  -------         MODULE        ?C?LSTPTR
BL51 BANKED LINKER/LOCATER V6.22                                                      09/18/2018  21:03:41  PAGE 62


  C:1EC3H         PUBLIC        ?C?LSTPTR
  -------         ENDMOD        ?C?LSTPTR

  -------         MODULE        ?C?LSTXDATA
  C:1EDDH         PUBLIC        ?C?LSTXDATA
  -------         ENDMOD        ?C?LSTXDATA

  -------         MODULE        ?C?LSTKXDATA
  C:1EE9H         PUBLIC        ?C?LSTKXDATA
  -------         ENDMOD        ?C?LSTKXDATA

  -------         MODULE        ?C?OFFXADD
  C:1F1AH         PUBLIC        ?C?OFFXADD
  -------         ENDMOD        ?C?OFFXADD

  -------         MODULE        ?C?PLDXDATA
  C:1F26H         PUBLIC        ?C?PLDXDATA
  -------         ENDMOD        ?C?PLDXDATA

  -------         MODULE        ?C?PLDIXDATA
  C:1F2FH         PUBLIC        ?C?PLDIXDATA
  -------         ENDMOD        ?C?PLDIXDATA

  -------         MODULE        ?C?PILDXDATA
  C:1F46H         PUBLIC        ?C?PILDXDATA
  -------         ENDMOD        ?C?PILDXDATA

  -------         MODULE        ?C?PSTXDATA
  C:1F5DH         PUBLIC        ?C?PSTXDATA
  -------         ENDMOD        ?C?PSTXDATA

  -------         MODULE        ?C?CCASE
  C:1F66H         PUBLIC        ?C?CCASE
  -------         ENDMOD        ?C?CCASE

  -------         MODULE        PUTCHAR
  C:6F4CH         PUBLIC        _PUTCHAR
  -------         ENDMOD        PUTCHAR

  -------         MODULE        GETCHAR
  B:0021H.3       PUBLIC        ?C?CHARLOADED
  X:04C8H         PUBLIC        ?_UNGETCHAR?BYTE
  C:70FDH         PUBLIC        GETCHAR
  -------         ENDMOD        GETCHAR

  -------         MODULE        UNGETC
  C:71DDH         PUBLIC        _UNGETCHAR
  -------         ENDMOD        UNGETC

  -------         MODULE        ISSPACE
  C:7111H         PUBLIC        _isspace
  -------         ENDMOD        ISSPACE

  -------         MODULE        ?C?STRCPY
  C:2058H         PUBLIC        ?C?STRCPY
  -------         ENDMOD        ?C?STRCPY

BL51 BANKED LINKER/LOCATER V6.22                                                      09/18/2018  21:03:41  PAGE 63


  -------         MODULE        STRLEN
  C:70C0H         PUBLIC        _STRLEN
  -------         ENDMOD        STRLEN

  -------         MODULE        ?C?MEMSET
  C:2075H         PUBLIC        ?C?MEMSET
  -------         ENDMOD        ?C?MEMSET

  -------         MODULE        ?C?UIDIV
  C:20A1H         PUBLIC        ?C?UIDIV
  -------         ENDMOD        ?C?UIDIV

  -------         MODULE        ?C?LSTIDATA
  C:20F6H         PUBLIC        ?C?LSTIDATA
  -------         ENDMOD        ?C?LSTIDATA

  -------         MODULE        ?C?LSTPDATA
  C:2102H         PUBLIC        ?C?LSTPDATA
  -------         ENDMOD        ?C?LSTPDATA

  -------         MODULE        _GETKEY
  C:71C2H         PUBLIC        _GETKEY
  -------         ENDMOD        _GETKEY

*** WARNING L16: UNCALLED SEGMENT, IGNORED FOR OVERLAY PROCESS
    SEGMENT: ?PR?HANDLE_UART?Z_MAIN

*** WARNING L16: UNCALLED SEGMENT, IGNORED FOR OVERLAY PROCESS
    SEGMENT: ?PR?LOOP_VOL_WARNING?Z_MAIN

*** WARNING L16: UNCALLED SEGMENT, IGNORED FOR OVERLAY PROCESS
    SEGMENT: ?PR?HANDLE_SENSOR?Z_MAIN

*** WARNING L16: UNCALLED SEGMENT, IGNORED FOR OVERLAY PROCESS
    SEGMENT: ?PR?LOOP_MONITOR_SERVO?Z_MAIN

*** WARNING L16: UNCALLED SEGMENT, IGNORED FOR OVERLAY PROCESS
    SEGMENT: ?PR?_UDELAY?Z_DELAY

*** WARNING L16: UNCALLED SEGMENT, IGNORED FOR OVERLAY PROCESS
    SEGMENT: ?PR?_ABS_INT?Z_GLOBAL

*** WARNING L16: UNCALLED SEGMENT, IGNORED FOR OVERLAY PROCESS
    SEGMENT: ?PR?UART1_CLOSE?Z_UART

*** WARNING L16: UNCALLED SEGMENT, IGNORED FOR OVERLAY PROCESS
    SEGMENT: ?PR?UART2_CLOSE?Z_UART

*** WARNING L16: UNCALLED SEGMENT, IGNORED FOR OVERLAY PROCESS
    SEGMENT: ?PR?UART4_CLOSE?Z_UART

*** WARNING L16: UNCALLED SEGMENT, IGNORED FOR OVERLAY PROCESS
    SEGMENT: ?PR?_SPIFLASHWRITE?Z_W25Q64

Program Size: data=29.4 xdata=1225 code=29220
LINK/LOCATE RUN COMPLETE.  10 WARNING(S),  0 ERROR(S)
