BL51 BANKED LINKER/LOCATER V6.22                                                        09/20/2018  15:04:01  PAGE 1


BL51 BANKED LINKER/LOCATER V6.22, INVOKED BY:
D:\KEIL_V5\C51\BIN\BL51.EXE .\obj\z_main.obj, .\obj\z_adc.obj, .\obj\z_delay.obj, .\obj\z_global.obj, .\obj\z_gpio.obj, 
>> .\obj\z_ps2.obj, .\obj\z_pwm.obj, .\obj\z_sensor.obj, .\obj\z_timer.obj, .\obj\z_uart.obj, .\obj\z_w25q64.obj TO .\ob
>> j\51_duoji20180919 PRINT (.\lst\51_duoji20180919.m51)


MEMORY MODEL: LARGE WITH FLOATING POINT ARITHMETIC


INPUT MODULES INCLUDED:
  .\obj\z_main.obj (Z_MAIN)
  .\obj\z_adc.obj (Z_ADC)
  .\obj\z_delay.obj (Z_DELAY)
  .\obj\z_global.obj (Z_GLOBAL)
  .\obj\z_gpio.obj (Z_GPIO)
  .\obj\z_ps2.obj (Z_PS2)
  .\obj\z_pwm.obj (Z_PWM)
  .\obj\z_sensor.obj (Z_SENSOR)
  .\obj\z_timer.obj (Z_TIMER)
  .\obj\z_uart.obj (Z_UART)
  .\obj\z_w25q64.obj (Z_W25Q64)
  D:\KEIL_V5\C51\LIB\C51FPL.LIB (?C?FPADD)
  D:\KEIL_V5\C51\LIB\C51FPL.LIB (?C?FPMUL)
  D:\KEIL_V5\C51\LIB\C51FPL.LIB (?C?FPDIV)
  D:\KEIL_V5\C51\LIB\C51FPL.LIB (?C?FPCMP)
  D:\KEIL_V5\C51\LIB\C51FPL.LIB (?C?FPNEG)
  D:\KEIL_V5\C51\LIB\C51FPL.LIB (?C?FCAST)
  D:\KEIL_V5\C51\LIB\C51FPL.LIB (?C?CASTF)
  D:\KEIL_V5\C51\LIB\C51FPL.LIB (PRINTF)
  D:\KEIL_V5\C51\LIB\C51FPL.LIB (SCANF)
  D:\KEIL_V5\C51\LIB\C51FPL.LIB (?C?FPGETOPN)
  D:\KEIL_V5\C51\LIB\C51FPL.LIB (?C?FPROUND)
  D:\KEIL_V5\C51\LIB\C51FPL.LIB (?C?FPCONVERT)
  D:\KEIL_V5\C51\LIB\C51FPL.LIB (?C?ATOF)
  D:\KEIL_V5\C51\LIB\C51FPL.LIB (?C?FTNPWR)
  D:\KEIL_V5\C51\LIB\C51L.LIB (?C_STARTUP)
  D:\KEIL_V5\C51\LIB\C51L.LIB (?C?COPY)
  D:\KEIL_V5\C51\LIB\C51L.LIB (?C?CLDPTR)
  D:\KEIL_V5\C51\LIB\C51L.LIB (?C?CLDOPTR)
  D:\KEIL_V5\C51\LIB\C51L.LIB (?C?CSTPTR)
  D:\KEIL_V5\C51\LIB\C51L.LIB (?C?CSTOPTR)
  D:\KEIL_V5\C51\LIB\C51L.LIB (?C?IMUL)
  D:\KEIL_V5\C51\LIB\C51L.LIB (?C?SIDIV)
  D:\KEIL_V5\C51\LIB\C51L.LIB (?C?IILDX)
  D:\KEIL_V5\C51\LIB\C51L.LIB (?C?ILDIX)
  D:\KEIL_V5\C51\LIB\C51L.LIB (?C?ILDPTR)
  D:\KEIL_V5\C51\LIB\C51L.LIB (?C?ILDOPTR)
  D:\KEIL_V5\C51\LIB\C51L.LIB (?C?ISTPTR)
  D:\KEIL_V5\C51\LIB\C51L.LIB (?C?ISTOPTR)
  D:\KEIL_V5\C51\LIB\C51L.LIB (?C?LMUL)
  D:\KEIL_V5\C51\LIB\C51L.LIB (?C?ULDIV)
  D:\KEIL_V5\C51\LIB\C51L.LIB (?C?LNEG)
  D:\KEIL_V5\C51\LIB\C51L.LIB (?C?ULCMP)
  D:\KEIL_V5\C51\LIB\C51L.LIB (?C?ULSHR)
  D:\KEIL_V5\C51\LIB\C51L.LIB (?C?LSHL)
  D:\KEIL_V5\C51\LIB\C51L.LIB (?C?LSTPTR)
  D:\KEIL_V5\C51\LIB\C51L.LIB (?C?LSTXDATA)
  D:\KEIL_V5\C51\LIB\C51L.LIB (?C?LSTKXDATA)
BL51 BANKED LINKER/LOCATER V6.22                                                      09/20/2018  15:04:01  PAGE 2


  D:\KEIL_V5\C51\LIB\C51L.LIB (?C?OFFXADD)
  D:\KEIL_V5\C51\LIB\C51L.LIB (?C?PLDXDATA)
  D:\KEIL_V5\C51\LIB\C51L.LIB (?C?PLDIXDATA)
  D:\KEIL_V5\C51\LIB\C51L.LIB (?C?PILDXDATA)
  D:\KEIL_V5\C51\LIB\C51L.LIB (?C?PSTXDATA)
  D:\KEIL_V5\C51\LIB\C51L.LIB (?C?CCASE)
  D:\KEIL_V5\C51\LIB\C51L.LIB (PUTCHAR)
  D:\KEIL_V5\C51\LIB\C51L.LIB (GETCHAR)
  D:\KEIL_V5\C51\LIB\C51L.LIB (UNGETC)
  D:\KEIL_V5\C51\LIB\C51L.LIB (ISSPACE)
  D:\KEIL_V5\C51\LIB\C51L.LIB (?C?STRCPY)
  D:\KEIL_V5\C51\LIB\C51L.LIB (STRLEN)
  D:\KEIL_V5\C51\LIB\C51L.LIB (?C?MEMSET)
  D:\KEIL_V5\C51\LIB\C51L.LIB (?C_INIT)
  D:\KEIL_V5\C51\LIB\C51L.LIB (?C?UIDIV)
  D:\KEIL_V5\C51\LIB\C51L.LIB (?C?LSTIDATA)
  D:\KEIL_V5\C51\LIB\C51L.LIB (?C?LSTPDATA)
  D:\KEIL_V5\C51\LIB\C51L.LIB (_GETKEY)


LINK MAP OF MODULE:  .\obj\51_duoji20180919 (Z_MAIN)


            TYPE    BASE      LENGTH    RELOCATION   SEGMENT NAME
            -----------------------------------------------------

            * * * * * * *   D A T A   M E M O R Y   * * * * * * *
            REG     0000H     0008H     ABSOLUTE     "REG BANK 0"
            REG     0008H     0008H     ABSOLUTE     "REG BANK 1"
            DATA    0010H     000BH     UNIT         _DATA_GROUP_
                    001BH     0005H                  *** GAP ***
            BIT     0020H.0   0001H.3   UNIT         _BIT_GROUP_
            BIT     0021H.3   0000H.1   UNIT         ?BI?GETCHAR
                    0021H.4   0000H.4                *** GAP ***
            IDATA   0022H     0001H     UNIT         ?STACK

            * * * * * * *  X D A T A   M E M O R Y  * * * * * * *
            XDATA   0000H     03A1H     UNIT         ?XD?Z_GLOBAL
            XDATA   03A1H     006DH     UNIT         ?XD?Z_SENSOR
            XDATA   040EH     0051H     UNIT         ?XD?Z_MAIN
            XDATA   045FH     0046H     UNIT         _XDATA_GROUP_
            XDATA   04A5H     0010H     UNIT         ?XD?Z_UART
            XDATA   04B5H     000DH     UNIT         ?XD?_SPIFLASHWRITE?Z_W25Q64
            XDATA   04C2H     0005H     UNIT         ?XD?Z_TIMER
            XDATA   04C7H     0004H     UNIT         ?XD?SMART_GENSUI?Z_SENSOR
            XDATA   04CBH     0004H     UNIT         ?XD?SMART_YSSB_VERIFY?Z_SENSOR
            XDATA   04CFH     0002H     UNIT         ?XD?SMART_XUNJI?Z_SENSOR
            XDATA   04D1H     0002H     UNIT         ?XD?SMART_ZIYOUBIZHANG?Z_SENSOR
            XDATA   04D3H     0002H     UNIT         ?XD?SMART_XUNJICSBJIAQU?Z_SENSOR
            XDATA   04D5H     0001H     UNIT         ?XD?GET_ADC_CSB_MIDDLE?Z_SENSOR
            XDATA   04D6H     0001H     UNIT         ?XD?GETCHAR

            * * * * * * *   C O D E   M E M O R Y   * * * * * * *
            CODE    0000H     0003H     ABSOLUTE     
            CODE    0003H     0008H     UNIT         ?PR?_UART1_SEND_BYTE?Z_UART
            CODE    000BH     0003H     ABSOLUTE     
            CODE    000EH     000DH     UNIT         ?PR?DJ_IO_INIT?Z_GPIO
BL51 BANKED LINKER/LOCATER V6.22                                                      09/20/2018  15:04:01  PAGE 3


            CODE    001BH     0003H     ABSOLUTE     
            CODE    001EH     0005H     UNIT         ?PR?SETUP_VOL?Z_MAIN
            CODE    0023H     0003H     ABSOLUTE     
            CODE    0026H     001DH     UNIT         ?PR?IO_INIT?Z_GPIO
            CODE    0043H     0003H     ABSOLUTE     
            CODE    0046H     004BH     UNIT         ?PR?LOOP_SAVE_SOMETHING?Z_MAIN
            CODE    0091H     0001H     UNIT         ?PR?HANDLE_UART?Z_MAIN
            CODE    0092H     0001H     UNIT         ?PR?SETUP_XUNJI?Z_SENSOR
            CODE    0093H     0003H     ABSOLUTE     
            CODE    0096H     0004H     UNIT         ?PR?SOFT_RESET?Z_MAIN
            CODE    009AH     0001H     UNIT         ?PR?SETUP_SOUND?Z_SENSOR
            CODE    009BH     0003H     ABSOLUTE     
            CODE    009EH     14A4H     UNIT         ?CO?Z_MAIN
            CODE    1542H     0BD9H     UNIT         ?C?LIB_CODE
            CODE    211BH     0BD0H     UNIT         ?PR?_PARSE_CMD?Z_MAIN
            CODE    2CEBH     087CH     UNIT         ?PR?_DO_ACTION?Z_MAIN
            CODE    3567H     0483H     UNIT         ?PR?PRINTF?PRINTF
            CODE    39EAH     035AH     UNIT         ?PR?SCANF?SCANF
            CODE    3D44H     0332H     UNIT         ?PR?_PARSE_PSX_BUF?Z_MAIN
            CODE    4076H     0299H     UNIT         ?PR?SMART_YSSBJIAQU?Z_SENSOR
            CODE    430FH     024FH     UNIT         ?PR?SMART_XUNJIYANSE?Z_SENSOR
            CODE    455EH     01E0H     UNIT         ?PR?_ACTION_SAVE?Z_MAIN
            CODE    473EH     0195H     UNIT         ?PR?SMART_YSSB_VERIFY?Z_SENSOR
            CODE    48D3H     0184H     UNIT         ?PR?LOOP_BT_ONCE?Z_MAIN
            CODE    4A57H     0174H     UNIT         ?C_INITSEG
            CODE    4BCBH     0171H     UNIT         ?PR?_DUOJI_INC_HANDLE?Z_MAIN
            CODE    4D3CH     015AH     UNIT         ?PR?UART1?Z_UART
            CODE    4E96H     013FH     UNIT         ?PR?_SELECTION_SORT?Z_GLOBAL
            CODE    4FD5H     013CH     UNIT         ?PR?UART2_INT?Z_UART
            CODE    5111H     013CH     UNIT         ?PR?UART4?Z_UART
            CODE    524DH     012EH     UNIT         ?PR?_CAR_PWM_SET?Z_PWM
            CODE    537BH     0119H     UNIT         ?PR?_STR_CONTAIN_STR?Z_GLOBAL
            CODE    5494H     0118H     UNIT         ?PR?SETUP_OTHERS?Z_MAIN
            CODE    55ACH     0100H     UNIT         ?PR?SMART_SOUNDJIAQU?Z_SENSOR
            CODE    56ACH     00ECH     UNIT         ?PR?LOOP_ACTION?Z_MAIN
            CODE    5798H     00EAH     UNIT         ?PR?_SPIFLASHWRITENOCHECK?Z_W25Q64
            CODE    5882H     00E6H     UNIT         ?PR??C?ATOF??C?ATOF
            CODE    5968H     00D8H     UNIT         ?PR?T0_IRQ?Z_TIMER
            CODE    5A40H     00C6H     UNIT         ?PR?_ERASE_SECTOR?Z_MAIN
            CODE    5B06H     00B8H     UNIT         ?PR?SMART_XUNJICSBJIAQU?Z_SENSOR
            CODE    5BBEH     00B5H     UNIT         ?PR?SETUP_YSSB?Z_SENSOR
            CODE    5C73H     00B1H     UNIT         ?PR?GET_ADC_YSSB_MIDDLE?Z_SENSOR
            CODE    5D24H     00B0H     UNIT         ?PR?_PSX_WRITE_READ?Z_PS2
            CODE    5DD4H     00ABH     UNIT         ?PR?_PRINT_GROUP?Z_MAIN
            CODE    5E7FH     009EH     UNIT         ?PR?SETUP_W25Q64?Z_MAIN
            CODE    5F1DH     009DH     UNIT         ?PR?LOOP_PS2_CAR_PWM?Z_MAIN
            CODE    5FBAH     0096H     UNIT         ?PR?SMART_GENSUI?Z_SENSOR
            CODE    6050H     0091H     UNIT         ?PR?LOOP_UART?Z_MAIN
            CODE    60E1H     008CH     UNIT         ?PR?_GET_ACTION_INDEX?Z_MAIN
            CODE    616DH     008CH     UNIT         ?C_C51STARTUP
            CODE    61F9H     008BH     UNIT         ?PR?GET_CSB_VALUE?Z_SENSOR
            CODE    6284H     0082H     UNIT         ?PR?_SPIFLASHWRITEPAGE?Z_W25Q64
            CODE    6306H     007EH     UNIT         ?PR?SMART_CSBJIAQU?Z_SENSOR
            CODE    6384H     007CH     UNIT         ?PR?_PSX_TRANSFER?Z_PS2
            CODE    6400H     0071H     UNIT         ?PR?LOOP_SMART_SENSOR?Z_SENSOR
            CODE    6471H     0069H     UNIT         ?CO?Z_SENSOR
            CODE    64DAH     0068H     UNIT         ?PR?_SPIFLASHERASESECTOR?Z_W25Q64
BL51 BANKED LINKER/LOCATER V6.22                                                      09/20/2018  15:04:01  PAGE 4


            CODE    6542H     0067H     UNIT         ?PR?_DO_GROUP_ONCE?Z_MAIN
            CODE    65A9H     0067H     UNIT         ?PR?SMART_ZIYOUBIZHANG?Z_SENSOR
            CODE    6610H     0064H     UNIT         ?PR?LOOP_VOL_WARNING?Z_MAIN
            CODE    6674H     0063H     UNIT         ?PR?_SPIFLASHREAD?Z_W25Q64
            CODE    66D7H     0061H     UNIT         ?PR?_UART4_INIT?Z_UART
            CODE    6738H     0060H     UNIT         ?PR?_UART1_INIT?Z_UART
            CODE    6798H     005EH     UNIT         ?PR?_UART2_INIT?Z_UART
            CODE    67F6H     005CH     UNIT         ?PR?LOOP_PS2_BUTTON?Z_MAIN
            CODE    6852H     0059H     UNIT         ?PR?_BEEP_ON_TIMES?Z_GPIO
            CODE    68ABH     0056H     UNIT         ?PR?_PWM_INIT?Z_PWM
            CODE    6901H     0053H     UNIT         ?PR?MAIN?Z_MAIN
            CODE    6954H     0053H     UNIT         ?PR?CHECK_DJ_STATE?Z_MAIN
            CODE    69A7H     0050H     UNIT         ?PR?GLOBAL_INIT?Z_GLOBAL
            CODE    69F7H     004EH     UNIT         ?PR?SMART_XUNJI?Z_SENSOR
            CODE    6A45H     004BH     UNIT         ?PR?T3_IRQ?Z_TIMER
            CODE    6A90H     004AH     UNIT         ?PR?SMART_XUNJIBIZHANG?Z_SENSOR
            CODE    6ADAH     0049H     UNIT         ?PR?GET_ADC_CSB_MIDDLE?Z_SENSOR
            CODE    6B23H     0043H     UNIT         ?PR?_INT_EXCHANGE?Z_MAIN
            CODE    6B66H     0042H     UNIT         ?PR?SETUP_START?Z_MAIN
            CODE    6BA8H     0041H     UNIT         ?PR?_ABS_FLOAT?Z_MAIN
            CODE    6BE9H     003DH     UNIT         ?PR?LOOP_PS2_DATA?Z_MAIN
            CODE    6C26H     003BH     UNIT         ?PR?_UART1_SEND_STR?Z_UART
            CODE    6C61H     0038H     UNIT         ?PR?_DJ_IO_SET?Z_GPIO
            CODE    6C99H     0037H     UNIT         ?PR?LOOP_NLED?Z_MAIN
            CODE    6CD0H     0037H     UNIT         ?PR?_ZX_UART_SEND_STR?Z_UART
            CODE    6D07H     0036H     UNIT         ?PR?_TIMER0_RESET?Z_TIMER
            CODE    6D3DH     0033H     UNIT         ?PR?_UART4_SEND_STR?Z_UART
            CODE    6D70H     0032H     UNIT         ?PR?_SPIFLASHWRITE?Z_W25Q64
            CODE    6DA2H     002BH     UNIT         ?PR?_PWM2_SETPWMWIDE?Z_PWM
            CODE    6DCDH     002BH     UNIT         ?PR?_PWM3_SETPWMWIDE?Z_PWM
            CODE    6DF8H     002BH     UNIT         ?PR?_PWM4_SETPWMWIDE?Z_PWM
            CODE    6E23H     002BH     UNIT         ?PR?_PWM5_SETPWMWIDE?Z_PWM
            CODE    6E4EH     002AH     UNIT         ?PR?SPIFLASHREADID?Z_W25Q64
            CODE    6E78H     0028H     UNIT         ?PR?_ADC_READ?Z_ADC
            CODE    6EA0H     0027H     UNIT         ?PR?PUTCHAR?PUTCHAR
            CODE    6EC7H     0025H     UNIT         ?PR?REWRITE_EEPROM?Z_MAIN
            CODE    6EECH     0024H     UNIT         ?PR?_UART2_SEND_STR?Z_UART
            CODE    6F10H     0021H     UNIT         ?PR?T1_IRQ?Z_TIMER
            CODE    6F31H     0020H     UNIT         ?PR?_MDELAY?Z_DELAY
            CODE    6F51H     001EH     UNIT         ?PR?_SPIWRITEREAD?Z_W25Q64
            CODE    6F6FH     001AH     UNIT         ?PR?_UART2_SEND_BYTE?Z_UART
            CODE    6F89H     0019H     UNIT         ?PR?_REPLACE_CHAR?Z_MAIN
            CODE    6FA2H     0018H     UNIT         ?PR?TIMER0_INIT?Z_TIMER
            CODE    6FBAH     0017H     UNIT         ?PR?SETUP_UART1?Z_MAIN
            CODE    6FD1H     0017H     UNIT         ?PR?SETUP_UART2?Z_MAIN
            CODE    6FE8H     0017H     UNIT         ?PR?SETUP_UART4?Z_MAIN
            CODE    6FFFH     0015H     UNIT         ?PR?_ADC_INIT?Z_ADC
            CODE    7014H     0015H     UNIT         ?PR?_STRLEN?STRLEN
            CODE    7029H     0014H     UNIT         ?PR?_ABS_INT?Z_GLOBAL
            CODE    703DH     0014H     UNIT         ?PR?TIMER1_INIT?Z_TIMER
            CODE    7051H     0014H     UNIT         ?PR?GETCHAR?GETCHAR
            CODE    7065H     0014H     UNIT         ?PR?_ISSPACE?ISSPACE
            CODE    7079H     0013H     UNIT         ?PR?_UDELAY?Z_DELAY
            CODE    708CH     0012H     UNIT         ?PR?TIMER3_INIT?Z_TIMER
            CODE    709EH     0010H     UNIT         ?PR?SPIMASTERINIT?Z_W25Q64
            CODE    70AEH     000FH     UNIT         ?PR?SETUP_CAR_PWM?Z_MAIN
            CODE    70BDH     000FH     UNIT         ?PR?MILLIS?Z_TIMER
BL51 BANKED LINKER/LOCATER V6.22                                                      09/20/2018  15:04:01  PAGE 5


            CODE    70CCH     000FH     UNIT         ?PR?GET_UART_TIMEOUT?Z_UART
            CODE    70DBH     000FH     UNIT         ?PR?SPIFLASHREADSR?Z_W25Q64
            CODE    70EAH     000CH     UNIT         ?PR?SETUP_SENSOR?Z_SENSOR
            CODE    70F6H     000BH     UNIT         ?PR?_DELAY?Z_DELAY
            CODE    7101H     000BH     UNIT         ?PR?_UART4_SEND_BYTE?Z_UART
            CODE    710CH     000AH     UNIT         ?PR?SPIFLASHWRITEENABLE?Z_W25Q64
            CODE    7116H     000AH     UNIT         ?PR?_GETKEY?_GETKEY
            CODE    7120H     0009H     UNIT         ?PR?SPIFLASHINIT?Z_W25Q64
            CODE    7129H     0008H     UNIT         ?PR?SPIFLASHWAITBUSY?Z_W25Q64
            CODE    7131H     0008H     UNIT         ?PR?GETCHAR?UNGETCHAR
            CODE    7139H     0007H     UNIT         ?PR?PSX_INIT?Z_PS2
            CODE    7140H     0006H     UNIT         ?PR?SETUP_INTERRUPT?Z_MAIN
            CODE    7146H     0004H     UNIT         ?PR?UART2_OPEN?Z_UART
            CODE    714AH     0004H     UNIT         ?PR?UART2_CLOSE?Z_UART
            CODE    714EH     0004H     UNIT         ?PR?UART4_OPEN?Z_UART
            CODE    7152H     0004H     UNIT         ?PR?UART4_CLOSE?Z_UART
            CODE    7156H     0003H     UNIT         ?PR?SETUP_GLOBAL?Z_MAIN
            CODE    7159H     0003H     UNIT         ?PR?SETUP_GPIO?Z_MAIN
            CODE    715CH     0003H     UNIT         ?PR?SETUP_NLED?Z_MAIN
            CODE    715FH     0003H     UNIT         ?PR?SETUP_BEEP?Z_MAIN
            CODE    7162H     0003H     UNIT         ?PR?SETUP_DJIO?Z_MAIN
            CODE    7165H     0003H     UNIT         ?PR?SETUP_PS2?Z_MAIN
            CODE    7168H     0003H     UNIT         ?PR?SETUP_DJ_TIMER?Z_MAIN
            CODE    716BH     0003H     UNIT         ?PR?SETUP_SYSTICK?Z_MAIN
            CODE    716EH     0003H     UNIT         ?PR?SETUP_CSB?Z_SENSOR
            CODE    7171H     0003H     UNIT         ?PR?UART1_OPEN?Z_UART
            CODE    7174H     0003H     UNIT         ?PR?UART1_CLOSE?Z_UART



OVERLAY MAP OF MODULE:   .\obj\51_duoji20180919 (Z_MAIN)


SEGMENT                                       BIT_GROUP          DATA_GROUP          XDATA_GROUP
  +--> CALLED SEGMENT                      START    LENGTH     START    LENGTH     START    LENGTH
--------------------------------------------------------------------------------------------------
?PR?T0_IRQ?Z_TIMER                         -----    -----      -----    -----      -----    -----
  +--> ?PR?_TIMER0_RESET?Z_TIMER
  +--> ?PR?_DJ_IO_SET?Z_GPIO

?PR?_TIMER0_RESET?Z_TIMER                  -----    -----      -----    -----      045FH    0002H

*** NEW ROOT ***************************************************

?PR?UART1?Z_UART                           -----    -----      -----    -----      -----    -----
  +--> ?PR?MILLIS?Z_TIMER

*** NEW ROOT ***************************************************

?PR?UART2_INT?Z_UART                       -----    -----      -----    -----      -----    -----
  +--> ?PR?MILLIS?Z_TIMER

*** NEW ROOT ***************************************************

?PR?UART4?Z_UART                           -----    -----      -----    -----      -----    -----
  +--> ?PR?MILLIS?Z_TIMER

BL51 BANKED LINKER/LOCATER V6.22                                                      09/20/2018  15:04:01  PAGE 6


*** NEW ROOT ***************************************************

?C_C51STARTUP                              -----    -----      -----    -----      -----    -----
  +--> ?PR?MAIN?Z_MAIN
  +--> ?C_INITSEG

?PR?MAIN?Z_MAIN                            -----    -----      -----    -----      -----    -----
  +--> ?PR?SETUP_GLOBAL?Z_MAIN
  +--> ?PR?SETUP_GPIO?Z_MAIN
  +--> ?PR?SETUP_NLED?Z_MAIN
  +--> ?PR?SETUP_BEEP?Z_MAIN
  +--> ?PR?SETUP_DJIO?Z_MAIN
  +--> ?PR?SETUP_W25Q64?Z_MAIN
  +--> ?PR?SETUP_PS2?Z_MAIN
  +--> ?PR?SETUP_VOL?Z_MAIN
  +--> ?PR?SETUP_CAR_PWM?Z_MAIN
  +--> ?PR?SETUP_UART1?Z_MAIN
  +--> ?PR?SETUP_UART2?Z_MAIN
  +--> ?PR?SETUP_UART4?Z_MAIN
  +--> ?PR?SETUP_SYSTICK?Z_MAIN
  +--> ?PR?SETUP_OTHERS?Z_MAIN
  +--> ?PR?SETUP_SENSOR?Z_SENSOR
  +--> ?PR?SETUP_DJ_TIMER?Z_MAIN
  +--> ?PR?SETUP_INTERRUPT?Z_MAIN
  +--> ?PR?SETUP_START?Z_MAIN
  +--> ?PR?LOOP_NLED?Z_MAIN
  +--> ?PR?LOOP_UART?Z_MAIN
  +--> ?PR?LOOP_ACTION?Z_MAIN
  +--> ?PR?LOOP_BT_ONCE?Z_MAIN
  +--> ?PR?LOOP_PS2_DATA?Z_MAIN
  +--> ?PR?LOOP_PS2_BUTTON?Z_MAIN
  +--> ?PR?LOOP_PS2_CAR_PWM?Z_MAIN
  +--> ?PR?LOOP_SAVE_SOMETHING?Z_MAIN
  +--> ?PR?SMART_YSSBJIAQU?Z_SENSOR

?PR?SETUP_GLOBAL?Z_MAIN                    -----    -----      -----    -----      -----    -----
  +--> ?PR?GLOBAL_INIT?Z_GLOBAL

?PR?SETUP_GPIO?Z_MAIN                      -----    -----      -----    -----      -----    -----
  +--> ?PR?IO_INIT?Z_GPIO

?PR?SETUP_DJIO?Z_MAIN                      -----    -----      -----    -----      -----    -----
  +--> ?PR?DJ_IO_INIT?Z_GPIO

?PR?SETUP_W25Q64?Z_MAIN                    -----    -----      -----    -----      -----    -----
  +--> ?PR?SPIFLASHINIT?Z_W25Q64
  +--> ?PR?SPIFLASHREADID?Z_W25Q64
  +--> ?PR?_SPIFLASHREAD?Z_W25Q64
  +--> ?PR?REWRITE_EEPROM?Z_MAIN

?PR?SPIFLASHINIT?Z_W25Q64                  -----    -----      -----    -----      -----    -----
  +--> ?PR?SPIMASTERINIT?Z_W25Q64

?PR?SPIFLASHREADID?Z_W25Q64                -----    -----      -----    -----      -----    -----
  +--> ?PR?_SPIWRITEREAD?Z_W25Q64

?PR?_SPIFLASHREAD?Z_W25Q64                 -----    -----      -----    -----      0475H    0009H
BL51 BANKED LINKER/LOCATER V6.22                                                      09/20/2018  15:04:01  PAGE 7


  +--> ?PR?_SPIWRITEREAD?Z_W25Q64

?PR?REWRITE_EEPROM?Z_MAIN                  -----    -----      -----    -----      -----    -----
  +--> ?PR?_SPIFLASHERASESECTOR?Z_W25Q64
  +--> ?PR?_SPIFLASHWRITENOCHECK?Z_W25Q64

?PR?_SPIFLASHERASESECTOR?Z_W25Q64          -----    -----      -----    -----      0475H    0004H
  +--> ?PR?SPIFLASHWRITEENABLE?Z_W25Q64
  +--> ?PR?SPIFLASHWAITBUSY?Z_W25Q64
  +--> ?PR?_SPIWRITEREAD?Z_W25Q64

?PR?SPIFLASHWRITEENABLE?Z_W25Q64           -----    -----      -----    -----      -----    -----
  +--> ?PR?_SPIWRITEREAD?Z_W25Q64

?PR?SPIFLASHWAITBUSY?Z_W25Q64              -----    -----      -----    -----      -----    -----
  +--> ?PR?SPIFLASHREADSR?Z_W25Q64

?PR?SPIFLASHREADSR?Z_W25Q64                -----    -----      -----    -----      -----    -----
  +--> ?PR?_SPIWRITEREAD?Z_W25Q64

?PR?_SPIFLASHWRITENOCHECK?Z_W25Q64         -----    -----      -----    -----      0466H    000BH
  +--> ?PR?_SPIFLASHWRITEPAGE?Z_W25Q64

?PR?_SPIFLASHWRITEPAGE?Z_W25Q64            -----    -----      -----    -----      0471H    0009H
  +--> ?PR?SPIFLASHWRITEENABLE?Z_W25Q64
  +--> ?PR?_SPIWRITEREAD?Z_W25Q64
  +--> ?PR?SPIFLASHWAITBUSY?Z_W25Q64

?PR?SETUP_PS2?Z_MAIN                       -----    -----      -----    -----      -----    -----
  +--> ?PR?PSX_INIT?Z_PS2

?PR?SETUP_VOL?Z_MAIN                       -----    -----      -----    -----      -----    -----
  +--> ?PR?_ADC_INIT?Z_ADC

?PR?SETUP_CAR_PWM?Z_MAIN                   -----    -----      -----    -----      -----    -----
  +--> ?PR?_PWM_INIT?Z_PWM
  +--> ?PR?_CAR_PWM_SET?Z_PWM

?PR?_CAR_PWM_SET?Z_PWM                     -----    -----      -----    -----      0471H    0004H
  +--> ?PR?_PWM3_SETPWMWIDE?Z_PWM
  +--> ?PR?_PWM2_SETPWMWIDE?Z_PWM
  +--> ?PR?_PWM4_SETPWMWIDE?Z_PWM
  +--> ?PR?_PWM5_SETPWMWIDE?Z_PWM

?PR?SETUP_UART1?Z_MAIN                     -----    -----      -----    -----      -----    -----
  +--> ?PR?_UART1_INIT?Z_UART
  +--> ?PR?UART1_OPEN?Z_UART
  +--> ?CO?Z_MAIN
  +--> ?PR?_UART1_SEND_STR?Z_UART

?PR?_UART1_INIT?Z_UART                     -----    -----      -----    -----      0461H    0004H

?PR?_UART1_SEND_STR?Z_UART                 -----    -----      -----    -----      0475H    0003H
  +--> ?PR?_UART1_SEND_BYTE?Z_UART

?PR?SETUP_UART2?Z_MAIN                     -----    -----      -----    -----      -----    -----
  +--> ?PR?_UART2_INIT?Z_UART
BL51 BANKED LINKER/LOCATER V6.22                                                      09/20/2018  15:04:01  PAGE 8


  +--> ?PR?UART2_OPEN?Z_UART
  +--> ?CO?Z_MAIN
  +--> ?PR?_UART2_SEND_STR?Z_UART

?PR?_UART2_INIT?Z_UART                     -----    -----      -----    -----      0461H    0004H

?PR?_UART2_SEND_STR?Z_UART                 -----    -----      -----    -----      0461H    0003H
  +--> ?PR?_UART2_SEND_BYTE?Z_UART

?PR?SETUP_UART4?Z_MAIN                     -----    -----      -----    -----      -----    -----
  +--> ?PR?_UART4_INIT?Z_UART
  +--> ?PR?UART4_OPEN?Z_UART
  +--> ?CO?Z_MAIN
  +--> ?PR?_UART4_SEND_STR?Z_UART

?PR?_UART4_INIT?Z_UART                     -----    -----      -----    -----      0461H    0004H

?PR?_UART4_SEND_STR?Z_UART                 -----    -----      -----    -----      0461H    0003H
  +--> ?PR?_UART4_SEND_BYTE?Z_UART

?PR?SETUP_SYSTICK?Z_MAIN                   -----    -----      -----    -----      -----    -----
  +--> ?PR?TIMER3_INIT?Z_TIMER

?PR?SETUP_OTHERS?Z_MAIN                    -----    -----      -----    -----      -----    -----
  +--> ?PR?_SPIFLASHREAD?Z_W25Q64
  +--> ?PR?_STRLEN?STRLEN
  +--> ?PR?_DO_ACTION?Z_MAIN
  +--> ?PR?_PARSE_CMD?Z_MAIN

?PR?_DO_ACTION?Z_MAIN                      -----    -----      -----    -----      0473H    0017H
  +--> ?PR?_ZX_UART_SEND_STR?Z_UART
  +--> ?CO?Z_MAIN
  +--> ?PR?MILLIS?Z_TIMER

?PR?_ZX_UART_SEND_STR?Z_UART               -----    -----      -----    -----      048AH    0003H
  +--> ?PR?_UART2_SEND_BYTE?Z_UART

?PR?_PARSE_CMD?Z_MAIN                      -----    -----      -----    -----      0464H    000DH
  +--> ?PR?_UART1_SEND_STR?Z_UART
  +--> ?CO?Z_MAIN
  +--> ?PR?_STR_CONTAIN_STR?Z_GLOBAL
  +--> ?PR?_ZX_UART_SEND_STR?Z_UART
  +--> ?PR?_CAR_PWM_SET?Z_PWM
  +--> ?PR?SCANF?SCANF
  +--> ?PR?PRINTF?PRINTF
  +--> ?PR?SOFT_RESET?Z_MAIN
  +--> ?PR?_PRINT_GROUP?Z_MAIN
  +--> ?PR?_ERASE_SECTOR?Z_MAIN
  +--> ?PR?_DO_GROUP_ONCE?Z_MAIN
  +--> ?PR?_MDELAY?Z_DELAY
  +--> ?PR?_BEEP_ON_TIMES?Z_GPIO

?PR?_STR_CONTAIN_STR?Z_GLOBAL              -----    -----      -----    -----      0471H    000CH

?PR?SCANF?SCANF                            0020H.0  0000H.6    0010H    0009H      0471H    002EH
  +--> ?PR?GETCHAR?UNGETCHAR
  +--> ?PR?_ISSPACE?ISSPACE
BL51 BANKED LINKER/LOCATER V6.22                                                      09/20/2018  15:04:01  PAGE 9


  +--> ?PR?GETCHAR?GETCHAR
  +--> ?PR??C?ATOF??C?ATOF

?PR?GETCHAR?GETCHAR                        -----    -----      -----    -----      -----    -----
  +--> ?PR?_GETKEY?_GETKEY
  +--> ?PR?PUTCHAR?PUTCHAR

?PR??C?ATOF??C?ATOF                        0020H.6  0000H.5    0019H    0002H      -----    -----

?PR?PRINTF?PRINTF                          0020H.0  0001H.1    0010H    0005H      0475H    0030H
  +--> ?PR?PUTCHAR?PUTCHAR

?PR?_PRINT_GROUP?Z_MAIN                    -----    -----      -----    -----      0471H    0004H
  +--> ?PR?_INT_EXCHANGE?Z_MAIN
  +--> ?PR?_SPIFLASHREAD?Z_W25Q64
  +--> ?PR?_UART1_SEND_STR?Z_UART
  +--> ?CO?Z_MAIN

?PR?_INT_EXCHANGE?Z_MAIN                   -----    -----      -----    -----      0475H    0006H

?PR?_ERASE_SECTOR?Z_MAIN                   -----    -----      -----    -----      0471H    0004H
  +--> ?PR?_INT_EXCHANGE?Z_MAIN
  +--> ?PR?_SPIFLASHERASESECTOR?Z_W25Q64
  +--> ?CO?Z_MAIN
  +--> ?PR?PRINTF?PRINTF
  +--> ?PR?_UART1_SEND_STR?Z_UART

?PR?_DO_GROUP_ONCE?Z_MAIN                  -----    -----      -----    -----      0471H    0002H
  +--> ?PR?_SPIFLASHREAD?Z_W25Q64
  +--> ?PR?_DO_ACTION?Z_MAIN
  +--> ?CO?Z_MAIN
  +--> ?PR?PRINTF?PRINTF
  +--> ?PR?_UART1_SEND_STR?Z_UART

?PR?_BEEP_ON_TIMES?Z_GPIO                  -----    -----      -----    -----      0471H    0006H
  +--> ?PR?_MDELAY?Z_DELAY

?PR?SETUP_SENSOR?Z_SENSOR                  -----    -----      -----    -----      -----    -----
  +--> ?PR?SETUP_XUNJI?Z_SENSOR
  +--> ?PR?SETUP_SOUND?Z_SENSOR
  +--> ?PR?SETUP_CSB?Z_SENSOR
  +--> ?PR?SETUP_YSSB?Z_SENSOR

?PR?SETUP_CSB?Z_SENSOR                     -----    -----      -----    -----      -----    -----
  +--> ?PR?TIMER0_INIT?Z_TIMER

?PR?SETUP_YSSB?Z_SENSOR                    -----    -----      -----    -----      -----    -----
  +--> ?PR?_ADC_INIT?Z_ADC
  +--> ?PR?REWRITE_EEPROM?Z_MAIN
  +--> ?CO?Z_SENSOR
  +--> ?PR?_UART1_SEND_STR?Z_UART
  +--> ?PR?PRINTF?PRINTF

?PR?SETUP_DJ_TIMER?Z_MAIN                  -----    -----      -----    -----      -----    -----
  +--> ?PR?TIMER1_INIT?Z_TIMER

?PR?SETUP_START?Z_MAIN                     -----    -----      -----    -----      -----    -----
BL51 BANKED LINKER/LOCATER V6.22                                                      09/20/2018  15:04:01  PAGE 10


  +--> ?PR?_MDELAY?Z_DELAY

?PR?LOOP_NLED?Z_MAIN                       -----    -----      -----    -----      -----    -----
  +--> ?PR?MILLIS?Z_TIMER

?PR?LOOP_UART?Z_MAIN                       -----    -----      -----    -----      -----    -----
  +--> ?PR?_PARSE_CMD?Z_MAIN
  +--> ?PR?_DO_ACTION?Z_MAIN
  +--> ?PR?_ACTION_SAVE?Z_MAIN
  +--> ?PR?GET_UART_TIMEOUT?Z_UART
  +--> ?PR?MILLIS?Z_TIMER

?PR?_ACTION_SAVE?Z_MAIN                    -----    -----      -----    -----      0461H    0005H
  +--> ?PR?REWRITE_EEPROM?Z_MAIN
  +--> ?CO?Z_MAIN
  +--> ?PR?SCANF?SCANF
  +--> ?PR?_SPIFLASHREAD?Z_W25Q64
  +--> ?PR?_STRLEN?STRLEN
  +--> ?PR?_GET_ACTION_INDEX?Z_MAIN
  +--> ?PR?_SPIFLASHERASESECTOR?Z_W25Q64
  +--> ?PR?_REPLACE_CHAR?Z_MAIN
  +--> ?PR?_SPIFLASHWRITENOCHECK?Z_W25Q64
  +--> ?PR?_UART1_SEND_STR?Z_UART

?PR?_GET_ACTION_INDEX?Z_MAIN               -----    -----      -----    -----      0466H    0005H

?PR?_REPLACE_CHAR?Z_MAIN                   -----    -----      -----    -----      0466H    0005H

?PR?LOOP_ACTION?Z_MAIN                     -----    -----      -----    -----      -----    -----
  +--> ?PR?_DUOJI_INC_HANDLE?Z_MAIN
  +--> ?PR?CHECK_DJ_STATE?Z_MAIN
  +--> ?PR?_DO_GROUP_ONCE?Z_MAIN
  +--> ?CO?Z_MAIN
  +--> ?PR?_UART1_SEND_STR?Z_UART

?PR?_DUOJI_INC_HANDLE?Z_MAIN               -----    -----      -----    -----      0461H    0003H
  +--> ?PR?_ABS_FLOAT?Z_MAIN

?PR?_ABS_FLOAT?Z_MAIN                      -----    -----      -----    -----      0464H    0004H

?PR?CHECK_DJ_STATE?Z_MAIN                  -----    -----      -----    -----      0461H    0002H

?PR?LOOP_BT_ONCE?Z_MAIN                    -----    -----      -----    -----      -----    -----
  +--> ?PR?MILLIS?Z_TIMER
  +--> ?PR?_UART4_INIT?Z_UART
  +--> ?PR?UART4_OPEN?Z_UART
  +--> ?CO?Z_MAIN
  +--> ?PR?_UART4_SEND_STR?Z_UART

?PR?LOOP_PS2_DATA?Z_MAIN                   -----    -----      -----    -----      -----    -----
  +--> ?PR?MILLIS?Z_TIMER
  +--> ?PR?_PSX_WRITE_READ?Z_PS2

?PR?_PSX_WRITE_READ?Z_PS2                  -----    -----      -----    -----      0461H    0003H
  +--> ?PR?_PSX_TRANSFER?Z_PS2

?PR?_PSX_TRANSFER?Z_PS2                    -----    -----      -----    -----      0464H    0003H
BL51 BANKED LINKER/LOCATER V6.22                                                      09/20/2018  15:04:01  PAGE 11


  +--> ?PR?_DELAY?Z_DELAY

?PR?LOOP_PS2_BUTTON?Z_MAIN                 -----    -----      -----    -----      -----    -----
  +--> ?PR?_CAR_PWM_SET?Z_PWM
  +--> ?PR?_PARSE_PSX_BUF?Z_MAIN

?PR?_PARSE_PSX_BUF?Z_MAIN                  -----    -----      -----    -----      0461H    0003H
  +--> ?CO?Z_MAIN
  +--> ?PR?_STRLEN?STRLEN
  +--> ?PR?_STR_CONTAIN_STR?Z_GLOBAL
  +--> ?PR?_PARSE_CMD?Z_MAIN
  +--> ?PR?_DO_ACTION?Z_MAIN
  +--> ?PR?_MDELAY?Z_DELAY

?PR?LOOP_PS2_CAR_PWM?Z_MAIN                -----    -----      -----    -----      0461H    0004H
  +--> ?PR?_CAR_PWM_SET?Z_PWM

?PR?LOOP_SAVE_SOMETHING?Z_MAIN             -----    -----      -----    -----      -----    -----
  +--> ?PR?MILLIS?Z_TIMER
  +--> ?PR?REWRITE_EEPROM?Z_MAIN

?PR?SMART_YSSBJIAQU?Z_SENSOR               -----    -----      -----    -----      -----    -----
  +--> ?PR?CHECK_DJ_STATE?Z_MAIN
  +--> ?PR?MILLIS?Z_TIMER
  +--> ?PR?GET_ADC_YSSB_MIDDLE?Z_SENSOR
  +--> ?PR?_MDELAY?Z_DELAY
  +--> ?CO?Z_SENSOR
  +--> ?PR?_PARSE_CMD?Z_MAIN
  +--> ?PR?_BEEP_ON_TIMES?Z_GPIO

?PR?GET_ADC_YSSB_MIDDLE?Z_SENSOR           -----    -----      -----    -----      -----    -----
  +--> ?PR?_ADC_READ?Z_ADC
  +--> ?PR?_SELECTION_SORT?Z_GLOBAL

?PR?_ADC_READ?Z_ADC                        -----    -----      -----    -----      -----    -----
  +--> ?PR?_ADC_INIT?Z_ADC

?PR?_SELECTION_SORT?Z_GLOBAL               -----    -----      -----    -----      0461H    000AH



SYMBOL TABLE OF MODULE:  .\obj\51_duoji20180919 (Z_MAIN)

  VALUE           TYPE          NAME
  ----------------------------------

  -------         MODULE        Z_MAIN
  C:0000H         SYMBOL        _ICE_DUMMY_
  D:00D0H         PUBLIC        PSW
  D:0080H         PUBLIC        P0
  D:0090H         PUBLIC        P1
  D:00A0H         PUBLIC        P2
  D:00B0H         PUBLIC        P3
  D:00C0H         PUBLIC        P4
  D:00C8H         PUBLIC        P5
  D:00E8H         PUBLIC        P6
  D:00F8H         PUBLIC        P7
BL51 BANKED LINKER/LOCATER V6.22                                                      09/20/2018  15:04:01  PAGE 12


  D:00A8H         PUBLIC        IE
  B:00A8H.7       PUBLIC        EA
  B:00A8H.3       PUBLIC        ET1
  D:00B8H         PUBLIC        IP
  D:0088H         PUBLIC        TCON
  B:0088H.6       PUBLIC        TR1
  D:0098H         PUBLIC        SCON
  D:00C7H         PUBLIC        IAP_CONTR
  D:00D8H         PUBLIC        CCON
  C:7156H         PUBLIC        setup_global
  C:7159H         PUBLIC        setup_gpio
  C:715CH         PUBLIC        setup_nled
  C:001EH         PUBLIC        setup_vol
  C:715FH         PUBLIC        setup_beep
  C:7162H         PUBLIC        setup_djio
  C:5E7FH         PUBLIC        setup_w25q64
  C:7165H         PUBLIC        setup_ps2
  C:7168H         PUBLIC        setup_dj_timer
  C:70AEH         PUBLIC        setup_car_pwm
  C:6FBAH         PUBLIC        setup_uart1
  C:6FD1H         PUBLIC        setup_uart2
  C:6FE8H         PUBLIC        setup_uart4
  C:716BH         PUBLIC        setup_systick
  C:6B66H         PUBLIC        setup_start
  C:5494H         PUBLIC        setup_others
  C:7140H         PUBLIC        setup_interrupt
  C:6C99H         PUBLIC        loop_nled
  C:6050H         PUBLIC        loop_uart
  C:56ACH         PUBLIC        loop_action
  C:48D3H         PUBLIC        loop_bt_once
  C:6BE9H         PUBLIC        loop_ps2_data
  C:67F6H         PUBLIC        loop_ps2_button
  C:5F1DH         PUBLIC        loop_ps2_car_pwm
  C:0046H         PUBLIC        loop_save_something
  C:6610H         PUBLIC        loop_vol_warning
  C:0096H         PUBLIC        soft_reset
  C:3D44H         PUBLIC        _parse_psx_buf
  C:2130H         PUBLIC        _parse_cmd
  C:455EH         PUBLIC        _action_save
  C:60E1H         PUBLIC        _get_action_index
  C:5DD4H         PUBLIC        _print_group
  C:6B23H         PUBLIC        _int_exchange
  C:5A40H         PUBLIC        _erase_sector
  C:6542H         PUBLIC        _do_group_once
  C:6954H         PUBLIC        check_dj_state
  C:2D00H         PUBLIC        _do_action
  C:6F89H         PUBLIC        _replace_char
  C:6EC7H         PUBLIC        rewrite_eeprom
  B:00A0H.0       PUBLIC        nled
  B:00C8H.1       PUBLIC        beep
  C:4BCBH         PUBLIC        _duoji_inc_handle
  X:0434H         PUBLIC        adc7_value
  X:0436H         PUBLIC        adc0_value
  X:0438H         PUBLIC        do_start_index
  X:043AH         PUBLIC        do_time
  X:043CH         PUBLIC        group_num_start
  X:043EH         PUBLIC        group_num_end
BL51 BANKED LINKER/LOCATER V6.22                                                      09/20/2018  15:04:01  PAGE 13


  X:0440H         PUBLIC        group_num_times
  X:0442H         PUBLIC        i
  X:0443H         PUBLIC        car_dw
  X:0444H         PUBLIC        bias_systick_ms_bak
  X:0448H         PUBLIC        djBiasSaveFlag
  X:0449H         PUBLIC        dbt_flag
  X:044AH         PUBLIC        vol_adc
  X:044EH         PUBLIC        save_addr_sector
  X:0452H         PUBLIC        save_action_index_bak
  X:0456H         PUBLIC        psx_buf
  C:1473H         PUBLIC        pre_cmd_set_red
  C:14A3H         PUBLIC        pre_cmd_set_grn
  C:14D3H         PUBLIC        action_pre_group
  C:6901H         PUBLIC        main
  C:0091H         PUBLIC        handle_uart
  C:6BA8H         PUBLIC        _abs_float
  -------         PROC          MAIN
  C:6901H         LINE#         182
  C:6901H         LINE#         184
  C:6904H         LINE#         185
  C:6907H         LINE#         186
  C:690AH         LINE#         187
  C:690DH         LINE#         188
  C:6910H         LINE#         189
  C:6913H         LINE#         190
  C:6916H         LINE#         191
  C:6919H         LINE#         192
  C:691CH         LINE#         193
  C:691FH         LINE#         194
  C:6922H         LINE#         195
  C:6925H         LINE#         196
  C:6928H         LINE#         197
  C:692BH         LINE#         198
  C:692EH         LINE#         200
  C:6931H         LINE#         201
  C:6934H         LINE#         203
  C:6937H         LINE#         205
  C:6937H         LINE#         206
  C:693AH         LINE#         207
  C:693DH         LINE#         208
  C:6940H         LINE#         209
  C:6943H         LINE#         210
  C:6946H         LINE#         211
  C:6949H         LINE#         212
  C:694CH         LINE#         213
  C:694FH         LINE#         214
  C:6952H         LINE#         218
  -------         ENDPROC       MAIN
  -------         PROC          SETUP_GLOBAL
  C:7156H         LINE#         226
  C:7156H         LINE#         228
  -------         ENDPROC       SETUP_GLOBAL
  -------         PROC          SETUP_GPIO
  C:7159H         LINE#         231
  C:7159H         LINE#         233
  -------         ENDPROC       SETUP_GPIO
  -------         PROC          SETUP_NLED
BL51 BANKED LINKER/LOCATER V6.22                                                      09/20/2018  15:04:01  PAGE 14


  C:715CH         LINE#         236
  C:715CH         LINE#         237
  C:715EH         LINE#         238
  -------         ENDPROC       SETUP_NLED
  -------         PROC          SETUP_BEEP
  C:715FH         LINE#         240
  C:715FH         LINE#         241
  C:7161H         LINE#         242
  -------         ENDPROC       SETUP_BEEP
  -------         PROC          SETUP_DJIO
  C:7162H         LINE#         244
  C:7162H         LINE#         245
  -------         ENDPROC       SETUP_DJIO
  -------         PROC          SETUP_VOL
  C:001EH         LINE#         248
  C:001EH         LINE#         249
  -------         ENDPROC       SETUP_VOL
  -------         PROC          SETUP_W25Q64
  C:5E7FH         LINE#         253
  C:5E7FH         LINE#         255
  C:5E82H         LINE#         256
  C:5E93H         LINE#         258
  C:5EADH         LINE#         259
  C:5EC9H         LINE#         260
  C:5ED3H         LINE#         261
  C:5EDDH         LINE#         262
  C:5EE0H         LINE#         263
  C:5EE0H         LINE#         265
  C:5EECH         LINE#         266
  C:5EFBH         LINE#         267
  C:5F0BH         LINE#         268
  C:5F13H         LINE#         269
  C:5F1CH         LINE#         270
  C:5F1CH         LINE#         273
  -------         ENDPROC       SETUP_W25Q64
  -------         PROC          SETUP_PS2
  C:7165H         LINE#         276
  C:7165H         LINE#         278
  -------         ENDPROC       SETUP_PS2
  -------         PROC          SETUP_DJ_TIMER
  C:7168H         LINE#         281
  C:7168H         LINE#         282
  -------         ENDPROC       SETUP_DJ_TIMER
  -------         PROC          SETUP_CAR_PWM
  C:70AEH         LINE#         285
  C:70AEH         LINE#         287
  C:70B5H         LINE#         288
  -------         ENDPROC       SETUP_CAR_PWM
  -------         PROC          SETUP_UART1
  C:6FBAH         LINE#         291
  C:6FBAH         LINE#         293
  C:6FC5H         LINE#         295
  C:6FC8H         LINE#         297
  -------         ENDPROC       SETUP_UART1
  -------         PROC          SETUP_UART2
  C:6FD1H         LINE#         300
  C:6FD1H         LINE#         302
BL51 BANKED LINKER/LOCATER V6.22                                                      09/20/2018  15:04:01  PAGE 15


  C:6FDCH         LINE#         304
  C:6FDFH         LINE#         306
  -------         ENDPROC       SETUP_UART2
  -------         PROC          SETUP_UART4
  C:6FE8H         LINE#         309
  C:6FE8H         LINE#         311
  C:6FF3H         LINE#         313
  C:6FF6H         LINE#         316
  -------         ENDPROC       SETUP_UART4
  -------         PROC          SETUP_SYSTICK
  C:716BH         LINE#         319
  C:716BH         LINE#         321
  -------         ENDPROC       SETUP_SYSTICK
  -------         PROC          SETUP_START
  C:6B66H         LINE#         326
  C:6B66H         LINE#         328
  C:6B7CH         LINE#         329
  C:6B92H         LINE#         330
  -------         ENDPROC       SETUP_START
  -------         PROC          SETUP_OTHERS
  C:5494H         LINE#         333
  C:5494H         LINE#         335
  C:54A3H         LINE#         336
  C:54A3H         LINE#         338
  C:54A3H         LINE#         339
  C:54A3H         LINE#         341
  C:54BAH         LINE#         342
  C:54BAH         LINE#         344
  C:54D0H         LINE#         345
  C:54E9H         LINE#         346
  C:54F7H         LINE#         347
  C:5504H         LINE#         348
  C:5511H         LINE#         349
  C:551EH         LINE#         350
  C:5527H         LINE#         351
  C:552AH         LINE#         352
  C:552AH         LINE#         355
  C:5532H         LINE#         356
  C:5541H         LINE#         357
  C:5548H         LINE#         358
  C:5551H         LINE#         359
  C:5551H         LINE#         360
  C:556AH         LINE#         361
  C:5578H         LINE#         362
  C:5585H         LINE#         363
  C:5592H         LINE#         364
  C:559FH         LINE#         365
  C:55A8H         LINE#         366
  C:55ABH         LINE#         367
  C:55ABH         LINE#         368
  C:55ABH         LINE#         370
  -------         ENDPROC       SETUP_OTHERS
  -------         PROC          SETUP_INTERRUPT
  C:7140H         LINE#         373
  C:7140H         LINE#         375
  C:7143H         LINE#         378
  C:7145H         LINE#         379
BL51 BANKED LINKER/LOCATER V6.22                                                      09/20/2018  15:04:01  PAGE 16


  -------         ENDPROC       SETUP_INTERRUPT
  -------         PROC          LOOP_NLED
  -------         DO            
  X:040EH         SYMBOL        systick_ms_bak
  -------         ENDDO         
  C:6C99H         LINE#         388
  C:6C99H         LINE#         390
  C:6CC4H         LINE#         391
  C:6CCDH         LINE#         392
  C:6CCFH         LINE#         393
  C:6CCFH         LINE#         394
  -------         ENDPROC       LOOP_NLED
  -------         PROC          LOOP_UART
  -------         DO            
  X:0412H         SYMBOL        do_once1
  X:0413H         SYMBOL        do_once2
  -------         ENDDO         
  C:6050H         LINE#         396
  C:6050H         LINE#         398
  C:6056H         LINE#         402
  C:605DH         LINE#         404
  C:6060H         LINE#         405
  C:6069H         LINE#         407
  C:6069H         LINE#         408
  C:6072H         LINE#         411
  C:6075H         LINE#         412
  C:607EH         LINE#         415
  C:6087H         LINE#         416
  C:6087H         LINE#         417
  C:608CH         LINE#         418
  C:6090H         LINE#         420
  C:6090H         LINE#         423
  C:60BFH         LINE#         424
  C:60C5H         LINE#         425
  C:60C9H         LINE#         426
  C:60CBH         LINE#         427
  C:60CEH         LINE#         428
  C:60CEH         LINE#         429
  C:60CFH         LINE#         430
  C:60D5H         LINE#         431
  C:60D9H         LINE#         432
  C:60DDH         LINE#         433
  C:60E0H         LINE#         434
  C:60E0H         LINE#         435
  C:60E0H         LINE#         438
  -------         ENDPROC       LOOP_UART
  -------         PROC          LOOP_SAVE_SOMETHING
  -------         DO            
  X:0414H         SYMBOL        saveTime
  -------         ENDDO         
  C:0046H         LINE#         441
  C:0046H         LINE#         443
  C:007FH         LINE#         444
  C:0084H         LINE#         445
  C:008DH         LINE#         446
  C:0090H         LINE#         447
  C:0090H         LINE#         449
BL51 BANKED LINKER/LOCATER V6.22                                                      09/20/2018  15:04:01  PAGE 17


  -------         ENDPROC       LOOP_SAVE_SOMETHING
  -------         PROC          LOOP_PS2_DATA
  -------         DO            
  X:0418H         SYMBOL        systick_ms_bak
  -------         ENDDO         
  C:6BE9H         LINE#         452
  C:6BE9H         LINE#         454
  C:6C13H         LINE#         456
  C:6C13H         LINE#         457
  C:6C1CH         LINE#         458
  C:6C25H         LINE#         467
  -------         ENDPROC       LOOP_PS2_DATA
  -------         PROC          LOOP_PS2_CAR_PWM
  -------         DO            
  X:041CH         SYMBOL        car_left_bak
  X:041EH         SYMBOL        car_right_bak
  X:0461H         SYMBOL        car_left
  X:0463H         SYMBOL        car_right
  -------         ENDDO         
  C:5F1DH         LINE#         470
  C:5F1DH         LINE#         474
  C:5F28H         LINE#         475
  C:5F4BH         LINE#         476
  C:5F6CH         LINE#         478
  C:5F8AH         LINE#         479
  C:5F9BH         LINE#         480
  C:5FAAH         LINE#         481
  C:5FB9H         LINE#         482
  C:5FB9H         LINE#         484
  -------         ENDPROC       LOOP_PS2_CAR_PWM
  -------         PROC          LOOP_PS2_BUTTON
  -------         DO            
  X:0420H         SYMBOL        psx_button_bak
  X:0422H         SYMBOL        mode_bak
  -------         ENDDO         
  C:67F6H         LINE#         488
  C:67F6H         LINE#         493
  C:6802H         LINE#         494
  C:6804H         LINE#         495
  C:6807H         LINE#         496
  C:680DH         LINE#         497
  C:680DH         LINE#         498
  C:6815H         LINE#         499
  C:681BH         LINE#         501
  C:681BH         LINE#         503
  C:6833H         LINE#         504
  C:6833H         LINE#         505
  C:6833H         LINE#         506
  C:6841H         LINE#         507
  C:6849H         LINE#         508
  C:6851H         LINE#         509
  C:6851H         LINE#         511
  -------         ENDPROC       LOOP_PS2_BUTTON
  -------         PROC          _PARSE_PSX_BUF
  D:0001H         SYMBOL        buf
  X:0461H         SYMBOL        mode
  -------         DO            
BL51 BANKED LINKER/LOCATER V6.22                                                      09/20/2018  15:04:01  PAGE 18


  X:0462H         SYMBOL        i
  X:0463H         SYMBOL        pos
  X:0423H         SYMBOL        bak
  X:0425H         SYMBOL        temp
  X:0427H         SYMBOL        temp2
  -------         ENDDO         
  C:3D44H         LINE#         513
  C:3D49H         LINE#         514
  C:3D4EH         LINE#         516
  C:3D68H         LINE#         518
  C:3D7AH         LINE#         519
  C:3D86H         LINE#         520
  C:3D94H         LINE#         521
  C:3DA6H         LINE#         522
  C:3DC6H         LINE#         523
  C:3DC6H         LINE#         524
  C:3DD5H         LINE#         526
  C:3DE4H         LINE#         527
  C:3DECH         LINE#         528
  C:3E18H         LINE#         529
  C:3E25H         LINE#         530
  C:3E67H         LINE#         531
  C:3E67H         LINE#         533
  C:3E83H         LINE#         534
  C:3E91H         LINE#         535
  C:3EACH         LINE#         539
  C:3EBBH         LINE#         540
  C:3EBBH         LINE#         541
  C:3EBEH         LINE#         542
  C:3EDBH         LINE#         546
  C:3EEAH         LINE#         547
  C:3EEAH         LINE#         548
  C:3EEDH         LINE#         549
  C:3EEDH         LINE#         554
  C:3EF5H         LINE#         555
  C:3EF8H         LINE#         557
  C:3F07H         LINE#         558
  C:3F0FH         LINE#         559
  C:3F3BH         LINE#         560
  C:3F48H         LINE#         561
  C:3F8AH         LINE#         562
  C:3F8AH         LINE#         564
  C:3FA6H         LINE#         565
  C:3FABH         LINE#         566
  C:3FCCH         LINE#         570
  C:3FE4H         LINE#         571
  C:3FF9H         LINE#         572
  C:3FF9H         LINE#         573
  C:3FFCH         LINE#         574
  C:4022H         LINE#         578
  C:403AH         LINE#         579
  C:404FH         LINE#         580
  C:404FH         LINE#         581
  C:4052H         LINE#         582
  C:4052H         LINE#         585
  C:4052H         LINE#         586
  C:4052H         LINE#         590
BL51 BANKED LINKER/LOCATER V6.22                                                      09/20/2018  15:04:01  PAGE 19


  C:4052H         LINE#         591
  C:405BH         LINE#         592
  C:406AH         LINE#         593
  C:4075H         LINE#         594
  C:4075H         LINE#         596
  -------         ENDPROC       _PARSE_PSX_BUF
  -------         PROC          HANDLE_UART
  C:0091H         LINE#         598
  C:0091H         LINE#         602
  -------         ENDPROC       HANDLE_UART
  C:212AH         SYMBOL        L?0360
  -------         PROC          L?0359
  -------         ENDPROC       L?0359
  C:212AH         SYMBOL        L?0360
  -------         PROC          _PARSE_CMD
  X:0464H         SYMBOL        cmd
  -------         DO            
  X:0429H         SYMBOL        djrFlag
  X:0467H         SYMBOL        pos
  X:0469H         SYMBOL        i
  X:046BH         SYMBOL        index
  X:046DH         SYMBOL        int1
  X:046FH         SYMBOL        int2
  -------         ENDDO         
  C:2130H         LINE#         619
  C:213BH         LINE#         625
  C:213EH         LINE#         627
  C:2168H         LINE#         628
  C:216EH         LINE#         629
  C:2185H         LINE#         630
  C:219FH         LINE#         631
  C:21D9H         LINE#         632
  C:21E9H         LINE#         633
  C:21F2H         LINE#         634
  C:21FAH         LINE#         635
  C:2200H         LINE#         636
  C:222BH         LINE#         637
  C:225AH         LINE#         638
  C:227BH         LINE#         639
  C:22B5H         LINE#         640
  C:22DBH         LINE#         641
  C:22E4H         LINE#         642
  C:22E4H         LINE#         645
  C:230BH         LINE#         646
  C:230EH         LINE#         647
  C:2335H         LINE#         648
  C:2370H         LINE#         649
  C:2381H         LINE#         650
  C:2381H         LINE#         651
  C:23A8H         LINE#         652
  C:23E3H         LINE#         653
  C:23F4H         LINE#         654
  C:23F4H         LINE#         655
  C:241BH         LINE#         656
  C:244AH         LINE#         657
  C:2455H         LINE#         658
  C:245BH         LINE#         659
BL51 BANKED LINKER/LOCATER V6.22                                                      09/20/2018  15:04:01  PAGE 20


  C:245BH         LINE#         660
  C:2486H         LINE#         661
  C:24CDH         LINE#         663
  C:24E4H         LINE#         664
  C:24ECH         LINE#         665
  C:24FBH         LINE#         666
  C:2500H         LINE#         668
  C:2501H         LINE#         669
  C:2507H         LINE#         670
  C:2507H         LINE#         672
  C:2507H         LINE#         673
  C:2507H         LINE#         674
  C:2531H         LINE#         675
  C:256CH         LINE#         676
  C:257AH         LINE#         677
  C:257AH         LINE#         678
  C:25A4H         LINE#         679
  C:25AAH         LINE#         680
  C:25AFH         LINE#         681
  C:25AFH         LINE#         682
  C:25D8H         LINE#         683
  C:25DEH         LINE#         684
  C:25E5H         LINE#         685
  C:25F0H         LINE#         686
  C:2618H         LINE#         687
  C:2620H         LINE#         688
  C:264AH         LINE#         689
  C:2652H         LINE#         690
  C:267CH         LINE#         691
  C:2684H         LINE#         692
  C:26AEH         LINE#         693
  C:26B6H         LINE#         694
  C:26E0H         LINE#         695
  C:26E5H         LINE#         696
  C:270FH         LINE#         697
  C:2713H         LINE#         698
  C:273DH         LINE#         699
  C:2741H         LINE#         700
  C:276EH         LINE#         701
  C:2777H         LINE#         702
  C:2791H         LINE#         703
  C:27ABH         LINE#         704
  C:27C5H         LINE#         705
  C:2866H         LINE#         706
  C:2877H         LINE#         707
  C:28A1H         LINE#         708
  C:28AAH         LINE#         709
  C:28C4H         LINE#         710
  C:28DEH         LINE#         711
  C:28F8H         LINE#         712
  C:2999H         LINE#         713
  C:29AAH         LINE#         715
  C:29B0H         LINE#         716
  C:29B2H         LINE#         717
  C:29B4H         LINE#         718
  C:29BBH         LINE#         719
  C:29BBH         LINE#         720
BL51 BANKED LINKER/LOCATER V6.22                                                      09/20/2018  15:04:01  PAGE 21


  C:29CCH         LINE#         721
  C:29F4H         LINE#         722
  C:29FAH         LINE#         723
  C:2A24H         LINE#         724
  C:2A2CH         LINE#         725
  C:2A30H         LINE#         726
  C:2A33H         LINE#         727
  C:2A37H         LINE#         728
  C:2A37H         LINE#         729
  C:2A61H         LINE#         730
  C:2A66H         LINE#         731
  C:2AB0H         LINE#         732
  C:2AB9H         LINE#         733
  C:2AD7H         LINE#         734
  C:2AFCH         LINE#         735
  C:2B32H         LINE#         736
  C:2B3FH         LINE#         737
  C:2B46H         LINE#         738
  C:2B4CH         LINE#         739
  C:2B4CH         LINE#         740
  C:2B54H         LINE#         741
  C:2B5CH         LINE#         742
  C:2B62H         LINE#         743
  C:2B62H         LINE#         744
  C:2B71H         LINE#         745
  C:2B79H         LINE#         746
  C:2B80H         LINE#         747
  C:2B8FH         LINE#         748
  C:2B97H         LINE#         749
  C:2B9FH         LINE#         750
  C:2BA6H         LINE#         751
  C:2BB5H         LINE#         752
  C:2BB7H         LINE#         753
  C:2BBEH         LINE#         754
  C:2BC2H         LINE#         755
  C:2BC2H         LINE#         757
  C:2BD9H         LINE#         758
  C:2BE1H         LINE#         759
  C:2BF0H         LINE#         760
  C:2BF5H         LINE#         761
  C:2BFAH         LINE#         762
  C:2BFBH         LINE#         763
  C:2BFEH         LINE#         764
  C:2BFEH         LINE#         766
  C:2BFEH         LINE#         767
  C:2C25H         LINE#         768
  C:2C2EH         LINE#         769
  C:2C55H         LINE#         770
  C:2C81H         LINE#         771
  C:2C93H         LINE#         772
  C:2C98H         LINE#         773
  C:2CA3H         LINE#         774
  C:2CA8H         LINE#         776
  C:2CA8H         LINE#         777
  C:2CA8H         LINE#         778
  C:2CD1H         LINE#         779
  C:2CD7H         LINE#         780
BL51 BANKED LINKER/LOCATER V6.22                                                      09/20/2018  15:04:01  PAGE 22


  C:2CE2H         LINE#         781
  C:2CEAH         LINE#         782
  C:2CEAH         LINE#         783
  -------         ENDPROC       _PARSE_CMD
  -------         PROC          _ACTION_SAVE
  X:0461H         SYMBOL        str
  -------         DO            
  X:0464H         SYMBOL        action_index
  -------         ENDDO         
  C:455EH         LINE#         787
  C:4569H         LINE#         788
  C:456EH         LINE#         790
  C:458BH         LINE#         791
  C:4590H         LINE#         792
  C:4593H         LINE#         793
  C:459CH         LINE#         795
  C:45B4H         LINE#         796
  C:45F0H         LINE#         797
  C:4604H         LINE#         798
  C:461BH         LINE#         799
  C:461DH         LINE#         800
  C:462CH         LINE#         801
  C:4645H         LINE#         802
  C:465FH         LINE#         803
  C:465FH         LINE#         804
  C:4665H         LINE#         805
  C:4668H         LINE#         807
  C:466EH         LINE#         808
  C:4671H         LINE#         810
  C:4671H         LINE#         812
  C:4687H         LINE#         814
  C:46A3H         LINE#         816
  C:46ACH         LINE#         818
  C:46ACH         LINE#         820
  C:46D3H         LINE#         821
  C:46E9H         LINE#         822
  C:46FFH         LINE#         823
  C:4734H         LINE#         825
  C:473DH         LINE#         827
  -------         ENDPROC       _ACTION_SAVE
  -------         PROC          _GET_ACTION_INDEX
  X:0466H         SYMBOL        str
  -------         DO            
  X:0469H         SYMBOL        index
  -------         ENDDO         
  C:60E1H         LINE#         829
  C:60ECH         LINE#         830
  C:60F1H         LINE#         832
  C:6101H         LINE#         833
  C:6105H         LINE#         834
  C:610AH         LINE#         835
  C:6122H         LINE#         836
  C:6147H         LINE#         837
  C:6151H         LINE#         838
  C:6153H         LINE#         839
  C:615CH         LINE#         840
  C:615CH         LINE#         841
BL51 BANKED LINKER/LOCATER V6.22                                                      09/20/2018  15:04:01  PAGE 23


  C:6166H         LINE#         842
  C:6166H         LINE#         843
  C:6168H         LINE#         844
  C:616CH         LINE#         845
  -------         ENDPROC       _GET_ACTION_INDEX
  -------         PROC          _PRINT_GROUP
  X:0471H         SYMBOL        start
  X:0473H         SYMBOL        end
  C:5DD4H         LINE#         847
  C:5DE2H         LINE#         848
  C:5DFDH         LINE#         849
  C:5E14H         LINE#         850
  C:5E14H         LINE#         851
  C:5E2FH         LINE#         852
  C:5E3EH         LINE#         853
  C:5E5CH         LINE#         854
  C:5E65H         LINE#         855
  C:5E6EH         LINE#         856
  C:5E7EH         LINE#         857
  -------         ENDPROC       _PRINT_GROUP
  -------         PROC          _INT_EXCHANGE
  X:0475H         SYMBOL        int1
  X:0478H         SYMBOL        int2
  -------         DO            
  D:0006H         SYMBOL        int_temp
  -------         ENDDO         
  C:6B23H         LINE#         860
  C:6B2EH         LINE#         862
  C:6B34H         LINE#         863
  C:6B55H         LINE#         864
  -------         ENDPROC       _INT_EXCHANGE
  -------         PROC          _ERASE_SECTOR
  X:0471H         SYMBOL        start
  X:0473H         SYMBOL        end
  C:5A40H         LINE#         867
  C:5A4EH         LINE#         868
  C:5A69H         LINE#         869
  C:5A80H         LINE#         870
  C:5A80H         LINE#         871
  C:5A97H         LINE#         872
  C:5AB3H         LINE#         873
  C:5ABCH         LINE#         874
  C:5AE2H         LINE#         875
  C:5AEBH         LINE#         876
  C:5AFBH         LINE#         877
  C:5B05H         LINE#         878
  -------         ENDPROC       _ERASE_SECTOR
  -------         PROC          _DO_GROUP_ONCE
  X:0471H         SYMBOL        group_num
  C:6542H         LINE#         882
  C:654AH         LINE#         894
  C:6559H         LINE#         895
  C:6559H         LINE#         897
  C:6559H         LINE#         898
  C:6559H         LINE#         900
  C:6577H         LINE#         901
  C:6577H         LINE#         903
BL51 BANKED LINKER/LOCATER V6.22                                                      09/20/2018  15:04:01  PAGE 24


  C:657AH         LINE#         904
  C:65A0H         LINE#         905
  -------         ENDPROC       _DO_GROUP_ONCE
  -------         PROC          _ABS_FLOAT
  X:0464H         SYMBOL        value
  C:6BA8H         LINE#         909
  C:6BAEH         LINE#         910
  C:6BC8H         LINE#         911
  C:6BD7H         LINE#         912
  C:6BD7H         LINE#         913
  C:6BE8H         LINE#         914
  -------         ENDPROC       _ABS_FLOAT
  -------         PROC          _DUOJI_INC_HANDLE
  X:0461H         SYMBOL        index
  -------         DO            
  X:0462H         SYMBOL        aim_temp
  -------         ENDDO         
  C:4BCBH         LINE#         916
  C:4BD0H         LINE#         919
  C:4BF5H         LINE#         921
  C:4C1CH         LINE#         923
  C:4C26H         LINE#         924
  C:4C30H         LINE#         925
  C:4C43H         LINE#         926
  C:4C4AH         LINE#         927
  C:4C4AH         LINE#         929
  C:4CBEH         LINE#         930
  C:4CDFH         LINE#         931
  C:4CF4H         LINE#         932
  C:4CF5H         LINE#         933
  C:4D3BH         LINE#         934
  C:4D3BH         LINE#         935
  C:4D3BH         LINE#         936
  -------         ENDPROC       _DUOJI_INC_HANDLE
  -------         PROC          LOOP_ACTION
  C:56ACH         LINE#         939
  C:56ACH         LINE#         941
  C:56B2H         LINE#         942
  C:56BAH         LINE#         943
  C:56BFH         LINE#         944
  C:56BFH         LINE#         946
  C:56D1H         LINE#         947
  C:56DCH         LINE#         949
  C:56F2H         LINE#         950
  C:56FEH         LINE#         951
  C:5706H         LINE#         952
  C:5713H         LINE#         953
  C:5721H         LINE#         954
  C:5728H         LINE#         955
  C:5728H         LINE#         956
  C:5728H         LINE#         957
  C:5728H         LINE#         958
  C:572AH         LINE#         960
  C:572AH         LINE#         961
  C:5738H         LINE#         962
  C:5739H         LINE#         963
  C:574DH         LINE#         964
BL51 BANKED LINKER/LOCATER V6.22                                                      09/20/2018  15:04:01  PAGE 25


  C:575CH         LINE#         965
  C:5766H         LINE#         966
  C:5774H         LINE#         967
  C:577BH         LINE#         968
  C:5780H         LINE#         969
  C:5789H         LINE#         970
  C:5789H         LINE#         971
  C:5789H         LINE#         973
  C:5789H         LINE#         974
  C:5797H         LINE#         975
  C:5797H         LINE#         976
  C:5797H         LINE#         978
  -------         ENDPROC       LOOP_ACTION
  -------         PROC          CHECK_DJ_STATE
  -------         DO            
  X:0461H         SYMBOL        i
  -------         ENDDO         
  C:6954H         LINE#         980
  C:6954H         LINE#         982
  C:696DH         LINE#         983
  C:6994H         LINE#         984
  C:69A4H         LINE#         985
  C:69A6H         LINE#         986
  -------         ENDPROC       CHECK_DJ_STATE
  C:2CFAH         SYMBOL        L?0358
  -------         PROC          L?0357
  -------         ENDPROC       L?0357
  C:2CFAH         SYMBOL        L?0358
  -------         PROC          _DO_ACTION
  X:0473H         SYMBOL        uart_receive_buf
  -------         DO            
  X:0476H         SYMBOL        index
  X:0478H         SYMBOL        time
  X:047AH         SYMBOL        i
  X:047CH         SYMBOL        lst_i
  X:047EH         SYMBOL        parse_ok
  X:0480H         SYMBOL        bias
  X:0482H         SYMBOL        pwm
  X:0486H         SYMBOL        aim_temp
  -------         ENDDO         
  C:2D00H         LINE#         988
  C:2D0BH         LINE#         993
  C:2D0EH         LINE#         994
  C:2D17H         LINE#         996
  C:2D6DH         LINE#         997
  C:2DB7H         LINE#         998
  C:2E00H         LINE#         999
  C:2E34H         LINE#         1000
  C:2E3FH         LINE#         1001
  C:2E43H         LINE#         1002
  C:2E50H         LINE#         1003
  C:2E50H         LINE#         1004
  C:2EDFH         LINE#         1005
  C:2F03H         LINE#         1006
  C:2F20H         LINE#         1007
  C:2F2AH         LINE#         1008
  C:2F46H         LINE#         1009
BL51 BANKED LINKER/LOCATER V6.22                                                      09/20/2018  15:04:01  PAGE 26


  C:2F50H         LINE#         1010
  C:2F50H         LINE#         1012
  C:2F7BH         LINE#         1013
  C:2F9FH         LINE#         1014
  C:2FB9H         LINE#         1015
  C:2FC2H         LINE#         1016
  C:2FC8H         LINE#         1017
  C:2FC9H         LINE#         1019
  C:3012H         LINE#         1020
  C:305DH         LINE#         1021
  C:3068H         LINE#         1022
  C:30A3H         LINE#         1023
  C:30C3H         LINE#         1024
  C:30C4H         LINE#         1026
  C:30C4H         LINE#         1029
  C:30D1H         LINE#         1030
  C:30F0H         LINE#         1031
  C:30F4H         LINE#         1032
  C:3100H         LINE#         1033
  C:3115H         LINE#         1034
  C:3135H         LINE#         1035
  C:3168H         LINE#         1036
  C:316AH         LINE#         1037
  C:318AH         LINE#         1038
  C:31A2H         LINE#         1039
  C:31C8H         LINE#         1040
  C:3222H         LINE#         1041
  C:3225H         LINE#         1042
  C:3245H         LINE#         1043
  C:3259H         LINE#         1044
  C:3279H         LINE#         1045
  C:32ACH         LINE#         1046
  C:32AEH         LINE#         1049
  C:330EH         LINE#         1052
  C:3345H         LINE#         1053
  C:3364H         LINE#         1054
  C:3364H         LINE#         1056
  C:33ABH         LINE#         1057
  C:33D2H         LINE#         1058
  C:33F6H         LINE#         1061
  C:340AH         LINE#         1062
  C:3430H         LINE#         1063
  C:3454H         LINE#         1064
  C:346EH         LINE#         1065
  C:3471H         LINE#         1066
  C:3497H         LINE#         1067
  C:34B7H         LINE#         1068
  C:3552H         LINE#         1069
  C:3552H         LINE#         1072
  C:3552H         LINE#         1074
  C:3555H         LINE#         1075
  C:3563H         LINE#         1076
  C:3563H         LINE#         1077
  C:3566H         LINE#         1078
  -------         ENDPROC       _DO_ACTION
  -------         PROC          _REPLACE_CHAR
  D:0001H         SYMBOL        str
BL51 BANKED LINKER/LOCATER V6.22                                                      09/20/2018  15:04:01  PAGE 27


  D:0005H         SYMBOL        ch1
  X:046AH         SYMBOL        ch2
  C:6F89H         LINE#         1080
  C:6F89H         LINE#         1081
  C:6F8EH         LINE#         1082
  C:6F91H         LINE#         1083
  C:6F98H         LINE#         1084
  C:6F98H         LINE#         1085
  C:6F9FH         LINE#         1086
  C:6FA1H         LINE#         1088
  -------         ENDPROC       _REPLACE_CHAR
  -------         PROC          LOOP_VOL_WARNING
  -------         DO            
  X:042AH         SYMBOL        systick_ms_bak
  -------         ENDDO         
  C:6610H         LINE#         1091
  C:6610H         LINE#         1094
  C:663BH         LINE#         1095
  C:6644H         LINE#         1096
  C:6651H         LINE#         1097
  C:6673H         LINE#         1099
  -------         ENDPROC       LOOP_VOL_WARNING
  -------         PROC          REWRITE_EEPROM
  C:6EC7H         LINE#         1105
  C:6EC7H         LINE#         1106
  C:6ED2H         LINE#         1107
  -------         ENDPROC       REWRITE_EEPROM
  -------         PROC          LOOP_BT_ONCE
  -------         DO            
  X:042EH         SYMBOL        first_change
  X:042FH         SYMBOL        step
  X:0430H         SYMBOL        systick_ms_bak
  -------         ENDDO         
  C:48D3H         LINE#         1110
  C:48D3H         LINE#         1113
  C:48DCH         LINE#         1114
  C:490DH         LINE#         1115
  C:4916H         LINE#         1116
  C:4921H         LINE#         1117
  C:4924H         LINE#         1118
  C:492AH         LINE#         1119
  C:492AH         LINE#         1120
  C:495FH         LINE#         1121
  C:4968H         LINE#         1122
  C:4973H         LINE#         1123
  C:4973H         LINE#         1124
  C:49A8H         LINE#         1125
  C:49B1H         LINE#         1126
  C:49BAH         LINE#         1127
  C:49BAH         LINE#         1128
  C:49EEH         LINE#         1129
  C:49F7H         LINE#         1130
  C:4A00H         LINE#         1131
  C:4A06H         LINE#         1132
  C:4A39H         LINE#         1133
  C:4A42H         LINE#         1134
  C:4A4BH         LINE#         1135
BL51 BANKED LINKER/LOCATER V6.22                                                      09/20/2018  15:04:01  PAGE 28


  C:4A51H         LINE#         1136
  C:4A56H         LINE#         1137
  C:4A56H         LINE#         1138
  C:4A56H         LINE#         1139
  -------         ENDPROC       LOOP_BT_ONCE
  -------         PROC          SOFT_RESET
  C:0096H         LINE#         1141
  C:0096H         LINE#         1142
  C:0099H         LINE#         1143
  -------         ENDPROC       SOFT_RESET
  -------         ENDMOD        Z_MAIN

  -------         MODULE        Z_ADC
  C:0000H         SYMBOL        _ICE_DUMMY_
  C:6FFFH         PUBLIC        _adc_init
  C:6E78H         PUBLIC        _adc_read
  D:00BCH         PUBLIC        ADC_CONTR
  D:00BDH         PUBLIC        ADC_RES
  D:00BEH         PUBLIC        ADC_LOW2
  D:009DH         PUBLIC        P1ASF
  -------         PROC          _ADC_INIT
  D:0007H         SYMBOL        ch
  C:6FFFH         LINE#         16
  C:6FFFH         LINE#         17
  C:700CH         LINE#         18
  C:700FH         LINE#         19
  C:7012H         LINE#         20
  C:7013H         LINE#         21
  -------         ENDPROC       _ADC_INIT
  -------         PROC          _ADC_READ
  D:0006H         SYMBOL        ch
  C:6E78H         LINE#         23
  C:6E7AH         LINE#         24
  C:6E7DH         LINE#         25
  C:6E82H         LINE#         26
  C:6E83H         LINE#         27
  C:6E84H         LINE#         28
  C:6E85H         LINE#         29
  C:6E86H         LINE#         30
  C:6E8BH         LINE#         31
  C:6E8EH         LINE#         33
  C:6E9FH         LINE#         36
  -------         ENDPROC       _ADC_READ
  -------         ENDMOD        Z_ADC

  -------         MODULE        Z_DELAY
  C:0000H         SYMBOL        _ICE_DUMMY_
  C:70F6H         PUBLIC        _delay
  C:7079H         PUBLIC        _udelay
  C:6F31H         PUBLIC        _mdelay
  -------         PROC          _DELAY
  D:0006H         SYMBOL        t
  C:70F6H         LINE#         3
  C:70F6H         LINE#         5
  C:7100H         LINE#         7
  -------         ENDPROC       _DELAY
  -------         PROC          _UDELAY
BL51 BANKED LINKER/LOCATER V6.22                                                      09/20/2018  15:04:01  PAGE 29


  D:0006H         SYMBOL        t
  -------         DO            
  D:0005H         SYMBOL        i
  -------         ENDDO         
  C:7079H         LINE#         9
  C:7079H         LINE#         11
  C:7083H         LINE#         12
  C:7085H         LINE#         13
  C:708BH         LINE#         15
  -------         ENDPROC       _UDELAY
  -------         PROC          _MDELAY
  D:0006H         SYMBOL        t
  -------         DO            
  D:0004H         SYMBOL        i
  D:0002H         SYMBOL        j
  -------         ENDDO         
  C:6F31H         LINE#         17
  C:6F31H         LINE#         19
  C:6F3BH         LINE#         20
  C:6F49H         LINE#         21
  C:6F50H         LINE#         22
  -------         ENDPROC       _MDELAY
  -------         ENDMOD        Z_DELAY

  -------         MODULE        Z_GLOBAL
  C:0000H         SYMBOL        _ICE_DUMMY_
  D:00D0H         PUBLIC        PSW
  D:0080H         PUBLIC        P0
  D:0090H         PUBLIC        P1
  D:00A0H         PUBLIC        P2
  D:00B0H         PUBLIC        P3
  D:00C0H         PUBLIC        P4
  D:00C8H         PUBLIC        P5
  D:00E8H         PUBLIC        P6
  D:00F8H         PUBLIC        P7
  D:00A8H         PUBLIC        IE
  D:00B8H         PUBLIC        IP
  D:0088H         PUBLIC        TCON
  D:0098H         PUBLIC        SCON
  D:00D8H         PUBLIC        CCON
  X:0000H         PUBLIC        duoji_doing
  X:0070H         PUBLIC        eeprom_info
  X:0130H         PUBLIC        uart_receive_buf
  X:0334H         PUBLIC        uart1_get_ok
  X:0335H         PUBLIC        uart1_mode
  X:0336H         PUBLIC        uart_receive_buf_index
  X:0337H         PUBLIC        cmd_return
  X:039BH         PUBLIC        timer1_flag_dj
  X:039CH         PUBLIC        duoji_index1
  X:039DH         PUBLIC        smart_mode
  X:039EH         PUBLIC        group_do_ok
  X:039FH         PUBLIC        csb_cnt
  C:69A7H         PUBLIC        global_init
  C:537BH         PUBLIC        _str_contain_str
  C:7029H         PUBLIC        _abs_int
  C:4E96H         PUBLIC        _selection_sort
  -------         PROC          GLOBAL_INIT
BL51 BANKED LINKER/LOCATER V6.22                                                      09/20/2018  15:04:01  PAGE 30


  -------         DO            
  D:0003H         SYMBOL        i
  -------         ENDDO         
  C:69A7H         LINE#         16
  C:69A7H         LINE#         19
  C:69A9H         LINE#         20
  C:69BEH         LINE#         21
  C:69D3H         LINE#         22
  C:69E8H         LINE#         23
  C:69EDH         LINE#         25
  C:69F2H         LINE#         26
  C:69F4H         LINE#         27
  C:69F6H         LINE#         29
  -------         ENDPROC       GLOBAL_INIT
  -------         PROC          _STR_CONTAIN_STR
  X:0471H         SYMBOL        str
  X:0474H         SYMBOL        str2
  -------         DO            
  X:0477H         SYMBOL        str_temp
  X:047AH         SYMBOL        str_temp2
  -------         ENDDO         
  C:537BH         LINE#         31
  C:5386H         LINE#         33
  C:5391H         LINE#         34
  C:53A6H         LINE#         35
  C:53BAH         LINE#         36
  C:53CEH         LINE#         37
  C:53DEH         LINE#         38
  C:5406H         LINE#         39
  C:5441H         LINE#         40
  C:5456H         LINE#         41
  C:5456H         LINE#         42
  C:5456H         LINE#         43
  C:5456H         LINE#         44
  C:5469H         LINE#         45
  C:5483H         LINE#         46
  C:5483H         LINE#         48
  C:5483H         LINE#         49
  C:548DH         LINE#         50
  C:548DH         LINE#         51
  C:5490H         LINE#         52
  C:5493H         LINE#         53
  -------         ENDPROC       _STR_CONTAIN_STR
  -------         PROC          _SELECTION_SORT
  D:0001H         SYMBOL        a
  X:0461H         SYMBOL        len
  -------         DO            
  X:0463H         SYMBOL        i
  X:0465H         SYMBOL        j
  X:0467H         SYMBOL        mi
  X:0469H         SYMBOL        t
  -------         ENDDO         
  C:4E96H         LINE#         55
  C:4E9EH         LINE#         57
  C:4EC7H         LINE#         58
  C:4ED4H         LINE#         59
  C:4EFCH         LINE#         60
BL51 BANKED LINKER/LOCATER V6.22                                                      09/20/2018  15:04:01  PAGE 31


  C:4F2CH         LINE#         61
  C:4F39H         LINE#         62
  C:4F39H         LINE#         63
  C:4F49H         LINE#         65
  C:4F60H         LINE#         66
  C:4F77H         LINE#         67
  C:4FA2H         LINE#         68
  C:4FC0H         LINE#         69
  C:4FC0H         LINE#         70
  C:4FD4H         LINE#         71
  -------         ENDPROC       _SELECTION_SORT
  -------         PROC          _ABS_INT
  D:0006H         SYMBOL        int1
  C:7029H         LINE#         74
  C:7029H         LINE#         75
  C:7035H         LINE#         76
  C:703CH         LINE#         77
  -------         ENDPROC       _ABS_INT
  -------         ENDMOD        Z_GLOBAL

  -------         MODULE        Z_GPIO
  C:0000H         SYMBOL        _ICE_DUMMY_
  D:00D0H         PUBLIC        PSW
  D:0080H         PUBLIC        P0
  D:0090H         PUBLIC        P1
  D:00A0H         PUBLIC        P2
  D:00B0H         PUBLIC        P3
  D:00C0H         PUBLIC        P4
  D:00C8H         PUBLIC        P5
  D:00E8H         PUBLIC        P6
  D:00F8H         PUBLIC        P7
  D:0094H         PUBLIC        P0M0
  D:0093H         PUBLIC        P0M1
  D:0092H         PUBLIC        P1M0
  D:0091H         PUBLIC        P1M1
  D:0096H         PUBLIC        P2M0
  D:0095H         PUBLIC        P2M1
  D:00B2H         PUBLIC        P3M0
  D:00B1H         PUBLIC        P3M1
  D:00B4H         PUBLIC        P4M0
  D:00B3H         PUBLIC        P4M1
  D:00A8H         PUBLIC        IE
  D:00B8H         PUBLIC        IP
  D:0088H         PUBLIC        TCON
  D:0098H         PUBLIC        SCON
  D:00D8H         PUBLIC        CCON
  B:00C8H.1       PUBLIC        beep
  B:00C8H.0       PUBLIC        dj0
  B:00B0H.4       PUBLIC        dj1
  B:0080H.4       PUBLIC        dj2
  B:00C8H.3       PUBLIC        dj3
  B:0080H.5       PUBLIC        dj4
  B:00C8H.2       PUBLIC        dj5
  B:0080H.0       PUBLIC        key1_led
  B:00C0H.4       PUBLIC        key2_led
  C:0026H         PUBLIC        io_init
  C:000EH         PUBLIC        dj_io_init
BL51 BANKED LINKER/LOCATER V6.22                                                      09/20/2018  15:04:01  PAGE 32


  C:6C61H         PUBLIC        _dj_io_set
  C:6852H         PUBLIC        _beep_on_times
  -------         PROC          IO_INIT
  C:0026H         LINE#         4
  C:0026H         LINE#         6
  C:0029H         LINE#         7
  C:002CH         LINE#         9
  C:002EH         LINE#         10
  C:0030H         LINE#         12
  C:0032H         LINE#         13
  C:0035H         LINE#         15
  C:0037H         LINE#         16
  C:003AH         LINE#         18
  C:003CH         LINE#         19
  C:003EH         LINE#         24
  C:0040H         LINE#         25
  C:0042H         LINE#         26
  -------         ENDPROC       IO_INIT
  -------         PROC          DJ_IO_INIT
  C:000EH         LINE#         29
  C:000EH         LINE#         30
  C:0010H         LINE#         31
  C:0012H         LINE#         32
  C:0014H         LINE#         33
  C:0016H         LINE#         34
  C:0018H         LINE#         35
  C:001AH         LINE#         36
  -------         ENDPROC       DJ_IO_INIT
  -------         PROC          _DJ_IO_SET
  D:0007H         SYMBOL        index
  D:0005H         SYMBOL        level
  C:6C61H         LINE#         38
  C:6C61H         LINE#         39
  C:6C75H         LINE#         40
  C:6C7BH         LINE#         41
[...]
  C:5092H         LINE#         276
  C:5092H         LINE#         277
  C:5092H         LINE#         278
  C:509FH         LINE#         279
  C:50ADH         LINE#         280
  C:50ADH         LINE#         281
  C:50ADH         LINE#         282
  C:50BDH         LINE#         283
  C:50CBH         LINE#         284
  C:50CBH         LINE#         285
  C:50CBH         LINE#         286
  C:50DBH         LINE#         287
  C:50EDH         LINE#         288
  C:50F2H         LINE#         289
  C:50F9H         LINE#         290
  C:50F9H         LINE#         292
  C:5106H         LINE#         294
  C:5106H         LINE#         300
  -------         ENDPROC       UART2_INT
  -------         PROC          UART4
  -------         DO            
  X:04ACH         SYMBOL        buf_index
  X:04AEH         SYMBOL        sbuf_bak
  -------         ENDDO         
  C:5111H         LINE#         305
  C:511EH         LINE#         308
  C:5126H         LINE#         309
  C:5129H         LINE#         310
  C:512FH         LINE#         314
  C:5138H         LINE#         316
  C:513FH         LINE#         317
  C:5145H         LINE#         318
  C:514CH         LINE#         319
  C:5155H         LINE#         320
  C:515DH         LINE#         321
  C:5165H         LINE#         322
  C:516BH         LINE#         323
  C:5171H         LINE#         324
  C:5177H         LINE#         325
  C:517DH         LINE#         326
  C:5183H         LINE#         327
  C:5189H         LINE#         328
  C:518FH         LINE#         329
  C:518FH         LINE#         330
  C:5196H         LINE#         331
  C:5196H         LINE#         333
  C:51B3H         LINE#         335
  C:51BBH         LINE#         337
  C:51C0H         LINE#         339
  C:51CEH         LINE#         340
  C:51CEH         LINE#         341
  C:51CEH         LINE#         342
  C:51CEH         LINE#         343
  C:51DBH         LINE#         344
  C:51E9H         LINE#         345
BL51 BANKED LINKER/LOCATER V6.22                                                      09/20/2018  15:04:01  PAGE 54


  C:51E9H         LINE#         346
  C:51E9H         LINE#         347
  C:51F9H         LINE#         348
  C:5207H         LINE#         349
  C:5207H         LINE#         350
  C:5207H         LINE#         351
  C:5217H         LINE#         352
  C:5229H         LINE#         353
  C:522EH         LINE#         354
  C:5235H         LINE#         355
  C:5235H         LINE#         357
  C:5242H         LINE#         358
  C:5242H         LINE#         364
  -------         ENDPROC       UART4
  -------         ENDMOD        Z_UART

  -------         MODULE        Z_W25Q64
  C:0000H         SYMBOL        _ICE_DUMMY_
  D:00D0H         PUBLIC        PSW
  D:0080H         PUBLIC        P0
  D:0090H         PUBLIC        P1
  D:00A0H         PUBLIC        P2
  D:00B0H         PUBLIC        P3
  D:00C0H         PUBLIC        P4
  D:00C8H         PUBLIC        P5
  D:00E8H         PUBLIC        P6
  D:00F8H         PUBLIC        P7
  D:0092H         PUBLIC        P1M0
  D:0091H         PUBLIC        P1M1
  D:00B4H         PUBLIC        P4M0
  D:00B3H         PUBLIC        P4M1
  D:00A8H         PUBLIC        IE
  D:00B8H         PUBLIC        IP
  D:0088H         PUBLIC        TCON
  D:0098H         PUBLIC        SCON
  D:00CDH         PUBLIC        SPSTAT
  D:00CEH         PUBLIC        SPCTL
  D:00CFH         PUBLIC        SPDAT
  D:00D8H         PUBLIC        CCON
  C:709EH         PUBLIC        SpiMasterInit
  C:6F62H         PUBLIC        _SpiWriteRead
  B:00C0H.0       PUBLIC        P4_0
  C:7120H         PUBLIC        SpiFlashInit
  C:6E4EH         PUBLIC        SpiFlashReadID
  C:70DBH         PUBLIC        SpiFlashReadSR
  C:710CH         PUBLIC        SpiFlashWriteEnable
  C:5798H         PUBLIC        _SpiFlashWriteNoCheck
  C:6674H         PUBLIC        _SpiFlashRead
  C:6D70H         PUBLIC        _SpiFlashWrite
  C:64DAH         PUBLIC        _SpiFlashEraseSector
  C:7129H         PUBLIC        SpiFlashWaitBusy
  C:6284H         PUBLIC        _SpiFlashWritePage
  -------         PROC          SPIMASTERINIT
  C:709EH         LINE#         27
  C:709EH         LINE#         28
  C:709EH         LINE#         42
  C:70A1H         LINE#         43
BL51 BANKED LINKER/LOCATER V6.22                                                      09/20/2018  15:04:01  PAGE 55


  C:70A4H         LINE#         44
  C:70A7H         LINE#         45
  C:70AAH         LINE#         50
  C:70ADH         LINE#         54
  -------         ENDPROC       SPIMASTERINIT
  -------         PROC          L?0033
  -------         ENDPROC       L?0033
  -------         PROC          _SPIWRITEREAD
  D:0007H         SYMBOL        d
  C:6F62H         LINE#         103
  C:6F62H         LINE#         104
  C:6F62H         LINE#         105
  C:6F64H         LINE#         106
  C:6F69H         LINE#         107
  C:6F6CH         LINE#         108
  C:6F6EH         LINE#         109
  -------         ENDPROC       _SPIWRITEREAD
  -------         PROC          SPIFLASHINIT
  C:7120H         LINE#         144
  C:7120H         LINE#         145
  C:7120H         LINE#         147
  C:7123H         LINE#         148
  C:7126H         LINE#         150
  -------         ENDPROC       SPIFLASHINIT
  -------         PROC          SPIFLASHREADSR
  -------         DO            
  D:0007H         SYMBOL        rt
  -------         ENDDO         
  C:70DBH         LINE#         165
  C:70DBH         LINE#         166
  C:70DBH         LINE#         167
  C:70DBH         LINE#         168
  C:70DDH         LINE#         169
  C:70E2H         LINE#         170
  C:70E7H         LINE#         171
  C:70E9H         LINE#         172
  C:70E9H         LINE#         173
  -------         ENDPROC       SPIFLASHREADSR
  -------         PROC          SPIFLASHWRITEENABLE
  C:710CH         LINE#         195
  C:710CH         LINE#         196
  C:710CH         LINE#         197
  C:710EH         LINE#         198
  C:7113H         LINE#         199
  C:7115H         LINE#         200
  -------         ENDPROC       SPIFLASHWRITEENABLE
  -------         PROC          SPIFLASHREADID
  -------         DO            
  D:0004H         SYMBOL        Temp
  -------         ENDDO         
  C:6E4EH         LINE#         224
  C:6E4EH         LINE#         225
  C:6E4EH         LINE#         226
  C:6E51H         LINE#         227
  C:6E53H         LINE#         228
  C:6E58H         LINE#         229
  C:6E5DH         LINE#         230
BL51 BANKED LINKER/LOCATER V6.22                                                      09/20/2018  15:04:01  PAGE 56


  C:6E62H         LINE#         231
  C:6E67H         LINE#         232
  C:6E6EH         LINE#         233
  C:6E73H         LINE#         234
  C:6E75H         LINE#         235
  C:6E77H         LINE#         236
  -------         ENDPROC       SPIFLASHREADID
  -------         PROC          _SPIFLASHREAD
  X:0475H         SYMBOL        pBuffer
  X:0478H         SYMBOL        ReadAddr
  X:047CH         SYMBOL        NumByteToRead
  -------         DO            
  D:0004H         SYMBOL        i
  -------         ENDDO         
  C:6674H         LINE#         245
  C:6683H         LINE#         246
  C:6683H         LINE#         248
  C:6685H         LINE#         249
  C:668AH         LINE#         250
  C:668FH         LINE#         251
  C:6694H         LINE#         252
  C:66A5H         LINE#         254
  C:66B5H         LINE#         255
  C:66B5H         LINE#         256
  C:66CDH         LINE#         257
  C:66D4H         LINE#         259
  C:66D6H         LINE#         260
  -------         ENDPROC       _SPIFLASHREAD
  -------         PROC          _SPIFLASHWRITEPAGE
  X:0471H         SYMBOL        pBuffer
  X:0474H         SYMBOL        WriteAddr
  X:0478H         SYMBOL        NumByteToWrite
  -------         DO            
  D:0004H         SYMBOL        i
  -------         ENDDO         
  C:6284H         LINE#         269
  C:6293H         LINE#         270
  C:6293H         LINE#         273
  C:6296H         LINE#         274
  C:6298H         LINE#         276
  C:629DH         LINE#         277
  C:62B3H         LINE#         278
  C:62C9H         LINE#         279
  C:62D4H         LINE#         281
  C:6301H         LINE#         283
  C:6303H         LINE#         284
  -------         ENDPROC       _SPIFLASHWRITEPAGE
  -------         PROC          _SPIFLASHWRITENOCHECK
  X:0466H         SYMBOL        pBuffer
  X:0469H         SYMBOL        WriteAddr
  X:046DH         SYMBOL        NumByteToWrite
  -------         DO            
  X:046FH         SYMBOL        pageremain
  -------         ENDDO         
  C:5798H         LINE#         298
  C:57A7H         LINE#         299
  C:57A7H         LINE#         301
BL51 BANKED LINKER/LOCATER V6.22                                                      09/20/2018  15:04:01  PAGE 57


  C:57BFH         LINE#         302
  C:57D3H         LINE#         304
  C:57D3H         LINE#         305
  C:57D3H         LINE#         306
  C:57FEH         LINE#         307
  C:5813H         LINE#         309
  C:5813H         LINE#         310
  C:5824H         LINE#         311
  C:5847H         LINE#         313
  C:5860H         LINE#         314
  C:5872H         LINE#         315
  C:587FH         LINE#         316
  C:587FH         LINE#         317
  -------         ENDPROC       _SPIFLASHWRITENOCHECK
  -------         PROC          _SPIFLASHWRITE
  D:0001H         SYMBOL        pBuffer
  X:04B8H         SYMBOL        WriteAddr
  X:04BCH         SYMBOL        NumByteToWrite
  -------         DO            
  X:04BEH         SYMBOL        secpos
  -------         ENDDO         
  C:6D70H         LINE#         329
  C:6D76H         LINE#         330
  C:6D76H         LINE#         331
  C:6D80H         LINE#         334
  -------         ENDPROC       _SPIFLASHWRITE
  -------         PROC          _SPIFLASHERASESECTOR
  X:0475H         SYMBOL        Dst_Addr
  C:64DAH         LINE#         357
  C:64E0H         LINE#         358
  C:64E0H         LINE#         360
  C:64F9H         LINE#         361
  C:64FCH         LINE#         362
  C:64FFH         LINE#         363
  C:6501H         LINE#         364
  C:6506H         LINE#         365
  C:651CH         LINE#         366
  C:6532H         LINE#         367
  C:653DH         LINE#         368
  C:653FH         LINE#         369
  -------         ENDPROC       _SPIFLASHERASESECTOR
  -------         PROC          SPIFLASHWAITBUSY
  C:7129H         LINE#         377
  C:7129H         LINE#         378
  C:7129H         LINE#         379
  C:7130H         LINE#         380
  -------         ENDPROC       SPIFLASHWAITBUSY
  -------         ENDMOD        Z_W25Q64

  -------         MODULE        ?C?FPADD
  C:1549H         PUBLIC        ?C?FPADD
  C:1545H         PUBLIC        ?C?FPSUB
  -------         ENDMOD        ?C?FPADD

  -------         MODULE        ?C?FPMUL
  C:163AH         PUBLIC        ?C?FPMUL
  -------         ENDMOD        ?C?FPMUL
BL51 BANKED LINKER/LOCATER V6.22                                                      09/20/2018  15:04:01  PAGE 58



  -------         MODULE        ?C?FPDIV
  C:1743H         PUBLIC        ?C?FPDIV
  -------         ENDMOD        ?C?FPDIV

  -------         MODULE        ?C?FPCMP
  C:17E2H         PUBLIC        ?C?FPCMP
  C:17E0H         PUBLIC        ?C?FPCMP3
  -------         ENDMOD        ?C?FPCMP

  -------         MODULE        ?C?FPNEG
  C:1859H         PUBLIC        ?C?FPNEG
  -------         ENDMOD        ?C?FPNEG

  -------         MODULE        ?C?FCAST
  C:1874H         PUBLIC        ?C?FCASTC
  C:186FH         PUBLIC        ?C?FCASTI
  C:186AH         PUBLIC        ?C?FCASTL
  -------         ENDMOD        ?C?FCAST

  -------         MODULE        ?C?CASTF
  C:18A8H         PUBLIC        ?C?CASTF
  -------         ENDMOD        ?C?CASTF

  -------         MODULE        PRINTF
  X:0475H         PUBLIC        ?_PRINTF?BYTE
  X:0475H         PUBLIC        ?_SPRINTF?BYTE
  C:35D2H         PUBLIC        _PRINTF
  C:35CCH         PUBLIC        _SPRINTF
  -------         ENDMOD        PRINTF

  -------         MODULE        SCANF
  X:0471H         PUBLIC        ?_SCANF?BYTE
  X:0471H         PUBLIC        ?_SSCANF?BYTE
  C:3A77H         PUBLIC        _SCANF
  C:3A73H         PUBLIC        _SSCANF
  -------         ENDMOD        SCANF

  -------         MODULE        ?C?FPROUND
  C:1929H         PUBLIC        ?C?FPROUND
  -------         ENDMOD        ?C?FPROUND

  -------         MODULE        ?C?FPCONVERT
  C:1966H         PUBLIC        ?C?FPCONVERT
  -------         ENDMOD        ?C?FPCONVERT

  -------         MODULE        ?C?FTNPWR
  C:1A9BH         PUBLIC        ?C?FTNPWR
  -------         ENDMOD        ?C?FTNPWR

  -------         MODULE        ?C?COPY
  C:1BABH         PUBLIC        ?C?COPY
  -------         ENDMOD        ?C?COPY

  -------         MODULE        ?C?CLDPTR
  C:1BD1H         PUBLIC        ?C?CLDPTR
  -------         ENDMOD        ?C?CLDPTR
BL51 BANKED LINKER/LOCATER V6.22                                                      09/20/2018  15:04:01  PAGE 59



  -------         MODULE        ?C?CLDOPTR
  C:1BEAH         PUBLIC        ?C?CLDOPTR
  -------         ENDMOD        ?C?CLDOPTR

  -------         MODULE        ?C?CSTPTR
  C:1C17H         PUBLIC        ?C?CSTPTR
  -------         ENDMOD        ?C?CSTPTR

  -------         MODULE        ?C?CSTOPTR
  C:1C29H         PUBLIC        ?C?CSTOPTR
  -------         ENDMOD        ?C?CSTOPTR

  -------         MODULE        ?C?IMUL
  C:1C4BH         PUBLIC        ?C?IMUL
  -------         ENDMOD        ?C?IMUL

  -------         MODULE        ?C?SIDIV
  C:1C5DH         PUBLIC        ?C?SIDIV
  -------         ENDMOD        ?C?SIDIV

  -------         MODULE        ?C?IILDX
  C:1C93H         PUBLIC        ?C?IILDX
  -------         ENDMOD        ?C?IILDX

  -------         MODULE        ?C?ILDIX
  C:1CA9H         PUBLIC        ?C?ILDIX
  -------         ENDMOD        ?C?ILDIX

  -------         MODULE        ?C?ILDPTR
  C:1CBFH         PUBLIC        ?C?ILDPTR
  -------         ENDMOD        ?C?ILDPTR

  -------         MODULE        ?C?ILDOPTR
  C:1CEAH         PUBLIC        ?C?ILDOPTR
  -------         ENDMOD        ?C?ILDOPTR

  -------         MODULE        ?C?ISTPTR
  C:1D22H         PUBLIC        ?C?ISTPTR
  -------         ENDMOD        ?C?ISTPTR

  -------         MODULE        ?C?ISTOPTR
  C:1D41H         PUBLIC        ?C?ISTOPTR
  -------         ENDMOD        ?C?ISTOPTR

  -------         MODULE        ?C?LMUL
  C:1D6EH         PUBLIC        ?C?LMUL
  -------         ENDMOD        ?C?LMUL

  -------         MODULE        ?C?ULDIV
  C:1DF9H         PUBLIC        ?C?ULDIV
  -------         ENDMOD        ?C?ULDIV

  -------         MODULE        ?C?LNEG
  C:1E8BH         PUBLIC        ?C?LNEG
  -------         ENDMOD        ?C?LNEG

BL51 BANKED LINKER/LOCATER V6.22                                                      09/20/2018  15:04:01  PAGE 60


  -------         MODULE        ?C?ULCMP
  C:1E99H         PUBLIC        ?C?ULCMP
  -------         ENDMOD        ?C?ULCMP

  -------         MODULE        ?C?ULSHR
  C:1EAAH         PUBLIC        ?C?ULSHR
  -------         ENDMOD        ?C?ULSHR

  -------         MODULE        ?C?LSHL
  C:1EBDH         PUBLIC        ?C?LSHL
  -------         ENDMOD        ?C?LSHL

  -------         MODULE        ?C?LSTPTR
  C:1ED0H         PUBLIC        ?C?LSTPTR
  -------         ENDMOD        ?C?LSTPTR

  -------         MODULE        ?C?LSTXDATA
  C:1EEAH         PUBLIC        ?C?LSTXDATA
  -------         ENDMOD        ?C?LSTXDATA

  -------         MODULE        ?C?LSTKXDATA
  C:1EF6H         PUBLIC        ?C?LSTKXDATA
  -------         ENDMOD        ?C?LSTKXDATA

  -------         MODULE        ?C?OFFXADD
  C:1F27H         PUBLIC        ?C?OFFXADD
  -------         ENDMOD        ?C?OFFXADD

  -------         MODULE        ?C?PLDXDATA
  C:1F33H         PUBLIC        ?C?PLDXDATA
  -------         ENDMOD        ?C?PLDXDATA

  -------         MODULE        ?C?PLDIXDATA
  C:1F3CH         PUBLIC        ?C?PLDIXDATA
  -------         ENDMOD        ?C?PLDIXDATA

  -------         MODULE        ?C?PILDXDATA
  C:1F53H         PUBLIC        ?C?PILDXDATA
  -------         ENDMOD        ?C?PILDXDATA

  -------         MODULE        ?C?PSTXDATA
  C:1F6AH         PUBLIC        ?C?PSTXDATA
  -------         ENDMOD        ?C?PSTXDATA

  -------         MODULE        ?C?CCASE
  C:1F73H         PUBLIC        ?C?CCASE
  -------         ENDMOD        ?C?CCASE

  -------         MODULE        PUTCHAR
  C:6EA0H         PUBLIC        _PUTCHAR
  -------         ENDMOD        PUTCHAR

  -------         MODULE        GETCHAR
  B:0021H.3       PUBLIC        ?C?CHARLOADED
  X:04D6H         PUBLIC        ?_UNGETCHAR?BYTE
  C:7051H         PUBLIC        GETCHAR
  -------         ENDMOD        GETCHAR
BL51 BANKED LINKER/LOCATER V6.22                                                      09/20/2018  15:04:01  PAGE 61



  -------         MODULE        UNGETC
  C:7131H         PUBLIC        _UNGETCHAR
  -------         ENDMOD        UNGETC

  -------         MODULE        ISSPACE
  C:7065H         PUBLIC        _isspace
  -------         ENDMOD        ISSPACE

  -------         MODULE        ?C?STRCPY
  C:2065H         PUBLIC        ?C?STRCPY
  -------         ENDMOD        ?C?STRCPY

  -------         MODULE        STRLEN
  C:7014H         PUBLIC        _STRLEN
  -------         ENDMOD        STRLEN

  -------         MODULE        ?C?MEMSET
  C:2082H         PUBLIC        ?C?MEMSET
  -------         ENDMOD        ?C?MEMSET

  -------         MODULE        ?C?UIDIV
  C:20AEH         PUBLIC        ?C?UIDIV
  -------         ENDMOD        ?C?UIDIV

  -------         MODULE        ?C?LSTIDATA
  C:2103H         PUBLIC        ?C?LSTIDATA
  -------         ENDMOD        ?C?LSTIDATA

  -------         MODULE        ?C?LSTPDATA
  C:210FH         PUBLIC        ?C?LSTPDATA
  -------         ENDMOD        ?C?LSTPDATA

  -------         MODULE        _GETKEY
  C:7116H         PUBLIC        _GETKEY
  -------         ENDMOD        _GETKEY

*** WARNING L16: UNCALLED SEGMENT, IGNORED FOR OVERLAY PROCESS
    SEGMENT: ?PR?HANDLE_UART?Z_MAIN

*** WARNING L16: UNCALLED SEGMENT, IGNORED FOR OVERLAY PROCESS
    SEGMENT: ?PR?LOOP_VOL_WARNING?Z_MAIN

*** WARNING L16: UNCALLED SEGMENT, IGNORED FOR OVERLAY PROCESS
    SEGMENT: ?PR?_UDELAY?Z_DELAY

*** WARNING L16: UNCALLED SEGMENT, IGNORED FOR OVERLAY PROCESS
    SEGMENT: ?PR?_ABS_INT?Z_GLOBAL

*** WARNING L16: UNCALLED SEGMENT, IGNORED FOR OVERLAY PROCESS
    SEGMENT: ?PR?LOOP_SMART_SENSOR?Z_SENSOR

*** WARNING L16: UNCALLED SEGMENT, IGNORED FOR OVERLAY PROCESS
    SEGMENT: ?PR?UART1_CLOSE?Z_UART

*** WARNING L16: UNCALLED SEGMENT, IGNORED FOR OVERLAY PROCESS
    SEGMENT: ?PR?UART2_CLOSE?Z_UART
BL51 BANKED LINKER/LOCATER V6.22                                                      09/20/2018  15:04:01  PAGE 62



*** WARNING L16: UNCALLED SEGMENT, IGNORED FOR OVERLAY PROCESS
    SEGMENT: ?PR?UART4_CLOSE?Z_UART

*** WARNING L16: UNCALLED SEGMENT, IGNORED FOR OVERLAY PROCESS
    SEGMENT: ?PR?_SPIFLASHWRITE?Z_W25Q64

Program Size: data=29.4 xdata=1239 code=29047
LINK/LOCATE RUN COMPLETE.  9 WARNING(S),  0 ERROR(S)
