BL51 BANKED LINKER/LOCATER V6.22                                                        08/28/2018  13:38:01  PAGE 1


BL51 BANKED LINKER/LOCATER V6.22, INVOKED BY:
D:\KEIL_V5\C51\BIN\BL51.EXE .\obj\z_main.obj, .\obj\z_adc.obj, .\obj\z_delay.obj, .\obj\z_global.obj, .\obj\z_gpio.obj, 
>> .\obj\z_ps2.obj, .\obj\z_pwm.obj, .\obj\z_sensor.obj, .\obj\z_timer.obj, .\obj\z_uart.obj, .\obj\z_w25q64.obj TO .\ob
>> j\51_duoji20180811 PRINT (.\lst\51_duoji20180811.m51)


MEMORY MODEL: LARGE WITH FLOATING POINT ARITHMETIC


INPUT MODULES INCLUDED:
  .\obj\z_main.obj (Z_MAIN)
  .\obj\z_adc.obj (Z_ADC)
  .\obj\z_delay.obj (Z_DELAY)
  .\obj\z_global.obj (Z_GLOBAL)
  .\obj\z_gpio.obj (Z_GPIO)
  .\obj\z_ps2.obj (Z_PS2)
  .\obj\z_pwm.obj (Z_PWM)
  .\obj\z_sensor.obj (Z_SENSOR)
  .\obj\z_timer.obj (Z_TIMER)
  .\obj\z_uart.obj (Z_UART)
  .\obj\z_w25q64.obj (Z_W25Q64)
  D:\KEIL_V5\C51\LIB\C51FPL.LIB (?C?FPADD)
  D:\KEIL_V5\C51\LIB\C51FPL.LIB (?C?FPMUL)
  D:\KEIL_V5\C51\LIB\C51FPL.LIB (?C?FPDIV)
  D:\KEIL_V5\C51\LIB\C51FPL.LIB (?C?FPCMP)
  D:\KEIL_V5\C51\LIB\C51FPL.LIB (?C?FPNEG)
  D:\KEIL_V5\C51\LIB\C51FPL.LIB (?C?FCAST)
  D:\KEIL_V5\C51\LIB\C51FPL.LIB (?C?CASTF)
  D:\KEIL_V5\C51\LIB\C51FPL.LIB (PRINTF)
  D:\KEIL_V5\C51\LIB\C51FPL.LIB (SCANF)
  D:\KEIL_V5\C51\LIB\C51FPL.LIB (?C?FPGETOPN)
  D:\KEIL_V5\C51\LIB\C51FPL.LIB (?C?FPROUND)
  D:\KEIL_V5\C51\LIB\C51FPL.LIB (?C?FPCONVERT)
  D:\KEIL_V5\C51\LIB\C51FPL.LIB (?C?ATOF)
  D:\KEIL_V5\C51\LIB\C51FPL.LIB (?C?FTNPWR)
  D:\KEIL_V5\C51\LIB\C51L.LIB (?C_STARTUP)
  D:\KEIL_V5\C51\LIB\C51L.LIB (?C?COPY)
  D:\KEIL_V5\C51\LIB\C51L.LIB (?C?CLDPTR)
  D:\KEIL_V5\C51\LIB\C51L.LIB (?C?CLDOPTR)
  D:\KEIL_V5\C51\LIB\C51L.LIB (?C?CSTPTR)
  D:\KEIL_V5\C51\LIB\C51L.LIB (?C?CSTOPTR)
  D:\KEIL_V5\C51\LIB\C51L.LIB (?C?IMUL)
  D:\KEIL_V5\C51\LIB\C51L.LIB (?C?SIDIV)
  D:\KEIL_V5\C51\LIB\C51L.LIB (?C?IILDX)
  D:\KEIL_V5\C51\LIB\C51L.LIB (?C?ILDIX)
  D:\KEIL_V5\C51\LIB\C51L.LIB (?C?ILDPTR)
  D:\KEIL_V5\C51\LIB\C51L.LIB (?C?ILDOPTR)
  D:\KEIL_V5\C51\LIB\C51L.LIB (?C?ISTPTR)
  D:\KEIL_V5\C51\LIB\C51L.LIB (?C?ISTOPTR)
  D:\KEIL_V5\C51\LIB\C51L.LIB (?C?ULDIV)
  D:\KEIL_V5\C51\LIB\C51L.LIB (?C?LNEG)
  D:\KEIL_V5\C51\LIB\C51L.LIB (?C?ULCMP)
  D:\KEIL_V5\C51\LIB\C51L.LIB (?C?ULSHR)
  D:\KEIL_V5\C51\LIB\C51L.LIB (?C?LSHL)
  D:\KEIL_V5\C51\LIB\C51L.LIB (?C?LSTPTR)
  D:\KEIL_V5\C51\LIB\C51L.LIB (?C?LSTXDATA)
  D:\KEIL_V5\C51\LIB\C51L.LIB (?C?LSTKXDATA)
  D:\KEIL_V5\C51\LIB\C51L.LIB (?C?OFFXADD)
BL51 BANKED LINKER/LOCATER V6.22                                                      08/28/2018  13:38:01  PAGE 2


  D:\KEIL_V5\C51\LIB\C51L.LIB (?C?PLDXDATA)
  D:\KEIL_V5\C51\LIB\C51L.LIB (?C?PLDIXDATA)
  D:\KEIL_V5\C51\LIB\C51L.LIB (?C?PILDXDATA)
  D:\KEIL_V5\C51\LIB\C51L.LIB (?C?PSTXDATA)
  D:\KEIL_V5\C51\LIB\C51L.LIB (?C?CCASE)
  D:\KEIL_V5\C51\LIB\C51L.LIB (PUTCHAR)
  D:\KEIL_V5\C51\LIB\C51L.LIB (GETCHAR)
  D:\KEIL_V5\C51\LIB\C51L.LIB (UNGETC)
  D:\KEIL_V5\C51\LIB\C51L.LIB (ISSPACE)
  D:\KEIL_V5\C51\LIB\C51L.LIB (?C?STRCPY)
  D:\KEIL_V5\C51\LIB\C51L.LIB (STRLEN)
  D:\KEIL_V5\C51\LIB\C51L.LIB (?C?MEMSET)
  D:\KEIL_V5\C51\LIB\C51L.LIB (?C_INIT)
  D:\KEIL_V5\C51\LIB\C51L.LIB (?C?UIDIV)
  D:\KEIL_V5\C51\LIB\C51L.LIB (?C?LSTIDATA)
  D:\KEIL_V5\C51\LIB\C51L.LIB (?C?LSTPDATA)
  D:\KEIL_V5\C51\LIB\C51L.LIB (_GETKEY)


LINK MAP OF MODULE:  .\obj\51_duoji20180811 (Z_MAIN)


            TYPE    BASE      LENGTH    RELOCATION   SEGMENT NAME
            -----------------------------------------------------

            * * * * * * *   D A T A   M E M O R Y   * * * * * * *
            REG     0000H     0008H     ABSOLUTE     "REG BANK 0"
            REG     0008H     0008H     ABSOLUTE     "REG BANK 1"
            DATA    0010H     000BH     UNIT         _DATA_GROUP_
                    001BH     0005H                  *** GAP ***
            BIT     0020H.0   0001H.3   UNIT         _BIT_GROUP_
            BIT     0021H.3   0000H.1   UNIT         ?BI?GETCHAR
                    0021H.4   0000H.4                *** GAP ***
            IDATA   0022H     0001H     UNIT         ?STACK

            * * * * * * *  X D A T A   M E M O R Y  * * * * * * *
            XDATA   0000H     039FH     UNIT         ?XD?Z_GLOBAL
            XDATA   039FH     006CH     UNIT         ?XD?Z_SENSOR
            XDATA   040BH     0051H     UNIT         ?XD?Z_MAIN
            XDATA   045CH     0046H     UNIT         _XDATA_GROUP_
            XDATA   04A2H     0010H     UNIT         ?XD?Z_UART
            XDATA   04B2H     000DH     UNIT         ?XD?_SPIFLASHWRITE?Z_W25Q64
            XDATA   04BFH     0005H     UNIT         ?XD?Z_TIMER
            XDATA   04C4H     0001H     UNIT         ?XD?GETCHAR

            * * * * * * *   C O D E   M E M O R Y   * * * * * * *
            CODE    0000H     0003H     ABSOLUTE     
            CODE    0003H     0008H     UNIT         ?PR?_UART1_SEND_BYTE?Z_UART
            CODE    000BH     0003H     ABSOLUTE     
            CODE    000EH     000DH     UNIT         ?PR?DJ_IO_INIT?Z_GPIO
            CODE    001BH     0003H     ABSOLUTE     
            CODE    001EH     0005H     UNIT         ?PR?SETUP_VOL?Z_MAIN
            CODE    0023H     0003H     ABSOLUTE     
            CODE    0026H     001DH     UNIT         ?PR?IO_INIT?Z_GPIO
            CODE    0043H     0003H     ABSOLUTE     
            CODE    0046H     004BH     UNIT         ?PR?LOOP_SAVE_SOMETHING?Z_MAIN
            CODE    0091H     0001H     UNIT         ?PR?HANDLE_UART?Z_MAIN
BL51 BANKED LINKER/LOCATER V6.22                                                      08/28/2018  13:38:01  PAGE 3


            CODE    0092H     0001H     UNIT         ?PR?HANDLE_SENSOR?Z_MAIN
            CODE    0093H     0003H     ABSOLUTE     
            CODE    0096H     148CH     UNIT         ?CO?Z_MAIN
            CODE    1522H     0B8AH     UNIT         ?C?LIB_CODE
            CODE    20ACH     0A5EH     UNIT         ?PR?_PARSE_CMD?Z_MAIN
            CODE    2B0AH     087CH     UNIT         ?PR?_DO_ACTION?Z_MAIN
            CODE    3386H     0483H     UNIT         ?PR?PRINTF?PRINTF
            CODE    3809H     035AH     UNIT         ?PR?SCANF?SCANF
            CODE    3B63H     0332H     UNIT         ?PR?_PARSE_PSX_BUF?Z_MAIN
            CODE    3E95H     02BFH     UNIT         ?PR?SMART_YSSBJIAQU?Z_SENSOR
            CODE    4154H     024FH     UNIT         ?PR?SMART_XUNJIYANSE?Z_SENSOR
            CODE    43A3H     01E0H     UNIT         ?PR?_ACTION_SAVE?Z_MAIN
            CODE    4583H     0195H     UNIT         ?PR?SMART_YSSB_VERIFY?Z_SENSOR
            CODE    4718H     0184H     UNIT         ?PR?LOOP_BT_ONCE?Z_MAIN
            CODE    489CH     0171H     UNIT         ?PR?_DUOJI_INC_HANDLE?Z_MAIN
            CODE    4A0DH     016BH     UNIT         ?C_INITSEG
            CODE    4B78H     015AH     UNIT         ?PR?UART1?Z_UART
            CODE    4CD2H     013FH     UNIT         ?PR?_SELECTION_SORT?Z_GLOBAL
            CODE    4E11H     013CH     UNIT         ?PR?UART2_INT?Z_UART
            CODE    4F4DH     013CH     UNIT         ?PR?UART4?Z_UART
            CODE    5089H     012EH     UNIT         ?PR?_CAR_PWM_SET?Z_PWM
            CODE    51B7H     0119H     UNIT         ?PR?_STR_CONTAIN_STR?Z_GLOBAL
            CODE    52D0H     0118H     UNIT         ?PR?SETUP_OTHERS?Z_MAIN
            CODE    53E8H     0100H     UNIT         ?PR?SMART_SOUNDJIAQU?Z_SENSOR
            CODE    54E8H     00ECH     UNIT         ?PR?LOOP_ACTION?Z_MAIN
            CODE    55D4H     00EAH     UNIT         ?PR?_SPIFLASHWRITENOCHECK?Z_W25Q64
            CODE    56BEH     00E6H     UNIT         ?PR??C?ATOF??C?ATOF
            CODE    57A4H     00D8H     UNIT         ?PR?T1_IRQ?Z_TIMER
            CODE    587CH     00C6H     UNIT         ?PR?_ERASE_SECTOR?Z_MAIN
            CODE    5942H     00B8H     UNIT         ?PR?SMART_XUNJICSBJIAQU?Z_SENSOR
            CODE    59FAH     00B5H     UNIT         ?PR?SETUP_YSSB?Z_SENSOR
            CODE    5AAFH     00B1H     UNIT         ?PR?GET_ADC_YSSB_MIDDLE?Z_SENSOR
            CODE    5B60H     00B0H     UNIT         ?PR?_PSX_WRITE_READ?Z_PS2
            CODE    5C10H     00ABH     UNIT         ?PR?_PRINT_GROUP?Z_MAIN
            CODE    5CBBH     009EH     UNIT         ?PR?SETUP_W25Q64?Z_MAIN
            CODE    5D59H     009EH     UNIT         ?PR?SMART_CSBJIAQU?Z_SENSOR
            CODE    5DF7H     009DH     UNIT         ?PR?LOOP_PS2_CAR_PWM?Z_MAIN
            CODE    5E94H     0098H     UNIT         ?PR?SMART_ZIYOUBIZHANG?Z_SENSOR
            CODE    5F2CH     0096H     UNIT         ?PR?SMART_GENSUI?Z_SENSOR
            CODE    5FC2H     0091H     UNIT         ?PR?LOOP_UART?Z_MAIN
            CODE    6053H     008CH     UNIT         ?PR?_GET_ACTION_INDEX?Z_MAIN
            CODE    60DFH     008CH     UNIT         ?C_C51STARTUP
            CODE    616BH     0088H     UNIT         ?CO?Z_SENSOR
            CODE    61F3H     0082H     UNIT         ?PR?_SPIFLASHWRITEPAGE?Z_W25Q64
            CODE    6275H     007CH     UNIT         ?PR?_PSX_TRANSFER?Z_PS2
            CODE    62F1H     0071H     UNIT         ?PR?LOOP_SMART_SENSOR?Z_SENSOR
            CODE    6362H     0068H     UNIT         ?PR?_SPIFLASHERASESECTOR?Z_W25Q64
            CODE    63CAH     0067H     UNIT         ?PR?_DO_GROUP_ONCE?Z_MAIN
            CODE    6431H     0064H     UNIT         ?PR?LOOP_VOL_WARNING?Z_MAIN
            CODE    6495H     0063H     UNIT         ?PR?_SPIFLASHREAD?Z_W25Q64
            CODE    64F8H     0061H     UNIT         ?PR?_UART4_INIT?Z_UART
            CODE    6559H     0060H     UNIT         ?PR?_UART1_INIT?Z_UART
            CODE    65B9H     005EH     UNIT         ?PR?_UART2_INIT?Z_UART
            CODE    6617H     005CH     UNIT         ?PR?LOOP_PS2_BUTTON?Z_MAIN
            CODE    6673H     0059H     UNIT         ?PR?_BEEP_ON_TIMES?Z_GPIO
            CODE    66CCH     0056H     UNIT         ?PR?_PWM_INIT?Z_PWM
            CODE    6722H     0053H     UNIT         ?PR?MAIN?Z_MAIN
BL51 BANKED LINKER/LOCATER V6.22                                                      08/28/2018  13:38:01  PAGE 4


            CODE    6775H     0053H     UNIT         ?PR?CHECK_DJ_STATE?Z_MAIN
            CODE    67C8H     0050H     UNIT         ?PR?GLOBAL_INIT?Z_GLOBAL
            CODE    6818H     004EH     UNIT         ?PR?SMART_XUNJI?Z_SENSOR
            CODE    6866H     004BH     UNIT         ?PR?GET_ADC_CSB_MIDDLE?Z_SENSOR
            CODE    68B1H     004BH     UNIT         ?PR?T0_IRQ?Z_TIMER
            CODE    68FCH     004AH     UNIT         ?PR?SMART_XUNJIBIZHANG?Z_SENSOR
            CODE    6946H     0043H     UNIT         ?PR?_INT_EXCHANGE?Z_MAIN
            CODE    6989H     0042H     UNIT         ?PR?SETUP_START?Z_MAIN
            CODE    69CBH     0041H     UNIT         ?PR?_ABS_FLOAT?Z_MAIN
            CODE    6A0CH     003DH     UNIT         ?PR?LOOP_PS2_DATA?Z_MAIN
            CODE    6A49H     003BH     UNIT         ?PR?_UART1_SEND_STR?Z_UART
            CODE    6A84H     0038H     UNIT         ?PR?_DJ_IO_SET?Z_GPIO
            CODE    6ABCH     0037H     UNIT         ?PR?LOOP_NLED?Z_MAIN
            CODE    6AF3H     0037H     UNIT         ?PR?_ZX_UART_SEND_STR?Z_UART
            CODE    6B2AH     0036H     UNIT         ?PR?_TIMER1_RESET?Z_TIMER
            CODE    6B60H     0033H     UNIT         ?PR?_UART4_SEND_STR?Z_UART
            CODE    6B93H     0032H     UNIT         ?PR?_SPIFLASHWRITE?Z_W25Q64
            CODE    6BC5H     002BH     UNIT         ?PR?_PWM2_SETPWMWIDE?Z_PWM
            CODE    6BF0H     002BH     UNIT         ?PR?_PWM3_SETPWMWIDE?Z_PWM
            CODE    6C1BH     002BH     UNIT         ?PR?_PWM4_SETPWMWIDE?Z_PWM
            CODE    6C46H     002BH     UNIT         ?PR?_PWM5_SETPWMWIDE?Z_PWM
            CODE    6C71H     002AH     UNIT         ?PR?SPIFLASHREADID?Z_W25Q64
            CODE    6C9BH     0028H     UNIT         ?PR?_ADC_READ?Z_ADC
            CODE    6CC3H     0027H     UNIT         ?PR?PUTCHAR?PUTCHAR
            CODE    6CEAH     0025H     UNIT         ?PR?REWRITE_EEPROM?Z_MAIN
            CODE    6D0FH     0024H     UNIT         ?PR?_UART2_SEND_STR?Z_UART
            CODE    6D33H     0020H     UNIT         ?PR?_MDELAY?Z_DELAY
            CODE    6D53H     001EH     UNIT         ?PR?_SPIWRITEREAD?Z_W25Q64
            CODE    6D71H     001AH     UNIT         ?PR?_UART2_SEND_BYTE?Z_UART
            CODE    6D8BH     0019H     UNIT         ?PR?_REPLACE_CHAR?Z_MAIN
            CODE    6DA4H     0018H     UNIT         ?PR?TIMER1_INIT?Z_TIMER
            CODE    6DBCH     0017H     UNIT         ?PR?SETUP_UART1?Z_MAIN
            CODE    6DD3H     0017H     UNIT         ?PR?SETUP_UART2?Z_MAIN
            CODE    6DEAH     0017H     UNIT         ?PR?SETUP_UART4?Z_MAIN
            CODE    6E01H     0015H     UNIT         ?PR?_ADC_INIT?Z_ADC
            CODE    6E16H     0015H     UNIT         ?PR?TIMER0_INIT?Z_TIMER
            CODE    6E2BH     0015H     UNIT         ?PR?_STRLEN?STRLEN
            CODE    6E40H     0014H     UNIT         ?PR?_ABS_INT?Z_GLOBAL
            CODE    6E54H     0014H     UNIT         ?PR?GETCHAR?GETCHAR
            CODE    6E68H     0014H     UNIT         ?PR?_ISSPACE?ISSPACE
            CODE    6E7CH     0013H     UNIT         ?PR?_UDELAY?Z_DELAY
            CODE    6E8FH     0010H     UNIT         ?PR?SPIMASTERINIT?Z_W25Q64
            CODE    6E9FH     000FH     UNIT         ?PR?SETUP_CAR_PWM?Z_MAIN
            CODE    6EAEH     000FH     UNIT         ?PR?MILLIS?Z_TIMER
            CODE    6EBDH     000FH     UNIT         ?PR?GET_UART_TIMEOUT?Z_UART
            CODE    6ECCH     000FH     UNIT         ?PR?SPIFLASHREADSR?Z_W25Q64
            CODE    6EDBH     000CH     UNIT         ?PR?SETUP_SENSOR?Z_SENSOR
            CODE    6EE7H     000BH     UNIT         ?PR?_DELAY?Z_DELAY
            CODE    6EF2H     000BH     UNIT         ?PR?_UART4_SEND_BYTE?Z_UART
            CODE    6EFDH     000AH     UNIT         ?PR?SPIFLASHWRITEENABLE?Z_W25Q64
            CODE    6F07H     000AH     UNIT         ?PR?_GETKEY?_GETKEY
            CODE    6F11H     0009H     UNIT         ?PR?SPIFLASHINIT?Z_W25Q64
            CODE    6F1AH     0008H     UNIT         ?PR?SPIFLASHWAITBUSY?Z_W25Q64
            CODE    6F22H     0008H     UNIT         ?PR?GETCHAR?UNGETCHAR
            CODE    6F2AH     0007H     UNIT         ?PR?PSX_INIT?Z_PS2
            CODE    6F31H     0006H     UNIT         ?PR?SETUP_INTERRUPT?Z_MAIN
            CODE    6F37H     0005H     UNIT         ?PR?SETUP_CSB?Z_SENSOR
BL51 BANKED LINKER/LOCATER V6.22                                                      08/28/2018  13:38:01  PAGE 5


            CODE    6F3CH     0004H     UNIT         ?PR?SOFT_RESET?Z_MAIN
            CODE    6F40H     0004H     UNIT         ?PR?UART2_OPEN?Z_UART
            CODE    6F44H     0004H     UNIT         ?PR?UART2_CLOSE?Z_UART
            CODE    6F48H     0004H     UNIT         ?PR?UART4_OPEN?Z_UART
            CODE    6F4CH     0004H     UNIT         ?PR?UART4_CLOSE?Z_UART
            CODE    6F50H     0003H     UNIT         ?PR?SETUP_GLOBAL?Z_MAIN
            CODE    6F53H     0003H     UNIT         ?PR?SETUP_GPIO?Z_MAIN
            CODE    6F56H     0003H     UNIT         ?PR?SETUP_NLED?Z_MAIN
            CODE    6F59H     0003H     UNIT         ?PR?SETUP_BEEP?Z_MAIN
            CODE    6F5CH     0003H     UNIT         ?PR?SETUP_DJIO?Z_MAIN
            CODE    6F5FH     0003H     UNIT         ?PR?SETUP_PS2?Z_MAIN
            CODE    6F62H     0003H     UNIT         ?PR?SETUP_DJ_TIMER?Z_MAIN
            CODE    6F65H     0003H     UNIT         ?PR?SETUP_SYSTICK?Z_MAIN
            CODE    6F68H     0003H     UNIT         ?PR?UART1_OPEN?Z_UART
            CODE    6F6BH     0003H     UNIT         ?PR?UART1_CLOSE?Z_UART
            CODE    6F6EH     0001H     UNIT         ?PR?SETUP_XUNJI?Z_SENSOR
            CODE    6F6FH     0001H     UNIT         ?PR?SETUP_SOUND?Z_SENSOR



OVERLAY MAP OF MODULE:   .\obj\51_duoji20180811 (Z_MAIN)


SEGMENT                                       BIT_GROUP          DATA_GROUP          XDATA_GROUP
  +--> CALLED SEGMENT                      START    LENGTH     START    LENGTH     START    LENGTH
--------------------------------------------------------------------------------------------------
?PR?T1_IRQ?Z_TIMER                         -----    -----      -----    -----      -----    -----
  +--> ?PR?_TIMER1_RESET?Z_TIMER
  +--> ?PR?_DJ_IO_SET?Z_GPIO

?PR?_TIMER1_RESET?Z_TIMER                  -----    -----      -----    -----      045CH    0002H

*** NEW ROOT ***************************************************

?PR?UART1?Z_UART                           -----    -----      -----    -----      -----    -----
  +--> ?PR?MILLIS?Z_TIMER

*** NEW ROOT ***************************************************

?PR?UART2_INT?Z_UART                       -----    -----      -----    -----      -----    -----
  +--> ?PR?MILLIS?Z_TIMER

*** NEW ROOT ***************************************************

?PR?UART4?Z_UART                           -----    -----      -----    -----      -----    -----
  +--> ?PR?MILLIS?Z_TIMER

*** NEW ROOT ***************************************************

?C_C51STARTUP                              -----    -----      -----    -----      -----    -----
  +--> ?PR?MAIN?Z_MAIN
  +--> ?C_INITSEG

?PR?MAIN?Z_MAIN                            -----    -----      -----    -----      -----    -----
  +--> ?PR?SETUP_GLOBAL?Z_MAIN
  +--> ?PR?SETUP_GPIO?Z_MAIN
  +--> ?PR?SETUP_NLED?Z_MAIN
BL51 BANKED LINKER/LOCATER V6.22                                                      08/28/2018  13:38:01  PAGE 6


  +--> ?PR?SETUP_BEEP?Z_MAIN
  +--> ?PR?SETUP_DJIO?Z_MAIN
  +--> ?PR?SETUP_W25Q64?Z_MAIN
  +--> ?PR?SETUP_PS2?Z_MAIN
  +--> ?PR?SETUP_VOL?Z_MAIN
  +--> ?PR?SETUP_CAR_PWM?Z_MAIN
  +--> ?PR?SETUP_UART1?Z_MAIN
  +--> ?PR?SETUP_UART2?Z_MAIN
  +--> ?PR?SETUP_UART4?Z_MAIN
  +--> ?PR?SETUP_SYSTICK?Z_MAIN
  +--> ?PR?SETUP_OTHERS?Z_MAIN
  +--> ?PR?SETUP_SENSOR?Z_SENSOR
  +--> ?PR?SETUP_DJ_TIMER?Z_MAIN
  +--> ?PR?SETUP_INTERRUPT?Z_MAIN
  +--> ?PR?SETUP_START?Z_MAIN
  +--> ?PR?LOOP_NLED?Z_MAIN
  +--> ?PR?LOOP_UART?Z_MAIN
  +--> ?PR?LOOP_ACTION?Z_MAIN
  +--> ?PR?LOOP_BT_ONCE?Z_MAIN
  +--> ?PR?LOOP_PS2_DATA?Z_MAIN
  +--> ?PR?LOOP_PS2_BUTTON?Z_MAIN
  +--> ?PR?LOOP_PS2_CAR_PWM?Z_MAIN
  +--> ?PR?LOOP_SAVE_SOMETHING?Z_MAIN
  +--> ?PR?LOOP_SMART_SENSOR?Z_SENSOR

?PR?SETUP_GLOBAL?Z_MAIN                    -----    -----      -----    -----      -----    -----
  +--> ?PR?GLOBAL_INIT?Z_GLOBAL

?PR?SETUP_GPIO?Z_MAIN                      -----    -----      -----    -----      -----    -----
  +--> ?PR?IO_INIT?Z_GPIO

?PR?SETUP_DJIO?Z_MAIN                      -----    -----      -----    -----      -----    -----
  +--> ?PR?DJ_IO_INIT?Z_GPIO

?PR?SETUP_W25Q64?Z_MAIN                    -----    -----      -----    -----      -----    -----
  +--> ?PR?SPIFLASHINIT?Z_W25Q64
  +--> ?PR?SPIFLASHREADID?Z_W25Q64
  +--> ?PR?_SPIFLASHREAD?Z_W25Q64
  +--> ?PR?REWRITE_EEPROM?Z_MAIN

?PR?SPIFLASHINIT?Z_W25Q64                  -----    -----      -----    -----      -----    -----
  +--> ?PR?SPIMASTERINIT?Z_W25Q64

?PR?SPIFLASHREADID?Z_W25Q64                -----    -----      -----    -----      -----    -----
  +--> ?PR?_SPIWRITEREAD?Z_W25Q64

?PR?_SPIFLASHREAD?Z_W25Q64                 -----    -----      -----    -----      0472H    0009H
  +--> ?PR?_SPIWRITEREAD?Z_W25Q64

?PR?REWRITE_EEPROM?Z_MAIN                  -----    -----      -----    -----      -----    -----
  +--> ?PR?_SPIFLASHERASESECTOR?Z_W25Q64
  +--> ?PR?_SPIFLASHWRITENOCHECK?Z_W25Q64

?PR?_SPIFLASHERASESECTOR?Z_W25Q64          -----    -----      -----    -----      0472H    0004H
  +--> ?PR?SPIFLASHWRITEENABLE?Z_W25Q64
  +--> ?PR?SPIFLASHWAITBUSY?Z_W25Q64
  +--> ?PR?_SPIWRITEREAD?Z_W25Q64
BL51 BANKED LINKER/LOCATER V6.22                                                      08/28/2018  13:38:01  PAGE 7



?PR?SPIFLASHWRITEENABLE?Z_W25Q64           -----    -----      -----    -----      -----    -----
  +--> ?PR?_SPIWRITEREAD?Z_W25Q64

?PR?SPIFLASHWAITBUSY?Z_W25Q64              -----    -----      -----    -----      -----    -----
  +--> ?PR?SPIFLASHREADSR?Z_W25Q64

?PR?SPIFLASHREADSR?Z_W25Q64                -----    -----      -----    -----      -----    -----
  +--> ?PR?_SPIWRITEREAD?Z_W25Q64

?PR?_SPIFLASHWRITENOCHECK?Z_W25Q64         -----    -----      -----    -----      0463H    000BH
  +--> ?PR?_SPIFLASHWRITEPAGE?Z_W25Q64

?PR?_SPIFLASHWRITEPAGE?Z_W25Q64            -----    -----      -----    -----      046EH    0009H
  +--> ?PR?SPIFLASHWRITEENABLE?Z_W25Q64
  +--> ?PR?_SPIWRITEREAD?Z_W25Q64
  +--> ?PR?SPIFLASHWAITBUSY?Z_W25Q64

?PR?SETUP_PS2?Z_MAIN                       -----    -----      -----    -----      -----    -----
  +--> ?PR?PSX_INIT?Z_PS2

?PR?SETUP_VOL?Z_MAIN                       -----    -----      -----    -----      -----    -----
  +--> ?PR?_ADC_INIT?Z_ADC

?PR?SETUP_CAR_PWM?Z_MAIN                   -----    -----      -----    -----      -----    -----
  +--> ?PR?_PWM_INIT?Z_PWM
  +--> ?PR?_CAR_PWM_SET?Z_PWM

?PR?_CAR_PWM_SET?Z_PWM                     -----    -----      -----    -----      046EH    0004H
  +--> ?PR?_PWM3_SETPWMWIDE?Z_PWM
  +--> ?PR?_PWM2_SETPWMWIDE?Z_PWM
  +--> ?PR?_PWM4_SETPWMWIDE?Z_PWM
  +--> ?PR?_PWM5_SETPWMWIDE?Z_PWM

?PR?SETUP_UART1?Z_MAIN                     -----    -----      -----    -----      -----    -----
  +--> ?PR?_UART1_INIT?Z_UART
  +--> ?PR?UART1_OPEN?Z_UART
  +--> ?CO?Z_MAIN
  +--> ?PR?_UART1_SEND_STR?Z_UART

?PR?_UART1_INIT?Z_UART                     -----    -----      -----    -----      045EH    0004H

?PR?_UART1_SEND_STR?Z_UART                 -----    -----      -----    -----      0472H    0003H
  +--> ?PR?_UART1_SEND_BYTE?Z_UART

?PR?SETUP_UART2?Z_MAIN                     -----    -----      -----    -----      -----    -----
  +--> ?PR?_UART2_INIT?Z_UART
  +--> ?PR?UART2_OPEN?Z_UART
  +--> ?CO?Z_MAIN
  +--> ?PR?_UART2_SEND_STR?Z_UART

?PR?_UART2_INIT?Z_UART                     -----    -----      -----    -----      045EH    0004H

?PR?_UART2_SEND_STR?Z_UART                 -----    -----      -----    -----      045EH    0003H
  +--> ?PR?_UART2_SEND_BYTE?Z_UART

?PR?SETUP_UART4?Z_MAIN                     -----    -----      -----    -----      -----    -----
BL51 BANKED LINKER/LOCATER V6.22                                                      08/28/2018  13:38:01  PAGE 8


  +--> ?PR?_UART4_INIT?Z_UART
  +--> ?PR?UART4_OPEN?Z_UART
  +--> ?CO?Z_MAIN
  +--> ?PR?_UART4_SEND_STR?Z_UART

?PR?_UART4_INIT?Z_UART                     -----    -----      -----    -----      045EH    0004H

?PR?_UART4_SEND_STR?Z_UART                 -----    -----      -----    -----      045EH    0003H
  +--> ?PR?_UART4_SEND_BYTE?Z_UART

?PR?SETUP_SYSTICK?Z_MAIN                   -----    -----      -----    -----      -----    -----
  +--> ?PR?TIMER0_INIT?Z_TIMER

?PR?SETUP_OTHERS?Z_MAIN                    -----    -----      -----    -----      -----    -----
  +--> ?PR?_SPIFLASHREAD?Z_W25Q64
  +--> ?PR?_STRLEN?STRLEN
  +--> ?PR?_DO_ACTION?Z_MAIN
  +--> ?PR?_PARSE_CMD?Z_MAIN

?PR?_DO_ACTION?Z_MAIN                      -----    -----      -----    -----      0470H    0017H
  +--> ?PR?_ZX_UART_SEND_STR?Z_UART
  +--> ?CO?Z_MAIN
  +--> ?PR?MILLIS?Z_TIMER

?PR?_ZX_UART_SEND_STR?Z_UART               -----    -----      -----    -----      0487H    0003H
  +--> ?PR?_UART2_SEND_BYTE?Z_UART

?PR?_PARSE_CMD?Z_MAIN                      -----    -----      -----    -----      0461H    000DH
  +--> ?PR?_UART1_SEND_STR?Z_UART
  +--> ?CO?Z_MAIN
  +--> ?PR?_STR_CONTAIN_STR?Z_GLOBAL
  +--> ?PR?_ZX_UART_SEND_STR?Z_UART
  +--> ?PR?_CAR_PWM_SET?Z_PWM
  +--> ?PR?SCANF?SCANF
  +--> ?PR?PRINTF?PRINTF
  +--> ?PR?SOFT_RESET?Z_MAIN
  +--> ?PR?_PRINT_GROUP?Z_MAIN
  +--> ?PR?_ERASE_SECTOR?Z_MAIN
  +--> ?PR?_DO_GROUP_ONCE?Z_MAIN
  +--> ?PR?_MDELAY?Z_DELAY
  +--> ?PR?_BEEP_ON_TIMES?Z_GPIO

?PR?_STR_CONTAIN_STR?Z_GLOBAL              -----    -----      -----    -----      046EH    000CH

?PR?SCANF?SCANF                            0020H.0  0000H.6    0010H    0009H      046EH    002EH
  +--> ?PR?GETCHAR?UNGETCHAR
  +--> ?PR?_ISSPACE?ISSPACE
  +--> ?PR?GETCHAR?GETCHAR
  +--> ?PR??C?ATOF??C?ATOF

?PR?GETCHAR?GETCHAR                        -----    -----      -----    -----      -----    -----
  +--> ?PR?_GETKEY?_GETKEY
  +--> ?PR?PUTCHAR?PUTCHAR

?PR??C?ATOF??C?ATOF                        0020H.6  0000H.5    0019H    0002H      -----    -----

?PR?PRINTF?PRINTF                          0020H.0  0001H.1    0010H    0005H      0472H    0030H
BL51 BANKED LINKER/LOCATER V6.22                                                      08/28/2018  13:38:01  PAGE 9


  +--> ?PR?PUTCHAR?PUTCHAR

?PR?_PRINT_GROUP?Z_MAIN                    -----    -----      -----    -----      046EH    0004H
  +--> ?PR?_INT_EXCHANGE?Z_MAIN
  +--> ?PR?_SPIFLASHREAD?Z_W25Q64
  +--> ?PR?_UART1_SEND_STR?Z_UART
  +--> ?CO?Z_MAIN

?PR?_INT_EXCHANGE?Z_MAIN                   -----    -----      -----    -----      0472H    0006H

?PR?_ERASE_SECTOR?Z_MAIN                   -----    -----      -----    -----      046EH    0004H
  +--> ?PR?_INT_EXCHANGE?Z_MAIN
  +--> ?PR?_SPIFLASHERASESECTOR?Z_W25Q64
  +--> ?CO?Z_MAIN
  +--> ?PR?PRINTF?PRINTF
  +--> ?PR?_UART1_SEND_STR?Z_UART

?PR?_DO_GROUP_ONCE?Z_MAIN                  -----    -----      -----    -----      046EH    0002H
  +--> ?PR?_SPIFLASHREAD?Z_W25Q64
  +--> ?PR?_DO_ACTION?Z_MAIN
  +--> ?CO?Z_MAIN
  +--> ?PR?PRINTF?PRINTF
  +--> ?PR?_UART1_SEND_STR?Z_UART

?PR?_BEEP_ON_TIMES?Z_GPIO                  -----    -----      -----    -----      046EH    0006H
  +--> ?PR?_MDELAY?Z_DELAY

?PR?SETUP_SENSOR?Z_SENSOR                  -----    -----      -----    -----      -----    -----
  +--> ?PR?SETUP_XUNJI?Z_SENSOR
  +--> ?PR?SETUP_SOUND?Z_SENSOR
  +--> ?PR?SETUP_CSB?Z_SENSOR
  +--> ?PR?SETUP_YSSB?Z_SENSOR

?PR?SETUP_CSB?Z_SENSOR                     -----    -----      -----    -----      -----    -----
  +--> ?PR?_ADC_INIT?Z_ADC

?PR?SETUP_YSSB?Z_SENSOR                    -----    -----      -----    -----      -----    -----
  +--> ?PR?_ADC_INIT?Z_ADC
  +--> ?PR?REWRITE_EEPROM?Z_MAIN
  +--> ?CO?Z_SENSOR
  +--> ?PR?_UART1_SEND_STR?Z_UART
  +--> ?PR?PRINTF?PRINTF

?PR?SETUP_DJ_TIMER?Z_MAIN                  -----    -----      -----    -----      -----    -----
  +--> ?PR?TIMER1_INIT?Z_TIMER

?PR?SETUP_START?Z_MAIN                     -----    -----      -----    -----      -----    -----
  +--> ?PR?_MDELAY?Z_DELAY

?PR?LOOP_NLED?Z_MAIN                       -----    -----      -----    -----      -----    -----
  +--> ?PR?MILLIS?Z_TIMER

?PR?LOOP_UART?Z_MAIN                       -----    -----      -----    -----      -----    -----
  +--> ?PR?_PARSE_CMD?Z_MAIN
  +--> ?PR?_DO_ACTION?Z_MAIN
  +--> ?PR?_ACTION_SAVE?Z_MAIN
  +--> ?PR?GET_UART_TIMEOUT?Z_UART
BL51 BANKED LINKER/LOCATER V6.22                                                      08/28/2018  13:38:01  PAGE 10


  +--> ?PR?MILLIS?Z_TIMER

?PR?_ACTION_SAVE?Z_MAIN                    -----    -----      -----    -----      045EH    0005H
  +--> ?PR?REWRITE_EEPROM?Z_MAIN
  +--> ?CO?Z_MAIN
  +--> ?PR?SCANF?SCANF
  +--> ?PR?_SPIFLASHREAD?Z_W25Q64
  +--> ?PR?_STRLEN?STRLEN
  +--> ?PR?_GET_ACTION_INDEX?Z_MAIN
  +--> ?PR?_SPIFLASHERASESECTOR?Z_W25Q64
  +--> ?PR?_REPLACE_CHAR?Z_MAIN
  +--> ?PR?_SPIFLASHWRITENOCHECK?Z_W25Q64
  +--> ?PR?_UART1_SEND_STR?Z_UART

?PR?_GET_ACTION_INDEX?Z_MAIN               -----    -----      -----    -----      0463H    0005H

?PR?_REPLACE_CHAR?Z_MAIN                   -----    -----      -----    -----      0463H    0005H

?PR?LOOP_ACTION?Z_MAIN                     -----    -----      -----    -----      -----    -----
  +--> ?PR?_DUOJI_INC_HANDLE?Z_MAIN
  +--> ?PR?CHECK_DJ_STATE?Z_MAIN
  +--> ?PR?_DO_GROUP_ONCE?Z_MAIN
  +--> ?CO?Z_MAIN
  +--> ?PR?_UART1_SEND_STR?Z_UART

?PR?_DUOJI_INC_HANDLE?Z_MAIN               -----    -----      -----    -----      045EH    0003H
  +--> ?PR?_ABS_FLOAT?Z_MAIN

?PR?_ABS_FLOAT?Z_MAIN                      -----    -----      -----    -----      0461H    0004H

?PR?CHECK_DJ_STATE?Z_MAIN                  -----    -----      -----    -----      045EH    0002H

?PR?LOOP_BT_ONCE?Z_MAIN                    -----    -----      -----    -----      -----    -----
  +--> ?PR?MILLIS?Z_TIMER
  +--> ?PR?_UART4_INIT?Z_UART
  +--> ?PR?UART4_OPEN?Z_UART
  +--> ?CO?Z_MAIN
  +--> ?PR?_UART4_SEND_STR?Z_UART

?PR?LOOP_PS2_DATA?Z_MAIN                   -----    -----      -----    -----      -----    -----
  +--> ?PR?MILLIS?Z_TIMER
  +--> ?PR?_PSX_WRITE_READ?Z_PS2

?PR?_PSX_WRITE_READ?Z_PS2                  -----    -----      -----    -----      045EH    0003H
  +--> ?PR?_PSX_TRANSFER?Z_PS2

?PR?_PSX_TRANSFER?Z_PS2                    -----    -----      -----    -----      0461H    0003H
  +--> ?PR?_DELAY?Z_DELAY

?PR?LOOP_PS2_BUTTON?Z_MAIN                 -----    -----      -----    -----      -----    -----
  +--> ?PR?_CAR_PWM_SET?Z_PWM
  +--> ?PR?_PARSE_PSX_BUF?Z_MAIN

?PR?_PARSE_PSX_BUF?Z_MAIN                  -----    -----      -----    -----      045EH    0003H
  +--> ?CO?Z_MAIN
  +--> ?PR?_STRLEN?STRLEN
  +--> ?PR?_STR_CONTAIN_STR?Z_GLOBAL
BL51 BANKED LINKER/LOCATER V6.22                                                      08/28/2018  13:38:01  PAGE 11


  +--> ?PR?_PARSE_CMD?Z_MAIN
  +--> ?PR?_DO_ACTION?Z_MAIN
  +--> ?PR?_MDELAY?Z_DELAY

?PR?LOOP_PS2_CAR_PWM?Z_MAIN                -----    -----      -----    -----      045EH    0004H
  +--> ?PR?_CAR_PWM_SET?Z_PWM

?PR?LOOP_SAVE_SOMETHING?Z_MAIN             -----    -----      -----    -----      -----    -----
  +--> ?PR?MILLIS?Z_TIMER
  +--> ?PR?REWRITE_EEPROM?Z_MAIN

?PR?LOOP_SMART_SENSOR?Z_SENSOR             -----    -----      -----    -----      -----    -----
  +--> ?PR?SMART_XUNJI?Z_SENSOR
  +--> ?PR?SMART_SOUNDJIAQU?Z_SENSOR
  +--> ?PR?SMART_ZIYOUBIZHANG?Z_SENSOR
  +--> ?PR?SMART_YSSBJIAQU?Z_SENSOR
  +--> ?PR?SMART_CSBJIAQU?Z_SENSOR
  +--> ?PR?SMART_GENSUI?Z_SENSOR
  +--> ?PR?SMART_XUNJIBIZHANG?Z_SENSOR
  +--> ?PR?SMART_XUNJIYANSE?Z_SENSOR
  +--> ?PR?SMART_XUNJICSBJIAQU?Z_SENSOR
  +--> ?PR?SMART_YSSB_VERIFY?Z_SENSOR

?PR?SMART_XUNJI?Z_SENSOR                   -----    -----      -----    -----      0460H    0002H
  +--> ?PR?_CAR_PWM_SET?Z_PWM

?PR?SMART_SOUNDJIAQU?Z_SENSOR              -----    -----      -----    -----      -----    -----
  +--> ?PR?_BEEP_ON_TIMES?Z_GPIO
  +--> ?PR?MILLIS?Z_TIMER
  +--> ?CO?Z_SENSOR
  +--> ?PR?_PARSE_CMD?Z_MAIN

?PR?SMART_ZIYOUBIZHANG?Z_SENSOR            -----    -----      -----    -----      045EH    0004H
  +--> ?PR?MILLIS?Z_TIMER
  +--> ?PR?GET_ADC_CSB_MIDDLE?Z_SENSOR
  +--> ?CO?Z_SENSOR
  +--> ?PR?PRINTF?PRINTF
  +--> ?PR?_UART1_SEND_STR?Z_UART
  +--> ?PR?_CAR_PWM_SET?Z_PWM

?PR?GET_ADC_CSB_MIDDLE?Z_SENSOR            -----    -----      -----    -----      0462H    0001H
  +--> ?PR?_ADC_READ?Z_ADC
  +--> ?PR?_SELECTION_SORT?Z_GLOBAL

?PR?_ADC_READ?Z_ADC                        -----    -----      -----    -----      -----    -----
  +--> ?PR?_ADC_INIT?Z_ADC

?PR?_SELECTION_SORT?Z_GLOBAL               -----    -----      -----    -----      0463H    000AH

?PR?SMART_YSSBJIAQU?Z_SENSOR               -----    -----      -----    -----      -----    -----
  +--> ?PR?MILLIS?Z_TIMER
  +--> ?PR?GET_ADC_YSSB_MIDDLE?Z_SENSOR
  +--> ?CO?Z_SENSOR
  +--> ?PR?PRINTF?PRINTF
  +--> ?PR?_UART1_SEND_STR?Z_UART
  +--> ?PR?_MDELAY?Z_DELAY
  +--> ?PR?_PARSE_CMD?Z_MAIN
BL51 BANKED LINKER/LOCATER V6.22                                                      08/28/2018  13:38:01  PAGE 12


  +--> ?PR?_BEEP_ON_TIMES?Z_GPIO

?PR?GET_ADC_YSSB_MIDDLE?Z_SENSOR           -----    -----      -----    -----      -----    -----
  +--> ?PR?_ADC_READ?Z_ADC
  +--> ?PR?_SELECTION_SORT?Z_GLOBAL

?PR?SMART_CSBJIAQU?Z_SENSOR                -----    -----      -----    -----      045EH    0002H
  +--> ?PR?MILLIS?Z_TIMER
  +--> ?PR?GET_ADC_CSB_MIDDLE?Z_SENSOR
  +--> ?CO?Z_SENSOR
  +--> ?PR?PRINTF?PRINTF
  +--> ?PR?_UART1_SEND_STR?Z_UART
  +--> ?PR?_PARSE_CMD?Z_MAIN
  +--> ?PR?_BEEP_ON_TIMES?Z_GPIO

?PR?SMART_GENSUI?Z_SENSOR                  -----    -----      -----    -----      045EH    0004H
  +--> ?PR?MILLIS?Z_TIMER
  +--> ?PR?GET_ADC_CSB_MIDDLE?Z_SENSOR
  +--> ?PR?_CAR_PWM_SET?Z_PWM

?PR?SMART_XUNJIBIZHANG?Z_SENSOR            -----    -----      -----    -----      -----    -----
  +--> ?PR?MILLIS?Z_TIMER
  +--> ?PR?GET_ADC_CSB_MIDDLE?Z_SENSOR
  +--> ?PR?_CAR_PWM_SET?Z_PWM
  +--> ?PR?SMART_XUNJI?Z_SENSOR

?PR?SMART_XUNJIYANSE?Z_SENSOR              -----    -----      -----    -----      -----    -----
  +--> ?PR?MILLIS?Z_TIMER
  +--> ?PR?GET_ADC_YSSB_MIDDLE?Z_SENSOR
  +--> ?PR?_CAR_PWM_SET?Z_PWM
  +--> ?PR?_MDELAY?Z_DELAY
  +--> ?CO?Z_SENSOR
  +--> ?PR?_PARSE_CMD?Z_MAIN
  +--> ?PR?_BEEP_ON_TIMES?Z_GPIO
  +--> ?PR?SMART_XUNJI?Z_SENSOR

?PR?SMART_XUNJICSBJIAQU?Z_SENSOR           -----    -----      -----    -----      045EH    0002H
  +--> ?PR?GET_ADC_CSB_MIDDLE?Z_SENSOR
  +--> ?PR?MILLIS?Z_TIMER
  +--> ?PR?_BEEP_ON_TIMES?Z_GPIO
  +--> ?PR?_CAR_PWM_SET?Z_PWM
  +--> ?CO?Z_SENSOR
  +--> ?PR?_PARSE_CMD?Z_MAIN
  +--> ?PR?SMART_XUNJI?Z_SENSOR

?PR?SMART_YSSB_VERIFY?Z_SENSOR             -----    -----      -----    -----      045EH    0004H
  +--> ?PR?_BEEP_ON_TIMES?Z_GPIO
  +--> ?PR?GET_ADC_YSSB_MIDDLE?Z_SENSOR
  +--> ?PR?_MDELAY?Z_DELAY
  +--> ?PR?REWRITE_EEPROM?Z_MAIN
  +--> ?CO?Z_SENSOR
  +--> ?PR?PRINTF?PRINTF
  +--> ?PR?_UART1_SEND_STR?Z_UART



SYMBOL TABLE OF MODULE:  .\obj\51_duoji20180811 (Z_MAIN)
BL51 BANKED LINKER/LOCATER V6.22                                                      08/28/2018  13:38:01  PAGE 13



  VALUE           TYPE          NAME
  ----------------------------------

  -------         MODULE        Z_MAIN
  C:0000H         SYMBOL        _ICE_DUMMY_
  D:00D0H         PUBLIC        PSW
  D:0080H         PUBLIC        P0
  D:0090H         PUBLIC        P1
  D:00A0H         PUBLIC        P2
  D:00B0H         PUBLIC        P3
  D:00C0H         PUBLIC        P4
  D:00C8H         PUBLIC        P5
  D:00E8H         PUBLIC        P6
  D:00F8H         PUBLIC        P7
  D:00A8H         PUBLIC        IE
  B:00A8H.7       PUBLIC        EA
  B:00A8H.3       PUBLIC        ET1
  D:00B8H         PUBLIC        IP
  D:0088H         PUBLIC        TCON
  B:0088H.6       PUBLIC        TR1
  D:0098H         PUBLIC        SCON
  D:00C7H         PUBLIC        IAP_CONTR
  D:00D8H         PUBLIC        CCON
  C:6F50H         PUBLIC        setup_global
  C:6F53H         PUBLIC        setup_gpio
  C:6F56H         PUBLIC        setup_nled
  C:001EH         PUBLIC        setup_vol
  C:6F59H         PUBLIC        setup_beep
  C:6F5CH         PUBLIC        setup_djio
  C:5CBBH         PUBLIC        setup_w25q64
  C:6F5FH         PUBLIC        setup_ps2
  C:6F62H         PUBLIC        setup_dj_timer
  C:6E9FH         PUBLIC        setup_car_pwm
  C:6DBCH         PUBLIC        setup_uart1
  C:6DD3H         PUBLIC        setup_uart2
  C:6DEAH         PUBLIC        setup_uart4
  C:6F65H         PUBLIC        setup_systick
  C:6989H         PUBLIC        setup_start
  C:52D0H         PUBLIC        setup_others
  C:6F31H         PUBLIC        setup_interrupt
  C:6ABCH         PUBLIC        loop_nled
  C:5FC2H         PUBLIC        loop_uart
  C:54E8H         PUBLIC        loop_action
  C:4718H         PUBLIC        loop_bt_once
  C:6A0CH         PUBLIC        loop_ps2_data
  C:6617H         PUBLIC        loop_ps2_button
  C:5DF7H         PUBLIC        loop_ps2_car_pwm
  C:0046H         PUBLIC        loop_save_something
  C:6431H         PUBLIC        loop_vol_warning
  C:6F3CH         PUBLIC        soft_reset
  C:3B63H         PUBLIC        _parse_psx_buf
  C:20C1H         PUBLIC        _parse_cmd
  C:43A3H         PUBLIC        _action_save
  C:6053H         PUBLIC        _get_action_index
  C:5C10H         PUBLIC        _print_group
  C:6946H         PUBLIC        _int_exchange
BL51 BANKED LINKER/LOCATER V6.22                                                      08/28/2018  13:38:01  PAGE 14


  C:587CH         PUBLIC        _erase_sector
  C:63CAH         PUBLIC        _do_group_once
  C:6775H         PUBLIC        check_dj_state
  C:2B1FH         PUBLIC        _do_action
  C:6D8BH         PUBLIC        _replace_char
  C:6CEAH         PUBLIC        rewrite_eeprom
  B:00A0H.0       PUBLIC        nled
  B:00C8H.1       PUBLIC        beep
  C:489CH         PUBLIC        _duoji_inc_handle
  X:0431H         PUBLIC        adc7_value
  X:0433H         PUBLIC        adc0_value
  X:0435H         PUBLIC        do_start_index
  X:0437H         PUBLIC        do_time
  X:0439H         PUBLIC        group_num_start
  X:043BH         PUBLIC        group_num_end
  X:043DH         PUBLIC        group_num_times
  X:043FH         PUBLIC        i
  X:0440H         PUBLIC        car_dw
  X:0441H         PUBLIC        bias_systick_ms_bak
  X:0445H         PUBLIC        djBiasSaveFlag
  X:0446H         PUBLIC        dbt_flag
  X:0447H         PUBLIC        vol_adc
  X:044BH         PUBLIC        save_addr_sector
  X:044FH         PUBLIC        save_action_index_bak
  X:0453H         PUBLIC        psx_buf
  C:1453H         PUBLIC        pre_cmd_set_red
  C:1483H         PUBLIC        pre_cmd_set_grn
  C:14B3H         PUBLIC        action_pre_group
  C:6722H         PUBLIC        main
  C:0091H         PUBLIC        handle_uart
  C:69CBH         PUBLIC        _abs_float
  C:0092H         PUBLIC        handle_sensor
  -------         PROC          MAIN
  C:6722H         LINE#         181
  C:6722H         LINE#         182
  C:6725H         LINE#         183
  C:6728H         LINE#         184
  C:672BH         LINE#         185
  C:672EH         LINE#         186
  C:6731H         LINE#         187
  C:6734H         LINE#         188
  C:6737H         LINE#         189
  C:673AH         LINE#         190
  C:673DH         LINE#         191
  C:6740H         LINE#         192
  C:6743H         LINE#         193
  C:6746H         LINE#         194
  C:6749H         LINE#         196
  C:674CH         LINE#         197
  C:674FH         LINE#         200
  C:6752H         LINE#         201
  C:6755H         LINE#         203
  C:6758H         LINE#         204
  C:6758H         LINE#         205
  C:675BH         LINE#         206
  C:675EH         LINE#         207
  C:6761H         LINE#         208
BL51 BANKED LINKER/LOCATER V6.22                                                      08/28/2018  13:38:01  PAGE 15


  C:6764H         LINE#         209
  C:6767H         LINE#         210
  C:676AH         LINE#         211
  C:676DH         LINE#         212
  C:6770H         LINE#         215
  C:6773H         LINE#         216
  -------         ENDPROC       MAIN
  -------         PROC          SETUP_GLOBAL
  C:6F50H         LINE#         224
  C:6F50H         LINE#         226
  -------         ENDPROC       SETUP_GLOBAL
  -------         PROC          SETUP_GPIO
  C:6F53H         LINE#         229
  C:6F53H         LINE#         231
  -------         ENDPROC       SETUP_GPIO
  -------         PROC          SETUP_NLED
  C:6F56H         LINE#         234
  C:6F56H         LINE#         235
  C:6F58H         LINE#         236
  -------         ENDPROC       SETUP_NLED
  -------         PROC          SETUP_BEEP
  C:6F59H         LINE#         238
  C:6F59H         LINE#         239
  C:6F5BH         LINE#         240
  -------         ENDPROC       SETUP_BEEP
  -------         PROC          SETUP_DJIO
  C:6F5CH         LINE#         242
  C:6F5CH         LINE#         243
  -------         ENDPROC       SETUP_DJIO
  -------         PROC          SETUP_VOL
  C:001EH         LINE#         246
  C:001EH         LINE#         247
  -------         ENDPROC       SETUP_VOL
  -------         PROC          SETUP_W25Q64
  C:5CBBH         LINE#         251
  C:5CBBH         LINE#         253
  C:5CBEH         LINE#         254
  C:5CCFH         LINE#         256
  C:5CE9H         LINE#         257
  C:5D05H         LINE#         258
  C:5D0FH         LINE#         259
  C:5D19H         LINE#         260
  C:5D1CH         LINE#         261
  C:5D1CH         LINE#         263
  C:5D28H         LINE#         264
  C:5D37H         LINE#         265
  C:5D47H         LINE#         266
  C:5D4FH         LINE#         267
  C:5D58H         LINE#         268
  C:5D58H         LINE#         276
  -------         ENDPROC       SETUP_W25Q64
  -------         PROC          SETUP_PS2
  C:6F5FH         LINE#         279
  C:6F5FH         LINE#         281
  -------         ENDPROC       SETUP_PS2
  -------         PROC          SETUP_DJ_TIMER
  C:6F62H         LINE#         284
BL51 BANKED LINKER/LOCATER V6.22                                                      08/28/2018  13:38:01  PAGE 16


  C:6F62H         LINE#         285
  -------         ENDPROC       SETUP_DJ_TIMER
  -------         PROC          SETUP_CAR_PWM
  C:6E9FH         LINE#         288
  C:6E9FH         LINE#         290
  C:6EA6H         LINE#         291
  -------         ENDPROC       SETUP_CAR_PWM
  -------         PROC          SETUP_UART1
  C:6DBCH         LINE#         294
  C:6DBCH         LINE#         296
  C:6DC7H         LINE#         298
  C:6DCAH         LINE#         300
  -------         ENDPROC       SETUP_UART1
  -------         PROC          SETUP_UART2
  C:6DD3H         LINE#         303
  C:6DD3H         LINE#         305
  C:6DDEH         LINE#         307
  C:6DE1H         LINE#         309
  -------         ENDPROC       SETUP_UART2
  -------         PROC          SETUP_UART4
  C:6DEAH         LINE#         312
  C:6DEAH         LINE#         314
  C:6DF5H         LINE#         316
  C:6DF8H         LINE#         319
  -------         ENDPROC       SETUP_UART4
  -------         PROC          SETUP_SYSTICK
  C:6F65H         LINE#         322
  C:6F65H         LINE#         324
  -------         ENDPROC       SETUP_SYSTICK
  -------         PROC          SETUP_START
  C:6989H         LINE#         329
  C:6989H         LINE#         331
  C:699FH         LINE#         332
  C:69B5H         LINE#         333
  -------         ENDPROC       SETUP_START
  -------         PROC          SETUP_OTHERS
  C:52D0H         LINE#         336
  C:52D0H         LINE#         338
  C:52DFH         LINE#         339
  C:52DFH         LINE#         341
  C:52DFH         LINE#         342
  C:52DFH         LINE#         344
  C:52F6H         LINE#         345
  C:52F6H         LINE#         347
  C:530CH         LINE#         348
  C:5325H         LINE#         349
  C:5333H         LINE#         350
  C:5340H         LINE#         351
  C:534DH         LINE#         352
  C:535AH         LINE#         353
  C:5363H         LINE#         354
  C:5366H         LINE#         355
  C:5366H         LINE#         358
  C:536EH         LINE#         359
  C:537DH         LINE#         360
  C:5384H         LINE#         361
  C:538DH         LINE#         362
BL51 BANKED LINKER/LOCATER V6.22                                                      08/28/2018  13:38:01  PAGE 17


  C:538DH         LINE#         363
  C:53A6H         LINE#         364
  C:53B4H         LINE#         365
  C:53C1H         LINE#         366
  C:53CEH         LINE#         367
  C:53DBH         LINE#         368
  C:53E4H         LINE#         369
  C:53E7H         LINE#         370
  C:53E7H         LINE#         371
  C:53E7H         LINE#         373
  -------         ENDPROC       SETUP_OTHERS
  -------         PROC          SETUP_INTERRUPT
  C:6F31H         LINE#         376
  C:6F31H         LINE#         378
  C:6F34H         LINE#         381
  C:6F36H         LINE#         382
  -------         ENDPROC       SETUP_INTERRUPT
  -------         PROC          LOOP_NLED
  -------         DO            
  X:040BH         SYMBOL        systick_ms_bak
  -------         ENDDO         
  C:6ABCH         LINE#         391
  C:6ABCH         LINE#         393
  C:6AE7H         LINE#         394
  C:6AF0H         LINE#         395
  C:6AF2H         LINE#         396
  C:6AF2H         LINE#         397
  -------         ENDPROC       LOOP_NLED
  -------         PROC          LOOP_UART
  -------         DO            
  X:040FH         SYMBOL        do_once1
  X:0410H         SYMBOL        do_once2
  -------         ENDDO         
  C:5FC2H         LINE#         399
  C:5FC2H         LINE#         401
  C:5FC8H         LINE#         405
  C:5FCFH         LINE#         407
  C:5FD2H         LINE#         408
  C:5FDBH         LINE#         410
  C:5FDBH         LINE#         411
  C:5FE4H         LINE#         414
  C:5FE7H         LINE#         415
  C:5FF0H         LINE#         418
  C:5FF9H         LINE#         419
  C:5FF9H         LINE#         420
  C:5FFEH         LINE#         421
  C:6002H         LINE#         423
  C:6002H         LINE#         426
  C:6031H         LINE#         427
  C:6037H         LINE#         428
  C:603BH         LINE#         429
  C:603DH         LINE#         430
  C:6040H         LINE#         431
  C:6040H         LINE#         432
  C:6041H         LINE#         433
  C:6047H         LINE#         434
  C:604BH         LINE#         435
BL51 BANKED LINKER/LOCATER V6.22                                                      08/28/2018  13:38:01  PAGE 18


  C:604FH         LINE#         436
  C:6052H         LINE#         437
  C:6052H         LINE#         438
  C:6052H         LINE#         441
  -------         ENDPROC       LOOP_UART
  -------         PROC          LOOP_SAVE_SOMETHING
  -------         DO            
  X:0411H         SYMBOL        saveTime
  -------         ENDDO         
  C:0046H         LINE#         444
  C:0046H         LINE#         446
  C:007FH         LINE#         447
  C:0084H         LINE#         448
  C:008DH         LINE#         449
  C:0090H         LINE#         450
  C:0090H         LINE#         452
  -------         ENDPROC       LOOP_SAVE_SOMETHING
  -------         PROC          LOOP_PS2_DATA
  -------         DO            
  X:0415H         SYMBOL        systick_ms_bak
  -------         ENDDO         
  C:6A0CH         LINE#         455
  C:6A0CH         LINE#         457
  C:6A36H         LINE#         459
  C:6A36H         LINE#         460
  C:6A3FH         LINE#         461
  C:6A48H         LINE#         470
  -------         ENDPROC       LOOP_PS2_DATA
  -------         PROC          LOOP_PS2_CAR_PWM
  -------         DO            
  X:0419H         SYMBOL        car_left_bak
  X:041BH         SYMBOL        car_right_bak
  X:045EH         SYMBOL        car_left
  X:0460H         SYMBOL        car_right
  -------         ENDDO         
  C:5DF7H         LINE#         473
  C:5DF7H         LINE#         477
  C:5E02H         LINE#         478
  C:5E25H         LINE#         479
  C:5E46H         LINE#         481
  C:5E64H         LINE#         482
  C:5E75H         LINE#         483
  C:5E84H         LINE#         484
  C:5E93H         LINE#         485
  C:5E93H         LINE#         487
  -------         ENDPROC       LOOP_PS2_CAR_PWM
  -------         PROC          LOOP_PS2_BUTTON
  -------         DO            
  X:041DH         SYMBOL        psx_button_bak
  X:041FH         SYMBOL        mode_bak
  -------         ENDDO         
  C:6617H         LINE#         491
  C:6617H         LINE#         496
  C:6623H         LINE#         497
  C:6625H         LINE#         498
  C:6628H         LINE#         499
  C:662EH         LINE#         500
BL51 BANKED LINKER/LOCATER V6.22                                                      08/28/2018  13:38:01  PAGE 19


  C:662EH         LINE#         501
  C:6636H         LINE#         502
  C:663CH         LINE#         504
  C:663CH         LINE#         506
  C:6654H         LINE#         507
  C:6654H         LINE#         508
  C:6654H         LINE#         509
  C:6662H         LINE#         510
  C:666AH         LINE#         511
  C:6672H         LINE#         512
  C:6672H         LINE#         514
  -------         ENDPROC       LOOP_PS2_BUTTON
  -------         PROC          _PARSE_PSX_BUF
  D:0001H         SYMBOL        buf
  X:045EH         SYMBOL        mode
  -------         DO            
  X:045FH         SYMBOL        i
  X:0460H         SYMBOL        pos
  X:0420H         SYMBOL        bak
  X:0422H         SYMBOL        temp
  X:0424H         SYMBOL        temp2
  -------         ENDDO         
  C:3B63H         LINE#         516
  C:3B68H         LINE#         517
  C:3B6DH         LINE#         519
  C:3B87H         LINE#         521
  C:3B99H         LINE#         522
  C:3BA5H         LINE#         523
  C:3BB3H         LINE#         524
  C:3BC5H         LINE#         525
  C:3BE5H         LINE#         526
  C:3BE5H         LINE#         527
  C:3BF4H         LINE#         529
  C:3C03H         LINE#         530
  C:3C0BH         LINE#         531
  C:3C37H         LINE#         532
  C:3C44H         LINE#         533
  C:3C86H         LINE#         534
  C:3C86H         LINE#         536
  C:3CA2H         LINE#         537
  C:3CB0H         LINE#         538
  C:3CCBH         LINE#         542
  C:3CDAH         LINE#         543
  C:3CDAH         LINE#         544
  C:3CDDH         LINE#         545
  C:3CFAH         LINE#         549
  C:3D09H         LINE#         550
  C:3D09H         LINE#         551
  C:3D0CH         LINE#         552
  C:3D0CH         LINE#         557
  C:3D14H         LINE#         558
  C:3D17H         LINE#         560
  C:3D26H         LINE#         561
  C:3D2EH         LINE#         562
  C:3D5AH         LINE#         563
  C:3D67H         LINE#         564
  C:3DA9H         LINE#         565
BL51 BANKED LINKER/LOCATER V6.22                                                      08/28/2018  13:38:01  PAGE 20


  C:3DA9H         LINE#         567
  C:3DC5H         LINE#         568
  C:3DCAH         LINE#         569
  C:3DEBH         LINE#         573
  C:3E03H         LINE#         574
  C:3E18H         LINE#         575
  C:3E18H         LINE#         576
  C:3E1BH         LINE#         577
  C:3E41H         LINE#         581
  C:3E59H         LINE#         582
  C:3E6EH         LINE#         583
  C:3E6EH         LINE#         584
  C:3E71H         LINE#         585
  C:3E71H         LINE#         588
  C:3E71H         LINE#         589
  C:3E71H         LINE#         593
  C:3E71H         LINE#         594
  C:3E7AH         LINE#         595
  C:3E89H         LINE#         596
  C:3E94H         LINE#         597
  C:3E94H         LINE#         599
  -------         ENDPROC       _PARSE_PSX_BUF
  -------         PROC          HANDLE_UART
  C:0091H         LINE#         601
  C:0091H         LINE#         605
  -------         ENDPROC       HANDLE_UART
  C:20BBH         SYMBOL        L?0352
  -------         PROC          L?0351
  -------         ENDPROC       L?0351
  C:20BBH         SYMBOL        L?0352
  -------         PROC          _PARSE_CMD
  X:0461H         SYMBOL        cmd
  -------         DO            
  X:0426H         SYMBOL        djrFlag
  X:0464H         SYMBOL        pos
  X:0466H         SYMBOL        i
  X:0468H         SYMBOL        index
  X:046AH         SYMBOL        int1
  X:046CH         SYMBOL        int2
  -------         ENDDO         
  C:20C1H         LINE#         622
  C:20CCH         LINE#         628
  C:20CFH         LINE#         630
  C:20F9H         LINE#         631
  C:20FFH         LINE#         632
  C:2116H         LINE#         633
  C:2130H         LINE#         634
  C:216AH         LINE#         635
  C:217AH         LINE#         636
  C:2183H         LINE#         637
  C:218BH         LINE#         638
  C:2191H         LINE#         639
  C:21BCH         LINE#         640
  C:21EBH         LINE#         641
  C:220CH         LINE#         642
  C:2246H         LINE#         643
  C:226CH         LINE#         644
BL51 BANKED LINKER/LOCATER V6.22                                                      08/28/2018  13:38:01  PAGE 21


  C:2275H         LINE#         645
  C:2275H         LINE#         648
  C:229CH         LINE#         649
  C:229FH         LINE#         650
  C:22C6H         LINE#         651
  C:2301H         LINE#         652
  C:2312H         LINE#         653
  C:2312H         LINE#         654
  C:2339H         LINE#         655
  C:2374H         LINE#         656
  C:2385H         LINE#         657
  C:2385H         LINE#         658
  C:23ACH         LINE#         659
  C:23DBH         LINE#         660
  C:23E6H         LINE#         661
  C:23ECH         LINE#         662
  C:23ECH         LINE#         663
  C:2417H         LINE#         664
  C:245EH         LINE#         666
  C:2475H         LINE#         667
  C:247DH         LINE#         668
  C:248CH         LINE#         669
  C:2491H         LINE#         671
  C:2492H         LINE#         672
  C:2498H         LINE#         673
  C:2498H         LINE#         675
  C:2498H         LINE#         676
  C:2498H         LINE#         677
  C:24C2H         LINE#         678
  C:24FDH         LINE#         679
  C:250BH         LINE#         680
  C:250BH         LINE#         681
  C:2535H         LINE#         682
  C:253BH         LINE#         683
  C:2540H         LINE#         684
  C:2540H         LINE#         685
  C:2569H         LINE#         686
  C:256FH         LINE#         687
  C:2576H         LINE#         688
  C:2581H         LINE#         689
  C:25A9H         LINE#         690
  C:25B1H         LINE#         691
  C:25DBH         LINE#         692
  C:25E3H         LINE#         693
  C:260DH         LINE#         694
  C:2615H         LINE#         695
  C:263FH         LINE#         696
  C:2647H         LINE#         697
  C:2671H         LINE#         698
  C:2676H         LINE#         699
  C:26A0H         LINE#         700
  C:26A4H         LINE#         701
  C:26CEH         LINE#         702
  C:26D2H         LINE#         703
  C:26FFH         LINE#         704
  C:2708H         LINE#         705
  C:2722H         LINE#         706
BL51 BANKED LINKER/LOCATER V6.22                                                      08/28/2018  13:38:01  PAGE 22


  C:273CH         LINE#         707
  C:2756H         LINE#         708
  C:27F7H         LINE#         709
  C:2808H         LINE#         711
  C:280EH         LINE#         712
  C:2810H         LINE#         713
  C:2812H         LINE#         714
  C:2819H         LINE#         715
  C:2819H         LINE#         716
  C:282AH         LINE#         717
  C:2852H         LINE#         718
  C:2858H         LINE#         719
  C:2882H         LINE#         720
  C:288AH         LINE#         721
  C:288EH         LINE#         722
  C:2891H         LINE#         723
  C:2895H         LINE#         724
  C:2895H         LINE#         725
  C:28BFH         LINE#         726
  C:28C4H         LINE#         727
  C:290EH         LINE#         728
  C:2917H         LINE#         729
  C:2935H         LINE#         730
  C:295AH         LINE#         731
  C:2990H         LINE#         732
  C:299DH         LINE#         733
  C:29A4H         LINE#         734
  C:29AAH         LINE#         735
  C:29AAH         LINE#         736
  C:29B2H         LINE#         737
  C:29BAH         LINE#         738
  C:29C0H         LINE#         739
  C:29C0H         LINE#         740
  C:29CFH         LINE#         741
  C:29D7H         LINE#         742
  C:29DEH         LINE#         743
  C:29EDH         LINE#         744
  C:29F5H         LINE#         745
  C:29FDH         LINE#         746
  C:2A04H         LINE#         747
  C:2A13H         LINE#         748
  C:2A15H         LINE#         749
  C:2A1CH         LINE#         750
  C:2A20H         LINE#         751
  C:2A20H         LINE#         753
  C:2A37H         LINE#         754
  C:2A3FH         LINE#         755
  C:2A4EH         LINE#         756
  C:2A53H         LINE#         757
  C:2A58H         LINE#         758
  C:2A59H         LINE#         759
  C:2A5CH         LINE#         760
  C:2A5CH         LINE#         762
  C:2A5CH         LINE#         763
  C:2A83H         LINE#         764
  C:2A8CH         LINE#         765
  C:2AB3H         LINE#         766
BL51 BANKED LINKER/LOCATER V6.22                                                      08/28/2018  13:38:01  PAGE 23


  C:2ADFH         LINE#         767
  C:2AF1H         LINE#         768
  C:2AF6H         LINE#         769
  C:2B01H         LINE#         770
  C:2B09H         LINE#         772
  C:2B09H         LINE#         773
  C:2B09H         LINE#         774
  C:2B09H         LINE#         775
  -------         ENDPROC       _PARSE_CMD
  -------         PROC          _ACTION_SAVE
  X:045EH         SYMBOL        str
  -------         DO            
  X:0461H         SYMBOL        action_index
  -------         ENDDO         
  C:43A3H         LINE#         779
  C:43AEH         LINE#         780
  C:43B3H         LINE#         782
  C:43D0H         LINE#         783
  C:43D5H         LINE#         784
  C:43D8H         LINE#         785
  C:43E1H         LINE#         787
  C:43F9H         LINE#         788
  C:4435H         LINE#         789
  C:4449H         LINE#         790
  C:4460H         LINE#         791
  C:4462H         LINE#         792
  C:4471H         LINE#         793
  C:448AH         LINE#         794
  C:44A4H         LINE#         795
  C:44A4H         LINE#         796
  C:44AAH         LINE#         797
  C:44ADH         LINE#         799
  C:44B3H         LINE#         800
  C:44B6H         LINE#         802
  C:44B6H         LINE#         804
  C:44CCH         LINE#         806
  C:44E8H         LINE#         808
  C:44F1H         LINE#         810
  C:44F1H         LINE#         812
  C:4518H         LINE#         813
  C:452EH         LINE#         814
  C:4544H         LINE#         815
  C:4579H         LINE#         817
  C:4582H         LINE#         819
  -------         ENDPROC       _ACTION_SAVE
  -------         PROC          _GET_ACTION_INDEX
  X:0463H         SYMBOL        str
  -------         DO            
  X:0466H         SYMBOL        index
  -------         ENDDO         
  C:6053H         LINE#         821
  C:605EH         LINE#         822
  C:6063H         LINE#         824
  C:6073H         LINE#         825
  C:6077H         LINE#         826
  C:607CH         LINE#         827
  C:6094H         LINE#         828
BL51 BANKED LINKER/LOCATER V6.22                                                      08/28/2018  13:38:01  PAGE 24


  C:60B9H         LINE#         829
  C:60C3H         LINE#         830
  C:60C5H         LINE#         831
  C:60CEH         LINE#         832
  C:60CEH         LINE#         833
  C:60D8H         LINE#         834
  C:60D8H         LINE#         835
  C:60DAH         LINE#         836
  C:60DEH         LINE#         837
  -------         ENDPROC       _GET_ACTION_INDEX
  -------         PROC          _PRINT_GROUP
  X:046EH         SYMBOL        start
  X:0470H         SYMBOL        end
  C:5C10H         LINE#         839
  C:5C1EH         LINE#         840
  C:5C39H         LINE#         841
  C:5C50H         LINE#         842
  C:5C50H         LINE#         843
  C:5C6BH         LINE#         844
  C:5C7AH         LINE#         845
  C:5C98H         LINE#         846
  C:5CA1H         LINE#         847
  C:5CAAH         LINE#         848
  C:5CBAH         LINE#         849
  -------         ENDPROC       _PRINT_GROUP
  -------         PROC          _INT_EXCHANGE
  X:0472H         SYMBOL        int1
  X:0475H         SYMBOL        int2
  -------         DO            
  D:0006H         SYMBOL        int_temp
  -------         ENDDO         
  C:6946H         LINE#         852
  C:6951H         LINE#         854
  C:6957H         LINE#         855
  C:6978H         LINE#         856
  -------         ENDPROC       _INT_EXCHANGE
  -------         PROC          _ERASE_SECTOR
  X:046EH         SYMBOL        start
  X:0470H         SYMBOL        end
  C:587CH         LINE#         859
  C:588AH         LINE#         860
  C:58A5H         LINE#         861
  C:58BCH         LINE#         862
  C:58BCH         LINE#         863
  C:58D3H         LINE#         864
  C:58EFH         LINE#         865
  C:58F8H         LINE#         866
  C:591EH         LINE#         867
  C:5927H         LINE#         868
  C:5937H         LINE#         869
  C:5941H         LINE#         870
  -------         ENDPROC       _ERASE_SECTOR
  -------         PROC          _DO_GROUP_ONCE
  X:046EH         SYMBOL        group_num
  C:63CAH         LINE#         874
  C:63D2H         LINE#         886
  C:63E1H         LINE#         887
BL51 BANKED LINKER/LOCATER V6.22                                                      08/28/2018  13:38:01  PAGE 25


  C:63E1H         LINE#         889
  C:63E1H         LINE#         890
  C:63E1H         LINE#         892
  C:63FFH         LINE#         893
  C:63FFH         LINE#         895
  C:6402H         LINE#         896
  C:6428H         LINE#         897
  -------         ENDPROC       _DO_GROUP_ONCE
  -------         PROC          _ABS_FLOAT
  X:0461H         SYMBOL        value
  C:69CBH         LINE#         901
  C:69D1H         LINE#         902
  C:69EBH         LINE#         903
  C:69FAH         LINE#         904
  C:69FAH         LINE#         905
  C:6A0BH         LINE#         906
  -------         ENDPROC       _ABS_FLOAT
  -------         PROC          _DUOJI_INC_HANDLE
  X:045EH         SYMBOL        index
  -------         DO            
  X:045FH         SYMBOL        aim_temp
  -------         ENDDO         
  C:489CH         LINE#         908
  C:48A1H         LINE#         911
  C:48C6H         LINE#         913
  C:48EDH         LINE#         915
  C:48F7H         LINE#         916
  C:4901H         LINE#         917
  C:4914H         LINE#         918
  C:491BH         LINE#         919
  C:491BH         LINE#         921
  C:498FH         LINE#         922
  C:49B0H         LINE#         923
  C:49C5H         LINE#         924
  C:49C6H         LINE#         925
  C:4A0CH         LINE#         926
  C:4A0CH         LINE#         927
  C:4A0CH         LINE#         928
  -------         ENDPROC       _DUOJI_INC_HANDLE
  -------         PROC          LOOP_ACTION
  C:54E8H         LINE#         931
  C:54E8H         LINE#         933
  C:54EEH         LINE#         934
  C:54F6H         LINE#         935
  C:54FBH         LINE#         936
  C:54FBH         LINE#         938
  C:550DH         LINE#         939
  C:5518H         LINE#         941
  C:552EH         LINE#         942
  C:553AH         LINE#         943
  C:5542H         LINE#         944
  C:554FH         LINE#         945
  C:555DH         LINE#         946
  C:5564H         LINE#         947
  C:5564H         LINE#         948
  C:5564H         LINE#         949
  C:5564H         LINE#         950
BL51 BANKED LINKER/LOCATER V6.22                                                      08/28/2018  13:38:01  PAGE 26


  C:5566H         LINE#         952
  C:5566H         LINE#         953
  C:5574H         LINE#         954
  C:5575H         LINE#         955
  C:5589H         LINE#         956
  C:5598H         LINE#         957
  C:55A2H         LINE#         958
  C:55B0H         LINE#         959
  C:55B7H         LINE#         960
  C:55BCH         LINE#         961
  C:55C5H         LINE#         962
  C:55C5H         LINE#         963
  C:55C5H         LINE#         965
  C:55C5H         LINE#         966
  C:55D3H         LINE#         967
  C:55D3H         LINE#         968
  C:55D3H         LINE#         970
  -------         ENDPROC       LOOP_ACTION
  -------         PROC          CHECK_DJ_STATE
  -------         DO            
  X:045EH         SYMBOL        i
  -------         ENDDO         
  C:6775H         LINE#         972
  C:6775H         LINE#         974
  C:678EH         LINE#         975
  C:67B5H         LINE#         976
  C:67C5H         LINE#         977
  C:67C7H         LINE#         978
  -------         ENDPROC       CHECK_DJ_STATE
  C:2B19H         SYMBOL        L?0350
  -------         PROC          L?0349
  -------         ENDPROC       L?0349
  C:2B19H         SYMBOL        L?0350
  -------         PROC          _DO_ACTION
  X:0470H         SYMBOL        uart_receive_buf
  -------         DO            
  X:0473H         SYMBOL        index
  X:0475H         SYMBOL        time
  X:0477H         SYMBOL        i
  X:0479H         SYMBOL        lst_i
  X:047BH         SYMBOL        parse_ok
  X:047DH         SYMBOL        bias
  X:047FH         SYMBOL        pwm
  X:0483H         SYMBOL        aim_temp
  -------         ENDDO         
  C:2B1FH         LINE#         980
  C:2B2AH         LINE#         985
  C:2B2DH         LINE#         986
  C:2B36H         LINE#         988
  C:2B8CH         LINE#         989
  C:2BD6H         LINE#         990
  C:2C1FH         LINE#         991
  C:2C53H         LINE#         992
  C:2C5EH         LINE#         993
  C:2C62H         LINE#         994
  C:2C6FH         LINE#         995
  C:2C6FH         LINE#         996
BL51 BANKED LINKER/LOCATER V6.22                                                      08/28/2018  13:38:01  PAGE 27


  C:2CFEH         LINE#         997
  C:2D22H         LINE#         998
  C:2D3FH         LINE#         999
  C:2D49H         LINE#         1000
  C:2D65H         LINE#         1001
  C:2D6FH         LINE#         1002
  C:2D6FH         LINE#         1004
  C:2D9AH         LINE#         1005
  C:2DBEH         LINE#         1006
  C:2DD8H         LINE#         1007
  C:2DE1H         LINE#         1008
  C:2DE7H         LINE#         1009
  C:2DE8H         LINE#         1011
  C:2E31H         LINE#         1012
  C:2E7CH         LINE#         1013
  C:2E87H         LINE#         1014
  C:2EC2H         LINE#         1015
  C:2EE2H         LINE#         1016
  C:2EE3H         LINE#         1018
  C:2EE3H         LINE#         1021
  C:2EF0H         LINE#         1022
  C:2F0FH         LINE#         1023
  C:2F13H         LINE#         1024
  C:2F1FH         LINE#         1025
  C:2F34H         LINE#         1026
  C:2F54H         LINE#         1027
  C:2F87H         LINE#         1028
  C:2F89H         LINE#         1029
  C:2FA9H         LINE#         1030
  C:2FC1H         LINE#         1031
  C:2FE7H         LINE#         1032
  C:3041H         LINE#         1033
  C:3044H         LINE#         1034
  C:3064H         LINE#         1035
  C:3078H         LINE#         1036
  C:3098H         LINE#         1037
  C:30CBH         LINE#         1038
  C:30CDH         LINE#         1041
  C:312DH         LINE#         1044
  C:3164H         LINE#         1045
  C:3183H         LINE#         1046
  C:3183H         LINE#         1048
  C:31CAH         LINE#         1049
  C:31F1H         LINE#         1050
  C:3215H         LINE#         1053
  C:3229H         LINE#         1054
  C:324FH         LINE#         1055
  C:3273H         LINE#         1056
  C:328DH         LINE#         1057
  C:3290H         LINE#         1058
  C:32B6H         LINE#         1059
  C:32D6H         LINE#         1060
  C:3371H         LINE#         1061
  C:3371H         LINE#         1064
  C:3371H         LINE#         1066
  C:3374H         LINE#         1067
  C:3382H         LINE#         1068
BL51 BANKED LINKER/LOCATER V6.22                                                      08/28/2018  13:38:01  PAGE 28


  C:3382H         LINE#         1069
  C:3385H         LINE#         1070
  -------         ENDPROC       _DO_ACTION
  -------         PROC          _REPLACE_CHAR
  D:0001H         SYMBOL        str
  D:0005H         SYMBOL        ch1
  X:0467H         SYMBOL        ch2
  C:6D8BH         LINE#         1072
  C:6D8BH         LINE#         1073
  C:6D90H         LINE#         1074
  C:6D93H         LINE#         1075
  C:6D9AH         LINE#         1076
  C:6D9AH         LINE#         1077
  C:6DA1H         LINE#         1078
  C:6DA3H         LINE#         1080
  -------         ENDPROC       _REPLACE_CHAR
  -------         PROC          LOOP_VOL_WARNING
  -------         DO            
  X:0427H         SYMBOL        systick_ms_bak
  -------         ENDDO         
  C:6431H         LINE#         1083
  C:6431H         LINE#         1086
  C:645CH         LINE#         1087
  C:6465H         LINE#         1088
  C:6472H         LINE#         1089
  C:6494H         LINE#         1110
  -------         ENDPROC       LOOP_VOL_WARNING
  -------         PROC          HANDLE_SENSOR
  C:0092H         LINE#         1113
  C:0092H         LINE#         1219
  -------         ENDPROC       HANDLE_SENSOR
  -------         PROC          REWRITE_EEPROM
  C:6CEAH         LINE#         1222
  C:6CEAH         LINE#         1223
  C:6CF5H         LINE#         1224
  -------         ENDPROC       REWRITE_EEPROM
  -------         PROC          LOOP_BT_ONCE
  -------         DO            
  X:042BH         SYMBOL        first_change
  X:042CH         SYMBOL        step
  X:042DH         SYMBOL        systick_ms_bak
  -------         ENDDO         
  C:4718H         LINE#         1227
  C:4718H         LINE#         1230
  C:4721H         LINE#         1231
  C:4752H         LINE#         1232
  C:475BH         LINE#         1233
  C:4766H         LINE#         1234
  C:4769H         LINE#         1235
  C:476FH         LINE#         1236
  C:476FH         LINE#         1237
  C:47A4H         LINE#         1238
  C:47ADH         LINE#         1239
  C:47B8H         LINE#         1240
  C:47B8H         LINE#         1241
  C:47EDH         LINE#         1242
  C:47F6H         LINE#         1243
BL51 BANKED LINKER/LOCATER V6.22                                                      08/28/2018  13:38:01  PAGE 29


  C:47FFH         LINE#         1244
  C:47FFH         LINE#         1245
  C:4833H         LINE#         1246
  C:483CH         LINE#         1247
  C:4845H         LINE#         1248
  C:484BH         LINE#         1249
  C:487EH         LINE#         1250
  C:4887H         LINE#         1251
  C:4890H         LINE#         1252
  C:4896H         LINE#         1253
  C:489BH         LINE#         1254
  C:489BH         LINE#         1255
  C:489BH         LINE#         1256
  -------         ENDPROC       LOOP_BT_ONCE
  -------         PROC          SOFT_RESET
  C:6F3CH         LINE#         1258
  C:6F3CH         LINE#         1259
  C:6F3FH         LINE#         1260
  -------         ENDPROC       SOFT_RESET
  -------         ENDMOD        Z_MAIN

  -------         MODULE        Z_ADC
  C:0000H         SYMBOL        _ICE_DUMMY_
  C:6E01H         PUBLIC        _adc_init
  C:6C9BH         PUBLIC        _adc_read
  D:00BCH         PUBLIC        ADC_CONTR
  D:00BDH         PUBLIC        ADC_RES
  D:00BEH         PUBLIC        ADC_LOW2
  D:009DH         PUBLIC        P1ASF
  -------         PROC          _ADC_INIT
  D:0007H         SYMBOL        ch
  C:6E01H         LINE#         16
  C:6E01H         LINE#         17
  C:6E0EH         LINE#         18
  C:6E11H         LINE#         19
  C:6E14H         LINE#         20
  C:6E15H         LINE#         21
  -------         ENDPROC       _ADC_INIT
  -------         PROC          _ADC_READ
  D:0006H         SYMBOL        ch
  C:6C9BH         LINE#         23
  C:6C9DH         LINE#         24
  C:6CA0H         LINE#         25
  C:6CA5H         LINE#         26
  C:6CA6H         LINE#         27
  C:6CA7H         LINE#         28
  C:6CA8H         LINE#         29
  C:6CA9H         LINE#         30
  C:6CAEH         LINE#         31
  C:6CB1H         LINE#         33
  C:6CC2H         LINE#         36
  -------         ENDPROC       _ADC_READ
  -------         ENDMOD        Z_ADC

  -------         MODULE        Z_DELAY
  C:0000H         SYMBOL        _ICE_DUMMY_
  C:6EE7H         PUBLIC        _delay
BL51 BANKED LINKER/LOCATER V6.22                                                      08/28/2018  13:38:01  PAGE 30


  C:6E7CH         PUBLIC        _udelay
  C:6D33H         PUBLIC        _mdelay
  -------         PROC          _DELAY
  D:0006H         SYMBOL        t
  C:6EE7H         LINE#         3
  C:6EE7H         LINE#         5
  C:6EF1H         LINE#         7
  -------         ENDPROC       _DELAY
  -------         PROC          _UDELAY
  D:0006H         SYMBOL        t
  -------         DO            
  D:0005H         SYMBOL        i
  -------         ENDDO         
  C:6E7CH         LINE#         9
  C:6E7CH         LINE#         11
  C:6E86H         LINE#         12
  C:6E88H         LINE#         13
  C:6E8EH         LINE#         15
  -------         ENDPROC       _UDELAY
  -------         PROC          _MDELAY
  D:0006H         SYMBOL        t
  -------         DO            
  D:0004H         SYMBOL        i
  D:0002H         SYMBOL        j
  -------         ENDDO         
  C:6D33H         LINE#         17
  C:6D33H         LINE#         19
  C:6D3DH         LINE#         20
  C:6D4BH         LINE#         21
  C:6D52H         LINE#         22
  -------         ENDPROC       _MDELAY
  -------         ENDMOD        Z_DELAY

  -------         MODULE        Z_GLOBAL
  C:0000H         SYMBOL        _ICE_DUMMY_
  D:00D0H         PUBLIC        PSW
  D:0080H         PUBLIC        P0
  D:0090H         PUBLIC        P1
  D:00A0H         PUBLIC        P2
  D:00B0H         PUBLIC        P3
  D:00C0H         PUBLIC        P4
  D:00C8H         PUBLIC        P5
  D:00E8H         PUBLIC        P6
  D:00F8H         PUBLIC        P7
  D:00A8H         PUBLIC        IE
  D:00B8H         PUBLIC        IP
  D:0088H         PUBLIC        TCON
  D:0098H         PUBLIC        SCON
  D:00D8H         PUBLIC        CCON
  X:0000H         PUBLIC        duoji_doing
  X:0070H         PUBLIC        eeprom_info
  X:0130H         PUBLIC        uart_receive_buf
  X:0334H         PUBLIC        uart1_get_ok
  X:0335H         PUBLIC        uart1_mode
  X:0336H         PUBLIC        uart_receive_buf_index
  X:0337H         PUBLIC        cmd_return
  X:039BH         PUBLIC        timer1_flag_dj
BL51 BANKED LINKER/LOCATER V6.22                                                      08/28/2018  13:38:01  PAGE 31


  X:039CH         PUBLIC        duoji_index1
  X:039DH         PUBLIC        smart_mode
  X:039EH         PUBLIC        group_do_ok
  C:67C8H         PUBLIC        global_init
  C:51B7H         PUBLIC        _str_contain_str
  C:6E40H         PUBLIC        _abs_int
  C:4CD2H         PUBLIC        _selection_sort
  -------         PROC          GLOBAL_INIT
  -------         DO            
  D:0003H         SYMBOL        i
  -------         ENDDO         
  C:67C8H         LINE#         15
  C:67C8H         LINE#         18
  C:67CAH         LINE#         19
  C:67DFH         LINE#         20
  C:67F4H         LINE#         21
  C:6809H         LINE#         22
  C:680EH         LINE#         24
  C:6813H         LINE#         25
  C:6815H         LINE#         26
  C:6817H         LINE#         28
  -------         ENDPROC       GLOBAL_INIT
  -------         PROC          _STR_CONTAIN_STR
  X:046EH         SYMBOL        str
  X:0471H         SYMBOL        str2
  -------         DO            
  X:0474H         SYMBOL        str_temp
  X:0477H         SYMBOL        str_temp2
  -------         ENDDO         
  C:51B7H         LINE#         30
  C:51C2H         LINE#         32
  C:51CDH         LINE#         33
  C:51E2H         LINE#         34
  C:51F6H         LINE#         35
  C:520AH         LINE#         36
  C:521AH         LINE#         37
  C:5242H         LINE#         38
  C:527DH         LINE#         39
  C:5292H         LINE#         40
  C:5292H         LINE#         41
  C:5292H         LINE#         42
  C:5292H         LINE#         43
  C:52A5H         LINE#         44
  C:52BFH         LINE#         45
  C:52BFH         LINE#         47
  C:52BFH         LINE#         48
  C:52C9H         LINE#         49
  C:52C9H         LINE#         50
  C:52CCH         LINE#         51
  C:52CFH         LINE#         52
  -------         ENDPROC       _STR_CONTAIN_STR
  -------         PROC          _SELECTION_SORT
  D:0001H         SYMBOL        a
  X:0463H         SYMBOL        len
  -------         DO            
  X:0465H         SYMBOL        i
  X:0467H         SYMBOL        j
BL51 BANKED LINKER/LOCATER V6.22                                                      08/28/2018  13:38:01  PAGE 32


  X:0469H         SYMBOL        mi
  X:046BH         SYMBOL        t
  -------         ENDDO         
  C:4CD2H         LINE#         54
  C:4CDAH         LINE#         56
  C:4D03H         LINE#         57
  C:4D10H         LINE#         58
  C:4D38H         LINE#         59
  C:4D68H         LINE#         60
  C:4D75H         LINE#         61
  C:4D75H         LINE#         62
  C:4D85H         LINE#         64
  C:4D9CH         LINE#         65
  C:4DB3H         LINE#         66
  C:4DDEH         LINE#         67
  C:4DFCH         LINE#         68
  C:4DFCH         LINE#         69
  C:4E10H         LINE#         70
  -------         ENDPROC       _SELECTION_SORT
  -------         PROC          _ABS_INT
  D:0006H         SYMBOL        int1
  C:6E40H         LINE#         73
  C:6E40H         LINE#         74
  C:6E4CH         LINE#         75
  C:6E53H         LINE#         76
  -------         ENDPROC       _ABS_INT
  -------         ENDMOD        Z_GLOBAL

  -------         MODULE        Z_GPIO
  C:0000H         SYMBOL        _ICE_DUMMY_
  D:00D0H         PUBLIC        PSW
  D:0080H         PUBLIC        P0
  D:0090H         PUBLIC        P1
  D:00A0H         PUBLIC        P2
  D:00B0H         PUBLIC        P3
  D:00C0H         PUBLIC        P4
  D:00C8H         PUBLIC        P5
  D:00E8H         PUBLIC        P6
  D:00F8H         PUBLIC        P7
  D:0094H         PUBLIC        P0M0
  D:0093H         PUBLIC        P0M1
  D:0092H         PUBLIC        P1M0
  D:0091H         PUBLIC        P1M1
  D:0096H         PUBLIC        P2M0
  D:0095H         PUBLIC        P2M1
  D:00B2H         PUBLIC        P3M0
[...]
  C:4EB3H         LINE#         271
  C:4EBBH         LINE#         272
  C:4EC0H         LINE#         274
  C:4ECEH         LINE#         275
  C:4ECEH         LINE#         276
  C:4ECEH         LINE#         277
  C:4ECEH         LINE#         278
  C:4EDBH         LINE#         279
  C:4EE9H         LINE#         280
  C:4EE9H         LINE#         281
  C:4EE9H         LINE#         282
  C:4EF9H         LINE#         283
  C:4F07H         LINE#         284
  C:4F07H         LINE#         285
  C:4F07H         LINE#         286
  C:4F17H         LINE#         287
  C:4F29H         LINE#         288
  C:4F2EH         LINE#         289
  C:4F35H         LINE#         290
  C:4F35H         LINE#         292
  C:4F42H         LINE#         294
  C:4F42H         LINE#         300
  -------         ENDPROC       UART2_INT
  -------         PROC          UART4
  -------         DO            
  X:04A9H         SYMBOL        buf_index
  X:04ABH         SYMBOL        sbuf_bak
  -------         ENDDO         
  C:4F4DH         LINE#         305
  C:4F5AH         LINE#         308
  C:4F62H         LINE#         309
  C:4F65H         LINE#         310
  C:4F6BH         LINE#         314
  C:4F74H         LINE#         316
  C:4F7BH         LINE#         317
  C:4F81H         LINE#         318
  C:4F88H         LINE#         319
  C:4F91H         LINE#         320
  C:4F99H         LINE#         321
  C:4FA1H         LINE#         322
  C:4FA7H         LINE#         323
  C:4FADH         LINE#         324
  C:4FB3H         LINE#         325
  C:4FB9H         LINE#         326
  C:4FBFH         LINE#         327
  C:4FC5H         LINE#         328
  C:4FCBH         LINE#         329
  C:4FCBH         LINE#         330
  C:4FD2H         LINE#         331
  C:4FD2H         LINE#         333
  C:4FEFH         LINE#         335
  C:4FF7H         LINE#         337
  C:4FFCH         LINE#         339
  C:500AH         LINE#         340
BL51 BANKED LINKER/LOCATER V6.22                                                      08/28/2018  13:38:01  PAGE 54


  C:500AH         LINE#         341
  C:500AH         LINE#         342
  C:500AH         LINE#         343
  C:5017H         LINE#         344
  C:5025H         LINE#         345
  C:5025H         LINE#         346
  C:5025H         LINE#         347
  C:5035H         LINE#         348
  C:5043H         LINE#         349
  C:5043H         LINE#         350
  C:5043H         LINE#         351
  C:5053H         LINE#         352
  C:5065H         LINE#         353
  C:506AH         LINE#         354
  C:5071H         LINE#         355
  C:5071H         LINE#         357
  C:507EH         LINE#         358
  C:507EH         LINE#         364
  -------         ENDPROC       UART4
  -------         ENDMOD        Z_UART

  -------         MODULE        Z_W25Q64
  C:0000H         SYMBOL        _ICE_DUMMY_
  D:00D0H         PUBLIC        PSW
  D:0080H         PUBLIC        P0
  D:0090H         PUBLIC        P1
  D:00A0H         PUBLIC        P2
  D:00B0H         PUBLIC        P3
  D:00C0H         PUBLIC        P4
  D:00C8H         PUBLIC        P5
  D:00E8H         PUBLIC        P6
  D:00F8H         PUBLIC        P7
  D:0092H         PUBLIC        P1M0
  D:0091H         PUBLIC        P1M1
  D:00B4H         PUBLIC        P4M0
  D:00B3H         PUBLIC        P4M1
  D:00A8H         PUBLIC        IE
  D:00B8H         PUBLIC        IP
  D:0088H         PUBLIC        TCON
  D:0098H         PUBLIC        SCON
  D:00CDH         PUBLIC        SPSTAT
  D:00CEH         PUBLIC        SPCTL
  D:00CFH         PUBLIC        SPDAT
  D:00D8H         PUBLIC        CCON
  C:6E8FH         PUBLIC        SpiMasterInit
  C:6D64H         PUBLIC        _SpiWriteRead
  B:00C0H.0       PUBLIC        P4_0
  C:6F11H         PUBLIC        SpiFlashInit
  C:6C71H         PUBLIC        SpiFlashReadID
  C:6ECCH         PUBLIC        SpiFlashReadSR
  C:6EFDH         PUBLIC        SpiFlashWriteEnable
  C:55D4H         PUBLIC        _SpiFlashWriteNoCheck
  C:6495H         PUBLIC        _SpiFlashRead
  C:6B93H         PUBLIC        _SpiFlashWrite
  C:6362H         PUBLIC        _SpiFlashEraseSector
  C:6F1AH         PUBLIC        SpiFlashWaitBusy
  C:61F3H         PUBLIC        _SpiFlashWritePage
BL51 BANKED LINKER/LOCATER V6.22                                                      08/28/2018  13:38:01  PAGE 55


  -------         PROC          SPIMASTERINIT
  C:6E8FH         LINE#         27
  C:6E8FH         LINE#         28
  C:6E8FH         LINE#         42
  C:6E92H         LINE#         43
  C:6E95H         LINE#         44
  C:6E98H         LINE#         45
  C:6E9BH         LINE#         50
  C:6E9EH         LINE#         54
  -------         ENDPROC       SPIMASTERINIT
  -------         PROC          L?0033
  -------         ENDPROC       L?0033
  -------         PROC          _SPIWRITEREAD
  D:0007H         SYMBOL        d
  C:6D64H         LINE#         103
  C:6D64H         LINE#         104
  C:6D64H         LINE#         105
  C:6D66H         LINE#         106
  C:6D6BH         LINE#         107
  C:6D6EH         LINE#         108
  C:6D70H         LINE#         109
  -------         ENDPROC       _SPIWRITEREAD
  -------         PROC          SPIFLASHINIT
  C:6F11H         LINE#         144
  C:6F11H         LINE#         145
  C:6F11H         LINE#         147
  C:6F14H         LINE#         148
  C:6F17H         LINE#         150
  -------         ENDPROC       SPIFLASHINIT
  -------         PROC          SPIFLASHREADSR
  -------         DO            
  D:0007H         SYMBOL        rt
  -------         ENDDO         
  C:6ECCH         LINE#         165
  C:6ECCH         LINE#         166
  C:6ECCH         LINE#         167
  C:6ECCH         LINE#         168
  C:6ECEH         LINE#         169
  C:6ED3H         LINE#         170
  C:6ED8H         LINE#         171
  C:6EDAH         LINE#         172
  C:6EDAH         LINE#         173
  -------         ENDPROC       SPIFLASHREADSR
  -------         PROC          SPIFLASHWRITEENABLE
  C:6EFDH         LINE#         195
  C:6EFDH         LINE#         196
  C:6EFDH         LINE#         197
  C:6EFFH         LINE#         198
  C:6F04H         LINE#         199
  C:6F06H         LINE#         200
  -------         ENDPROC       SPIFLASHWRITEENABLE
  -------         PROC          SPIFLASHREADID
  -------         DO            
  D:0004H         SYMBOL        Temp
  -------         ENDDO         
  C:6C71H         LINE#         224
  C:6C71H         LINE#         225
BL51 BANKED LINKER/LOCATER V6.22                                                      08/28/2018  13:38:01  PAGE 56


  C:6C71H         LINE#         226
  C:6C74H         LINE#         227
  C:6C76H         LINE#         228
  C:6C7BH         LINE#         229
  C:6C80H         LINE#         230
  C:6C85H         LINE#         231
  C:6C8AH         LINE#         232
  C:6C91H         LINE#         233
  C:6C96H         LINE#         234
  C:6C98H         LINE#         235
  C:6C9AH         LINE#         236
  -------         ENDPROC       SPIFLASHREADID
  -------         PROC          _SPIFLASHREAD
  X:0472H         SYMBOL        pBuffer
  X:0475H         SYMBOL        ReadAddr
  X:0479H         SYMBOL        NumByteToRead
  -------         DO            
  D:0004H         SYMBOL        i
  -------         ENDDO         
  C:6495H         LINE#         245
  C:64A4H         LINE#         246
  C:64A4H         LINE#         248
  C:64A6H         LINE#         249
  C:64ABH         LINE#         250
  C:64B0H         LINE#         251
  C:64B5H         LINE#         252
  C:64C6H         LINE#         254
  C:64D6H         LINE#         255
  C:64D6H         LINE#         256
  C:64EEH         LINE#         257
  C:64F5H         LINE#         259
  C:64F7H         LINE#         260
  -------         ENDPROC       _SPIFLASHREAD
  -------         PROC          _SPIFLASHWRITEPAGE
  X:046EH         SYMBOL        pBuffer
  X:0471H         SYMBOL        WriteAddr
  X:0475H         SYMBOL        NumByteToWrite
  -------         DO            
  D:0004H         SYMBOL        i
  -------         ENDDO         
  C:61F3H         LINE#         269
  C:6202H         LINE#         270
  C:6202H         LINE#         273
  C:6205H         LINE#         274
  C:6207H         LINE#         276
  C:620CH         LINE#         277
  C:6222H         LINE#         278
  C:6238H         LINE#         279
  C:6243H         LINE#         281
  C:6270H         LINE#         283
  C:6272H         LINE#         284
  -------         ENDPROC       _SPIFLASHWRITEPAGE
  -------         PROC          _SPIFLASHWRITENOCHECK
  X:0463H         SYMBOL        pBuffer
  X:0466H         SYMBOL        WriteAddr
  X:046AH         SYMBOL        NumByteToWrite
  -------         DO            
BL51 BANKED LINKER/LOCATER V6.22                                                      08/28/2018  13:38:01  PAGE 57


  X:046CH         SYMBOL        pageremain
  -------         ENDDO         
  C:55D4H         LINE#         298
  C:55E3H         LINE#         299
  C:55E3H         LINE#         301
  C:55FBH         LINE#         302
  C:560FH         LINE#         304
  C:560FH         LINE#         305
  C:560FH         LINE#         306
  C:563AH         LINE#         307
  C:564FH         LINE#         309
  C:564FH         LINE#         310
  C:5660H         LINE#         311
  C:5683H         LINE#         313
  C:569CH         LINE#         314
  C:56AEH         LINE#         315
  C:56BBH         LINE#         316
  C:56BBH         LINE#         317
  -------         ENDPROC       _SPIFLASHWRITENOCHECK
  -------         PROC          _SPIFLASHWRITE
  D:0001H         SYMBOL        pBuffer
  X:04B5H         SYMBOL        WriteAddr
  X:04B9H         SYMBOL        NumByteToWrite
  -------         DO            
  X:04BBH         SYMBOL        secpos
  -------         ENDDO         
  C:6B93H         LINE#         329
  C:6B99H         LINE#         330
  C:6B99H         LINE#         331
  C:6BA3H         LINE#         334
  -------         ENDPROC       _SPIFLASHWRITE
  -------         PROC          _SPIFLASHERASESECTOR
  X:0472H         SYMBOL        Dst_Addr
  C:6362H         LINE#         357
  C:6368H         LINE#         358
  C:6368H         LINE#         360
  C:6381H         LINE#         361
  C:6384H         LINE#         362
  C:6387H         LINE#         363
  C:6389H         LINE#         364
  C:638EH         LINE#         365
  C:63A4H         LINE#         366
  C:63BAH         LINE#         367
  C:63C5H         LINE#         368
  C:63C7H         LINE#         369
  -------         ENDPROC       _SPIFLASHERASESECTOR
  -------         PROC          SPIFLASHWAITBUSY
  C:6F1AH         LINE#         377
  C:6F1AH         LINE#         378
  C:6F1AH         LINE#         379
  C:6F21H         LINE#         380
  -------         ENDPROC       SPIFLASHWAITBUSY
  -------         ENDMOD        Z_W25Q64

  -------         MODULE        ?C?FPADD
  C:1529H         PUBLIC        ?C?FPADD
  C:1525H         PUBLIC        ?C?FPSUB
BL51 BANKED LINKER/LOCATER V6.22                                                      08/28/2018  13:38:01  PAGE 58


  -------         ENDMOD        ?C?FPADD

  -------         MODULE        ?C?FPMUL
  C:161AH         PUBLIC        ?C?FPMUL
  -------         ENDMOD        ?C?FPMUL

  -------         MODULE        ?C?FPDIV
  C:1723H         PUBLIC        ?C?FPDIV
  -------         ENDMOD        ?C?FPDIV

  -------         MODULE        ?C?FPCMP
  C:17C2H         PUBLIC        ?C?FPCMP
  C:17C0H         PUBLIC        ?C?FPCMP3
  -------         ENDMOD        ?C?FPCMP

  -------         MODULE        ?C?FPNEG
  C:1839H         PUBLIC        ?C?FPNEG
  -------         ENDMOD        ?C?FPNEG

  -------         MODULE        ?C?FCAST
  C:1854H         PUBLIC        ?C?FCASTC
  C:184FH         PUBLIC        ?C?FCASTI
  C:184AH         PUBLIC        ?C?FCASTL
  -------         ENDMOD        ?C?FCAST

  -------         MODULE        ?C?CASTF
  C:1888H         PUBLIC        ?C?CASTF
  -------         ENDMOD        ?C?CASTF

  -------         MODULE        PRINTF
  X:0472H         PUBLIC        ?_PRINTF?BYTE
  X:0472H         PUBLIC        ?_SPRINTF?BYTE
  C:33F1H         PUBLIC        _PRINTF
  C:33EBH         PUBLIC        _SPRINTF
  -------         ENDMOD        PRINTF

  -------         MODULE        SCANF
  X:046EH         PUBLIC        ?_SCANF?BYTE
  X:046EH         PUBLIC        ?_SSCANF?BYTE
  C:3896H         PUBLIC        _SCANF
  C:3892H         PUBLIC        _SSCANF
  -------         ENDMOD        SCANF

  -------         MODULE        ?C?FPROUND
  C:1909H         PUBLIC        ?C?FPROUND
  -------         ENDMOD        ?C?FPROUND

  -------         MODULE        ?C?FPCONVERT
  C:1946H         PUBLIC        ?C?FPCONVERT
  -------         ENDMOD        ?C?FPCONVERT

  -------         MODULE        ?C?FTNPWR
  C:1A7BH         PUBLIC        ?C?FTNPWR
  -------         ENDMOD        ?C?FTNPWR

  -------         MODULE        ?C?COPY
  C:1B8BH         PUBLIC        ?C?COPY
BL51 BANKED LINKER/LOCATER V6.22                                                      08/28/2018  13:38:01  PAGE 59


  -------         ENDMOD        ?C?COPY

  -------         MODULE        ?C?CLDPTR
  C:1BB1H         PUBLIC        ?C?CLDPTR
  -------         ENDMOD        ?C?CLDPTR

  -------         MODULE        ?C?CLDOPTR
  C:1BCAH         PUBLIC        ?C?CLDOPTR
  -------         ENDMOD        ?C?CLDOPTR

  -------         MODULE        ?C?CSTPTR
  C:1BF7H         PUBLIC        ?C?CSTPTR
  -------         ENDMOD        ?C?CSTPTR

  -------         MODULE        ?C?CSTOPTR
  C:1C09H         PUBLIC        ?C?CSTOPTR
  -------         ENDMOD        ?C?CSTOPTR

  -------         MODULE        ?C?IMUL
  C:1C2BH         PUBLIC        ?C?IMUL
  -------         ENDMOD        ?C?IMUL

  -------         MODULE        ?C?SIDIV
  C:1C3DH         PUBLIC        ?C?SIDIV
  -------         ENDMOD        ?C?SIDIV

  -------         MODULE        ?C?IILDX
  C:1C73H         PUBLIC        ?C?IILDX
  -------         ENDMOD        ?C?IILDX

  -------         MODULE        ?C?ILDIX
  C:1C89H         PUBLIC        ?C?ILDIX
  -------         ENDMOD        ?C?ILDIX

  -------         MODULE        ?C?ILDPTR
  C:1C9FH         PUBLIC        ?C?ILDPTR
  -------         ENDMOD        ?C?ILDPTR

  -------         MODULE        ?C?ILDOPTR
  C:1CCAH         PUBLIC        ?C?ILDOPTR
  -------         ENDMOD        ?C?ILDOPTR

  -------         MODULE        ?C?ISTPTR
  C:1D02H         PUBLIC        ?C?ISTPTR
  -------         ENDMOD        ?C?ISTPTR

  -------         MODULE        ?C?ISTOPTR
  C:1D21H         PUBLIC        ?C?ISTOPTR
  -------         ENDMOD        ?C?ISTOPTR

  -------         MODULE        ?C?ULDIV
  C:1D8AH         PUBLIC        ?C?ULDIV
  -------         ENDMOD        ?C?ULDIV

  -------         MODULE        ?C?LNEG
  C:1E1CH         PUBLIC        ?C?LNEG
  -------         ENDMOD        ?C?LNEG
BL51 BANKED LINKER/LOCATER V6.22                                                      08/28/2018  13:38:01  PAGE 60



  -------         MODULE        ?C?ULCMP
  C:1E2AH         PUBLIC        ?C?ULCMP
  -------         ENDMOD        ?C?ULCMP

  -------         MODULE        ?C?ULSHR
  C:1E3BH         PUBLIC        ?C?ULSHR
  -------         ENDMOD        ?C?ULSHR

  -------         MODULE        ?C?LSHL
  C:1E4EH         PUBLIC        ?C?LSHL
  -------         ENDMOD        ?C?LSHL

  -------         MODULE        ?C?LSTPTR
  C:1E61H         PUBLIC        ?C?LSTPTR
  -------         ENDMOD        ?C?LSTPTR

  -------         MODULE        ?C?LSTXDATA
  C:1E7BH         PUBLIC        ?C?LSTXDATA
  -------         ENDMOD        ?C?LSTXDATA

  -------         MODULE        ?C?LSTKXDATA
  C:1E87H         PUBLIC        ?C?LSTKXDATA
  -------         ENDMOD        ?C?LSTKXDATA

  -------         MODULE        ?C?OFFXADD
  C:1EB8H         PUBLIC        ?C?OFFXADD
  -------         ENDMOD        ?C?OFFXADD

  -------         MODULE        ?C?PLDXDATA
  C:1EC4H         PUBLIC        ?C?PLDXDATA
  -------         ENDMOD        ?C?PLDXDATA

  -------         MODULE        ?C?PLDIXDATA
  C:1ECDH         PUBLIC        ?C?PLDIXDATA
  -------         ENDMOD        ?C?PLDIXDATA

  -------         MODULE        ?C?PILDXDATA
  C:1EE4H         PUBLIC        ?C?PILDXDATA
  -------         ENDMOD        ?C?PILDXDATA

  -------         MODULE        ?C?PSTXDATA
  C:1EFBH         PUBLIC        ?C?PSTXDATA
  -------         ENDMOD        ?C?PSTXDATA

  -------         MODULE        ?C?CCASE
  C:1F04H         PUBLIC        ?C?CCASE
  -------         ENDMOD        ?C?CCASE

  -------         MODULE        PUTCHAR
  C:6CC3H         PUBLIC        _PUTCHAR
  -------         ENDMOD        PUTCHAR

  -------         MODULE        GETCHAR
  B:0021H.3       PUBLIC        ?C?CHARLOADED
  X:04C4H         PUBLIC        ?_UNGETCHAR?BYTE
  C:6E54H         PUBLIC        GETCHAR
BL51 BANKED LINKER/LOCATER V6.22                                                      08/28/2018  13:38:01  PAGE 61


  -------         ENDMOD        GETCHAR

  -------         MODULE        UNGETC
  C:6F22H         PUBLIC        _UNGETCHAR
  -------         ENDMOD        UNGETC

  -------         MODULE        ISSPACE
  C:6E68H         PUBLIC        _isspace
  -------         ENDMOD        ISSPACE

  -------         MODULE        ?C?STRCPY
  C:1FF6H         PUBLIC        ?C?STRCPY
  -------         ENDMOD        ?C?STRCPY

  -------         MODULE        STRLEN
  C:6E2BH         PUBLIC        _STRLEN
  -------         ENDMOD        STRLEN

  -------         MODULE        ?C?MEMSET
  C:2013H         PUBLIC        ?C?MEMSET
  -------         ENDMOD        ?C?MEMSET

  -------         MODULE        ?C?UIDIV
  C:203FH         PUBLIC        ?C?UIDIV
  -------         ENDMOD        ?C?UIDIV

  -------         MODULE        ?C?LSTIDATA
  C:2094H         PUBLIC        ?C?LSTIDATA
  -------         ENDMOD        ?C?LSTIDATA

  -------         MODULE        ?C?LSTPDATA
  C:20A0H         PUBLIC        ?C?LSTPDATA
  -------         ENDMOD        ?C?LSTPDATA

  -------         MODULE        _GETKEY
  C:6F07H         PUBLIC        _GETKEY
  -------         ENDMOD        _GETKEY

*** WARNING L16: UNCALLED SEGMENT, IGNORED FOR OVERLAY PROCESS
    SEGMENT: ?PR?HANDLE_UART?Z_MAIN

*** WARNING L16: UNCALLED SEGMENT, IGNORED FOR OVERLAY PROCESS
    SEGMENT: ?PR?LOOP_VOL_WARNING?Z_MAIN

*** WARNING L16: UNCALLED SEGMENT, IGNORED FOR OVERLAY PROCESS
    SEGMENT: ?PR?HANDLE_SENSOR?Z_MAIN

*** WARNING L16: UNCALLED SEGMENT, IGNORED FOR OVERLAY PROCESS
    SEGMENT: ?PR?_UDELAY?Z_DELAY

*** WARNING L16: UNCALLED SEGMENT, IGNORED FOR OVERLAY PROCESS
    SEGMENT: ?PR?_ABS_INT?Z_GLOBAL

*** WARNING L16: UNCALLED SEGMENT, IGNORED FOR OVERLAY PROCESS
    SEGMENT: ?PR?UART1_CLOSE?Z_UART

*** WARNING L16: UNCALLED SEGMENT, IGNORED FOR OVERLAY PROCESS
BL51 BANKED LINKER/LOCATER V6.22                                                      08/28/2018  13:38:01  PAGE 62


    SEGMENT: ?PR?UART2_CLOSE?Z_UART

*** WARNING L16: UNCALLED SEGMENT, IGNORED FOR OVERLAY PROCESS
    SEGMENT: ?PR?UART4_CLOSE?Z_UART

*** WARNING L16: UNCALLED SEGMENT, IGNORED FOR OVERLAY PROCESS
    SEGMENT: ?PR?_SPIFLASHWRITE?Z_W25Q64

Program Size: data=29.4 xdata=1221 code=28528
LINK/LOCATE RUN COMPLETE.  9 WARNING(S),  0 ERROR(S)
