BL51 BANKED LINKER/LOCATER V6.22                                                        09/17/2018  20:32:40  PAGE 1


BL51 BANKED LINKER/LOCATER V6.22, INVOKED BY:
D:\KEIL\C51\BIN\BL51.EXE .\obj\z_main.obj, .\obj\z_adc.obj, .\obj\z_delay.obj, .\obj\z_global.obj, .\obj\z_gpio.obj, .\o
>> bj\z_ps2.obj, .\obj\z_pwm.obj, .\obj\z_sensor.obj, .\obj\z_timer.obj, .\obj\z_uart.obj, .\obj\z_w25q64.obj TO .\obj\5
>> 1_duoji20180915 PRINT (.\lst\51_duoji20180915.m51)


MEMORY MODEL: LARGE WITH FLOATING POINT ARITHMETIC


INPUT MODULES INCLUDED:
  .\obj\z_main.obj (Z_MAIN)
  .\obj\z_adc.obj (Z_ADC)
  .\obj\z_delay.obj (Z_DELAY)
  .\obj\z_global.obj (Z_GLOBAL)
  .\obj\z_gpio.obj (Z_GPIO)
  .\obj\z_ps2.obj (Z_PS2)
  .\obj\z_pwm.obj (Z_PWM)
  .\obj\z_sensor.obj (Z_SENSOR)
  .\obj\z_timer.obj (Z_TIMER)
  .\obj\z_uart.obj (Z_UART)
  .\obj\z_w25q64.obj (Z_W25Q64)
  D:\KEIL\C51\LIB\C51FPL.LIB (?C?FPADD)
  D:\KEIL\C51\LIB\C51FPL.LIB (?C?FPMUL)
  D:\KEIL\C51\LIB\C51FPL.LIB (?C?FPDIV)
  D:\KEIL\C51\LIB\C51FPL.LIB (?C?FPCMP)
  D:\KEIL\C51\LIB\C51FPL.LIB (?C?FPNEG)
  D:\KEIL\C51\LIB\C51FPL.LIB (?C?FCAST)
  D:\KEIL\C51\LIB\C51FPL.LIB (?C?CASTF)
  D:\KEIL\C51\LIB\C51FPL.LIB (PRINTF)
  D:\KEIL\C51\LIB\C51FPL.LIB (SCANF)
  D:\KEIL\C51\LIB\C51FPL.LIB (?C?FPGETOPN)
  D:\KEIL\C51\LIB\C51FPL.LIB (?C?FPROUND)
  D:\KEIL\C51\LIB\C51FPL.LIB (?C?FPCONVERT)
  D:\KEIL\C51\LIB\C51FPL.LIB (?C?ATOF)
  D:\KEIL\C51\LIB\C51FPL.LIB (?C?FTNPWR)
  D:\KEIL\C51\LIB\C51L.LIB (?C_STARTUP)
  D:\KEIL\C51\LIB\C51L.LIB (?C?COPY)
  D:\KEIL\C51\LIB\C51L.LIB (?C?CLDPTR)
  D:\KEIL\C51\LIB\C51L.LIB (?C?CLDOPTR)
  D:\KEIL\C51\LIB\C51L.LIB (?C?CSTPTR)
  D:\KEIL\C51\LIB\C51L.LIB (?C?CSTOPTR)
  D:\KEIL\C51\LIB\C51L.LIB (?C?IMUL)
  D:\KEIL\C51\LIB\C51L.LIB (?C?SIDIV)
  D:\KEIL\C51\LIB\C51L.LIB (?C?IILDX)
  D:\KEIL\C51\LIB\C51L.LIB (?C?ILDIX)
  D:\KEIL\C51\LIB\C51L.LIB (?C?ILDPTR)
  D:\KEIL\C51\LIB\C51L.LIB (?C?ILDOPTR)
  D:\KEIL\C51\LIB\C51L.LIB (?C?ISTPTR)
  D:\KEIL\C51\LIB\C51L.LIB (?C?ISTOPTR)
  D:\KEIL\C51\LIB\C51L.LIB (?C?LMUL)
  D:\KEIL\C51\LIB\C51L.LIB (?C?ULDIV)
  D:\KEIL\C51\LIB\C51L.LIB (?C?LNEG)
  D:\KEIL\C51\LIB\C51L.LIB (?C?ULCMP)
  D:\KEIL\C51\LIB\C51L.LIB (?C?ULSHR)
  D:\KEIL\C51\LIB\C51L.LIB (?C?LSHL)
  D:\KEIL\C51\LIB\C51L.LIB (?C?LSTPTR)
  D:\KEIL\C51\LIB\C51L.LIB (?C?LSTXDATA)
  D:\KEIL\C51\LIB\C51L.LIB (?C?LSTKXDATA)
BL51 BANKED LINKER/LOCATER V6.22                                                      09/17/2018  20:32:40  PAGE 2


  D:\KEIL\C51\LIB\C51L.LIB (?C?OFFXADD)
  D:\KEIL\C51\LIB\C51L.LIB (?C?PLDXDATA)
  D:\KEIL\C51\LIB\C51L.LIB (?C?PLDIXDATA)
  D:\KEIL\C51\LIB\C51L.LIB (?C?PILDXDATA)
  D:\KEIL\C51\LIB\C51L.LIB (?C?PSTXDATA)
  D:\KEIL\C51\LIB\C51L.LIB (?C?CCASE)
  D:\KEIL\C51\LIB\C51L.LIB (PUTCHAR)
  D:\KEIL\C51\LIB\C51L.LIB (GETCHAR)
  D:\KEIL\C51\LIB\C51L.LIB (UNGETC)
  D:\KEIL\C51\LIB\C51L.LIB (ISSPACE)
  D:\KEIL\C51\LIB\C51L.LIB (?C?STRCPY)
  D:\KEIL\C51\LIB\C51L.LIB (STRLEN)
  D:\KEIL\C51\LIB\C51L.LIB (?C?MEMSET)
  D:\KEIL\C51\LIB\C51L.LIB (?C_INIT)
  D:\KEIL\C51\LIB\C51L.LIB (?C?UIDIV)
  D:\KEIL\C51\LIB\C51L.LIB (?C?LSTIDATA)
  D:\KEIL\C51\LIB\C51L.LIB (?C?LSTPDATA)
  D:\KEIL\C51\LIB\C51L.LIB (_GETKEY)


LINK MAP OF MODULE:  .\obj\51_duoji20180915 (Z_MAIN)


            TYPE    BASE      LENGTH    RELOCATION   SEGMENT NAME
            -----------------------------------------------------

            * * * * * * *   D A T A   M E M O R Y   * * * * * * *
            REG     0000H     0008H     ABSOLUTE     "REG BANK 0"
            REG     0008H     0008H     ABSOLUTE     "REG BANK 1"
            DATA    0010H     000BH     UNIT         _DATA_GROUP_
                    001BH     0005H                  *** GAP ***
            BIT     0020H.0   0001H.3   UNIT         _BIT_GROUP_
            BIT     0021H.3   0000H.1   UNIT         ?BI?GETCHAR
                    0021H.4   0000H.4                *** GAP ***
            IDATA   0022H     0001H     UNIT         ?STACK

            * * * * * * *  X D A T A   M E M O R Y  * * * * * * *
            XDATA   0000H     03A1H     UNIT         ?XD?Z_GLOBAL
            XDATA   03A1H     006CH     UNIT         ?XD?Z_SENSOR
            XDATA   040DH     0051H     UNIT         ?XD?Z_MAIN
            XDATA   045EH     0046H     UNIT         _XDATA_GROUP_
            XDATA   04A4H     0010H     UNIT         ?XD?Z_UART
            XDATA   04B4H     000DH     UNIT         ?XD?_SPIFLASHWRITE?Z_W25Q64
            XDATA   04C1H     0005H     UNIT         ?XD?Z_TIMER
            XDATA   04C6H     0001H     UNIT         ?XD?GETCHAR

            * * * * * * *   C O D E   M E M O R Y   * * * * * * *
            CODE    0000H     0003H     ABSOLUTE     
            CODE    0003H     0008H     UNIT         ?PR?_UART1_SEND_BYTE?Z_UART
            CODE    000BH     0003H     ABSOLUTE     
            CODE    000EH     000DH     UNIT         ?PR?DJ_IO_INIT?Z_GPIO
            CODE    001BH     0003H     ABSOLUTE     
            CODE    001EH     0005H     UNIT         ?PR?SETUP_VOL?Z_MAIN
            CODE    0023H     0003H     ABSOLUTE     
            CODE    0026H     001DH     UNIT         ?PR?IO_INIT?Z_GPIO
            CODE    0043H     0003H     ABSOLUTE     
            CODE    0046H     004BH     UNIT         ?PR?LOOP_SAVE_SOMETHING?Z_MAIN
BL51 BANKED LINKER/LOCATER V6.22                                                      09/17/2018  20:32:40  PAGE 3


            CODE    0091H     0001H     UNIT         ?PR?HANDLE_UART?Z_MAIN
            CODE    0092H     0001H     UNIT         ?PR?HANDLE_SENSOR?Z_MAIN
            CODE    0093H     0003H     ABSOLUTE     
            CODE    0096H     0004H     UNIT         ?PR?SOFT_RESET?Z_MAIN
            CODE    009AH     0001H     UNIT         ?PR?SETUP_XUNJI?Z_SENSOR
            CODE    009BH     0003H     ABSOLUTE     
            CODE    009EH     14A0H     UNIT         ?CO?Z_MAIN
            CODE    153EH     0BCDH     UNIT         ?C?LIB_CODE
            CODE    210BH     0B91H     UNIT         ?PR?_PARSE_CMD?Z_MAIN
            CODE    2C9CH     087CH     UNIT         ?PR?_DO_ACTION?Z_MAIN
            CODE    3518H     0483H     UNIT         ?PR?PRINTF?PRINTF
            CODE    399BH     035AH     UNIT         ?PR?SCANF?SCANF
            CODE    3CF5H     0332H     UNIT         ?PR?_PARSE_PSX_BUF?Z_MAIN
            CODE    4027H     02BFH     UNIT         ?PR?SMART_YSSBJIAQU?Z_SENSOR
            CODE    42E6H     024FH     UNIT         ?PR?SMART_XUNJIYANSE?Z_SENSOR
            CODE    4535H     01E0H     UNIT         ?PR?_ACTION_SAVE?Z_MAIN
            CODE    4715H     0195H     UNIT         ?PR?SMART_YSSB_VERIFY?Z_SENSOR
            CODE    48AAH     0184H     UNIT         ?PR?LOOP_BT_ONCE?Z_MAIN
            CODE    4A2EH     0171H     UNIT         ?PR?_DUOJI_INC_HANDLE?Z_MAIN
            CODE    4B9FH     0170H     UNIT         ?C_INITSEG
            CODE    4D0FH     015AH     UNIT         ?PR?UART1?Z_UART
            CODE    4E69H     013FH     UNIT         ?PR?_SELECTION_SORT?Z_GLOBAL
            CODE    4FA8H     013CH     UNIT         ?PR?UART2_INT?Z_UART
            CODE    50E4H     013CH     UNIT         ?PR?UART4?Z_UART
            CODE    5220H     012EH     UNIT         ?PR?_CAR_PWM_SET?Z_PWM
            CODE    534EH     0125H     UNIT         ?PR?SETUP_OTHERS?Z_MAIN
            CODE    5473H     0119H     UNIT         ?PR?_STR_CONTAIN_STR?Z_GLOBAL
            CODE    558CH     0100H     UNIT         ?PR?SMART_SOUNDJIAQU?Z_SENSOR
            CODE    568CH     00ECH     UNIT         ?PR?LOOP_ACTION?Z_MAIN
            CODE    5778H     00EAH     UNIT         ?PR?_SPIFLASHWRITENOCHECK?Z_W25Q64
            CODE    5862H     00E6H     UNIT         ?PR??C?ATOF??C?ATOF
            CODE    5948H     00D8H     UNIT         ?PR?T0_IRQ?Z_TIMER
            CODE    5A20H     00CCH     UNIT         ?PR?GET_CSB_VALUE?Z_SENSOR
            CODE    5AECH     00C6H     UNIT         ?PR?_ERASE_SECTOR?Z_MAIN
            CODE    5BB2H     00B8H     UNIT         ?PR?SMART_XUNJICSBJIAQU?Z_SENSOR
            CODE    5C6AH     00B5H     UNIT         ?PR?SETUP_YSSB?Z_SENSOR
            CODE    5D1FH     00B1H     UNIT         ?PR?GET_ADC_YSSB_MIDDLE?Z_SENSOR
            CODE    5DD0H     00B0H     UNIT         ?PR?_PSX_WRITE_READ?Z_PS2
            CODE    5E80H     00ABH     UNIT         ?PR?_PRINT_GROUP?Z_MAIN
            CODE    5F2BH     009EH     UNIT         ?PR?SETUP_W25Q64?Z_MAIN
            CODE    5FC9H     009EH     UNIT         ?PR?SMART_CSBJIAQU?Z_SENSOR
            CODE    6067H     009DH     UNIT         ?PR?LOOP_PS2_CAR_PWM?Z_MAIN
            CODE    6104H     0098H     UNIT         ?PR?SMART_ZIYOUBIZHANG?Z_SENSOR
            CODE    619CH     0096H     UNIT         ?PR?SMART_GENSUI?Z_SENSOR
            CODE    6232H     0091H     UNIT         ?PR?LOOP_UART?Z_MAIN
            CODE    62C3H     008CH     UNIT         ?PR?_GET_ACTION_INDEX?Z_MAIN
            CODE    634FH     008CH     UNIT         ?C_C51STARTUP
            CODE    63DBH     0088H     UNIT         ?CO?Z_SENSOR
            CODE    6463H     0085H     UNIT         ?PR?MAIN?Z_MAIN
            CODE    64E8H     0082H     UNIT         ?PR?_SPIFLASHWRITEPAGE?Z_W25Q64
            CODE    656AH     007CH     UNIT         ?PR?_PSX_TRANSFER?Z_PS2
            CODE    65E6H     0071H     UNIT         ?PR?LOOP_SMART_SENSOR?Z_SENSOR
            CODE    6657H     0068H     UNIT         ?PR?_SPIFLASHERASESECTOR?Z_W25Q64
            CODE    66BFH     0067H     UNIT         ?PR?_DO_GROUP_ONCE?Z_MAIN
            CODE    6726H     0064H     UNIT         ?PR?LOOP_VOL_WARNING?Z_MAIN
            CODE    678AH     0063H     UNIT         ?PR?_SPIFLASHREAD?Z_W25Q64
            CODE    67EDH     0061H     UNIT         ?PR?_UART4_INIT?Z_UART
BL51 BANKED LINKER/LOCATER V6.22                                                      09/17/2018  20:32:40  PAGE 4


            CODE    684EH     0060H     UNIT         ?PR?_UART1_INIT?Z_UART
            CODE    68AEH     005EH     UNIT         ?PR?_UART2_INIT?Z_UART
            CODE    690CH     005CH     UNIT         ?PR?LOOP_PS2_BUTTON?Z_MAIN
            CODE    6968H     0059H     UNIT         ?PR?_BEEP_ON_TIMES?Z_GPIO
            CODE    69C1H     0056H     UNIT         ?PR?_PWM_INIT?Z_PWM
            CODE    6A17H     0053H     UNIT         ?PR?CHECK_DJ_STATE?Z_MAIN
            CODE    6A6AH     0050H     UNIT         ?PR?GLOBAL_INIT?Z_GLOBAL
            CODE    6ABAH     004EH     UNIT         ?PR?SMART_XUNJI?Z_SENSOR
            CODE    6B08H     004BH     UNIT         ?PR?T3_IRQ?Z_TIMER
            CODE    6B53H     004AH     UNIT         ?PR?SMART_XUNJIBIZHANG?Z_SENSOR
            CODE    6B9DH     0049H     UNIT         ?PR?GET_ADC_CSB_MIDDLE?Z_SENSOR
            CODE    6BE6H     0043H     UNIT         ?PR?_INT_EXCHANGE?Z_MAIN
            CODE    6C29H     0042H     UNIT         ?PR?SETUP_START?Z_MAIN
            CODE    6C6BH     0041H     UNIT         ?PR?_ABS_FLOAT?Z_MAIN
            CODE    6CACH     003DH     UNIT         ?PR?LOOP_PS2_DATA?Z_MAIN
            CODE    6CE9H     003BH     UNIT         ?PR?_UART1_SEND_STR?Z_UART
            CODE    6D24H     0038H     UNIT         ?PR?_DJ_IO_SET?Z_GPIO
            CODE    6D5CH     0037H     UNIT         ?PR?LOOP_NLED?Z_MAIN
            CODE    6D93H     0037H     UNIT         ?PR?_ZX_UART_SEND_STR?Z_UART
            CODE    6DCAH     0036H     UNIT         ?PR?_TIMER0_RESET?Z_TIMER
            CODE    6E00H     0033H     UNIT         ?PR?_UART4_SEND_STR?Z_UART
            CODE    6E33H     0032H     UNIT         ?PR?_SPIFLASHWRITE?Z_W25Q64
            CODE    6E65H     002BH     UNIT         ?PR?_PWM2_SETPWMWIDE?Z_PWM
            CODE    6E90H     002BH     UNIT         ?PR?_PWM3_SETPWMWIDE?Z_PWM
            CODE    6EBBH     002BH     UNIT         ?PR?_PWM4_SETPWMWIDE?Z_PWM
            CODE    6EE6H     002BH     UNIT         ?PR?_PWM5_SETPWMWIDE?Z_PWM
            CODE    6F11H     002AH     UNIT         ?PR?SPIFLASHREADID?Z_W25Q64
            CODE    6F3BH     0028H     UNIT         ?PR?_ADC_READ?Z_ADC
            CODE    6F63H     0027H     UNIT         ?PR?PUTCHAR?PUTCHAR
            CODE    6F8AH     0025H     UNIT         ?PR?REWRITE_EEPROM?Z_MAIN
            CODE    6FAFH     0024H     UNIT         ?PR?_UART2_SEND_STR?Z_UART
            CODE    6FD3H     0020H     UNIT         ?PR?_MDELAY?Z_DELAY
            CODE    6FF3H     001EH     UNIT         ?PR?_SPIWRITEREAD?Z_W25Q64
            CODE    7011H     001BH     UNIT         ?PR?T1_IRQ?Z_TIMER
            CODE    702CH     001AH     UNIT         ?PR?_UART2_SEND_BYTE?Z_UART
            CODE    7046H     0019H     UNIT         ?PR?_REPLACE_CHAR?Z_MAIN
            CODE    705FH     0017H     UNIT         ?PR?SETUP_UART1?Z_MAIN
            CODE    7076H     0017H     UNIT         ?PR?SETUP_UART2?Z_MAIN
            CODE    708DH     0017H     UNIT         ?PR?SETUP_UART4?Z_MAIN
            CODE    70A4H     0015H     UNIT         ?PR?_ADC_INIT?Z_ADC
            CODE    70B9H     0015H     UNIT         ?PR?TIMER1_INIT?Z_TIMER
            CODE    70CEH     0015H     UNIT         ?PR?_STRLEN?STRLEN
            CODE    70E3H     0014H     UNIT         ?PR?_ABS_INT?Z_GLOBAL
            CODE    70F7H     0014H     UNIT         ?PR?TIMER0_INIT?Z_TIMER
            CODE    710BH     0014H     UNIT         ?PR?GETCHAR?GETCHAR
            CODE    711FH     0014H     UNIT         ?PR?_ISSPACE?ISSPACE
            CODE    7133H     0013H     UNIT         ?PR?_UDELAY?Z_DELAY
            CODE    7146H     0012H     UNIT         ?PR?TIMER3_INIT?Z_TIMER
            CODE    7158H     0010H     UNIT         ?PR?SPIMASTERINIT?Z_W25Q64
            CODE    7168H     000FH     UNIT         ?PR?SETUP_CAR_PWM?Z_MAIN
            CODE    7177H     000FH     UNIT         ?PR?MILLIS?Z_TIMER
            CODE    7186H     000FH     UNIT         ?PR?GET_UART_TIMEOUT?Z_UART
            CODE    7195H     000FH     UNIT         ?PR?SPIFLASHREADSR?Z_W25Q64
            CODE    71A4H     000CH     UNIT         ?PR?SETUP_SENSOR?Z_SENSOR
            CODE    71B0H     000BH     UNIT         ?PR?_DELAY?Z_DELAY
            CODE    71BBH     000BH     UNIT         ?PR?_UART4_SEND_BYTE?Z_UART
            CODE    71C6H     000AH     UNIT         ?PR?SPIFLASHWRITEENABLE?Z_W25Q64
BL51 BANKED LINKER/LOCATER V6.22                                                      09/17/2018  20:32:40  PAGE 5


            CODE    71D0H     000AH     UNIT         ?PR?_GETKEY?_GETKEY
            CODE    71DAH     0009H     UNIT         ?PR?SPIFLASHINIT?Z_W25Q64
            CODE    71E3H     0008H     UNIT         ?PR?SPIFLASHWAITBUSY?Z_W25Q64
            CODE    71EBH     0008H     UNIT         ?PR?GETCHAR?UNGETCHAR
            CODE    71F3H     0007H     UNIT         ?PR?PSX_INIT?Z_PS2
            CODE    71FAH     0006H     UNIT         ?PR?SETUP_INTERRUPT?Z_MAIN
            CODE    7200H     0004H     UNIT         ?PR?UART2_OPEN?Z_UART
            CODE    7204H     0004H     UNIT         ?PR?UART2_CLOSE?Z_UART
            CODE    7208H     0004H     UNIT         ?PR?UART4_OPEN?Z_UART
            CODE    720CH     0004H     UNIT         ?PR?UART4_CLOSE?Z_UART
            CODE    7210H     0003H     UNIT         ?PR?SETUP_GLOBAL?Z_MAIN
            CODE    7213H     0003H     UNIT         ?PR?SETUP_GPIO?Z_MAIN
            CODE    7216H     0003H     UNIT         ?PR?SETUP_NLED?Z_MAIN
            CODE    7219H     0003H     UNIT         ?PR?SETUP_BEEP?Z_MAIN
            CODE    721CH     0003H     UNIT         ?PR?SETUP_DJIO?Z_MAIN
            CODE    721FH     0003H     UNIT         ?PR?SETUP_PS2?Z_MAIN
            CODE    7222H     0003H     UNIT         ?PR?SETUP_DJ_TIMER?Z_MAIN
            CODE    7225H     0003H     UNIT         ?PR?SETUP_SYSTICK?Z_MAIN
            CODE    7228H     0003H     UNIT         ?PR?SETUP_CSB?Z_SENSOR
            CODE    722BH     0003H     UNIT         ?PR?UART1_OPEN?Z_UART
            CODE    722EH     0003H     UNIT         ?PR?UART1_CLOSE?Z_UART
            CODE    7231H     0001H     UNIT         ?PR?SETUP_SOUND?Z_SENSOR



OVERLAY MAP OF MODULE:   .\obj\51_duoji20180915 (Z_MAIN)


SEGMENT                                       BIT_GROUP          DATA_GROUP          XDATA_GROUP
  +--> CALLED SEGMENT                      START    LENGTH     START    LENGTH     START    LENGTH
--------------------------------------------------------------------------------------------------
?PR?T0_IRQ?Z_TIMER                         -----    -----      -----    -----      -----    -----
  +--> ?PR?_TIMER0_RESET?Z_TIMER
  +--> ?PR?_DJ_IO_SET?Z_GPIO

?PR?_TIMER0_RESET?Z_TIMER                  -----    -----      -----    -----      045EH    0002H

*** NEW ROOT ***************************************************

?PR?UART1?Z_UART                           -----    -----      -----    -----      -----    -----
  +--> ?PR?MILLIS?Z_TIMER

*** NEW ROOT ***************************************************

?PR?UART2_INT?Z_UART                       -----    -----      -----    -----      -----    -----
  +--> ?PR?MILLIS?Z_TIMER

*** NEW ROOT ***************************************************

?PR?UART4?Z_UART                           -----    -----      -----    -----      -----    -----
  +--> ?PR?MILLIS?Z_TIMER

*** NEW ROOT ***************************************************

?C_C51STARTUP                              -----    -----      -----    -----      -----    -----
  +--> ?PR?MAIN?Z_MAIN
  +--> ?C_INITSEG
BL51 BANKED LINKER/LOCATER V6.22                                                      09/17/2018  20:32:40  PAGE 6



?PR?MAIN?Z_MAIN                            -----    -----      -----    -----      -----    -----
  +--> ?PR?SETUP_GLOBAL?Z_MAIN
  +--> ?PR?SETUP_GPIO?Z_MAIN
  +--> ?PR?SETUP_NLED?Z_MAIN
  +--> ?PR?SETUP_BEEP?Z_MAIN
  +--> ?PR?SETUP_DJIO?Z_MAIN
  +--> ?PR?SETUP_W25Q64?Z_MAIN
  +--> ?PR?SETUP_PS2?Z_MAIN
  +--> ?PR?SETUP_VOL?Z_MAIN
  +--> ?PR?SETUP_CAR_PWM?Z_MAIN
  +--> ?PR?SETUP_UART1?Z_MAIN
  +--> ?PR?SETUP_UART2?Z_MAIN
  +--> ?PR?SETUP_UART4?Z_MAIN
  +--> ?PR?SETUP_SYSTICK?Z_MAIN
  +--> ?PR?SETUP_OTHERS?Z_MAIN
  +--> ?PR?SETUP_SENSOR?Z_SENSOR
  +--> ?PR?SETUP_DJ_TIMER?Z_MAIN
  +--> ?PR?SETUP_INTERRUPT?Z_MAIN
  +--> ?PR?SETUP_START?Z_MAIN
  +--> ?PR?LOOP_NLED?Z_MAIN
  +--> ?PR?LOOP_UART?Z_MAIN
  +--> ?PR?LOOP_ACTION?Z_MAIN
  +--> ?PR?LOOP_BT_ONCE?Z_MAIN
  +--> ?PR?LOOP_PS2_DATA?Z_MAIN
  +--> ?PR?LOOP_PS2_BUTTON?Z_MAIN
  +--> ?PR?LOOP_PS2_CAR_PWM?Z_MAIN
  +--> ?PR?LOOP_SAVE_SOMETHING?Z_MAIN
  +--> ?PR?LOOP_SMART_SENSOR?Z_SENSOR
  +--> ?PR?GET_CSB_VALUE?Z_SENSOR
  +--> ?CO?Z_MAIN
  +--> ?PR?PRINTF?PRINTF
  +--> ?PR?_UART1_SEND_STR?Z_UART
  +--> ?PR?_MDELAY?Z_DELAY

?PR?SETUP_GLOBAL?Z_MAIN                    -----    -----      -----    -----      -----    -----
  +--> ?PR?GLOBAL_INIT?Z_GLOBAL

?PR?SETUP_GPIO?Z_MAIN                      -----    -----      -----    -----      -----    -----
  +--> ?PR?IO_INIT?Z_GPIO

?PR?SETUP_DJIO?Z_MAIN                      -----    -----      -----    -----      -----    -----
  +--> ?PR?DJ_IO_INIT?Z_GPIO

?PR?SETUP_W25Q64?Z_MAIN                    -----    -----      -----    -----      -----    -----
  +--> ?PR?SPIFLASHINIT?Z_W25Q64
  +--> ?PR?SPIFLASHREADID?Z_W25Q64
  +--> ?PR?_SPIFLASHREAD?Z_W25Q64
  +--> ?PR?REWRITE_EEPROM?Z_MAIN

?PR?SPIFLASHINIT?Z_W25Q64                  -----    -----      -----    -----      -----    -----
  +--> ?PR?SPIMASTERINIT?Z_W25Q64

?PR?SPIFLASHREADID?Z_W25Q64                -----    -----      -----    -----      -----    -----
  +--> ?PR?_SPIWRITEREAD?Z_W25Q64

?PR?_SPIFLASHREAD?Z_W25Q64                 -----    -----      -----    -----      0474H    0009H
BL51 BANKED LINKER/LOCATER V6.22                                                      09/17/2018  20:32:40  PAGE 7


  +--> ?PR?_SPIWRITEREAD?Z_W25Q64

?PR?REWRITE_EEPROM?Z_MAIN                  -----    -----      -----    -----      -----    -----
  +--> ?PR?_SPIFLASHERASESECTOR?Z_W25Q64
  +--> ?PR?_SPIFLASHWRITENOCHECK?Z_W25Q64

?PR?_SPIFLASHERASESECTOR?Z_W25Q64          -----    -----      -----    -----      0474H    0004H
  +--> ?PR?SPIFLASHWRITEENABLE?Z_W25Q64
  +--> ?PR?SPIFLASHWAITBUSY?Z_W25Q64
  +--> ?PR?_SPIWRITEREAD?Z_W25Q64

?PR?SPIFLASHWRITEENABLE?Z_W25Q64           -----    -----      -----    -----      -----    -----
  +--> ?PR?_SPIWRITEREAD?Z_W25Q64

?PR?SPIFLASHWAITBUSY?Z_W25Q64              -----    -----      -----    -----      -----    -----
  +--> ?PR?SPIFLASHREADSR?Z_W25Q64

?PR?SPIFLASHREADSR?Z_W25Q64                -----    -----      -----    -----      -----    -----
  +--> ?PR?_SPIWRITEREAD?Z_W25Q64

?PR?_SPIFLASHWRITENOCHECK?Z_W25Q64         -----    -----      -----    -----      0465H    000BH
  +--> ?PR?_SPIFLASHWRITEPAGE?Z_W25Q64

?PR?_SPIFLASHWRITEPAGE?Z_W25Q64            -----    -----      -----    -----      0470H    0009H
  +--> ?PR?SPIFLASHWRITEENABLE?Z_W25Q64
  +--> ?PR?_SPIWRITEREAD?Z_W25Q64
  +--> ?PR?SPIFLASHWAITBUSY?Z_W25Q64

?PR?SETUP_PS2?Z_MAIN                       -----    -----      -----    -----      -----    -----
  +--> ?PR?PSX_INIT?Z_PS2

?PR?SETUP_VOL?Z_MAIN                       -----    -----      -----    -----      -----    -----
  +--> ?PR?_ADC_INIT?Z_ADC

?PR?SETUP_CAR_PWM?Z_MAIN                   -----    -----      -----    -----      -----    -----
  +--> ?PR?_PWM_INIT?Z_PWM
  +--> ?PR?_CAR_PWM_SET?Z_PWM

?PR?_CAR_PWM_SET?Z_PWM                     -----    -----      -----    -----      0470H    0004H
  +--> ?PR?_PWM3_SETPWMWIDE?Z_PWM
  +--> ?PR?_PWM2_SETPWMWIDE?Z_PWM
  +--> ?PR?_PWM4_SETPWMWIDE?Z_PWM
  +--> ?PR?_PWM5_SETPWMWIDE?Z_PWM

?PR?SETUP_UART1?Z_MAIN                     -----    -----      -----    -----      -----    -----
  +--> ?PR?_UART1_INIT?Z_UART
  +--> ?PR?UART1_OPEN?Z_UART
  +--> ?CO?Z_MAIN
  +--> ?PR?_UART1_SEND_STR?Z_UART

?PR?_UART1_INIT?Z_UART                     -----    -----      -----    -----      0460H    0004H

?PR?_UART1_SEND_STR?Z_UART                 -----    -----      -----    -----      0474H    0003H
  +--> ?PR?_UART1_SEND_BYTE?Z_UART

?PR?SETUP_UART2?Z_MAIN                     -----    -----      -----    -----      -----    -----
  +--> ?PR?_UART2_INIT?Z_UART
BL51 BANKED LINKER/LOCATER V6.22                                                      09/17/2018  20:32:40  PAGE 8


  +--> ?PR?UART2_OPEN?Z_UART
  +--> ?CO?Z_MAIN
  +--> ?PR?_UART2_SEND_STR?Z_UART

?PR?_UART2_INIT?Z_UART                     -----    -----      -----    -----      0460H    0004H

?PR?_UART2_SEND_STR?Z_UART                 -----    -----      -----    -----      0460H    0003H
  +--> ?PR?_UART2_SEND_BYTE?Z_UART

?PR?SETUP_UART4?Z_MAIN                     -----    -----      -----    -----      -----    -----
  +--> ?PR?_UART4_INIT?Z_UART
  +--> ?PR?UART4_OPEN?Z_UART
  +--> ?CO?Z_MAIN
  +--> ?PR?_UART4_SEND_STR?Z_UART

?PR?_UART4_INIT?Z_UART                     -----    -----      -----    -----      0460H    0004H

?PR?_UART4_SEND_STR?Z_UART                 -----    -----      -----    -----      0460H    0003H
  +--> ?PR?_UART4_SEND_BYTE?Z_UART

?PR?SETUP_SYSTICK?Z_MAIN                   -----    -----      -----    -----      -----    -----
  +--> ?PR?TIMER3_INIT?Z_TIMER

?PR?SETUP_OTHERS?Z_MAIN                    -----    -----      -----    -----      -----    -----
  +--> ?PR?_SPIFLASHREAD?Z_W25Q64
  +--> ?PR?_STRLEN?STRLEN
  +--> ?PR?_DO_ACTION?Z_MAIN
  +--> ?PR?_PARSE_CMD?Z_MAIN

?PR?_DO_ACTION?Z_MAIN                      -----    -----      -----    -----      0472H    0017H
  +--> ?PR?_ZX_UART_SEND_STR?Z_UART
  +--> ?CO?Z_MAIN
  +--> ?PR?MILLIS?Z_TIMER

?PR?_ZX_UART_SEND_STR?Z_UART               -----    -----      -----    -----      0489H    0003H
  +--> ?PR?_UART2_SEND_BYTE?Z_UART

?PR?_PARSE_CMD?Z_MAIN                      -----    -----      -----    -----      0463H    000DH
  +--> ?PR?_UART1_SEND_STR?Z_UART
  +--> ?CO?Z_MAIN
  +--> ?PR?_STR_CONTAIN_STR?Z_GLOBAL
  +--> ?PR?_ZX_UART_SEND_STR?Z_UART
  +--> ?PR?_CAR_PWM_SET?Z_PWM
  +--> ?PR?SCANF?SCANF
  +--> ?PR?PRINTF?PRINTF
  +--> ?PR?SOFT_RESET?Z_MAIN
  +--> ?PR?_PRINT_GROUP?Z_MAIN
  +--> ?PR?_ERASE_SECTOR?Z_MAIN
  +--> ?PR?_DO_GROUP_ONCE?Z_MAIN
  +--> ?PR?_MDELAY?Z_DELAY
  +--> ?PR?_BEEP_ON_TIMES?Z_GPIO

?PR?_STR_CONTAIN_STR?Z_GLOBAL              -----    -----      -----    -----      0470H    000CH

?PR?SCANF?SCANF                            0020H.0  0000H.6    0010H    0009H      0470H    002EH
  +--> ?PR?GETCHAR?UNGETCHAR
  +--> ?PR?_ISSPACE?ISSPACE
BL51 BANKED LINKER/LOCATER V6.22                                                      09/17/2018  20:32:40  PAGE 9


  +--> ?PR?GETCHAR?GETCHAR
  +--> ?PR??C?ATOF??C?ATOF

?PR?GETCHAR?GETCHAR                        -----    -----      -----    -----      -----    -----
  +--> ?PR?_GETKEY?_GETKEY
  +--> ?PR?PUTCHAR?PUTCHAR

?PR??C?ATOF??C?ATOF                        0020H.6  0000H.5    0019H    0002H      -----    -----

?PR?PRINTF?PRINTF                          0020H.0  0001H.1    0010H    0005H      0474H    0030H
  +--> ?PR?PUTCHAR?PUTCHAR

?PR?_PRINT_GROUP?Z_MAIN                    -----    -----      -----    -----      0470H    0004H
  +--> ?PR?_INT_EXCHANGE?Z_MAIN
  +--> ?PR?_SPIFLASHREAD?Z_W25Q64
  +--> ?PR?_UART1_SEND_STR?Z_UART
  +--> ?CO?Z_MAIN

?PR?_INT_EXCHANGE?Z_MAIN                   -----    -----      -----    -----      0474H    0006H

?PR?_ERASE_SECTOR?Z_MAIN                   -----    -----      -----    -----      0470H    0004H
  +--> ?PR?_INT_EXCHANGE?Z_MAIN
  +--> ?PR?_SPIFLASHERASESECTOR?Z_W25Q64
  +--> ?CO?Z_MAIN
  +--> ?PR?PRINTF?PRINTF
  +--> ?PR?_UART1_SEND_STR?Z_UART

?PR?_DO_GROUP_ONCE?Z_MAIN                  -----    -----      -----    -----      0470H    0002H
  +--> ?PR?_SPIFLASHREAD?Z_W25Q64
  +--> ?PR?_DO_ACTION?Z_MAIN
  +--> ?CO?Z_MAIN
  +--> ?PR?PRINTF?PRINTF
  +--> ?PR?_UART1_SEND_STR?Z_UART

?PR?_BEEP_ON_TIMES?Z_GPIO                  -----    -----      -----    -----      0470H    0006H
  +--> ?PR?_MDELAY?Z_DELAY

?PR?SETUP_SENSOR?Z_SENSOR                  -----    -----      -----    -----      -----    -----
  +--> ?PR?SETUP_XUNJI?Z_SENSOR
  +--> ?PR?SETUP_SOUND?Z_SENSOR
  +--> ?PR?SETUP_CSB?Z_SENSOR
  +--> ?PR?SETUP_YSSB?Z_SENSOR

?PR?SETUP_CSB?Z_SENSOR                     -----    -----      -----    -----      -----    -----
  +--> ?PR?TIMER0_INIT?Z_TIMER

?PR?SETUP_YSSB?Z_SENSOR                    -----    -----      -----    -----      -----    -----
  +--> ?PR?_ADC_INIT?Z_ADC
  +--> ?PR?REWRITE_EEPROM?Z_MAIN
  +--> ?CO?Z_SENSOR
  +--> ?PR?_UART1_SEND_STR?Z_UART
  +--> ?PR?PRINTF?PRINTF

?PR?SETUP_DJ_TIMER?Z_MAIN                  -----    -----      -----    -----      -----    -----
  +--> ?PR?TIMER1_INIT?Z_TIMER

?PR?SETUP_START?Z_MAIN                     -----    -----      -----    -----      -----    -----
BL51 BANKED LINKER/LOCATER V6.22                                                      09/17/2018  20:32:40  PAGE 10


  +--> ?PR?_MDELAY?Z_DELAY

?PR?LOOP_NLED?Z_MAIN                       -----    -----      -----    -----      -----    -----
  +--> ?PR?MILLIS?Z_TIMER

?PR?LOOP_UART?Z_MAIN                       -----    -----      -----    -----      -----    -----
  +--> ?PR?_PARSE_CMD?Z_MAIN
  +--> ?PR?_DO_ACTION?Z_MAIN
  +--> ?PR?_ACTION_SAVE?Z_MAIN
  +--> ?PR?GET_UART_TIMEOUT?Z_UART
  +--> ?PR?MILLIS?Z_TIMER

?PR?_ACTION_SAVE?Z_MAIN                    -----    -----      -----    -----      0460H    0005H
  +--> ?PR?REWRITE_EEPROM?Z_MAIN
  +--> ?CO?Z_MAIN
  +--> ?PR?SCANF?SCANF
  +--> ?PR?_SPIFLASHREAD?Z_W25Q64
  +--> ?PR?_STRLEN?STRLEN
  +--> ?PR?_GET_ACTION_INDEX?Z_MAIN
  +--> ?PR?_SPIFLASHERASESECTOR?Z_W25Q64
  +--> ?PR?_REPLACE_CHAR?Z_MAIN
  +--> ?PR?_SPIFLASHWRITENOCHECK?Z_W25Q64
  +--> ?PR?_UART1_SEND_STR?Z_UART

?PR?_GET_ACTION_INDEX?Z_MAIN               -----    -----      -----    -----      0465H    0005H

?PR?_REPLACE_CHAR?Z_MAIN                   -----    -----      -----    -----      0465H    0005H

?PR?LOOP_ACTION?Z_MAIN                     -----    -----      -----    -----      -----    -----
  +--> ?PR?_DUOJI_INC_HANDLE?Z_MAIN
  +--> ?PR?CHECK_DJ_STATE?Z_MAIN
  +--> ?PR?_DO_GROUP_ONCE?Z_MAIN
  +--> ?CO?Z_MAIN
  +--> ?PR?_UART1_SEND_STR?Z_UART

?PR?_DUOJI_INC_HANDLE?Z_MAIN               -----    -----      -----    -----      0460H    0003H
  +--> ?PR?_ABS_FLOAT?Z_MAIN

?PR?_ABS_FLOAT?Z_MAIN                      -----    -----      -----    -----      0463H    0004H

?PR?CHECK_DJ_STATE?Z_MAIN                  -----    -----      -----    -----      0460H    0002H

?PR?LOOP_BT_ONCE?Z_MAIN                    -----    -----      -----    -----      -----    -----
  +--> ?PR?MILLIS?Z_TIMER
  +--> ?PR?_UART4_INIT?Z_UART
  +--> ?PR?UART4_OPEN?Z_UART
  +--> ?CO?Z_MAIN
  +--> ?PR?_UART4_SEND_STR?Z_UART

?PR?LOOP_PS2_DATA?Z_MAIN                   -----    -----      -----    -----      -----    -----
  +--> ?PR?MILLIS?Z_TIMER
  +--> ?PR?_PSX_WRITE_READ?Z_PS2

?PR?_PSX_WRITE_READ?Z_PS2                  -----    -----      -----    -----      0460H    0003H
  +--> ?PR?_PSX_TRANSFER?Z_PS2

?PR?_PSX_TRANSFER?Z_PS2                    -----    -----      -----    -----      0463H    0003H
BL51 BANKED LINKER/LOCATER V6.22                                                      09/17/2018  20:32:40  PAGE 11


  +--> ?PR?_DELAY?Z_DELAY

?PR?LOOP_PS2_BUTTON?Z_MAIN                 -----    -----      -----    -----      -----    -----
  +--> ?PR?_CAR_PWM_SET?Z_PWM
  +--> ?PR?_PARSE_PSX_BUF?Z_MAIN

?PR?_PARSE_PSX_BUF?Z_MAIN                  -----    -----      -----    -----      0460H    0003H
  +--> ?CO?Z_MAIN
  +--> ?PR?_STRLEN?STRLEN
  +--> ?PR?_STR_CONTAIN_STR?Z_GLOBAL
  +--> ?PR?_PARSE_CMD?Z_MAIN
  +--> ?PR?_DO_ACTION?Z_MAIN
  +--> ?PR?_MDELAY?Z_DELAY

?PR?LOOP_PS2_CAR_PWM?Z_MAIN                -----    -----      -----    -----      0460H    0004H
  +--> ?PR?_CAR_PWM_SET?Z_PWM

?PR?LOOP_SAVE_SOMETHING?Z_MAIN             -----    -----      -----    -----      -----    -----
  +--> ?PR?MILLIS?Z_TIMER
  +--> ?PR?REWRITE_EEPROM?Z_MAIN

?PR?LOOP_SMART_SENSOR?Z_SENSOR             -----    -----      -----    -----      -----    -----
  +--> ?PR?SMART_XUNJI?Z_SENSOR
  +--> ?PR?SMART_SOUNDJIAQU?Z_SENSOR
  +--> ?PR?SMART_ZIYOUBIZHANG?Z_SENSOR
  +--> ?PR?SMART_YSSBJIAQU?Z_SENSOR
  +--> ?PR?SMART_CSBJIAQU?Z_SENSOR
  +--> ?PR?SMART_GENSUI?Z_SENSOR
  +--> ?PR?SMART_XUNJIBIZHANG?Z_SENSOR
  +--> ?PR?SMART_XUNJIYANSE?Z_SENSOR
  +--> ?PR?SMART_XUNJICSBJIAQU?Z_SENSOR
  +--> ?PR?SMART_YSSB_VERIFY?Z_SENSOR

?PR?SMART_XUNJI?Z_SENSOR                   -----    -----      -----    -----      0462H    0002H
  +--> ?PR?_CAR_PWM_SET?Z_PWM

?PR?SMART_SOUNDJIAQU?Z_SENSOR              -----    -----      -----    -----      -----    -----
  +--> ?PR?_BEEP_ON_TIMES?Z_GPIO
  +--> ?PR?MILLIS?Z_TIMER
  +--> ?CO?Z_SENSOR
  +--> ?PR?_PARSE_CMD?Z_MAIN

?PR?SMART_ZIYOUBIZHANG?Z_SENSOR            -----    -----      -----    -----      0460H    0004H
  +--> ?PR?MILLIS?Z_TIMER
  +--> ?PR?GET_ADC_CSB_MIDDLE?Z_SENSOR
  +--> ?CO?Z_SENSOR
  +--> ?PR?PRINTF?PRINTF
  +--> ?PR?_UART1_SEND_STR?Z_UART
  +--> ?PR?_CAR_PWM_SET?Z_PWM

?PR?GET_ADC_CSB_MIDDLE?Z_SENSOR            -----    -----      -----    -----      0464H    0001H
  +--> ?PR?GET_CSB_VALUE?Z_SENSOR
  +--> ?PR?_SELECTION_SORT?Z_GLOBAL

?PR?_SELECTION_SORT?Z_GLOBAL               -----    -----      -----    -----      0465H    000AH

?PR?SMART_YSSBJIAQU?Z_SENSOR               -----    -----      -----    -----      -----    -----
BL51 BANKED LINKER/LOCATER V6.22                                                      09/17/2018  20:32:40  PAGE 12


  +--> ?PR?MILLIS?Z_TIMER
  +--> ?PR?GET_ADC_YSSB_MIDDLE?Z_SENSOR
  +--> ?CO?Z_SENSOR
  +--> ?PR?PRINTF?PRINTF
  +--> ?PR?_UART1_SEND_STR?Z_UART
  +--> ?PR?_MDELAY?Z_DELAY
  +--> ?PR?_PARSE_CMD?Z_MAIN
  +--> ?PR?_BEEP_ON_TIMES?Z_GPIO

?PR?GET_ADC_YSSB_MIDDLE?Z_SENSOR           -----    -----      -----    -----      -----    -----
  +--> ?PR?_ADC_READ?Z_ADC
  +--> ?PR?_SELECTION_SORT?Z_GLOBAL

?PR?_ADC_READ?Z_ADC                        -----    -----      -----    -----      -----    -----
  +--> ?PR?_ADC_INIT?Z_ADC

?PR?SMART_CSBJIAQU?Z_SENSOR                -----    -----      -----    -----      0460H    0002H
  +--> ?PR?MILLIS?Z_TIMER
  +--> ?PR?GET_ADC_CSB_MIDDLE?Z_SENSOR
  +--> ?CO?Z_SENSOR
  +--> ?PR?PRINTF?PRINTF
  +--> ?PR?_UART1_SEND_STR?Z_UART
  +--> ?PR?_PARSE_CMD?Z_MAIN
  +--> ?PR?_BEEP_ON_TIMES?Z_GPIO

?PR?SMART_GENSUI?Z_SENSOR                  -----    -----      -----    -----      0460H    0004H
  +--> ?PR?MILLIS?Z_TIMER
  +--> ?PR?GET_ADC_CSB_MIDDLE?Z_SENSOR
  +--> ?PR?_CAR_PWM_SET?Z_PWM

?PR?SMART_XUNJIBIZHANG?Z_SENSOR            -----    -----      -----    -----      -----    -----
  +--> ?PR?MILLIS?Z_TIMER
  +--> ?PR?GET_ADC_CSB_MIDDLE?Z_SENSOR
  +--> ?PR?_CAR_PWM_SET?Z_PWM
  +--> ?PR?SMART_XUNJI?Z_SENSOR

?PR?SMART_XUNJIYANSE?Z_SENSOR              -----    -----      -----    -----      -----    -----
  +--> ?PR?MILLIS?Z_TIMER
  +--> ?PR?GET_ADC_YSSB_MIDDLE?Z_SENSOR
  +--> ?PR?_CAR_PWM_SET?Z_PWM
  +--> ?PR?_MDELAY?Z_DELAY
  +--> ?CO?Z_SENSOR
  +--> ?PR?_PARSE_CMD?Z_MAIN
  +--> ?PR?_BEEP_ON_TIMES?Z_GPIO
  +--> ?PR?SMART_XUNJI?Z_SENSOR

?PR?SMART_XUNJICSBJIAQU?Z_SENSOR           -----    -----      -----    -----      0460H    0002H
  +--> ?PR?GET_ADC_CSB_MIDDLE?Z_SENSOR
  +--> ?PR?MILLIS?Z_TIMER
  +--> ?PR?_BEEP_ON_TIMES?Z_GPIO
  +--> ?PR?_CAR_PWM_SET?Z_PWM
  +--> ?CO?Z_SENSOR
  +--> ?PR?_PARSE_CMD?Z_MAIN
  +--> ?PR?SMART_XUNJI?Z_SENSOR

?PR?SMART_YSSB_VERIFY?Z_SENSOR             -----    -----      -----    -----      0460H    0004H
  +--> ?PR?_BEEP_ON_TIMES?Z_GPIO
BL51 BANKED LINKER/LOCATER V6.22                                                      09/17/2018  20:32:40  PAGE 13


  +--> ?PR?GET_ADC_YSSB_MIDDLE?Z_SENSOR
  +--> ?PR?_MDELAY?Z_DELAY
  +--> ?PR?REWRITE_EEPROM?Z_MAIN
  +--> ?CO?Z_SENSOR
  +--> ?PR?PRINTF?PRINTF
  +--> ?PR?_UART1_SEND_STR?Z_UART



SYMBOL TABLE OF MODULE:  .\obj\51_duoji20180915 (Z_MAIN)

  VALUE           TYPE          NAME
  ----------------------------------

  -------         MODULE        Z_MAIN
  C:0000H         SYMBOL        _ICE_DUMMY_
  D:00D0H         PUBLIC        PSW
  D:0080H         PUBLIC        P0
  D:0090H         PUBLIC        P1
  D:00A0H         PUBLIC        P2
  D:00B0H         PUBLIC        P3
  D:00C0H         PUBLIC        P4
  D:00C8H         PUBLIC        P5
  D:00E8H         PUBLIC        P6
  D:00F8H         PUBLIC        P7
  D:00A8H         PUBLIC        IE
  B:00A8H.7       PUBLIC        EA
  B:00A8H.3       PUBLIC        ET1
  D:00B8H         PUBLIC        IP
  D:0088H         PUBLIC        TCON
  B:0088H.6       PUBLIC        TR1
  D:0098H         PUBLIC        SCON
  D:00C7H         PUBLIC        IAP_CONTR
  D:00D8H         PUBLIC        CCON
  C:7210H         PUBLIC        setup_global
  C:7213H         PUBLIC        setup_gpio
  C:7216H         PUBLIC        setup_nled
  C:001EH         PUBLIC        setup_vol
  C:7219H         PUBLIC        setup_beep
  C:721CH         PUBLIC        setup_djio
  C:5F2BH         PUBLIC        setup_w25q64
  C:721FH         PUBLIC        setup_ps2
  C:7222H         PUBLIC        setup_dj_timer
  C:7168H         PUBLIC        setup_car_pwm
  C:705FH         PUBLIC        setup_uart1
  C:7076H         PUBLIC        setup_uart2
  C:708DH         PUBLIC        setup_uart4
  C:7225H         PUBLIC        setup_systick
  C:6C29H         PUBLIC        setup_start
  C:534EH         PUBLIC        setup_others
  C:71FAH         PUBLIC        setup_interrupt
  C:6D5CH         PUBLIC        loop_nled
  C:6232H         PUBLIC        loop_uart
  C:568CH         PUBLIC        loop_action
  C:48AAH         PUBLIC        loop_bt_once
  C:6CACH         PUBLIC        loop_ps2_data
  C:690CH         PUBLIC        loop_ps2_button
BL51 BANKED LINKER/LOCATER V6.22                                                      09/17/2018  20:32:40  PAGE 14


  C:6067H         PUBLIC        loop_ps2_car_pwm
  C:0046H         PUBLIC        loop_save_something
  C:6726H         PUBLIC        loop_vol_warning
  C:0096H         PUBLIC        soft_reset
  C:3CF5H         PUBLIC        _parse_psx_buf
  C:2120H         PUBLIC        _parse_cmd
  C:4535H         PUBLIC        _action_save
  C:62C3H         PUBLIC        _get_action_index
  C:5E80H         PUBLIC        _print_group
  C:6BE6H         PUBLIC        _int_exchange
  C:5AECH         PUBLIC        _erase_sector
  C:66BFH         PUBLIC        _do_group_once
  C:6A17H         PUBLIC        check_dj_state
  C:2CB1H         PUBLIC        _do_action
  C:7046H         PUBLIC        _replace_char
  C:6F8AH         PUBLIC        rewrite_eeprom
  B:00A0H.0       PUBLIC        nled
  B:00C8H.1       PUBLIC        beep
  C:4A2EH         PUBLIC        _duoji_inc_handle
  X:0433H         PUBLIC        adc7_value
  X:0435H         PUBLIC        adc0_value
  X:0437H         PUBLIC        do_start_index
  X:0439H         PUBLIC        do_time
  X:043BH         PUBLIC        group_num_start
  X:043DH         PUBLIC        group_num_end
  X:043FH         PUBLIC        group_num_times
  X:0441H         PUBLIC        i
  X:0442H         PUBLIC        car_dw
  X:0443H         PUBLIC        bias_systick_ms_bak
  X:0447H         PUBLIC        djBiasSaveFlag
  X:0448H         PUBLIC        dbt_flag
  X:0449H         PUBLIC        vol_adc
  X:044DH         PUBLIC        save_addr_sector
  X:0451H         PUBLIC        save_action_index_bak
  X:0455H         PUBLIC        psx_buf
  C:146FH         PUBLIC        pre_cmd_set_red
  C:149FH         PUBLIC        pre_cmd_set_grn
  C:14CFH         PUBLIC        action_pre_group
  C:6463H         PUBLIC        main
  C:0091H         PUBLIC        handle_uart
  C:6C6BH         PUBLIC        _abs_float
  C:0092H         PUBLIC        handle_sensor
  -------         PROC          MAIN
  C:6463H         LINE#         182
  C:6463H         LINE#         184
  C:6466H         LINE#         185
  C:6469H         LINE#         186
  C:646CH         LINE#         187
  C:646FH         LINE#         188
  C:6472H         LINE#         189
  C:6475H         LINE#         190
  C:6478H         LINE#         191
  C:647BH         LINE#         192
  C:647EH         LINE#         193
  C:6481H         LINE#         194
  C:6484H         LINE#         195
  C:6487H         LINE#         196
BL51 BANKED LINKER/LOCATER V6.22                                                      09/17/2018  20:32:40  PAGE 15


  C:648AH         LINE#         198
  C:648DH         LINE#         199
  C:6490H         LINE#         201
  C:6493H         LINE#         202
  C:6496H         LINE#         204
  C:6499H         LINE#         205
  C:6499H         LINE#         206
  C:649CH         LINE#         207
  C:649FH         LINE#         208
  C:64A2H         LINE#         209
  C:64A5H         LINE#         210
  C:64A8H         LINE#         211
  C:64ABH         LINE#         212
  C:64AEH         LINE#         213
  C:64B1H         LINE#         214
  C:64B4H         LINE#         216
  C:64D6H         LINE#         217
  C:64DFH         LINE#         218
  C:64E6H         LINE#         219
  -------         ENDPROC       MAIN
  -------         PROC          SETUP_GLOBAL
  C:7210H         LINE#         227
  C:7210H         LINE#         229
  -------         ENDPROC       SETUP_GLOBAL
  -------         PROC          SETUP_GPIO
  C:7213H         LINE#         232
  C:7213H         LINE#         234
  -------         ENDPROC       SETUP_GPIO
  -------         PROC          SETUP_NLED
  C:7216H         LINE#         237
  C:7216H         LINE#         238
  C:7218H         LINE#         239
  -------         ENDPROC       SETUP_NLED
  -------         PROC          SETUP_BEEP
  C:7219H         LINE#         241
  C:7219H         LINE#         242
  C:721BH         LINE#         243
  -------         ENDPROC       SETUP_BEEP
  -------         PROC          SETUP_DJIO
  C:721CH         LINE#         245
  C:721CH         LINE#         246
  -------         ENDPROC       SETUP_DJIO
  -------         PROC          SETUP_VOL
  C:001EH         LINE#         249
  C:001EH         LINE#         250
  -------         ENDPROC       SETUP_VOL
  -------         PROC          SETUP_W25Q64
  C:5F2BH         LINE#         254
  C:5F2BH         LINE#         256
  C:5F2EH         LINE#         257
  C:5F3FH         LINE#         259
  C:5F59H         LINE#         260
  C:5F75H         LINE#         261
  C:5F7FH         LINE#         262
  C:5F89H         LINE#         263
  C:5F8CH         LINE#         264
  C:5F8CH         LINE#         266
BL51 BANKED LINKER/LOCATER V6.22                                                      09/17/2018  20:32:40  PAGE 16


  C:5F98H         LINE#         267
  C:5FA7H         LINE#         268
  C:5FB7H         LINE#         269
  C:5FBFH         LINE#         270
  C:5FC8H         LINE#         271
  C:5FC8H         LINE#         279
  -------         ENDPROC       SETUP_W25Q64
  -------         PROC          SETUP_PS2
  C:721FH         LINE#         282
  C:721FH         LINE#         284
  -------         ENDPROC       SETUP_PS2
  -------         PROC          SETUP_DJ_TIMER
  C:7222H         LINE#         287
  C:7222H         LINE#         288
  -------         ENDPROC       SETUP_DJ_TIMER
  -------         PROC          SETUP_CAR_PWM
  C:7168H         LINE#         291
  C:7168H         LINE#         293
  C:716FH         LINE#         294
  -------         ENDPROC       SETUP_CAR_PWM
  -------         PROC          SETUP_UART1
  C:705FH         LINE#         297
  C:705FH         LINE#         299
  C:706AH         LINE#         301
  C:706DH         LINE#         303
  -------         ENDPROC       SETUP_UART1
  -------         PROC          SETUP_UART2
  C:7076H         LINE#         306
  C:7076H         LINE#         308
  C:7081H         LINE#         310
  C:7084H         LINE#         312
  -------         ENDPROC       SETUP_UART2
  -------         PROC          SETUP_UART4
  C:708DH         LINE#         315
  C:708DH         LINE#         317
  C:7098H         LINE#         319
  C:709BH         LINE#         322
  -------         ENDPROC       SETUP_UART4
  -------         PROC          SETUP_SYSTICK
  C:7225H         LINE#         325
  C:7225H         LINE#         327
  -------         ENDPROC       SETUP_SYSTICK
  -------         PROC          SETUP_START
  C:6C29H         LINE#         332
  C:6C29H         LINE#         334
  C:6C3FH         LINE#         335
  C:6C55H         LINE#         336
  -------         ENDPROC       SETUP_START
  -------         PROC          SETUP_OTHERS
  C:534EH         LINE#         339
  C:534EH         LINE#         341
  C:535DH         LINE#         342
  C:535DH         LINE#         344
  C:535DH         LINE#         345
  C:535DH         LINE#         347
  C:5374H         LINE#         348
  C:5374H         LINE#         350
BL51 BANKED LINKER/LOCATER V6.22                                                      09/17/2018  20:32:40  PAGE 17


  C:538AH         LINE#         351
  C:53A8H         LINE#         352
  C:53B6H         LINE#         353
  C:53C3H         LINE#         354
  C:53D0H         LINE#         355
  C:53DDH         LINE#         356
  C:53E6H         LINE#         357
  C:53E9H         LINE#         358
  C:53E9H         LINE#         361
  C:53F4H         LINE#         362
  C:5403H         LINE#         363
  C:540AH         LINE#         364
  C:5413H         LINE#         365
  C:5413H         LINE#         366
  C:5431H         LINE#         367
  C:543FH         LINE#         368
  C:544CH         LINE#         369
  C:5459H         LINE#         370
  C:5466H         LINE#         371
  C:546FH         LINE#         372
  C:5472H         LINE#         373
  C:5472H         LINE#         374
  C:5472H         LINE#         376
  -------         ENDPROC       SETUP_OTHERS
  -------         PROC          SETUP_INTERRUPT
  C:71FAH         LINE#         379
  C:71FAH         LINE#         381
  C:71FDH         LINE#         384
  C:71FFH         LINE#         385
  -------         ENDPROC       SETUP_INTERRUPT
  -------         PROC          LOOP_NLED
  -------         DO            
  X:040DH         SYMBOL        systick_ms_bak
  -------         ENDDO         
  C:6D5CH         LINE#         394
  C:6D5CH         LINE#         396
  C:6D87H         LINE#         397
  C:6D90H         LINE#         398
  C:6D92H         LINE#         399
  C:6D92H         LINE#         400
  -------         ENDPROC       LOOP_NLED
  -------         PROC          LOOP_UART
  -------         DO            
  X:0411H         SYMBOL        do_once1
  X:0412H         SYMBOL        do_once2
  -------         ENDDO         
  C:6232H         LINE#         402
  C:6232H         LINE#         404
  C:6238H         LINE#         408
  C:623FH         LINE#         410
  C:6242H         LINE#         411
  C:624BH         LINE#         413
  C:624BH         LINE#         414
  C:6254H         LINE#         417
  C:6257H         LINE#         418
  C:6260H         LINE#         421
  C:6269H         LINE#         422
BL51 BANKED LINKER/LOCATER V6.22                                                      09/17/2018  20:32:40  PAGE 18


  C:6269H         LINE#         423
  C:626EH         LINE#         424
  C:6272H         LINE#         426
  C:6272H         LINE#         429
  C:62A1H         LINE#         430
  C:62A7H         LINE#         431
  C:62ABH         LINE#         432
  C:62ADH         LINE#         433
  C:62B0H         LINE#         434
  C:62B0H         LINE#         435
  C:62B1H         LINE#         436
  C:62B7H         LINE#         437
  C:62BBH         LINE#         438
  C:62BFH         LINE#         439
  C:62C2H         LINE#         440
  C:62C2H         LINE#         441
  C:62C2H         LINE#         444
  -------         ENDPROC       LOOP_UART
  -------         PROC          LOOP_SAVE_SOMETHING
  -------         DO            
  X:0413H         SYMBOL        saveTime
  -------         ENDDO         
  C:0046H         LINE#         447
  C:0046H         LINE#         449
  C:007FH         LINE#         450
  C:0084H         LINE#         451
  C:008DH         LINE#         452
  C:0090H         LINE#         453
  C:0090H         LINE#         455
  -------         ENDPROC       LOOP_SAVE_SOMETHING
  -------         PROC          LOOP_PS2_DATA
  -------         DO            
  X:0417H         SYMBOL        systick_ms_bak
  -------         ENDDO         
  C:6CACH         LINE#         458
  C:6CACH         LINE#         460
  C:6CD6H         LINE#         462
  C:6CD6H         LINE#         463
  C:6CDFH         LINE#         464
  C:6CE8H         LINE#         473
  -------         ENDPROC       LOOP_PS2_DATA
  -------         PROC          LOOP_PS2_CAR_PWM
  -------         DO            
  X:041BH         SYMBOL        car_left_bak
  X:041DH         SYMBOL        car_right_bak
  X:0460H         SYMBOL        car_left
  X:0462H         SYMBOL        car_right
  -------         ENDDO         
  C:6067H         LINE#         476
  C:6067H         LINE#         480
  C:6072H         LINE#         481
  C:6095H         LINE#         482
  C:60B6H         LINE#         484
  C:60D4H         LINE#         485
  C:60E5H         LINE#         486
  C:60F4H         LINE#         487
  C:6103H         LINE#         488
BL51 BANKED LINKER/LOCATER V6.22                                                      09/17/2018  20:32:40  PAGE 19


  C:6103H         LINE#         490
  -------         ENDPROC       LOOP_PS2_CAR_PWM
  -------         PROC          LOOP_PS2_BUTTON
  -------         DO            
  X:041FH         SYMBOL        psx_button_bak
  X:0421H         SYMBOL        mode_bak
  -------         ENDDO         
  C:690CH         LINE#         494
  C:690CH         LINE#         499
  C:6918H         LINE#         500
  C:691AH         LINE#         501
  C:691DH         LINE#         502
  C:6923H         LINE#         503
  C:6923H         LINE#         504
  C:692BH         LINE#         505
  C:6931H         LINE#         507
  C:6931H         LINE#         509
  C:6949H         LINE#         510
  C:6949H         LINE#         511
  C:6949H         LINE#         512
  C:6957H         LINE#         513
  C:695FH         LINE#         514
  C:6967H         LINE#         515
  C:6967H         LINE#         517
  -------         ENDPROC       LOOP_PS2_BUTTON
  -------         PROC          _PARSE_PSX_BUF
  D:0001H         SYMBOL        buf
  X:0460H         SYMBOL        mode
  -------         DO            
  X:0461H         SYMBOL        i
  X:0462H         SYMBOL        pos
  X:0422H         SYMBOL        bak
  X:0424H         SYMBOL        temp
  X:0426H         SYMBOL        temp2
  -------         ENDDO         
  C:3CF5H         LINE#         519
  C:3CFAH         LINE#         520
  C:3CFFH         LINE#         522
  C:3D19H         LINE#         524
  C:3D2BH         LINE#         525
  C:3D37H         LINE#         526
  C:3D45H         LINE#         527
  C:3D57H         LINE#         528
  C:3D77H         LINE#         529
  C:3D77H         LINE#         530
  C:3D86H         LINE#         532
  C:3D95H         LINE#         533
  C:3D9DH         LINE#         534
  C:3DC9H         LINE#         535
  C:3DD6H         LINE#         536
  C:3E18H         LINE#         537
  C:3E18H         LINE#         539
  C:3E34H         LINE#         540
  C:3E42H         LINE#         541
  C:3E5DH         LINE#         545
  C:3E6CH         LINE#         546
  C:3E6CH         LINE#         547
BL51 BANKED LINKER/LOCATER V6.22                                                      09/17/2018  20:32:40  PAGE 20


  C:3E6FH         LINE#         548
  C:3E8CH         LINE#         552
  C:3E9BH         LINE#         553
  C:3E9BH         LINE#         554
  C:3E9EH         LINE#         555
  C:3E9EH         LINE#         560
  C:3EA6H         LINE#         561
  C:3EA9H         LINE#         563
  C:3EB8H         LINE#         564
  C:3EC0H         LINE#         565
  C:3EECH         LINE#         566
  C:3EF9H         LINE#         567
  C:3F3BH         LINE#         568
  C:3F3BH         LINE#         570
  C:3F57H         LINE#         571
  C:3F5CH         LINE#         572
  C:3F7DH         LINE#         576
  C:3F95H         LINE#         577
  C:3FAAH         LINE#         578
  C:3FAAH         LINE#         579
  C:3FADH         LINE#         580
  C:3FD3H         LINE#         584
  C:3FEBH         LINE#         585
  C:4000H         LINE#         586
  C:4000H         LINE#         587
  C:4003H         LINE#         588
  C:4003H         LINE#         591
  C:4003H         LINE#         592
  C:4003H         LINE#         596
  C:4003H         LINE#         597
  C:400CH         LINE#         598
  C:401BH         LINE#         599
  C:4026H         LINE#         600
  C:4026H         LINE#         602
  -------         ENDPROC       _PARSE_PSX_BUF
  -------         PROC          HANDLE_UART
  C:0091H         LINE#         604
  C:0091H         LINE#         608
  -------         ENDPROC       HANDLE_UART
  C:211AH         SYMBOL        L?0358
  -------         PROC          L?0357
  -------         ENDPROC       L?0357
  C:211AH         SYMBOL        L?0358
  -------         PROC          _PARSE_CMD
  X:0463H         SYMBOL        cmd
  -------         DO            
  X:0428H         SYMBOL        djrFlag
  X:0466H         SYMBOL        pos
  X:0468H         SYMBOL        i
  X:046AH         SYMBOL        index
  X:046CH         SYMBOL        int1
  X:046EH         SYMBOL        int2
  -------         ENDDO         
  C:2120H         LINE#         625
  C:212BH         LINE#         631
  C:212EH         LINE#         633
  C:2158H         LINE#         634
BL51 BANKED LINKER/LOCATER V6.22                                                      09/17/2018  20:32:40  PAGE 21


  C:215EH         LINE#         635
  C:2175H         LINE#         636
  C:218FH         LINE#         637
  C:21C9H         LINE#         638
  C:21D9H         LINE#         639
  C:21E2H         LINE#         640
  C:21EAH         LINE#         641
  C:21F0H         LINE#         642
  C:221BH         LINE#         643
  C:224AH         LINE#         644
  C:226BH         LINE#         645
  C:22A5H         LINE#         646
  C:22CBH         LINE#         647
  C:22D4H         LINE#         648
  C:22D4H         LINE#         651
  C:22FBH         LINE#         652
  C:22FEH         LINE#         653
  C:2325H         LINE#         654
  C:2360H         LINE#         655
  C:2371H         LINE#         656
  C:2371H         LINE#         657
  C:2398H         LINE#         658
  C:23D3H         LINE#         659
  C:23E4H         LINE#         660
  C:23E4H         LINE#         661
  C:240BH         LINE#         662
  C:243AH         LINE#         663
  C:2445H         LINE#         664
  C:244BH         LINE#         665
  C:244BH         LINE#         666
  C:2476H         LINE#         667
  C:24BDH         LINE#         669
  C:24D4H         LINE#         670
  C:24DCH         LINE#         671
  C:24EBH         LINE#         672
  C:24F0H         LINE#         674
  C:24F1H         LINE#         675
  C:24F7H         LINE#         676
  C:24F7H         LINE#         678
  C:24F7H         LINE#         679
  C:24F7H         LINE#         680
  C:2521H         LINE#         681
  C:255CH         LINE#         682
  C:256AH         LINE#         683
  C:256AH         LINE#         684
  C:2594H         LINE#         685
  C:259AH         LINE#         686
  C:259FH         LINE#         687
  C:259FH         LINE#         688
  C:25C8H         LINE#         689
  C:25CEH         LINE#         690
  C:25D5H         LINE#         691
  C:25E0H         LINE#         692
  C:2608H         LINE#         693
  C:2610H         LINE#         694
  C:263AH         LINE#         695
  C:2642H         LINE#         696
BL51 BANKED LINKER/LOCATER V6.22                                                      09/17/2018  20:32:40  PAGE 22


  C:266CH         LINE#         697
  C:2674H         LINE#         698
  C:269EH         LINE#         699
  C:26A6H         LINE#         700
  C:26D0H         LINE#         701
  C:26D5H         LINE#         702
  C:26FFH         LINE#         703
  C:2703H         LINE#         704
  C:272DH         LINE#         705
  C:2731H         LINE#         706
  C:275EH         LINE#         707
  C:2767H         LINE#         708
  C:2781H         LINE#         709
  C:279BH         LINE#         710
  C:27B5H         LINE#         711
  C:2856H         LINE#         712
  C:2867H         LINE#         713
  C:2891H         LINE#         714
  C:289AH         LINE#         715
  C:28B4H         LINE#         716
  C:28CEH         LINE#         717
  C:28E8H         LINE#         718
  C:2989H         LINE#         719
  C:299AH         LINE#         721
  C:29A0H         LINE#         722
  C:29A2H         LINE#         723
  C:29A4H         LINE#         724
  C:29ABH         LINE#         725
  C:29ABH         LINE#         726
  C:29BCH         LINE#         727
  C:29E4H         LINE#         728
  C:29EAH         LINE#         729
  C:2A14H         LINE#         730
  C:2A1CH         LINE#         731
  C:2A20H         LINE#         732
  C:2A23H         LINE#         733
  C:2A27H         LINE#         734
  C:2A27H         LINE#         735
  C:2A51H         LINE#         736
  C:2A56H         LINE#         737
  C:2AA0H         LINE#         738
  C:2AA9H         LINE#         739
  C:2AC7H         LINE#         740
  C:2AECH         LINE#         741
  C:2B22H         LINE#         742
  C:2B2FH         LINE#         743
  C:2B36H         LINE#         744
  C:2B3CH         LINE#         745
  C:2B3CH         LINE#         746
  C:2B44H         LINE#         747
  C:2B4CH         LINE#         748
  C:2B52H         LINE#         749
  C:2B52H         LINE#         750
  C:2B61H         LINE#         751
  C:2B69H         LINE#         752
  C:2B70H         LINE#         753
  C:2B7FH         LINE#         754
BL51 BANKED LINKER/LOCATER V6.22                                                      09/17/2018  20:32:40  PAGE 23


  C:2B87H         LINE#         755
  C:2B8FH         LINE#         756
  C:2B96H         LINE#         757
  C:2BA5H         LINE#         758
  C:2BA7H         LINE#         759
  C:2BAEH         LINE#         760
  C:2BB2H         LINE#         761
  C:2BB2H         LINE#         763
  C:2BC9H         LINE#         764
  C:2BD1H         LINE#         765
  C:2BE0H         LINE#         766
  C:2BE5H         LINE#         767
  C:2BEAH         LINE#         768
  C:2BEBH         LINE#         769
  C:2BEEH         LINE#         770
  C:2BEEH         LINE#         772
  C:2BEEH         LINE#         773
  C:2C15H         LINE#         774
  C:2C1EH         LINE#         775
  C:2C45H         LINE#         776
  C:2C71H         LINE#         777
  C:2C83H         LINE#         778
  C:2C88H         LINE#         779
  C:2C93H         LINE#         780
  C:2C9BH         LINE#         782
  C:2C9BH         LINE#         783
  C:2C9BH         LINE#         784
  C:2C9BH         LINE#         785
  -------         ENDPROC       _PARSE_CMD
  -------         PROC          _ACTION_SAVE
  X:0460H         SYMBOL        str
  -------         DO            
  X:0463H         SYMBOL        action_index
  -------         ENDDO         
  C:4535H         LINE#         789
  C:4540H         LINE#         790
  C:4545H         LINE#         792
  C:4562H         LINE#         793
  C:4567H         LINE#         794
  C:456AH         LINE#         795
  C:4573H         LINE#         797
  C:458BH         LINE#         798
  C:45C7H         LINE#         799
  C:45DBH         LINE#         800
  C:45F2H         LINE#         801
  C:45F4H         LINE#         802
  C:4603H         LINE#         803
  C:461CH         LINE#         804
  C:4636H         LINE#         805
  C:4636H         LINE#         806
  C:463CH         LINE#         807
  C:463FH         LINE#         809
  C:4645H         LINE#         810
  C:4648H         LINE#         812
  C:4648H         LINE#         814
  C:465EH         LINE#         816
  C:467AH         LINE#         818
BL51 BANKED LINKER/LOCATER V6.22                                                      09/17/2018  20:32:40  PAGE 24


  C:4683H         LINE#         820
  C:4683H         LINE#         822
  C:46AAH         LINE#         823
  C:46C0H         LINE#         824
  C:46D6H         LINE#         825
  C:470BH         LINE#         827
  C:4714H         LINE#         829
  -------         ENDPROC       _ACTION_SAVE
  -------         PROC          _GET_ACTION_INDEX
  X:0465H         SYMBOL        str
  -------         DO            
  X:0468H         SYMBOL        index
  -------         ENDDO         
  C:62C3H         LINE#         831
  C:62CEH         LINE#         832
  C:62D3H         LINE#         834
  C:62E3H         LINE#         835
  C:62E7H         LINE#         836
  C:62ECH         LINE#         837
  C:6304H         LINE#         838
  C:6329H         LINE#         839
  C:6333H         LINE#         840
  C:6335H         LINE#         841
  C:633EH         LINE#         842
  C:633EH         LINE#         843
  C:6348H         LINE#         844
  C:6348H         LINE#         845
  C:634AH         LINE#         846
  C:634EH         LINE#         847
  -------         ENDPROC       _GET_ACTION_INDEX
  -------         PROC          _PRINT_GROUP
  X:0470H         SYMBOL        start
  X:0472H         SYMBOL        end
  C:5E80H         LINE#         849
  C:5E8EH         LINE#         850
  C:5EA9H         LINE#         851
  C:5EC0H         LINE#         852
  C:5EC0H         LINE#         853
  C:5EDBH         LINE#         854
  C:5EEAH         LINE#         855
  C:5F08H         LINE#         856
  C:5F11H         LINE#         857
  C:5F1AH         LINE#         858
  C:5F2AH         LINE#         859
  -------         ENDPROC       _PRINT_GROUP
  -------         PROC          _INT_EXCHANGE
  X:0474H         SYMBOL        int1
  X:0477H         SYMBOL        int2
  -------         DO            
  D:0006H         SYMBOL        int_temp
  -------         ENDDO         
  C:6BE6H         LINE#         862
  C:6BF1H         LINE#         864
  C:6BF7H         LINE#         865
  C:6C18H         LINE#         866
  -------         ENDPROC       _INT_EXCHANGE
  -------         PROC          _ERASE_SECTOR
BL51 BANKED LINKER/LOCATER V6.22                                                      09/17/2018  20:32:40  PAGE 25


  X:0470H         SYMBOL        start
  X:0472H         SYMBOL        end
  C:5AECH         LINE#         869
  C:5AFAH         LINE#         870
  C:5B15H         LINE#         871
  C:5B2CH         LINE#         872
  C:5B2CH         LINE#         873
  C:5B43H         LINE#         874
  C:5B5FH         LINE#         875
  C:5B68H         LINE#         876
  C:5B8EH         LINE#         877
  C:5B97H         LINE#         878
  C:5BA7H         LINE#         879
  C:5BB1H         LINE#         880
  -------         ENDPROC       _ERASE_SECTOR
  -------         PROC          _DO_GROUP_ONCE
  X:0470H         SYMBOL        group_num
  C:66BFH         LINE#         884
  C:66C7H         LINE#         896
  C:66D6H         LINE#         897
  C:66D6H         LINE#         899
  C:66D6H         LINE#         900
  C:66D6H         LINE#         902
  C:66F4H         LINE#         903
  C:66F4H         LINE#         905
  C:66F7H         LINE#         906
  C:671DH         LINE#         907
  -------         ENDPROC       _DO_GROUP_ONCE
  -------         PROC          _ABS_FLOAT
  X:0463H         SYMBOL        value
  C:6C6BH         LINE#         911
  C:6C71H         LINE#         912
  C:6C8BH         LINE#         913
  C:6C9AH         LINE#         914
  C:6C9AH         LINE#         915
  C:6CABH         LINE#         916
  -------         ENDPROC       _ABS_FLOAT
  -------         PROC          _DUOJI_INC_HANDLE
  X:0460H         SYMBOL        index
  -------         DO            
  X:0461H         SYMBOL        aim_temp
  -------         ENDDO         
  C:4A2EH         LINE#         918
  C:4A33H         LINE#         921
  C:4A58H         LINE#         923
  C:4A7FH         LINE#         925
  C:4A89H         LINE#         926
  C:4A93H         LINE#         927
  C:4AA6H         LINE#         928
  C:4AADH         LINE#         929
  C:4AADH         LINE#         931
  C:4B21H         LINE#         932
  C:4B42H         LINE#         933
  C:4B57H         LINE#         934
  C:4B58H         LINE#         935
  C:4B9EH         LINE#         936
  C:4B9EH         LINE#         937
BL51 BANKED LINKER/LOCATER V6.22                                                      09/17/2018  20:32:40  PAGE 26


  C:4B9EH         LINE#         938
  -------         ENDPROC       _DUOJI_INC_HANDLE
  -------         PROC          LOOP_ACTION
  C:568CH         LINE#         941
  C:568CH         LINE#         943
  C:5692H         LINE#         944
  C:569AH         LINE#         945
  C:569FH         LINE#         946
  C:569FH         LINE#         948
  C:56B1H         LINE#         949
  C:56BCH         LINE#         951
  C:56D2H         LINE#         952
  C:56DEH         LINE#         953
  C:56E6H         LINE#         954
  C:56F3H         LINE#         955
  C:5701H         LINE#         956
  C:5708H         LINE#         957
  C:5708H         LINE#         958
  C:5708H         LINE#         959
  C:5708H         LINE#         960
  C:570AH         LINE#         962
  C:570AH         LINE#         963
  C:5718H         LINE#         964
  C:5719H         LINE#         965
  C:572DH         LINE#         966
  C:573CH         LINE#         967
  C:5746H         LINE#         968
  C:5754H         LINE#         969
  C:575BH         LINE#         970
  C:5760H         LINE#         971
  C:5769H         LINE#         972
  C:5769H         LINE#         973
  C:5769H         LINE#         975
  C:5769H         LINE#         976
  C:5777H         LINE#         977
  C:5777H         LINE#         978
  C:5777H         LINE#         980
  -------         ENDPROC       LOOP_ACTION
  -------         PROC          CHECK_DJ_STATE
  -------         DO            
  X:0460H         SYMBOL        i
  -------         ENDDO         
  C:6A17H         LINE#         982
  C:6A17H         LINE#         984
  C:6A30H         LINE#         985
  C:6A57H         LINE#         986
  C:6A67H         LINE#         987
  C:6A69H         LINE#         988
  -------         ENDPROC       CHECK_DJ_STATE
  C:2CABH         SYMBOL        L?0356
  -------         PROC          L?0355
  -------         ENDPROC       L?0355
  C:2CABH         SYMBOL        L?0356
  -------         PROC          _DO_ACTION
  X:0472H         SYMBOL        uart_receive_buf
  -------         DO            
  X:0475H         SYMBOL        index
BL51 BANKED LINKER/LOCATER V6.22                                                      09/17/2018  20:32:40  PAGE 27


  X:0477H         SYMBOL        time
  X:0479H         SYMBOL        i
  X:047BH         SYMBOL        lst_i
  X:047DH         SYMBOL        parse_ok
  X:047FH         SYMBOL        bias
  X:0481H         SYMBOL        pwm
  X:0485H         SYMBOL        aim_temp
  -------         ENDDO         
  C:2CB1H         LINE#         990
  C:2CBCH         LINE#         995
  C:2CBFH         LINE#         996
  C:2CC8H         LINE#         998
  C:2D1EH         LINE#         999
  C:2D68H         LINE#         1000
  C:2DB1H         LINE#         1001
  C:2DE5H         LINE#         1002
  C:2DF0H         LINE#         1003
  C:2DF4H         LINE#         1004
  C:2E01H         LINE#         1005
  C:2E01H         LINE#         1006
  C:2E90H         LINE#         1007
  C:2EB4H         LINE#         1008
  C:2ED1H         LINE#         1009
  C:2EDBH         LINE#         1010
  C:2EF7H         LINE#         1011
  C:2F01H         LINE#         1012
  C:2F01H         LINE#         1014
  C:2F2CH         LINE#         1015
  C:2F50H         LINE#         1016
  C:2F6AH         LINE#         1017
  C:2F73H         LINE#         1018
  C:2F79H         LINE#         1019
  C:2F7AH         LINE#         1021
  C:2FC3H         LINE#         1022
  C:300EH         LINE#         1023
  C:3019H         LINE#         1024
  C:3054H         LINE#         1025
  C:3074H         LINE#         1026
  C:3075H         LINE#         1028
  C:3075H         LINE#         1031
  C:3082H         LINE#         1032
  C:30A1H         LINE#         1033
  C:30A5H         LINE#         1034
  C:30B1H         LINE#         1035
  C:30C6H         LINE#         1036
  C:30E6H         LINE#         1037
  C:3119H         LINE#         1038
  C:311BH         LINE#         1039
  C:313BH         LINE#         1040
  C:3153H         LINE#         1041
  C:3179H         LINE#         1042
  C:31D3H         LINE#         1043
  C:31D6H         LINE#         1044
  C:31F6H         LINE#         1045
  C:320AH         LINE#         1046
  C:322AH         LINE#         1047
  C:325DH         LINE#         1048
BL51 BANKED LINKER/LOCATER V6.22                                                      09/17/2018  20:32:40  PAGE 28


  C:325FH         LINE#         1051
  C:32BFH         LINE#         1054
  C:32F6H         LINE#         1055
  C:3315H         LINE#         1056
  C:3315H         LINE#         1058
  C:335CH         LINE#         1059
  C:3383H         LINE#         1060
  C:33A7H         LINE#         1063
  C:33BBH         LINE#         1064
  C:33E1H         LINE#         1065
  C:3405H         LINE#         1066
  C:341FH         LINE#         1067
  C:3422H         LINE#         1068
  C:3448H         LINE#         1069
  C:3468H         LINE#         1070
  C:3503H         LINE#         1071
  C:3503H         LINE#         1074
  C:3503H         LINE#         1076
  C:3506H         LINE#         1077
  C:3514H         LINE#         1078
  C:3514H         LINE#         1079
  C:3517H         LINE#         1080
  -------         ENDPROC       _DO_ACTION
  -------         PROC          _REPLACE_CHAR
  D:0001H         SYMBOL        str
  D:0005H         SYMBOL        ch1
  X:0469H         SYMBOL        ch2
  C:7046H         LINE#         1082
  C:7046H         LINE#         1083
  C:704BH         LINE#         1084
  C:704EH         LINE#         1085
  C:7055H         LINE#         1086
  C:7055H         LINE#         1087
  C:705CH         LINE#         1088
  C:705EH         LINE#         1090
  -------         ENDPROC       _REPLACE_CHAR
  -------         PROC          LOOP_VOL_WARNING
  -------         DO            
  X:0429H         SYMBOL        systick_ms_bak
  -------         ENDDO         
  C:6726H         LINE#         1093
  C:6726H         LINE#         1096
  C:6751H         LINE#         1097
  C:675AH         LINE#         1098
  C:6767H         LINE#         1099
  C:6789H         LINE#         1120
  -------         ENDPROC       LOOP_VOL_WARNING
  -------         PROC          HANDLE_SENSOR
  C:0092H         LINE#         1123
  C:0092H         LINE#         1229
  -------         ENDPROC       HANDLE_SENSOR
  -------         PROC          REWRITE_EEPROM
  C:6F8AH         LINE#         1232
  C:6F8AH         LINE#         1233
  C:6F95H         LINE#         1234
  -------         ENDPROC       REWRITE_EEPROM
  -------         PROC          LOOP_BT_ONCE
BL51 BANKED LINKER/LOCATER V6.22                                                      09/17/2018  20:32:40  PAGE 29


  -------         DO            
  X:042DH         SYMBOL        first_change
  X:042EH         SYMBOL        step
  X:042FH         SYMBOL        systick_ms_bak
  -------         ENDDO         
  C:48AAH         LINE#         1237
  C:48AAH         LINE#         1240
  C:48B3H         LINE#         1241
  C:48E4H         LINE#         1242
  C:48EDH         LINE#         1243
  C:48F8H         LINE#         1244
  C:48FBH         LINE#         1245
  C:4901H         LINE#         1246
  C:4901H         LINE#         1247
  C:4936H         LINE#         1248
  C:493FH         LINE#         1249
  C:494AH         LINE#         1250
  C:494AH         LINE#         1251
  C:497FH         LINE#         1252
  C:4988H         LINE#         1253
  C:4991H         LINE#         1254
  C:4991H         LINE#         1255
  C:49C5H         LINE#         1256
  C:49CEH         LINE#         1257
  C:49D7H         LINE#         1258
  C:49DDH         LINE#         1259
  C:4A10H         LINE#         1260
  C:4A19H         LINE#         1261
  C:4A22H         LINE#         1262
  C:4A28H         LINE#         1263
  C:4A2DH         LINE#         1264
  C:4A2DH         LINE#         1265
  C:4A2DH         LINE#         1266
  -------         ENDPROC       LOOP_BT_ONCE
  -------         PROC          SOFT_RESET
  C:0096H         LINE#         1268
  C:0096H         LINE#         1269
  C:0099H         LINE#         1270
  -------         ENDPROC       SOFT_RESET
  -------         ENDMOD        Z_MAIN

  -------         MODULE        Z_ADC
  C:0000H         SYMBOL        _ICE_DUMMY_
  C:70A4H         PUBLIC        _adc_init
  C:6F3BH         PUBLIC        _adc_read
  D:00BCH         PUBLIC        ADC_CONTR
  D:00BDH         PUBLIC        ADC_RES
  D:00BEH         PUBLIC        ADC_LOW2
  D:009DH         PUBLIC        P1ASF
  -------         PROC          _ADC_INIT
  D:0007H         SYMBOL        ch
  C:70A4H         LINE#         16
  C:70A4H         LINE#         17
  C:70B1H         LINE#         18
  C:70B4H         LINE#         19
  C:70B7H         LINE#         20
  C:70B8H         LINE#         21
BL51 BANKED LINKER/LOCATER V6.22                                                      09/17/2018  20:32:40  PAGE 30


  -------         ENDPROC       _ADC_INIT
  -------         PROC          _ADC_READ
  D:0006H         SYMBOL        ch
  C:6F3BH         LINE#         23
  C:6F3DH         LINE#         24
  C:6F40H         LINE#         25
  C:6F45H         LINE#         26
  C:6F46H         LINE#         27
  C:6F47H         LINE#         28
  C:6F48H         LINE#         29
  C:6F49H         LINE#         30
  C:6F4EH         LINE#         31
  C:6F51H         LINE#         33
  C:6F62H         LINE#         36
  -------         ENDPROC       _ADC_READ
  -------         ENDMOD        Z_ADC

  -------         MODULE        Z_DELAY
  C:0000H         SYMBOL        _ICE_DUMMY_
  C:71B0H         PUBLIC        _delay
  C:7133H         PUBLIC        _udelay
  C:6FD3H         PUBLIC        _mdelay
  -------         PROC          _DELAY
  D:0006H         SYMBOL        t
  C:71B0H         LINE#         3
  C:71B0H         LINE#         5
  C:71BAH         LINE#         7
  -------         ENDPROC       _DELAY
  -------         PROC          _UDELAY
  D:0006H         SYMBOL        t
  -------         DO            
  D:0005H         SYMBOL        i
  -------         ENDDO         
  C:7133H         LINE#         9
  C:7133H         LINE#         11
  C:713DH         LINE#         12
  C:713FH         LINE#         13
  C:7145H         LINE#         15
  -------         ENDPROC       _UDELAY
  -------         PROC          _MDELAY
  D:0006H         SYMBOL        t
  -------         DO            
  D:0004H         SYMBOL        i
  D:0002H         SYMBOL        j
  -------         ENDDO         
  C:6FD3H         LINE#         17
  C:6FD3H         LINE#         19
  C:6FDDH         LINE#         20
  C:6FEBH         LINE#         21
  C:6FF2H         LINE#         22
  -------         ENDPROC       _MDELAY
  -------         ENDMOD        Z_DELAY

  -------         MODULE        Z_GLOBAL
  C:0000H         SYMBOL        _ICE_DUMMY_
  D:00D0H         PUBLIC        PSW
  D:0080H         PUBLIC        P0
BL51 BANKED LINKER/LOCATER V6.22                                                      09/17/2018  20:32:40  PAGE 31


  D:0090H         PUBLIC        P1
  D:00A0H         PUBLIC        P2
  D:00B0H         PUBLIC        P3
  D:00C0H         PUBLIC        P4
  D:00C8H         PUBLIC        P5
  D:00E8H         PUBLIC        P6
  D:00F8H         PUBLIC        P7
  D:00A8H         PUBLIC        IE
  D:00B8H         PUBLIC        IP
  D:0088H         PUBLIC        TCON
  D:0098H         PUBLIC        SCON
  D:00D8H         PUBLIC        CCON
  X:0000H         PUBLIC        duoji_doing
  X:0070H         PUBLIC        eeprom_info
  X:0130H         PUBLIC        uart_receive_buf
  X:0334H         PUBLIC        uart1_get_ok
  X:0335H         PUBLIC        uart1_mode
  X:0336H         PUBLIC        uart_receive_buf_index
  X:0337H         PUBLIC        cmd_return
  X:039BH         PUBLIC        timer1_flag_dj
  X:039CH         PUBLIC        duoji_index1
  X:039DH         PUBLIC        smart_mode
  X:039EH         PUBLIC        group_do_ok
  X:039FH         PUBLIC        csb_cnt
  C:6A6AH         PUBLIC        global_init
  C:5473H         PUBLIC        _str_contain_str
  C:70E3H         PUBLIC        _abs_int
  C:4E69H         PUBLIC        _selection_sort
  -------         PROC          GLOBAL_INIT
  -------         DO            
  D:0003H         SYMBOL        i
  -------         ENDDO         
  C:6A6AH         LINE#         16
  C:6A6AH         LINE#         19
  C:6A6CH         LINE#         20
  C:6A81H         LINE#         21
  C:6A96H         LINE#         22
  C:6AABH         LINE#         23
  C:6AB0H         LINE#         25
  C:6AB5H         LINE#         26
  C:6AB7H         LINE#         27
  C:6AB9H         LINE#         29
  -------         ENDPROC       GLOBAL_INIT
  -------         PROC          _STR_CONTAIN_STR
  X:0470H         SYMBOL        str
  X:0473H         SYMBOL        str2
  -------         DO            
  X:0476H         SYMBOL        str_temp
  X:0479H         SYMBOL        str_temp2
  -------         ENDDO         
  C:5473H         LINE#         31
  C:547EH         LINE#         33
  C:5489H         LINE#         34
  C:549EH         LINE#         35
  C:54B2H         LINE#         36
  C:54C6H         LINE#         37
  C:54D6H         LINE#         38
BL51 BANKED LINKER/LOCATER V6.22                                                      09/17/2018  20:32:40  PAGE 32


  C:54FEH         LINE#         39
  C:5539H         LINE#         40
  C:554EH         LINE#         41
  C:554EH         LINE#         42
  C:554EH         LINE#         43
  C:554EH         LINE#         44
  C:5561H         LINE#         45
  C:557BH         LINE#         46
  C:557BH         LINE#         48
  C:557BH         LINE#         49
  C:5585H         LINE#         50
  C:5585H         LINE#         51
  C:5588H         LINE#         52
  C:558BH         LINE#         53
  -------         ENDPROC       _STR_CONTAIN_STR
  -------         PROC          _SELECTION_SORT
  D:0001H         SYMBOL        a
  X:0465H         SYMBOL        len
  -------         DO            
  X:0467H         SYMBOL        i
  X:0469H         SYMBOL        j
  X:046BH         SYMBOL        mi
  X:046DH         SYMBOL        t
  -------         ENDDO         
  C:4E69H         LINE#         55
  C:4E71H         LINE#         57
  C:4E9AH         LINE#         58
  C:4EA7H         LINE#         59
  C:4ECFH         LINE#         60
  C:4EFFH         LINE#         61
  C:4F0CH         LINE#         62
  C:4F0CH         LINE#         63
  C:4F1CH         LINE#         65
  C:4F33H         LINE#         66
  C:4F4AH         LINE#         67
  C:4F75H         LINE#         68
  C:4F93H         LINE#         69
  C:4F93H         LINE#         70
  C:4FA7H         LINE#         71
  -------         ENDPROC       _SELECTION_SORT
  -------         PROC          _ABS_INT
  D:0006H         SYMBOL        int1
  C:70E3H         LINE#         74
  C:70E3H         LINE#         75
  C:70EFH         LINE#         76
  C:70F6H         LINE#         77
  -------         ENDPROC       _ABS_INT
[...]
  C:5065H         LINE#         275
  C:5065H         LINE#         276
  C:5065H         LINE#         277
  C:5065H         LINE#         278
  C:5072H         LINE#         279
  C:5080H         LINE#         280
  C:5080H         LINE#         281
  C:5080H         LINE#         282
  C:5090H         LINE#         283
  C:509EH         LINE#         284
  C:509EH         LINE#         285
  C:509EH         LINE#         286
  C:50AEH         LINE#         287
  C:50C0H         LINE#         288
  C:50C5H         LINE#         289
  C:50CCH         LINE#         290
  C:50CCH         LINE#         292
  C:50D9H         LINE#         294
  C:50D9H         LINE#         300
  -------         ENDPROC       UART2_INT
  -------         PROC          UART4
  -------         DO            
  X:04ABH         SYMBOL        buf_index
  X:04ADH         SYMBOL        sbuf_bak
  -------         ENDDO         
BL51 BANKED LINKER/LOCATER V6.22                                                      09/17/2018  20:32:40  PAGE 55


  C:50E4H         LINE#         305
  C:50F1H         LINE#         308
  C:50F9H         LINE#         309
  C:50FCH         LINE#         310
  C:5102H         LINE#         314
  C:510BH         LINE#         316
  C:5112H         LINE#         317
  C:5118H         LINE#         318
  C:511FH         LINE#         319
  C:5128H         LINE#         320
  C:5130H         LINE#         321
  C:5138H         LINE#         322
  C:513EH         LINE#         323
  C:5144H         LINE#         324
  C:514AH         LINE#         325
  C:5150H         LINE#         326
  C:5156H         LINE#         327
  C:515CH         LINE#         328
  C:5162H         LINE#         329
  C:5162H         LINE#         330
  C:5169H         LINE#         331
  C:5169H         LINE#         333
  C:5186H         LINE#         335
  C:518EH         LINE#         337
  C:5193H         LINE#         339
  C:51A1H         LINE#         340
  C:51A1H         LINE#         341
  C:51A1H         LINE#         342
  C:51A1H         LINE#         343
  C:51AEH         LINE#         344
  C:51BCH         LINE#         345
  C:51BCH         LINE#         346
  C:51BCH         LINE#         347
  C:51CCH         LINE#         348
  C:51DAH         LINE#         349
  C:51DAH         LINE#         350
  C:51DAH         LINE#         351
  C:51EAH         LINE#         352
  C:51FCH         LINE#         353
  C:5201H         LINE#         354
  C:5208H         LINE#         355
  C:5208H         LINE#         357
  C:5215H         LINE#         358
  C:5215H         LINE#         364
  -------         ENDPROC       UART4
  -------         ENDMOD        Z_UART

  -------         MODULE        Z_W25Q64
  C:0000H         SYMBOL        _ICE_DUMMY_
  D:00D0H         PUBLIC        PSW
  D:0080H         PUBLIC        P0
  D:0090H         PUBLIC        P1
  D:00A0H         PUBLIC        P2
  D:00B0H         PUBLIC        P3
  D:00C0H         PUBLIC        P4
  D:00C8H         PUBLIC        P5
  D:00E8H         PUBLIC        P6
BL51 BANKED LINKER/LOCATER V6.22                                                      09/17/2018  20:32:40  PAGE 56


  D:00F8H         PUBLIC        P7
  D:0092H         PUBLIC        P1M0
  D:0091H         PUBLIC        P1M1
  D:00B4H         PUBLIC        P4M0
  D:00B3H         PUBLIC        P4M1
  D:00A8H         PUBLIC        IE
  D:00B8H         PUBLIC        IP
  D:0088H         PUBLIC        TCON
  D:0098H         PUBLIC        SCON
  D:00CDH         PUBLIC        SPSTAT
  D:00CEH         PUBLIC        SPCTL
  D:00CFH         PUBLIC        SPDAT
  D:00D8H         PUBLIC        CCON
  C:7158H         PUBLIC        SpiMasterInit
  C:7004H         PUBLIC        _SpiWriteRead
  B:00C0H.0       PUBLIC        P4_0
  C:71DAH         PUBLIC        SpiFlashInit
  C:6F11H         PUBLIC        SpiFlashReadID
  C:7195H         PUBLIC        SpiFlashReadSR
  C:71C6H         PUBLIC        SpiFlashWriteEnable
  C:5778H         PUBLIC        _SpiFlashWriteNoCheck
  C:678AH         PUBLIC        _SpiFlashRead
  C:6E33H         PUBLIC        _SpiFlashWrite
  C:6657H         PUBLIC        _SpiFlashEraseSector
  C:71E3H         PUBLIC        SpiFlashWaitBusy
  C:64E8H         PUBLIC        _SpiFlashWritePage
  -------         PROC          SPIMASTERINIT
  C:7158H         LINE#         27
  C:7158H         LINE#         28
  C:7158H         LINE#         42
  C:715BH         LINE#         43
  C:715EH         LINE#         44
  C:7161H         LINE#         45
  C:7164H         LINE#         50
  C:7167H         LINE#         54
  -------         ENDPROC       SPIMASTERINIT
  -------         PROC          L?0033
  -------         ENDPROC       L?0033
  -------         PROC          _SPIWRITEREAD
  D:0007H         SYMBOL        d
  C:7004H         LINE#         103
  C:7004H         LINE#         104
  C:7004H         LINE#         105
  C:7006H         LINE#         106
  C:700BH         LINE#         107
  C:700EH         LINE#         108
  C:7010H         LINE#         109
  -------         ENDPROC       _SPIWRITEREAD
  -------         PROC          SPIFLASHINIT
  C:71DAH         LINE#         144
  C:71DAH         LINE#         145
  C:71DAH         LINE#         147
  C:71DDH         LINE#         148
  C:71E0H         LINE#         150
  -------         ENDPROC       SPIFLASHINIT
  -------         PROC          SPIFLASHREADSR
  -------         DO            
BL51 BANKED LINKER/LOCATER V6.22                                                      09/17/2018  20:32:40  PAGE 57


  D:0007H         SYMBOL        rt
  -------         ENDDO         
  C:7195H         LINE#         165
  C:7195H         LINE#         166
  C:7195H         LINE#         167
  C:7195H         LINE#         168
  C:7197H         LINE#         169
  C:719CH         LINE#         170
  C:71A1H         LINE#         171
  C:71A3H         LINE#         172
  C:71A3H         LINE#         173
  -------         ENDPROC       SPIFLASHREADSR
  -------         PROC          SPIFLASHWRITEENABLE
  C:71C6H         LINE#         195
  C:71C6H         LINE#         196
  C:71C6H         LINE#         197
  C:71C8H         LINE#         198
  C:71CDH         LINE#         199
  C:71CFH         LINE#         200
  -------         ENDPROC       SPIFLASHWRITEENABLE
  -------         PROC          SPIFLASHREADID
  -------         DO            
  D:0004H         SYMBOL        Temp
  -------         ENDDO         
  C:6F11H         LINE#         224
  C:6F11H         LINE#         225
  C:6F11H         LINE#         226
  C:6F14H         LINE#         227
  C:6F16H         LINE#         228
  C:6F1BH         LINE#         229
  C:6F20H         LINE#         230
  C:6F25H         LINE#         231
  C:6F2AH         LINE#         232
  C:6F31H         LINE#         233
  C:6F36H         LINE#         234
  C:6F38H         LINE#         235
  C:6F3AH         LINE#         236
  -------         ENDPROC       SPIFLASHREADID
  -------         PROC          _SPIFLASHREAD
  X:0474H         SYMBOL        pBuffer
  X:0477H         SYMBOL        ReadAddr
  X:047BH         SYMBOL        NumByteToRead
  -------         DO            
  D:0004H         SYMBOL        i
  -------         ENDDO         
  C:678AH         LINE#         245
  C:6799H         LINE#         246
  C:6799H         LINE#         248
  C:679BH         LINE#         249
  C:67A0H         LINE#         250
  C:67A5H         LINE#         251
  C:67AAH         LINE#         252
  C:67BBH         LINE#         254
  C:67CBH         LINE#         255
  C:67CBH         LINE#         256
  C:67E3H         LINE#         257
  C:67EAH         LINE#         259
BL51 BANKED LINKER/LOCATER V6.22                                                      09/17/2018  20:32:40  PAGE 58


  C:67ECH         LINE#         260
  -------         ENDPROC       _SPIFLASHREAD
  -------         PROC          _SPIFLASHWRITEPAGE
  X:0470H         SYMBOL        pBuffer
  X:0473H         SYMBOL        WriteAddr
  X:0477H         SYMBOL        NumByteToWrite
  -------         DO            
  D:0004H         SYMBOL        i
  -------         ENDDO         
  C:64E8H         LINE#         269
  C:64F7H         LINE#         270
  C:64F7H         LINE#         273
  C:64FAH         LINE#         274
  C:64FCH         LINE#         276
  C:6501H         LINE#         277
  C:6517H         LINE#         278
  C:652DH         LINE#         279
  C:6538H         LINE#         281
  C:6565H         LINE#         283
  C:6567H         LINE#         284
  -------         ENDPROC       _SPIFLASHWRITEPAGE
  -------         PROC          _SPIFLASHWRITENOCHECK
  X:0465H         SYMBOL        pBuffer
  X:0468H         SYMBOL        WriteAddr
  X:046CH         SYMBOL        NumByteToWrite
  -------         DO            
  X:046EH         SYMBOL        pageremain
  -------         ENDDO         
  C:5778H         LINE#         298
  C:5787H         LINE#         299
  C:5787H         LINE#         301
  C:579FH         LINE#         302
  C:57B3H         LINE#         304
  C:57B3H         LINE#         305
  C:57B3H         LINE#         306
  C:57DEH         LINE#         307
  C:57F3H         LINE#         309
  C:57F3H         LINE#         310
  C:5804H         LINE#         311
  C:5827H         LINE#         313
  C:5840H         LINE#         314
  C:5852H         LINE#         315
  C:585FH         LINE#         316
  C:585FH         LINE#         317
  -------         ENDPROC       _SPIFLASHWRITENOCHECK
  -------         PROC          _SPIFLASHWRITE
  D:0001H         SYMBOL        pBuffer
  X:04B7H         SYMBOL        WriteAddr
  X:04BBH         SYMBOL        NumByteToWrite
  -------         DO            
  X:04BDH         SYMBOL        secpos
  -------         ENDDO         
  C:6E33H         LINE#         329
  C:6E39H         LINE#         330
  C:6E39H         LINE#         331
  C:6E43H         LINE#         334
  -------         ENDPROC       _SPIFLASHWRITE
BL51 BANKED LINKER/LOCATER V6.22                                                      09/17/2018  20:32:40  PAGE 59


  -------         PROC          _SPIFLASHERASESECTOR
  X:0474H         SYMBOL        Dst_Addr
  C:6657H         LINE#         357
  C:665DH         LINE#         358
  C:665DH         LINE#         360
  C:6676H         LINE#         361
  C:6679H         LINE#         362
  C:667CH         LINE#         363
  C:667EH         LINE#         364
  C:6683H         LINE#         365
  C:6699H         LINE#         366
  C:66AFH         LINE#         367
  C:66BAH         LINE#         368
  C:66BCH         LINE#         369
  -------         ENDPROC       _SPIFLASHERASESECTOR
  -------         PROC          SPIFLASHWAITBUSY
  C:71E3H         LINE#         377
  C:71E3H         LINE#         378
  C:71E3H         LINE#         379
  C:71EAH         LINE#         380
  -------         ENDPROC       SPIFLASHWAITBUSY
  -------         ENDMOD        Z_W25Q64

  -------         MODULE        ?C?FPADD
  C:1545H         PUBLIC        ?C?FPADD
  C:1541H         PUBLIC        ?C?FPSUB
  -------         ENDMOD        ?C?FPADD

  -------         MODULE        ?C?FPMUL
  C:1636H         PUBLIC        ?C?FPMUL
  -------         ENDMOD        ?C?FPMUL

  -------         MODULE        ?C?FPDIV
  C:173FH         PUBLIC        ?C?FPDIV
  -------         ENDMOD        ?C?FPDIV

  -------         MODULE        ?C?FPCMP
  C:17DEH         PUBLIC        ?C?FPCMP
  C:17DCH         PUBLIC        ?C?FPCMP3
  -------         ENDMOD        ?C?FPCMP

  -------         MODULE        ?C?FPNEG
  C:1849H         PUBLIC        ?C?FPNEG
  -------         ENDMOD        ?C?FPNEG

  -------         MODULE        ?C?FCAST
  C:1864H         PUBLIC        ?C?FCASTC
  C:185FH         PUBLIC        ?C?FCASTI
  C:185AH         PUBLIC        ?C?FCASTL
  -------         ENDMOD        ?C?FCAST

  -------         MODULE        ?C?CASTF
  C:1898H         PUBLIC        ?C?CASTF
  -------         ENDMOD        ?C?CASTF

  -------         MODULE        PRINTF
  X:0474H         PUBLIC        ?_PRINTF?BYTE
BL51 BANKED LINKER/LOCATER V6.22                                                      09/17/2018  20:32:40  PAGE 60


  X:0474H         PUBLIC        ?_SPRINTF?BYTE
  C:3583H         PUBLIC        _PRINTF
  C:357DH         PUBLIC        _SPRINTF
  -------         ENDMOD        PRINTF

  -------         MODULE        SCANF
  X:0470H         PUBLIC        ?_SCANF?BYTE
  X:0470H         PUBLIC        ?_SSCANF?BYTE
  C:3A28H         PUBLIC        _SCANF
  C:3A24H         PUBLIC        _SSCANF
  -------         ENDMOD        SCANF

  -------         MODULE        ?C?FPROUND
  C:1919H         PUBLIC        ?C?FPROUND
  -------         ENDMOD        ?C?FPROUND

  -------         MODULE        ?C?FPCONVERT
  C:1956H         PUBLIC        ?C?FPCONVERT
  -------         ENDMOD        ?C?FPCONVERT

  -------         MODULE        ?C?FTNPWR
  C:1A8BH         PUBLIC        ?C?FTNPWR
  -------         ENDMOD        ?C?FTNPWR

  -------         MODULE        ?C?COPY
  C:1B9BH         PUBLIC        ?C?COPY
  -------         ENDMOD        ?C?COPY

  -------         MODULE        ?C?CLDPTR
  C:1BC1H         PUBLIC        ?C?CLDPTR
  -------         ENDMOD        ?C?CLDPTR

  -------         MODULE        ?C?CLDOPTR
  C:1BDAH         PUBLIC        ?C?CLDOPTR
  -------         ENDMOD        ?C?CLDOPTR

  -------         MODULE        ?C?CSTPTR
  C:1C07H         PUBLIC        ?C?CSTPTR
  -------         ENDMOD        ?C?CSTPTR

  -------         MODULE        ?C?CSTOPTR
  C:1C19H         PUBLIC        ?C?CSTOPTR
  -------         ENDMOD        ?C?CSTOPTR

  -------         MODULE        ?C?IMUL
  C:1C3BH         PUBLIC        ?C?IMUL
  -------         ENDMOD        ?C?IMUL

  -------         MODULE        ?C?SIDIV
  C:1C4DH         PUBLIC        ?C?SIDIV
  -------         ENDMOD        ?C?SIDIV

  -------         MODULE        ?C?IILDX
  C:1C83H         PUBLIC        ?C?IILDX
  -------         ENDMOD        ?C?IILDX

  -------         MODULE        ?C?ILDIX
BL51 BANKED LINKER/LOCATER V6.22                                                      09/17/2018  20:32:40  PAGE 61


  C:1C99H         PUBLIC        ?C?ILDIX
  -------         ENDMOD        ?C?ILDIX

  -------         MODULE        ?C?ILDPTR
  C:1CAFH         PUBLIC        ?C?ILDPTR
  -------         ENDMOD        ?C?ILDPTR

  -------         MODULE        ?C?ILDOPTR
  C:1CDAH         PUBLIC        ?C?ILDOPTR
  -------         ENDMOD        ?C?ILDOPTR

  -------         MODULE        ?C?ISTPTR
  C:1D12H         PUBLIC        ?C?ISTPTR
  -------         ENDMOD        ?C?ISTPTR

  -------         MODULE        ?C?ISTOPTR
  C:1D31H         PUBLIC        ?C?ISTOPTR
  -------         ENDMOD        ?C?ISTOPTR

  -------         MODULE        ?C?LMUL
  C:1D5EH         PUBLIC        ?C?LMUL
  -------         ENDMOD        ?C?LMUL

  -------         MODULE        ?C?ULDIV
  C:1DE9H         PUBLIC        ?C?ULDIV
  -------         ENDMOD        ?C?ULDIV

  -------         MODULE        ?C?LNEG
  C:1E7BH         PUBLIC        ?C?LNEG
  -------         ENDMOD        ?C?LNEG

  -------         MODULE        ?C?ULCMP
  C:1E89H         PUBLIC        ?C?ULCMP
  -------         ENDMOD        ?C?ULCMP

  -------         MODULE        ?C?ULSHR
  C:1E9AH         PUBLIC        ?C?ULSHR
  -------         ENDMOD        ?C?ULSHR

  -------         MODULE        ?C?LSHL
  C:1EADH         PUBLIC        ?C?LSHL
  -------         ENDMOD        ?C?LSHL

  -------         MODULE        ?C?LSTPTR
  C:1EC0H         PUBLIC        ?C?LSTPTR
  -------         ENDMOD        ?C?LSTPTR

  -------         MODULE        ?C?LSTXDATA
  C:1EDAH         PUBLIC        ?C?LSTXDATA
  -------         ENDMOD        ?C?LSTXDATA

  -------         MODULE        ?C?LSTKXDATA
  C:1EE6H         PUBLIC        ?C?LSTKXDATA
  -------         ENDMOD        ?C?LSTKXDATA

  -------         MODULE        ?C?OFFXADD
  C:1F17H         PUBLIC        ?C?OFFXADD
BL51 BANKED LINKER/LOCATER V6.22                                                      09/17/2018  20:32:40  PAGE 62


  -------         ENDMOD        ?C?OFFXADD

  -------         MODULE        ?C?PLDXDATA
  C:1F23H         PUBLIC        ?C?PLDXDATA
  -------         ENDMOD        ?C?PLDXDATA

  -------         MODULE        ?C?PLDIXDATA
  C:1F2CH         PUBLIC        ?C?PLDIXDATA
  -------         ENDMOD        ?C?PLDIXDATA

  -------         MODULE        ?C?PILDXDATA
  C:1F43H         PUBLIC        ?C?PILDXDATA
  -------         ENDMOD        ?C?PILDXDATA

  -------         MODULE        ?C?PSTXDATA
  C:1F5AH         PUBLIC        ?C?PSTXDATA
  -------         ENDMOD        ?C?PSTXDATA

  -------         MODULE        ?C?CCASE
  C:1F63H         PUBLIC        ?C?CCASE
  -------         ENDMOD        ?C?CCASE

  -------         MODULE        PUTCHAR
  C:6F63H         PUBLIC        _PUTCHAR
  -------         ENDMOD        PUTCHAR

  -------         MODULE        GETCHAR
  B:0021H.3       PUBLIC        ?C?CHARLOADED
  X:04C6H         PUBLIC        ?_UNGETCHAR?BYTE
  C:710BH         PUBLIC        GETCHAR
  -------         ENDMOD        GETCHAR

  -------         MODULE        UNGETC
  C:71EBH         PUBLIC        _UNGETCHAR
  -------         ENDMOD        UNGETC

  -------         MODULE        ISSPACE
  C:711FH         PUBLIC        _isspace
  -------         ENDMOD        ISSPACE

  -------         MODULE        ?C?STRCPY
  C:2055H         PUBLIC        ?C?STRCPY
  -------         ENDMOD        ?C?STRCPY

  -------         MODULE        STRLEN
  C:70CEH         PUBLIC        _STRLEN
  -------         ENDMOD        STRLEN

  -------         MODULE        ?C?MEMSET
  C:2072H         PUBLIC        ?C?MEMSET
  -------         ENDMOD        ?C?MEMSET

  -------         MODULE        ?C?UIDIV
  C:209EH         PUBLIC        ?C?UIDIV
  -------         ENDMOD        ?C?UIDIV

  -------         MODULE        ?C?LSTIDATA
BL51 BANKED LINKER/LOCATER V6.22                                                      09/17/2018  20:32:40  PAGE 63


  C:20F3H         PUBLIC        ?C?LSTIDATA
  -------         ENDMOD        ?C?LSTIDATA

  -------         MODULE        ?C?LSTPDATA
  C:20FFH         PUBLIC        ?C?LSTPDATA
  -------         ENDMOD        ?C?LSTPDATA

  -------         MODULE        _GETKEY
  C:71D0H         PUBLIC        _GETKEY
  -------         ENDMOD        _GETKEY

*** WARNING L16: UNCALLED SEGMENT, IGNORED FOR OVERLAY PROCESS
    SEGMENT: ?PR?HANDLE_UART?Z_MAIN

*** WARNING L16: UNCALLED SEGMENT, IGNORED FOR OVERLAY PROCESS
    SEGMENT: ?PR?LOOP_VOL_WARNING?Z_MAIN

*** WARNING L16: UNCALLED SEGMENT, IGNORED FOR OVERLAY PROCESS
    SEGMENT: ?PR?HANDLE_SENSOR?Z_MAIN

*** WARNING L16: UNCALLED SEGMENT, IGNORED FOR OVERLAY PROCESS
    SEGMENT: ?PR?_UDELAY?Z_DELAY

*** WARNING L16: UNCALLED SEGMENT, IGNORED FOR OVERLAY PROCESS
    SEGMENT: ?PR?_ABS_INT?Z_GLOBAL

*** WARNING L16: UNCALLED SEGMENT, IGNORED FOR OVERLAY PROCESS
    SEGMENT: ?PR?UART1_CLOSE?Z_UART

*** WARNING L16: UNCALLED SEGMENT, IGNORED FOR OVERLAY PROCESS
    SEGMENT: ?PR?UART2_CLOSE?Z_UART

*** WARNING L16: UNCALLED SEGMENT, IGNORED FOR OVERLAY PROCESS
    SEGMENT: ?PR?UART4_CLOSE?Z_UART

*** WARNING L16: UNCALLED SEGMENT, IGNORED FOR OVERLAY PROCESS
    SEGMENT: ?PR?_SPIFLASHWRITE?Z_W25Q64

Program Size: data=29.4 xdata=1223 code=29234
LINK/LOCATE RUN COMPLETE.  9 WARNING(S),  0 ERROR(S)
