C51 COMPILER V9.56.0.0   Z_SENSOR                                                          09/20/2018 15:04:01 PAGE 1   


C51 COMPILER V9.56.0.0, COMPILATION OF MODULE Z_SENSOR
OBJECT MODULE PLACED IN .\obj\z_sensor.obj
COMPILER INVOKED BY: d:\Keil_v5\C51\BIN\C51.EXE src\z_sensor.c LARGE OPTIMIZE(8,SPEED) BROWSE ORDER INCDIR(.\src) DEBUG 
                    -OBJECTEXTEND PRINT(.\lst\z_sensor.lst) TABS(2) OBJECT(.\obj\z_sensor.obj)

line level    source

   1          #include <stdio.h>
   2          #include <string.h>
   3          
   4          #include "z_sensor.h"
   5          #include "z_adc.h"
   6          #include "z_global.h"
   7          #include "z_gpio.h"
   8          #include "z_pwm.h"
   9          #include "z_timer.h"
  10          #include "z_uart.h"
  11          #include "z_main.h"
  12          #include "z_w25q64.h"
  13          
  14          
  15          #define COLOR_RED_BASE 132 //红色基准色
  16          #define COLOR_GRN_BASE 168 //绿色基准色
  17          #define COLOR_BLU_BASE 180 //蓝色基准色
  18          int color_red_base, color_grn_base, color_blu_base;
  19          
  20          /*
  21            智能功能代码
  22          */
  23          
  24          //左 P06 右 P07 默认标准输入 0 0
  25          void setup_xunji(void) {
  26   1      //  P0M1 &= ~(1<<6);
  27   1      //  P0M0 &= ~(1<<6);
  28   1      //  
  29   1      //  P0M1 &= ~(1<<7);
  30   1      //  P0M0 &= ~(1<<7);
  31   1      }
  32          
  33          //P10 默认标准输入 0 0
  34          void setup_sound(void) {
  35   1      //  P1M1 &= ~(1<<0);
  36   1      //  P1M0 &= ~(1<<0);
  37   1      }
  38          
  39          //P12 AD
  40          void setup_csb(void) {
  41   1        //adc_init(ADC_CSB);
  42   1      //  P1M0 |= 1<<6;
  43   1      //  P1M1 &= ~(1<<6);
  44   1        
  45   1      //  P1M0 |= 1<<2;
  46   1      //  P1M1 &= ~(1<<2);
  47   1        
  48   1        timer0_init();//超声波计数定时器
  49   1      }
  50          
  51          //P16 AD
  52          void setup_yssb(void) {
  53   1        adc_init(ADC_YSSB);
  54   1        if(eeprom_info.color_base_flag != 0x29) {
C51 COMPILER V9.56.0.0   Z_SENSOR                                                          09/20/2018 15:04:01 PAGE 2   

  55   2          eeprom_info.color_base_flag = 0x29;
  56   2          color_red_base = COLOR_RED_BASE;
  57   2          color_grn_base = COLOR_GRN_BASE;
  58   2          color_blu_base = COLOR_BLU_BASE;
  59   2          rewrite_eeprom();
  60   2          uart1_send_str("No Color!");
  61   2        } else {
  62   2          color_red_base = eeprom_info.color_red_base;
  63   2          color_grn_base = eeprom_info.color_grn_base;
  64   2          color_blu_base = eeprom_info.color_blu_base;
  65   2          uart1_send_str("Get Color!");
  66   2        }
  67   1        sprintf((char *)uart_receive_buf, "red = %d grn = %d blu = %d\r\n", color_red_base, color_grn_base, color
             -_blu_base);
  68   1        uart1_send_str(uart_receive_buf);
  69   1      }
  70          
  71          //初始化传感器IO口
  72          void setup_sensor(void) {
  73   1        setup_xunji();  //初始化循迹
  74   1        setup_sound();  //初始化声音
  75   1        setup_csb();  //初始化超声波
  76   1        setup_yssb(); //初始化颜色识别
  77   1      }
  78          
  79          //处理智能传感器功能
  80          void loop_smart_sensor(void) {
  81   1        if(smart_mode == 0) {
  82   2          smart_xunji();        //循迹模式
  83   2        } else if(smart_mode == 1) {
  84   2          smart_soundjiaqu();     //声控夹取
  85   2        } else if(smart_mode == 2) {
  86   2          smart_ziyoubizhang();   //自由避障
  87   2        } else if(smart_mode == 3) {
  88   2          smart_yssbjiaqu();      //颜色识别
  89   2        } else if(smart_mode == 4) {
  90   2          smart_csbjiaqu();     //定距夹取
  91   2        } else if(smart_mode == 5) {
  92   2          smart_gensui();       //跟随功能
  93   2        } else if(smart_mode == 6) {
  94   2          smart_xunjibizhang();   //循迹避障
  95   2        } else if(smart_mode == 7) {
  96   2          smart_xunjiyanse();     //循迹识别
  97   2        } else if(smart_mode == 8) {
  98   2          smart_xunjicsbjiaqu();    //循迹定距
  99   2        } else if(smart_mode == 9) {
 100   2          smart_yssb_verify();    //颜色校验
 101   2        } else if(smart_mode == 10) {
 102   2          group_do_ok = 1;        //
 103   2        }
 104   1      }
 105          /*************************************************************
 106          函数名称：get_adc_yssb_middle()
 107          功能介绍：获取灰度传感器采集到的值并返回
 108          函数参数：无
 109          返回值：  采集的数据  
 110          *************************************************************/
 111          int get_adc_yssb_middle() {
 112   1        u8 i;
 113   1        static int ad_value[5] = {0}, ad_value_bak[5] = {0}, ad_index = 0, myvalue;
 114   1        ad_value[ad_index] = adc_read(ADC_YSSB);
 115   1        ad_value_bak[ad_index] = ad_value[ad_index];
C51 COMPILER V9.56.0.0   Z_SENSOR                                                          09/20/2018 15:04:01 PAGE 3   

 116   1        ad_index ++ ;
 117   1        if(ad_index == 5)ad_index = 0;
 118   1        selection_sort(ad_value, 5);
 119   1        myvalue = ad_value[2];
 120   1        for(i=0;i<5;i++)ad_value[i] = ad_value_bak[i];
 121   1        return myvalue;  
 122   1      }
 123          /*************************************************************
 124          函数名称：get_csb_value()
 125          功能介绍：采集超声波数据
 126          函数参数：无
 127          返回值：  采集的数据  
 128          *************************************************************/
 129          int get_csb_value(void) {
 130   1          float distance;
 131   1          u16 i = 0, k=0, time;
 132   1          u8 j=120;
 133   1      
 134   1          TH1 = TL1 = csb_cnt = 0; //初始化定时器0
 135   1          Trig = 1; //拉高超声波模块触发IO
 136   1          while(j--); // 延时20us
 137   1          Trig = 0; //拉低超声波模块触发IO
 138   1          i = 0;k=0;
 139   1          while(!Echo);//等待超声波模块输出IO拉高 
 140   1          TR1 = 1; //开启定时器计时
 141   1          while(Echo ); //等待超声波模块输出IO拉低
 142   1          TR1 = 0; //关闭定时器计时
 143   1        
 144   1          //判断是否超出模块最大测距 4m
 145   1          //计算出时间 转换成US 
 146   1          time = (TH1 * 256 + TL1 + csb_cnt*65536) * (1.0000/22.1184);
 147   1          //计算出距离 340m/s =  0.34cm/us 半程 0.17mm/us
 148   1          distance = time * 0.17;
 149   1      
 150   1          //sprintf(cmd_return, "distance = %.2f cm i=%d k=%d\r\n", distance, i, k);
 151   1          //uart1_send_str(cmd_return);
 152   1      
 153   1          //复位定时器
 154   1          TL1 = 0;    //设置定时初值
 155   1          TH1 = 0;    //设置定时初值
 156   1          TF1 = 0;    //清除TF1标志
 157   1          return distance;
 158   1      }
 159          /*************************************************************
 160          函数名称：get_adc_csb_middle()
 161          功能介绍：处理超声波采集到的数据，取采集到的中间值
 162          函数参数：无
 163          返回值：  处理后的超声波数据  
 164          *************************************************************/
 165          int get_adc_csb_middle() {
 166   1        u8 i;
 167   1        static int ad_value[5] = {0}, myvalue;
 168   1        for(i=0;i<5;i++)ad_value[i] = get_csb_value();
 169   1        selection_sort(ad_value, 5);
 170   1        myvalue = ad_value[2];
 171   1        return myvalue;  
 172   1      }
 173          
 174          /*************************************************************
 175          函数名称：smart_xunji()
 176          功能介绍：实现循迹功能
 177          函数参数：无
C51 COMPILER V9.56.0.0   Z_SENSOR                                                          09/20/2018 15:04:01 PAGE 4   

 178          返回值：  无  
 179          *************************************************************/
 180          void smart_xunji(void) {
 181   1        int speed = 500;
 182   1        if((xj0() == 0) && (xj1() == 1)) {
 183   2          car_pwm_set(speed+200, 0);
 184   2        } else if((xj0() == 1) && (xj1() == 1)) {
 185   2          car_pwm_set(speed, speed);
 186   2        } else if((xj0() == 1) && (xj1() == 0)) {
 187   2          car_pwm_set(0, speed+200);
 188   2        } 
 189   1      }
 190          /*************************************************************
 191          函数名称：smart_xunjibizhang()
 192          功能介绍：在循迹的过程中，检测有障碍物，则停止，否则继续循迹
 193          函数参数：无
 194          返回值：  无  
 195          *************************************************************/
 196          void smart_xunjibizhang(void) {
 197   1        static u32 systick_ms_bak = 0;
 198   1        int adc_csb;
 199   1        
 200   1        if(millis() - systick_ms_bak > 50) {
 201   2          systick_ms_bak = millis();
 202   2          //避障处理
 203   2          adc_csb = get_adc_csb_middle();//获取a0的ad值，计算出距离
 204   2          //sprintf((char *)uart_receive_buf, "adc_csb = %d\r\n", adc_csb);
 205   2          //uart1_send_str(uart_receive_buf);
 206   2          if(adc_csb < 250) {//距离低于250mm就停止
 207   3            car_pwm_set(0, 0);
 208   3          } else {
 209   3            //循迹处理
 210   3            smart_xunji();
 211   3          }
 212   2        }
 213   1      }
 214          
 215          /*************************************************************
 216          函数名称：smart_gensui()
 217          功能介绍：检测物体距离，在一定距离内实现跟随功能
 218          函数参数：无
 219          返回值：  无  
 220          *************************************************************/
 221          void smart_gensui(void) {
 222   1        static u32 systick_ms_bak = 0;
 223   1        int speed = 600, adc_csb;
 224   1        if(millis() - systick_ms_bak > 20) {
 225   2          systick_ms_bak = millis();
 226   2          adc_csb = get_adc_csb_middle();//获取a0的ad值，计算出距离
 227   2          if((adc_csb > 300) && (adc_csb < 700)  ) {//距离30~70cm前进
 228   3            car_pwm_set(speed, speed);
 229   3          } else if(adc_csb < 200) {//距离低于20cm就后退
 230   3            car_pwm_set(-speed, -speed);
 231   3          } else {//其他情况停止
 232   3            car_pwm_set(0, 0);
 233   3          }
 234   2        }
 235   1      }
 236          /*************************************************************
 237          函数名称：smart_ziyoubizhang()
 238          功能介绍：识别物体距离从而避开物体前进
 239          函数参数：无
C51 COMPILER V9.56.0.0   Z_SENSOR                                                          09/20/2018 15:04:01 PAGE 5   

 240          返回值：  无  
 241          *************************************************************/
 242          void smart_ziyoubizhang(void) {
 243   1        static u32 systick_ms_bak = 0;
 244   1        int speed = 900, adc_csb;
 245   1        if(millis() - systick_ms_bak > 100) {
 246   2          systick_ms_bak = millis();
 247   2          
 248   2          adc_csb = get_adc_csb_middle();//获取a0的ad值，计算出距离
 249   2      //    sprintf((char *)uart_receive_buf, "adc_csb = %d mm\r\n", adc_csb);
 250   2      //    uart1_send_str(uart_receive_buf);
 251   2          if(adc_csb < 500) {//距离低于50cm就右转
 252   3            car_pwm_set(speed, -speed);
 253   3          } else {
 254   3            car_pwm_set(speed, speed);
 255   3          }
 256   2        }
 257   1      }
 258          /*************************************************************
 259          函数名称：smart_csbjiaqu()
 260          功能介绍：识别物体距离夹取物体
 261          函数参数：无
 262          返回值：  无  
 263          *************************************************************/
 264          void smart_csbjiaqu(void) {
 265   1        static u32 systick_ms_bak = 0;
 266   1        static u8 justDo = 0;
 267   1      //  static u8 done_once = 0;
 268   1        
 269   1        int adc_csb;
 270   1        if(group_do_ok == 0)return;
 271   1        if(justDo) {               //结束执行响两声
 272   2          justDo = 0;
 273   2          beep_on_times(1, 1000);
 274   2        }
 275   1        //每20ms计算一次
 276   1        if(millis() - systick_ms_bak > 20) {
 277   2          systick_ms_bak = millis();
 278   2          adc_csb = get_adc_csb_middle();//获取a0的ad值，计算出距离
 279   2      //    sprintf((char *)uart_receive_buf, "adc_csb = %d\r\n", adc_csb);
 280   2      //    uart1_send_str(uart_receive_buf);
 281   2          if((adc_csb > 130) && (adc_csb < 170)) {//距离15cm左右就夹取
 282   3            parse_cmd((u8 *)"$DGT:3-11,1!");
 283   3            beep_on_times(1, 100);
 284   3            justDo = 1;
 285   3          } 
 286   2        }
 287   1      }
 288          /*************************************************************
 289          函数名称：smart_yssbjiaqu()
 290          功能介绍：识别木块颜色，夹取分别放到不同位置
 291          函数参数：无
 292          返回值：  无  
 293          *************************************************************/
 294          void smart_yssbjiaqu(void) {
 295   1        static u8 getCount = 0, getCountOk = 0, i;
 296   1        static u32 systick_ms_bak = 0, systick_ms_bak2 = 0;
 297   1        static int adc_yssb;
 298   1        
 299   1        if(group_do_ok == 0)return;
 300   1        if(check_dj_state())return;
 301   1        
C51 COMPILER V9.56.0.0   Z_SENSOR                                                          09/20/2018 15:04:01 PAGE 6   

 302   1      //  sprintf((char *)uart_receive_buf, "millis() = %ld  systick_ms_bak3 = %ld  nextComeTime = %ld\r\n", mill
             -is(), systick_ms_bak3, nextComeTime);
 303   1      //  uart1_send_str(uart_receive_buf);
 304   1          
 305   1        //每20ms获取一次数据
 306   1        if(millis() - systick_ms_bak2 > 20) {
 307   2          systick_ms_bak2 = millis();
 308   2          getCount ++;
 309   2          adc_yssb = get_adc_yssb_middle();
 310   2          if( getCount >= 5) {
 311   3            getCount = 0;
 312   3            getCountOk = 1;
 313   3          }
 314   2        }
 315   1        
 316   1        //每5次识别一次
 317   1        if((millis() - systick_ms_bak > 100) && (getCountOk == 1)) {
 318   2          systick_ms_bak = millis();
 319   2          getCountOk = 0;
 320   2          //获取a0的ad值
 321   2      //    sprintf((char *)uart_receive_buf, "adc_yssb = %d\r\n", adc_yssb);
 322   2      //    uart1_send_str(uart_receive_buf);
 323   2          
 324   2          if((adc_yssb>color_red_base-10) && (adc_yssb<color_red_base+10)) {
 325   3            //RED
 326   3            for(i=0;i<5;i++) {
 327   4              adc_yssb = get_adc_yssb_middle();
 328   4              mdelay(20);
 329   4            }
 330   3            if((adc_yssb>color_red_base-10) && (adc_yssb<color_red_base+10)) {
 331   4              //uart1_send_str("RED");
 332   4              parse_cmd((u8 *)"$DGT:12-18,1!");
 333   4              beep_on_times(1, 100);
 334   4            }
 335   3          } else if((adc_yssb>color_grn_base-10) && (adc_yssb<color_grn_base+10)) {
 336   3            //GRN
 337   3            for(i=0;i<5;i++) {
 338   4              adc_yssb = get_adc_yssb_middle();
 339   4              mdelay(20);
 340   4            }
 341   3            if((adc_yssb>color_grn_base-10) && (adc_yssb<color_grn_base+10)) {
 342   4              //uart1_send_str("GRN");
 343   4              parse_cmd((u8 *)"$DGT:19-27,1!");
 344   4              beep_on_times(1, 100);
 345   4            }
 346   3          } else if((adc_yssb>color_blu_base-10) && (adc_yssb<color_blu_base+10)) {
 347   3            //BLU
 348   3            for(i=0;i<5;i++) {
 349   4              adc_yssb = get_adc_yssb_middle();
 350   4              mdelay(20);
 351   4            }
 352   3            if((adc_yssb>color_blu_base-10) && (adc_yssb<color_blu_base+10)) {
 353   4              //uart1_send_str("BLU");
 354   4              parse_cmd((u8 *)"$DGT:28-36,1!");
 355   4              beep_on_times(1, 100);
 356   4            }
 357   3          }  
 358   2          
 359   2        } 
 360   1      }
 361          /*************************************************************
 362          函数名称：smart_soundjiaqu()
C51 COMPILER V9.56.0.0   Z_SENSOR                                                          09/20/2018 15:04:01 PAGE 7   

 363          功能介绍：检测1S内声音次数，响一次夹取物体放到一边，响俩次放另一边
 364          函数参数：无
 365          返回值：  无  
 366          *************************************************************/
 367          void smart_soundjiaqu(void) {
 368   1        
 369   1        static u8 justDo = 0;
 370   1        static u32 systick_ms_bak = 0, systick_ms_bak2 = 0;
 371   1        static int soundCount = 0;
 372   1      //  GPIO_InitTypeDef GPIO_InitStructure;
 373   1        
 374   1        
 375   1        if(group_do_ok == 0)return;//有动作执行，直接返回
 376   1        
 377   1        if(justDo) {               //结束执行响两声
 378   2          justDo = 0;
 379   2          beep_on_times(1, 1000);
 380   2        }
 381   1        
 382   1        if(millis() - systick_ms_bak > 10) {//计算在一秒内有几次响声
 383   2          systick_ms_bak = millis();
 384   2          if(sound() == 0) {
 385   3            soundCount++;
 386   3            while(sound() == 0);
 387   3            if(soundCount == 1)systick_ms_bak2 = millis();
 388   3          }
 389   2        }
 390   1        
 391   1        if(millis() - systick_ms_bak2 > 1000) {
 392   2          systick_ms_bak2  = millis();
 393   2          
 394   2      //    if(soundCount) {
 395   2      //      sprintf((char *)uart_receive_buf, "soundCount = %d\r\n", (int)soundCount);
 396   2      //      uart1_send_str(uart_receive_buf);
 397   2      //    } 
 398   2          
 399   2          if(soundCount>1) {      //右放
 400   3            parse_cmd((u8 *)"$DGT:28-36,1!");
 401   3            beep_on_times(2, 100);
 402   3            justDo = 1;
 403   3          } else if(soundCount>0){  //左放
 404   3            parse_cmd((u8 *)"$DGT:19-27,1!");
 405   3            beep_on_times(1, 100);
 406   3            justDo = 1;
 407   3          } 
 408   2          soundCount = 0; 
 409   2        }
 410   1      
 411   1        
 412   1        
 413   1      }
 414          /*************************************************************
 415          函数名称：smart_xunjicsbjiaqu()
 416          功能介绍：在循迹的过程中实现定距夹取功能
 417          函数参数：无
 418          返回值：  无  
 419          *************************************************************/
 420          void smart_xunjicsbjiaqu() {
 421   1        static u32 systick_ms_bak = 0, nextStepTime = 50;
 422   1        int adc_csb;  
 423   1        if(group_do_ok == 0)return;
 424   1        adc_csb = get_adc_csb_middle();//获取a0的ad值，计算出距离
C51 COMPILER V9.56.0.0   Z_SENSOR                                                          09/20/2018 15:04:01 PAGE 8   

 425   1        if(millis() - systick_ms_bak > nextStepTime) {
 426   2          systick_ms_bak = millis();
 427   2          //sprintf((char *)uart_receive_buf, "adc0 = %d\r\n", adc_a0);
 428   2          //uart1_send_str(uart_receive_buf);
 429   2          
 430   2          if(nextStepTime > 2000)beep_on_times(1, 300);
 431   2          
 432   2          if((adc_csb > 100-15) && (adc_csb < 100+15)) {//距离290mm左右就夹取
 433   3            car_pwm_set(0, 0);
 434   3            nextStepTime = 10000;
 435   3            parse_cmd((u8 *)"$DGT:3-11,1!");
 436   3          } else {
 437   3            smart_xunji();
 438   3            nextStepTime = 50;
 439   3          }
 440   2        }
 441   1      }
 442          /*************************************************************
 443          函数名称：smart_xunjiyanse()
 444          功能介绍：在循迹的过程中实现颜色识别功能，并将颜色模块移开
 445          函数参数：无
 446          返回值：  无  
 447          *************************************************************/
 448          void smart_xunjiyanse(void) { 
 449   1        static u8 getCount = 0, getCountOk = 0, i, shibieOK = 0;
 450   1        static u32 systick_ms_bak = 0, systick_ms_bak2 = 0,  systick_ms_bak3 = 0;
 451   1        static int adc_yssb;
 452   1        
 453   1        if(group_do_ok == 0)return;
 454   1        
 455   1      //  sprintf((char *)uart_receive_buf, "millis() = %ld  systick_ms_bak3 = %ld  nextComeTime = %ld\r\n", mill
             -is(), systick_ms_bak3, nextComeTime);
 456   1      //  uart1_send_str(uart_receive_buf);
 457   1          
 458   1        //每20ms获取一次数据
 459   1        if(millis() - systick_ms_bak2 > 20) {
 460   2          systick_ms_bak2 = millis();
 461   2          getCount ++;
 462   2          adc_yssb = get_adc_yssb_middle();
 463   2          if( getCount >= 5) {
 464   3            getCount = 0;
 465   3            getCountOk = 1;
 466   3          }
 467   2        }
 468   1        
 469   1        //每5次识别一次
 470   1        if((millis() - systick_ms_bak > 100) && (getCountOk == 1)) {
 471   2          systick_ms_bak = millis();
 472   2          getCountOk = 0;
 473   2          //获取a0的ad值
 474   2          //sprintf((char *)uart_receive_buf, "adc_yssb = %d\r\n", adc_yssb);
 475   2          //uart1_send_str(uart_receive_buf);
 476   2          
 477   2          if((adc_yssb>color_red_base-10) && (adc_yssb<color_red_base+10)) {
 478   3            //RED
 479   3            car_pwm_set(0, 0);
 480   3            for(i=0;i<5;i++) {
 481   4              adc_yssb = get_adc_yssb_middle();
 482   4              mdelay(20);
 483   4            }
 484   3            if((adc_yssb>color_red_base-10) && (adc_yssb<color_red_base+10)) {
 485   4              //uart1_send_str("RED");
C51 COMPILER V9.56.0.0   Z_SENSOR                                                          09/20/2018 15:04:01 PAGE 9   

 486   4              shibieOK = 1;
 487   4              //parse_cmd((u8 *)"$DGT:12-18,1!");
 488   4              
 489   4              parse_cmd((u8 *)"$DGT:19-27,1!");
 490   4              beep_on_times(1, 100);
 491   4            }
 492   3      
 493   3          } else if((adc_yssb>color_blu_base-10) && (adc_yssb<color_blu_base+10)) {
 494   3            //BLU
 495   3            car_pwm_set(0, 0);
 496   3            for(i=0;i<5;i++) {
 497   4              adc_yssb = get_adc_yssb_middle();
 498   4              mdelay(20);
 499   4            }
 500   3            if((adc_yssb>color_blu_base-10) && (adc_yssb<color_blu_base+10)) {
 501   4              //uart1_send_str("BLU");
 502   4              shibieOK = 1;
 503   4              
 504   4              parse_cmd((u8 *)"$DGT:28-36,1!");
 505   4              beep_on_times(1, 100);
 506   4            }
 507   3          } else {
 508   3            shibieOK = 0;
 509   3          } 
 510   2          
 511   2        } 
 512   1        
 513   1        if(shibieOK == 0) {
 514   2          if(millis() - systick_ms_bak3 > 50) {
 515   3            systick_ms_bak3 = millis();
 516   3            smart_xunji();
 517   3          }
 518   2        }
 519   1      }
 520          /*************************************************************
 521          函数名称：smart_yssb_verify()
 522          功能介绍：颜色校准函数
 523          函数参数：无
 524          返回值：  无  
 525          *************************************************************/
 526          void smart_yssb_verify(void) {
 527   1        u16 adc_yssb, i;
 528   1          
 529   1        //校验红色
 530   1        beep_on_times(1,1000);
 531   1        for(i=0;i<500;i++) {
 532   2          adc_yssb = get_adc_yssb_middle();
 533   2          mdelay(10);
 534   2        }
 535   1        color_red_base = adc_yssb;
 536   1        beep_on_times(1,1000);
 537   1        
 538   1        //校验绿色
 539   1        beep_on_times(2,300);
 540   1        for(i=0;i<500;i++) {
 541   2          adc_yssb = get_adc_yssb_middle();
 542   2          mdelay(10);
 543   2        }
 544   1        color_grn_base = adc_yssb;
 545   1        beep_on_times(1,1000);
 546   1        
 547   1        //校验蓝色
C51 COMPILER V9.56.0.0   Z_SENSOR                                                          09/20/2018 15:04:01 PAGE 10  

 548   1        beep_on_times(3,200);
 549   1        for(i=0;i<500;i++) {
 550   2          adc_yssb = get_adc_yssb_middle();
 551   2          mdelay(10);
 552   2        }
 553   1        color_blu_base = adc_yssb;
 554   1        beep_on_times(1,1000);
 555   1      
 556   1        eeprom_info.color_red_base = color_red_base;
 557   1        eeprom_info.color_grn_base = color_grn_base;
 558   1        eeprom_info.color_blu_base = color_blu_base;
 559   1        
 560   1        //存储
 561   1        rewrite_eeprom();
 562   1      
 563   1        //打印测试
 564   1        sprintf((char *)uart_receive_buf, "red = %d grn = %d blu = %d\r\n", color_red_base, color_grn_base, color
             -_blu_base);
 565   1        uart1_send_str(uart_receive_buf);
 566   1        
 567   1        smart_mode = 10;
 568   1        
 569   1      }


MODULE INFORMATION:   STATIC OVERLAYABLE
   CODE SIZE        =   3332    ----
   CONSTANT SIZE    =    105    ----
   XDATA SIZE       =    109      15
   PDATA SIZE       =   ----    ----
   DATA SIZE        =   ----    ----
   IDATA SIZE       =   ----    ----
   BIT SIZE         =   ----    ----
END OF MODULE INFORMATION.


C51 COMPILATION COMPLETE.  0 WARNING(S),  0 ERROR(S)
