BL51 BANKED LINKER/LOCATER V6.22                                                        08/11/2018  09:36:43  PAGE 1


BL51 BANKED LINKER/LOCATER V6.22, INVOKED BY:
D:\KEIL_V5\C51\BIN\BL51.EXE .\obj\z_main.obj, .\obj\z_adc.obj, .\obj\z_delay.obj, .\obj\z_global.obj, .\obj\z_gpio.obj, 
>> .\obj\z_ps2.obj, .\obj\z_pwm.obj, .\obj\z_sensor.obj, .\obj\z_timer.obj, .\obj\z_uart.obj, .\obj\z_w25q64.obj TO .\ob
>> j\51_duoji20180804 PRINT (.\lst\51_duoji20180804.m51)


MEMORY MODEL: LARGE WITH FLOATING POINT ARITHMETIC


INPUT MODULES INCLUDED:
  .\obj\z_main.obj (Z_MAIN)
  .\obj\z_adc.obj (Z_ADC)
  .\obj\z_delay.obj (Z_DELAY)
  .\obj\z_global.obj (Z_GLOBAL)
  .\obj\z_gpio.obj (Z_GPIO)
  .\obj\z_ps2.obj (Z_PS2)
  .\obj\z_pwm.obj (Z_PWM)
  .\obj\z_sensor.obj (Z_SENSOR)
  .\obj\z_timer.obj (Z_TIMER)
  .\obj\z_uart.obj (Z_UART)
  .\obj\z_w25q64.obj (Z_W25Q64)
  D:\KEIL_V5\C51\LIB\C51FPL.LIB (?C?FPADD)
  D:\KEIL_V5\C51\LIB\C51FPL.LIB (?C?FPMUL)
  D:\KEIL_V5\C51\LIB\C51FPL.LIB (?C?FPDIV)
  D:\KEIL_V5\C51\LIB\C51FPL.LIB (?C?FPCMP)
  D:\KEIL_V5\C51\LIB\C51FPL.LIB (?C?FPNEG)
  D:\KEIL_V5\C51\LIB\C51FPL.LIB (?C?FCAST)
  D:\KEIL_V5\C51\LIB\C51FPL.LIB (?C?CASTF)
  D:\KEIL_V5\C51\LIB\C51FPL.LIB (PRINTF)
  D:\KEIL_V5\C51\LIB\C51FPL.LIB (SCANF)
  D:\KEIL_V5\C51\LIB\C51FPL.LIB (?C?FPGETOPN)
  D:\KEIL_V5\C51\LIB\C51FPL.LIB (?C?FPROUND)
  D:\KEIL_V5\C51\LIB\C51FPL.LIB (?C?FPCONVERT)
  D:\KEIL_V5\C51\LIB\C51FPL.LIB (?C?ATOF)
  D:\KEIL_V5\C51\LIB\C51FPL.LIB (?C?FTNPWR)
  D:\KEIL_V5\C51\LIB\C51L.LIB (?C_STARTUP)
  D:\KEIL_V5\C51\LIB\C51L.LIB (?C?COPY)
  D:\KEIL_V5\C51\LIB\C51L.LIB (?C?CLDPTR)
  D:\KEIL_V5\C51\LIB\C51L.LIB (?C?CLDOPTR)
  D:\KEIL_V5\C51\LIB\C51L.LIB (?C?CSTPTR)
  D:\KEIL_V5\C51\LIB\C51L.LIB (?C?CSTOPTR)
  D:\KEIL_V5\C51\LIB\C51L.LIB (?C?IMUL)
  D:\KEIL_V5\C51\LIB\C51L.LIB (?C?SIDIV)
  D:\KEIL_V5\C51\LIB\C51L.LIB (?C?IILDX)
  D:\KEIL_V5\C51\LIB\C51L.LIB (?C?ILDIX)
  D:\KEIL_V5\C51\LIB\C51L.LIB (?C?ILDPTR)
  D:\KEIL_V5\C51\LIB\C51L.LIB (?C?ILDOPTR)
  D:\KEIL_V5\C51\LIB\C51L.LIB (?C?ISTPTR)
  D:\KEIL_V5\C51\LIB\C51L.LIB (?C?ISTOPTR)
  D:\KEIL_V5\C51\LIB\C51L.LIB (?C?ULDIV)
  D:\KEIL_V5\C51\LIB\C51L.LIB (?C?LNEG)
  D:\KEIL_V5\C51\LIB\C51L.LIB (?C?ULCMP)
  D:\KEIL_V5\C51\LIB\C51L.LIB (?C?ULSHR)
  D:\KEIL_V5\C51\LIB\C51L.LIB (?C?LSHL)
  D:\KEIL_V5\C51\LIB\C51L.LIB (?C?LSTPTR)
  D:\KEIL_V5\C51\LIB\C51L.LIB (?C?LSTXDATA)
  D:\KEIL_V5\C51\LIB\C51L.LIB (?C?LSTKXDATA)
  D:\KEIL_V5\C51\LIB\C51L.LIB (?C?OFFXADD)
BL51 BANKED LINKER/LOCATER V6.22                                                      08/11/2018  09:36:43  PAGE 2


  D:\KEIL_V5\C51\LIB\C51L.LIB (?C?PLDXDATA)
  D:\KEIL_V5\C51\LIB\C51L.LIB (?C?PLDIXDATA)
  D:\KEIL_V5\C51\LIB\C51L.LIB (?C?PILDXDATA)
  D:\KEIL_V5\C51\LIB\C51L.LIB (?C?PSTXDATA)
  D:\KEIL_V5\C51\LIB\C51L.LIB (?C?CCASE)
  D:\KEIL_V5\C51\LIB\C51L.LIB (PUTCHAR)
  D:\KEIL_V5\C51\LIB\C51L.LIB (GETCHAR)
  D:\KEIL_V5\C51\LIB\C51L.LIB (UNGETC)
  D:\KEIL_V5\C51\LIB\C51L.LIB (ISSPACE)
  D:\KEIL_V5\C51\LIB\C51L.LIB (?C?STRCPY)
  D:\KEIL_V5\C51\LIB\C51L.LIB (STRLEN)
  D:\KEIL_V5\C51\LIB\C51L.LIB (?C?MEMSET)
  D:\KEIL_V5\C51\LIB\C51L.LIB (?C_INIT)
  D:\KEIL_V5\C51\LIB\C51L.LIB (?C?UIDIV)
  D:\KEIL_V5\C51\LIB\C51L.LIB (?C?LSTIDATA)
  D:\KEIL_V5\C51\LIB\C51L.LIB (?C?LSTPDATA)
  D:\KEIL_V5\C51\LIB\C51L.LIB (_GETKEY)


LINK MAP OF MODULE:  .\obj\51_duoji20180804 (Z_MAIN)


            TYPE    BASE      LENGTH    RELOCATION   SEGMENT NAME
            -----------------------------------------------------

            * * * * * * *   D A T A   M E M O R Y   * * * * * * *
            REG     0000H     0008H     ABSOLUTE     "REG BANK 0"
            REG     0008H     0008H     ABSOLUTE     "REG BANK 1"
            DATA    0010H     000BH     UNIT         _DATA_GROUP_
                    001BH     0005H                  *** GAP ***
            BIT     0020H.0   0001H.3   UNIT         _BIT_GROUP_
            BIT     0021H.3   0000H.1   UNIT         ?BI?GETCHAR
                    0021H.4   0000H.4                *** GAP ***
            IDATA   0022H     0001H     UNIT         ?STACK

            * * * * * * *  X D A T A   M E M O R Y  * * * * * * *
            XDATA   0000H     039FH     UNIT         ?XD?Z_GLOBAL
            XDATA   039FH     006CH     UNIT         ?XD?Z_SENSOR
            XDATA   040BH     0051H     UNIT         ?XD?Z_MAIN
            XDATA   045CH     0046H     UNIT         _XDATA_GROUP_
            XDATA   04A2H     0010H     UNIT         ?XD?Z_UART
            XDATA   04B2H     000DH     UNIT         ?XD?_SPIFLASHWRITE?Z_W25Q64
            XDATA   04BFH     0005H     UNIT         ?XD?Z_TIMER
            XDATA   04C4H     0001H     UNIT         ?XD?GETCHAR

            * * * * * * *   C O D E   M E M O R Y   * * * * * * *
            CODE    0000H     0003H     ABSOLUTE     
            CODE    0003H     0008H     UNIT         ?PR?_UART1_SEND_BYTE?Z_UART
            CODE    000BH     0003H     ABSOLUTE     
            CODE    000EH     000DH     UNIT         ?PR?DJ_IO_INIT?Z_GPIO
            CODE    001BH     0003H     ABSOLUTE     
            CODE    001EH     0005H     UNIT         ?PR?SETUP_VOL?Z_MAIN
            CODE    0023H     0003H     ABSOLUTE     
            CODE    0026H     001DH     UNIT         ?PR?IO_INIT?Z_GPIO
            CODE    0043H     0003H     ABSOLUTE     
            CODE    0046H     004BH     UNIT         ?PR?LOOP_SAVE_SOMETHING?Z_MAIN
            CODE    0091H     0001H     UNIT         ?PR?HANDLE_UART?Z_MAIN
BL51 BANKED LINKER/LOCATER V6.22                                                      08/11/2018  09:36:43  PAGE 3


            CODE    0092H     0001H     UNIT         ?PR?HANDLE_SENSOR?Z_MAIN
            CODE    0093H     0003H     ABSOLUTE     
            CODE    0096H     148CH     UNIT         ?CO?Z_MAIN
            CODE    1522H     0B8AH     UNIT         ?C?LIB_CODE
            CODE    20ACH     0A5EH     UNIT         ?PR?_PARSE_CMD?Z_MAIN
            CODE    2B0AH     087CH     UNIT         ?PR?_DO_ACTION?Z_MAIN
            CODE    3386H     0483H     UNIT         ?PR?PRINTF?PRINTF
            CODE    3809H     035AH     UNIT         ?PR?SCANF?SCANF
            CODE    3B63H     0332H     UNIT         ?PR?_PARSE_PSX_BUF?Z_MAIN
            CODE    3E95H     02BFH     UNIT         ?PR?SMART_YSSBJIAQU?Z_SENSOR
            CODE    4154H     024FH     UNIT         ?PR?SMART_XUNJIYANSE?Z_SENSOR
            CODE    43A3H     01E0H     UNIT         ?PR?_ACTION_SAVE?Z_MAIN
            CODE    4583H     0195H     UNIT         ?PR?SMART_YSSB_VERIFY?Z_SENSOR
            CODE    4718H     0184H     UNIT         ?PR?LOOP_BT_ONCE?Z_MAIN
            CODE    489CH     0171H     UNIT         ?PR?_DUOJI_INC_HANDLE?Z_MAIN
            CODE    4A0DH     016BH     UNIT         ?C_INITSEG
            CODE    4B78H     015AH     UNIT         ?PR?UART1?Z_UART
            CODE    4CD2H     013FH     UNIT         ?PR?_SELECTION_SORT?Z_GLOBAL
            CODE    4E11H     013CH     UNIT         ?PR?UART2_INT?Z_UART
            CODE    4F4DH     013CH     UNIT         ?PR?UART4?Z_UART
            CODE    5089H     012EH     UNIT         ?PR?_CAR_PWM_SET?Z_PWM
            CODE    51B7H     0119H     UNIT         ?PR?_STR_CONTAIN_STR?Z_GLOBAL
            CODE    52D0H     0102H     UNIT         ?PR?SETUP_OTHERS?Z_MAIN
            CODE    53D2H     0100H     UNIT         ?PR?SMART_SOUNDJIAQU?Z_SENSOR
            CODE    54D2H     00ECH     UNIT         ?PR?LOOP_ACTION?Z_MAIN
            CODE    55BEH     00EAH     UNIT         ?PR?_SPIFLASHWRITENOCHECK?Z_W25Q64
            CODE    56A8H     00E6H     UNIT         ?PR??C?ATOF??C?ATOF
            CODE    578EH     00D8H     UNIT         ?PR?T1_IRQ?Z_TIMER
            CODE    5866H     00C6H     UNIT         ?PR?_ERASE_SECTOR?Z_MAIN
            CODE    592CH     00B8H     UNIT         ?PR?SMART_XUNJICSBJIAQU?Z_SENSOR
            CODE    59E4H     00B5H     UNIT         ?PR?SETUP_YSSB?Z_SENSOR
            CODE    5A99H     00B1H     UNIT         ?PR?GET_ADC_YSSB_MIDDLE?Z_SENSOR
            CODE    5B4AH     00B0H     UNIT         ?PR?_PSX_WRITE_READ?Z_PS2
            CODE    5BFAH     00ABH     UNIT         ?PR?_PRINT_GROUP?Z_MAIN
            CODE    5CA5H     009EH     UNIT         ?PR?SETUP_W25Q64?Z_MAIN
            CODE    5D43H     009EH     UNIT         ?PR?SMART_CSBJIAQU?Z_SENSOR
            CODE    5DE1H     009DH     UNIT         ?PR?LOOP_PS2_CAR_PWM?Z_MAIN
            CODE    5E7EH     0098H     UNIT         ?PR?SMART_ZIYOUBIZHANG?Z_SENSOR
            CODE    5F16H     0096H     UNIT         ?PR?SMART_GENSUI?Z_SENSOR
            CODE    5FACH     0091H     UNIT         ?PR?LOOP_UART?Z_MAIN
            CODE    603DH     008CH     UNIT         ?PR?_GET_ACTION_INDEX?Z_MAIN
            CODE    60C9H     008CH     UNIT         ?C_C51STARTUP
            CODE    6155H     0088H     UNIT         ?CO?Z_SENSOR
            CODE    61DDH     0082H     UNIT         ?PR?_SPIFLASHWRITEPAGE?Z_W25Q64
            CODE    625FH     007CH     UNIT         ?PR?_PSX_TRANSFER?Z_PS2
            CODE    62DBH     0071H     UNIT         ?PR?LOOP_SMART_SENSOR?Z_SENSOR
            CODE    634CH     0068H     UNIT         ?PR?_SPIFLASHERASESECTOR?Z_W25Q64
            CODE    63B4H     0067H     UNIT         ?PR?_DO_GROUP_ONCE?Z_MAIN
            CODE    641BH     0064H     UNIT         ?PR?LOOP_VOL_WARNING?Z_MAIN
            CODE    647FH     0063H     UNIT         ?PR?_SPIFLASHREAD?Z_W25Q64
            CODE    64E2H     0061H     UNIT         ?PR?_UART4_INIT?Z_UART
            CODE    6543H     0060H     UNIT         ?PR?_UART1_INIT?Z_UART
            CODE    65A3H     005EH     UNIT         ?PR?_UART2_INIT?Z_UART
            CODE    6601H     005CH     UNIT         ?PR?LOOP_PS2_BUTTON?Z_MAIN
            CODE    665DH     0059H     UNIT         ?PR?_BEEP_ON_TIMES?Z_GPIO
            CODE    66B6H     0056H     UNIT         ?PR?_PWM_INIT?Z_PWM
            CODE    670CH     0053H     UNIT         ?PR?MAIN?Z_MAIN
BL51 BANKED LINKER/LOCATER V6.22                                                      08/11/2018  09:36:43  PAGE 4


            CODE    675FH     0053H     UNIT         ?PR?CHECK_DJ_STATE?Z_MAIN
            CODE    67B2H     0050H     UNIT         ?PR?GLOBAL_INIT?Z_GLOBAL
            CODE    6802H     004EH     UNIT         ?PR?SMART_XUNJI?Z_SENSOR
            CODE    6850H     004BH     UNIT         ?PR?GET_ADC_CSB_MIDDLE?Z_SENSOR
            CODE    689BH     004BH     UNIT         ?PR?T0_IRQ?Z_TIMER
            CODE    68E6H     004AH     UNIT         ?PR?SMART_XUNJIBIZHANG?Z_SENSOR
            CODE    6930H     0043H     UNIT         ?PR?_INT_EXCHANGE?Z_MAIN
            CODE    6973H     0042H     UNIT         ?PR?SETUP_START?Z_MAIN
            CODE    69B5H     0041H     UNIT         ?PR?_ABS_FLOAT?Z_MAIN
            CODE    69F6H     003DH     UNIT         ?PR?LOOP_PS2_DATA?Z_MAIN
            CODE    6A33H     003BH     UNIT         ?PR?_UART1_SEND_STR?Z_UART
            CODE    6A6EH     0038H     UNIT         ?PR?_DJ_IO_SET?Z_GPIO
            CODE    6AA6H     0037H     UNIT         ?PR?LOOP_NLED?Z_MAIN
            CODE    6ADDH     0037H     UNIT         ?PR?_ZX_UART_SEND_STR?Z_UART
            CODE    6B14H     0036H     UNIT         ?PR?_TIMER1_RESET?Z_TIMER
            CODE    6B4AH     0033H     UNIT         ?PR?_UART4_SEND_STR?Z_UART
            CODE    6B7DH     0032H     UNIT         ?PR?_SPIFLASHWRITE?Z_W25Q64
            CODE    6BAFH     002BH     UNIT         ?PR?_PWM2_SETPWMWIDE?Z_PWM
            CODE    6BDAH     002BH     UNIT         ?PR?_PWM3_SETPWMWIDE?Z_PWM
            CODE    6C05H     002BH     UNIT         ?PR?_PWM4_SETPWMWIDE?Z_PWM
            CODE    6C30H     002BH     UNIT         ?PR?_PWM5_SETPWMWIDE?Z_PWM
            CODE    6C5BH     002AH     UNIT         ?PR?SPIFLASHREADID?Z_W25Q64
            CODE    6C85H     0028H     UNIT         ?PR?_ADC_READ?Z_ADC
            CODE    6CADH     0027H     UNIT         ?PR?PUTCHAR?PUTCHAR
            CODE    6CD4H     0025H     UNIT         ?PR?REWRITE_EEPROM?Z_MAIN
            CODE    6CF9H     0024H     UNIT         ?PR?_UART2_SEND_STR?Z_UART
            CODE    6D1DH     0020H     UNIT         ?PR?_MDELAY?Z_DELAY
            CODE    6D3DH     001EH     UNIT         ?PR?_SPIWRITEREAD?Z_W25Q64
            CODE    6D5BH     001AH     UNIT         ?PR?_UART2_SEND_BYTE?Z_UART
            CODE    6D75H     0019H     UNIT         ?PR?_REPLACE_CHAR?Z_MAIN
            CODE    6D8EH     0018H     UNIT         ?PR?TIMER1_INIT?Z_TIMER
            CODE    6DA6H     0017H     UNIT         ?PR?SETUP_UART1?Z_MAIN
            CODE    6DBDH     0017H     UNIT         ?PR?SETUP_UART2?Z_MAIN
            CODE    6DD4H     0017H     UNIT         ?PR?SETUP_UART4?Z_MAIN
            CODE    6DEBH     0015H     UNIT         ?PR?_ADC_INIT?Z_ADC
            CODE    6E00H     0015H     UNIT         ?PR?TIMER0_INIT?Z_TIMER
            CODE    6E15H     0015H     UNIT         ?PR?_STRLEN?STRLEN
            CODE    6E2AH     0014H     UNIT         ?PR?_ABS_INT?Z_GLOBAL
            CODE    6E3EH     0014H     UNIT         ?PR?GETCHAR?GETCHAR
            CODE    6E52H     0014H     UNIT         ?PR?_ISSPACE?ISSPACE
            CODE    6E66H     0013H     UNIT         ?PR?_UDELAY?Z_DELAY
            CODE    6E79H     0010H     UNIT         ?PR?SPIMASTERINIT?Z_W25Q64
            CODE    6E89H     000FH     UNIT         ?PR?SETUP_CAR_PWM?Z_MAIN
            CODE    6E98H     000FH     UNIT         ?PR?MILLIS?Z_TIMER
            CODE    6EA7H     000FH     UNIT         ?PR?GET_UART_TIMEOUT?Z_UART
            CODE    6EB6H     000FH     UNIT         ?PR?SPIFLASHREADSR?Z_W25Q64
            CODE    6EC5H     000CH     UNIT         ?PR?SETUP_SENSOR?Z_SENSOR
            CODE    6ED1H     000BH     UNIT         ?PR?_DELAY?Z_DELAY
            CODE    6EDCH     000BH     UNIT         ?PR?_UART4_SEND_BYTE?Z_UART
            CODE    6EE7H     000AH     UNIT         ?PR?SPIFLASHWRITEENABLE?Z_W25Q64
            CODE    6EF1H     000AH     UNIT         ?PR?_GETKEY?_GETKEY
            CODE    6EFBH     0009H     UNIT         ?PR?SPIFLASHINIT?Z_W25Q64
            CODE    6F04H     0008H     UNIT         ?PR?SPIFLASHWAITBUSY?Z_W25Q64
            CODE    6F0CH     0008H     UNIT         ?PR?GETCHAR?UNGETCHAR
            CODE    6F14H     0007H     UNIT         ?PR?PSX_INIT?Z_PS2
            CODE    6F1BH     0006H     UNIT         ?PR?SETUP_INTERRUPT?Z_MAIN
            CODE    6F21H     0005H     UNIT         ?PR?SETUP_CSB?Z_SENSOR
BL51 BANKED LINKER/LOCATER V6.22                                                      08/11/2018  09:36:43  PAGE 5


            CODE    6F26H     0004H     UNIT         ?PR?SOFT_RESET?Z_MAIN
            CODE    6F2AH     0004H     UNIT         ?PR?UART2_OPEN?Z_UART
            CODE    6F2EH     0004H     UNIT         ?PR?UART2_CLOSE?Z_UART
            CODE    6F32H     0004H     UNIT         ?PR?UART4_OPEN?Z_UART
            CODE    6F36H     0004H     UNIT         ?PR?UART4_CLOSE?Z_UART
            CODE    6F3AH     0003H     UNIT         ?PR?SETUP_GLOBAL?Z_MAIN
            CODE    6F3DH     0003H     UNIT         ?PR?SETUP_GPIO?Z_MAIN
            CODE    6F40H     0003H     UNIT         ?PR?SETUP_NLED?Z_MAIN
            CODE    6F43H     0003H     UNIT         ?PR?SETUP_BEEP?Z_MAIN
            CODE    6F46H     0003H     UNIT         ?PR?SETUP_DJIO?Z_MAIN
            CODE    6F49H     0003H     UNIT         ?PR?SETUP_PS2?Z_MAIN
            CODE    6F4CH     0003H     UNIT         ?PR?SETUP_DJ_TIMER?Z_MAIN
            CODE    6F4FH     0003H     UNIT         ?PR?SETUP_SYSTICK?Z_MAIN
            CODE    6F52H     0003H     UNIT         ?PR?UART1_OPEN?Z_UART
            CODE    6F55H     0003H     UNIT         ?PR?UART1_CLOSE?Z_UART
            CODE    6F58H     0001H     UNIT         ?PR?SETUP_XUNJI?Z_SENSOR
            CODE    6F59H     0001H     UNIT         ?PR?SETUP_SOUND?Z_SENSOR



OVERLAY MAP OF MODULE:   .\obj\51_duoji20180804 (Z_MAIN)


SEGMENT                                       BIT_GROUP          DATA_GROUP          XDATA_GROUP
  +--> CALLED SEGMENT                      START    LENGTH     START    LENGTH     START    LENGTH
--------------------------------------------------------------------------------------------------
?PR?T1_IRQ?Z_TIMER                         -----    -----      -----    -----      -----    -----
  +--> ?PR?_TIMER1_RESET?Z_TIMER
  +--> ?PR?_DJ_IO_SET?Z_GPIO

?PR?_TIMER1_RESET?Z_TIMER                  -----    -----      -----    -----      045CH    0002H

*** NEW ROOT ***************************************************

?PR?UART1?Z_UART                           -----    -----      -----    -----      -----    -----
  +--> ?PR?MILLIS?Z_TIMER

*** NEW ROOT ***************************************************

?PR?UART2_INT?Z_UART                       -----    -----      -----    -----      -----    -----
  +--> ?PR?MILLIS?Z_TIMER

*** NEW ROOT ***************************************************

?PR?UART4?Z_UART                           -----    -----      -----    -----      -----    -----
  +--> ?PR?MILLIS?Z_TIMER

*** NEW ROOT ***************************************************

?C_C51STARTUP                              -----    -----      -----    -----      -----    -----
  +--> ?PR?MAIN?Z_MAIN
  +--> ?C_INITSEG

?PR?MAIN?Z_MAIN                            -----    -----      -----    -----      -----    -----
  +--> ?PR?SETUP_GLOBAL?Z_MAIN
  +--> ?PR?SETUP_GPIO?Z_MAIN
  +--> ?PR?SETUP_NLED?Z_MAIN
BL51 BANKED LINKER/LOCATER V6.22                                                      08/11/2018  09:36:43  PAGE 6


  +--> ?PR?SETUP_BEEP?Z_MAIN
  +--> ?PR?SETUP_DJIO?Z_MAIN
  +--> ?PR?SETUP_W25Q64?Z_MAIN
  +--> ?PR?SETUP_PS2?Z_MAIN
  +--> ?PR?SETUP_VOL?Z_MAIN
  +--> ?PR?SETUP_CAR_PWM?Z_MAIN
  +--> ?PR?SETUP_UART1?Z_MAIN
  +--> ?PR?SETUP_UART2?Z_MAIN
  +--> ?PR?SETUP_UART4?Z_MAIN
  +--> ?PR?SETUP_SYSTICK?Z_MAIN
  +--> ?PR?SETUP_OTHERS?Z_MAIN
  +--> ?PR?SETUP_SENSOR?Z_SENSOR
  +--> ?PR?SETUP_DJ_TIMER?Z_MAIN
  +--> ?PR?SETUP_INTERRUPT?Z_MAIN
  +--> ?PR?SETUP_START?Z_MAIN
  +--> ?PR?LOOP_NLED?Z_MAIN
  +--> ?PR?LOOP_UART?Z_MAIN
  +--> ?PR?LOOP_ACTION?Z_MAIN
  +--> ?PR?LOOP_BT_ONCE?Z_MAIN
  +--> ?PR?LOOP_PS2_DATA?Z_MAIN
  +--> ?PR?LOOP_PS2_BUTTON?Z_MAIN
  +--> ?PR?LOOP_PS2_CAR_PWM?Z_MAIN
  +--> ?PR?LOOP_SAVE_SOMETHING?Z_MAIN
  +--> ?PR?LOOP_SMART_SENSOR?Z_SENSOR

?PR?SETUP_GLOBAL?Z_MAIN                    -----    -----      -----    -----      -----    -----
  +--> ?PR?GLOBAL_INIT?Z_GLOBAL

?PR?SETUP_GPIO?Z_MAIN                      -----    -----      -----    -----      -----    -----
  +--> ?PR?IO_INIT?Z_GPIO

?PR?SETUP_DJIO?Z_MAIN                      -----    -----      -----    -----      -----    -----
  +--> ?PR?DJ_IO_INIT?Z_GPIO

?PR?SETUP_W25Q64?Z_MAIN                    -----    -----      -----    -----      -----    -----
  +--> ?PR?SPIFLASHINIT?Z_W25Q64
  +--> ?PR?SPIFLASHREADID?Z_W25Q64
  +--> ?PR?_SPIFLASHREAD?Z_W25Q64
  +--> ?PR?REWRITE_EEPROM?Z_MAIN

?PR?SPIFLASHINIT?Z_W25Q64                  -----    -----      -----    -----      -----    -----
  +--> ?PR?SPIMASTERINIT?Z_W25Q64

?PR?SPIFLASHREADID?Z_W25Q64                -----    -----      -----    -----      -----    -----
  +--> ?PR?_SPIWRITEREAD?Z_W25Q64

?PR?_SPIFLASHREAD?Z_W25Q64                 -----    -----      -----    -----      0472H    0009H
  +--> ?PR?_SPIWRITEREAD?Z_W25Q64

?PR?REWRITE_EEPROM?Z_MAIN                  -----    -----      -----    -----      -----    -----
  +--> ?PR?_SPIFLASHERASESECTOR?Z_W25Q64
  +--> ?PR?_SPIFLASHWRITENOCHECK?Z_W25Q64

?PR?_SPIFLASHERASESECTOR?Z_W25Q64          -----    -----      -----    -----      0472H    0004H
  +--> ?PR?SPIFLASHWRITEENABLE?Z_W25Q64
  +--> ?PR?SPIFLASHWAITBUSY?Z_W25Q64
  +--> ?PR?_SPIWRITEREAD?Z_W25Q64
BL51 BANKED LINKER/LOCATER V6.22                                                      08/11/2018  09:36:43  PAGE 7



?PR?SPIFLASHWRITEENABLE?Z_W25Q64           -----    -----      -----    -----      -----    -----
  +--> ?PR?_SPIWRITEREAD?Z_W25Q64

?PR?SPIFLASHWAITBUSY?Z_W25Q64              -----    -----      -----    -----      -----    -----
  +--> ?PR?SPIFLASHREADSR?Z_W25Q64

?PR?SPIFLASHREADSR?Z_W25Q64                -----    -----      -----    -----      -----    -----
  +--> ?PR?_SPIWRITEREAD?Z_W25Q64

?PR?_SPIFLASHWRITENOCHECK?Z_W25Q64         -----    -----      -----    -----      0463H    000BH
  +--> ?PR?_SPIFLASHWRITEPAGE?Z_W25Q64

?PR?_SPIFLASHWRITEPAGE?Z_W25Q64            -----    -----      -----    -----      046EH    0009H
  +--> ?PR?SPIFLASHWRITEENABLE?Z_W25Q64
  +--> ?PR?_SPIWRITEREAD?Z_W25Q64
  +--> ?PR?SPIFLASHWAITBUSY?Z_W25Q64

?PR?SETUP_PS2?Z_MAIN                       -----    -----      -----    -----      -----    -----
  +--> ?PR?PSX_INIT?Z_PS2

?PR?SETUP_VOL?Z_MAIN                       -----    -----      -----    -----      -----    -----
  +--> ?PR?_ADC_INIT?Z_ADC

?PR?SETUP_CAR_PWM?Z_MAIN                   -----    -----      -----    -----      -----    -----
  +--> ?PR?_PWM_INIT?Z_PWM
  +--> ?PR?_CAR_PWM_SET?Z_PWM

?PR?_CAR_PWM_SET?Z_PWM                     -----    -----      -----    -----      046EH    0004H
  +--> ?PR?_PWM3_SETPWMWIDE?Z_PWM
  +--> ?PR?_PWM2_SETPWMWIDE?Z_PWM
  +--> ?PR?_PWM4_SETPWMWIDE?Z_PWM
  +--> ?PR?_PWM5_SETPWMWIDE?Z_PWM

?PR?SETUP_UART1?Z_MAIN                     -----    -----      -----    -----      -----    -----
  +--> ?PR?_UART1_INIT?Z_UART
  +--> ?PR?UART1_OPEN?Z_UART
  +--> ?CO?Z_MAIN
  +--> ?PR?_UART1_SEND_STR?Z_UART

?PR?_UART1_INIT?Z_UART                     -----    -----      -----    -----      045EH    0004H

?PR?_UART1_SEND_STR?Z_UART                 -----    -----      -----    -----      0472H    0003H
  +--> ?PR?_UART1_SEND_BYTE?Z_UART

?PR?SETUP_UART2?Z_MAIN                     -----    -----      -----    -----      -----    -----
  +--> ?PR?_UART2_INIT?Z_UART
  +--> ?PR?UART2_OPEN?Z_UART
  +--> ?CO?Z_MAIN
  +--> ?PR?_UART2_SEND_STR?Z_UART

?PR?_UART2_INIT?Z_UART                     -----    -----      -----    -----      045EH    0004H

?PR?_UART2_SEND_STR?Z_UART                 -----    -----      -----    -----      045EH    0003H
  +--> ?PR?_UART2_SEND_BYTE?Z_UART

?PR?SETUP_UART4?Z_MAIN                     -----    -----      -----    -----      -----    -----
BL51 BANKED LINKER/LOCATER V6.22                                                      08/11/2018  09:36:43  PAGE 8


  +--> ?PR?_UART4_INIT?Z_UART
  +--> ?PR?UART4_OPEN?Z_UART
  +--> ?CO?Z_MAIN
  +--> ?PR?_UART4_SEND_STR?Z_UART

?PR?_UART4_INIT?Z_UART                     -----    -----      -----    -----      045EH    0004H

?PR?_UART4_SEND_STR?Z_UART                 -----    -----      -----    -----      045EH    0003H
  +--> ?PR?_UART4_SEND_BYTE?Z_UART

?PR?SETUP_SYSTICK?Z_MAIN                   -----    -----      -----    -----      -----    -----
  +--> ?PR?TIMER0_INIT?Z_TIMER

?PR?SETUP_OTHERS?Z_MAIN                    -----    -----      -----    -----      -----    -----
  +--> ?PR?_SPIFLASHREAD?Z_W25Q64
  +--> ?PR?_STRLEN?STRLEN
  +--> ?PR?_DO_ACTION?Z_MAIN
  +--> ?PR?_PARSE_CMD?Z_MAIN

?PR?_DO_ACTION?Z_MAIN                      -----    -----      -----    -----      0470H    0017H
  +--> ?PR?_ZX_UART_SEND_STR?Z_UART
  +--> ?CO?Z_MAIN
  +--> ?PR?MILLIS?Z_TIMER

?PR?_ZX_UART_SEND_STR?Z_UART               -----    -----      -----    -----      0487H    0003H
  +--> ?PR?_UART2_SEND_BYTE?Z_UART

?PR?_PARSE_CMD?Z_MAIN                      -----    -----      -----    -----      0461H    000DH
  +--> ?PR?_UART1_SEND_STR?Z_UART
  +--> ?CO?Z_MAIN
  +--> ?PR?_STR_CONTAIN_STR?Z_GLOBAL
  +--> ?PR?_ZX_UART_SEND_STR?Z_UART
  +--> ?PR?_CAR_PWM_SET?Z_PWM
  +--> ?PR?SCANF?SCANF
  +--> ?PR?PRINTF?PRINTF
  +--> ?PR?SOFT_RESET?Z_MAIN
  +--> ?PR?_PRINT_GROUP?Z_MAIN
  +--> ?PR?_ERASE_SECTOR?Z_MAIN
  +--> ?PR?_DO_GROUP_ONCE?Z_MAIN
  +--> ?PR?_MDELAY?Z_DELAY
  +--> ?PR?_BEEP_ON_TIMES?Z_GPIO

?PR?_STR_CONTAIN_STR?Z_GLOBAL              -----    -----      -----    -----      046EH    000CH

?PR?SCANF?SCANF                            0020H.0  0000H.6    0010H    0009H      046EH    002EH
  +--> ?PR?GETCHAR?UNGETCHAR
  +--> ?PR?_ISSPACE?ISSPACE
  +--> ?PR?GETCHAR?GETCHAR
  +--> ?PR??C?ATOF??C?ATOF

?PR?GETCHAR?GETCHAR                        -----    -----      -----    -----      -----    -----
  +--> ?PR?_GETKEY?_GETKEY
  +--> ?PR?PUTCHAR?PUTCHAR

?PR??C?ATOF??C?ATOF                        0020H.6  0000H.5    0019H    0002H      -----    -----

?PR?PRINTF?PRINTF                          0020H.0  0001H.1    0010H    0005H      0472H    0030H
BL51 BANKED LINKER/LOCATER V6.22                                                      08/11/2018  09:36:43  PAGE 9


  +--> ?PR?PUTCHAR?PUTCHAR

?PR?_PRINT_GROUP?Z_MAIN                    -----    -----      -----    -----      046EH    0004H
  +--> ?PR?_INT_EXCHANGE?Z_MAIN
  +--> ?PR?_SPIFLASHREAD?Z_W25Q64
  +--> ?PR?_UART1_SEND_STR?Z_UART
  +--> ?CO?Z_MAIN

?PR?_INT_EXCHANGE?Z_MAIN                   -----    -----      -----    -----      0472H    0006H

?PR?_ERASE_SECTOR?Z_MAIN                   -----    -----      -----    -----      046EH    0004H
  +--> ?PR?_INT_EXCHANGE?Z_MAIN
  +--> ?PR?_SPIFLASHERASESECTOR?Z_W25Q64
  +--> ?CO?Z_MAIN
  +--> ?PR?PRINTF?PRINTF
  +--> ?PR?_UART1_SEND_STR?Z_UART

?PR?_DO_GROUP_ONCE?Z_MAIN                  -----    -----      -----    -----      046EH    0002H
  +--> ?PR?_SPIFLASHREAD?Z_W25Q64
  +--> ?PR?_DO_ACTION?Z_MAIN
  +--> ?CO?Z_MAIN
  +--> ?PR?PRINTF?PRINTF
  +--> ?PR?_UART1_SEND_STR?Z_UART

?PR?_BEEP_ON_TIMES?Z_GPIO                  -----    -----      -----    -----      046EH    0006H
  +--> ?PR?_MDELAY?Z_DELAY

?PR?SETUP_SENSOR?Z_SENSOR                  -----    -----      -----    -----      -----    -----
  +--> ?PR?SETUP_XUNJI?Z_SENSOR
  +--> ?PR?SETUP_SOUND?Z_SENSOR
  +--> ?PR?SETUP_CSB?Z_SENSOR
  +--> ?PR?SETUP_YSSB?Z_SENSOR

?PR?SETUP_CSB?Z_SENSOR                     -----    -----      -----    -----      -----    -----
  +--> ?PR?_ADC_INIT?Z_ADC

?PR?SETUP_YSSB?Z_SENSOR                    -----    -----      -----    -----      -----    -----
  +--> ?PR?_ADC_INIT?Z_ADC
  +--> ?PR?REWRITE_EEPROM?Z_MAIN
  +--> ?CO?Z_SENSOR
  +--> ?PR?_UART1_SEND_STR?Z_UART
  +--> ?PR?PRINTF?PRINTF

?PR?SETUP_DJ_TIMER?Z_MAIN                  -----    -----      -----    -----      -----    -----
  +--> ?PR?TIMER1_INIT?Z_TIMER

?PR?SETUP_START?Z_MAIN                     -----    -----      -----    -----      -----    -----
  +--> ?PR?_MDELAY?Z_DELAY

?PR?LOOP_NLED?Z_MAIN                       -----    -----      -----    -----      -----    -----
  +--> ?PR?MILLIS?Z_TIMER

?PR?LOOP_UART?Z_MAIN                       -----    -----      -----    -----      -----    -----
  +--> ?PR?_PARSE_CMD?Z_MAIN
  +--> ?PR?_DO_ACTION?Z_MAIN
  +--> ?PR?_ACTION_SAVE?Z_MAIN
  +--> ?PR?GET_UART_TIMEOUT?Z_UART
BL51 BANKED LINKER/LOCATER V6.22                                                      08/11/2018  09:36:43  PAGE 10


  +--> ?PR?MILLIS?Z_TIMER

?PR?_ACTION_SAVE?Z_MAIN                    -----    -----      -----    -----      045EH    0005H
  +--> ?PR?REWRITE_EEPROM?Z_MAIN
  +--> ?CO?Z_MAIN
  +--> ?PR?SCANF?SCANF
  +--> ?PR?_SPIFLASHREAD?Z_W25Q64
  +--> ?PR?_STRLEN?STRLEN
  +--> ?PR?_GET_ACTION_INDEX?Z_MAIN
  +--> ?PR?_SPIFLASHERASESECTOR?Z_W25Q64
  +--> ?PR?_REPLACE_CHAR?Z_MAIN
  +--> ?PR?_SPIFLASHWRITENOCHECK?Z_W25Q64
  +--> ?PR?_UART1_SEND_STR?Z_UART

?PR?_GET_ACTION_INDEX?Z_MAIN               -----    -----      -----    -----      0463H    0005H

?PR?_REPLACE_CHAR?Z_MAIN                   -----    -----      -----    -----      0463H    0005H

?PR?LOOP_ACTION?Z_MAIN                     -----    -----      -----    -----      -----    -----
  +--> ?PR?_DUOJI_INC_HANDLE?Z_MAIN
  +--> ?PR?CHECK_DJ_STATE?Z_MAIN
  +--> ?PR?_DO_GROUP_ONCE?Z_MAIN
  +--> ?CO?Z_MAIN
  +--> ?PR?_UART1_SEND_STR?Z_UART

?PR?_DUOJI_INC_HANDLE?Z_MAIN               -----    -----      -----    -----      045EH    0003H
  +--> ?PR?_ABS_FLOAT?Z_MAIN

?PR?_ABS_FLOAT?Z_MAIN                      -----    -----      -----    -----      0461H    0004H

?PR?CHECK_DJ_STATE?Z_MAIN                  -----    -----      -----    -----      045EH    0002H

?PR?LOOP_BT_ONCE?Z_MAIN                    -----    -----      -----    -----      -----    -----
  +--> ?PR?MILLIS?Z_TIMER
  +--> ?PR?_UART4_INIT?Z_UART
  +--> ?PR?UART4_OPEN?Z_UART
  +--> ?CO?Z_MAIN
  +--> ?PR?_UART4_SEND_STR?Z_UART

?PR?LOOP_PS2_DATA?Z_MAIN                   -----    -----      -----    -----      -----    -----
  +--> ?PR?MILLIS?Z_TIMER
  +--> ?PR?_PSX_WRITE_READ?Z_PS2

?PR?_PSX_WRITE_READ?Z_PS2                  -----    -----      -----    -----      045EH    0003H
  +--> ?PR?_PSX_TRANSFER?Z_PS2

?PR?_PSX_TRANSFER?Z_PS2                    -----    -----      -----    -----      0461H    0003H
  +--> ?PR?_DELAY?Z_DELAY

?PR?LOOP_PS2_BUTTON?Z_MAIN                 -----    -----      -----    -----      -----    -----
  +--> ?PR?_CAR_PWM_SET?Z_PWM
  +--> ?PR?_PARSE_PSX_BUF?Z_MAIN

?PR?_PARSE_PSX_BUF?Z_MAIN                  -----    -----      -----    -----      045EH    0003H
  +--> ?CO?Z_MAIN
  +--> ?PR?_STRLEN?STRLEN
  +--> ?PR?_STR_CONTAIN_STR?Z_GLOBAL
BL51 BANKED LINKER/LOCATER V6.22                                                      08/11/2018  09:36:43  PAGE 11


  +--> ?PR?_PARSE_CMD?Z_MAIN
  +--> ?PR?_DO_ACTION?Z_MAIN
  +--> ?PR?_MDELAY?Z_DELAY

?PR?LOOP_PS2_CAR_PWM?Z_MAIN                -----    -----      -----    -----      045EH    0004H
  +--> ?PR?_CAR_PWM_SET?Z_PWM

?PR?LOOP_SAVE_SOMETHING?Z_MAIN             -----    -----      -----    -----      -----    -----
  +--> ?PR?MILLIS?Z_TIMER
  +--> ?PR?REWRITE_EEPROM?Z_MAIN

?PR?LOOP_SMART_SENSOR?Z_SENSOR             -----    -----      -----    -----      -----    -----
  +--> ?PR?SMART_XUNJI?Z_SENSOR
  +--> ?PR?SMART_SOUNDJIAQU?Z_SENSOR
  +--> ?PR?SMART_ZIYOUBIZHANG?Z_SENSOR
  +--> ?PR?SMART_YSSBJIAQU?Z_SENSOR
  +--> ?PR?SMART_CSBJIAQU?Z_SENSOR
  +--> ?PR?SMART_GENSUI?Z_SENSOR
  +--> ?PR?SMART_XUNJIBIZHANG?Z_SENSOR
  +--> ?PR?SMART_XUNJIYANSE?Z_SENSOR
  +--> ?PR?SMART_XUNJICSBJIAQU?Z_SENSOR
  +--> ?PR?SMART_YSSB_VERIFY?Z_SENSOR

?PR?SMART_XUNJI?Z_SENSOR                   -----    -----      -----    -----      0460H    0002H
  +--> ?PR?_CAR_PWM_SET?Z_PWM

?PR?SMART_SOUNDJIAQU?Z_SENSOR              -----    -----      -----    -----      -----    -----
  +--> ?PR?_BEEP_ON_TIMES?Z_GPIO
  +--> ?PR?MILLIS?Z_TIMER
  +--> ?CO?Z_SENSOR
  +--> ?PR?_PARSE_CMD?Z_MAIN

?PR?SMART_ZIYOUBIZHANG?Z_SENSOR            -----    -----      -----    -----      045EH    0004H
  +--> ?PR?MILLIS?Z_TIMER
  +--> ?PR?GET_ADC_CSB_MIDDLE?Z_SENSOR
  +--> ?CO?Z_SENSOR
  +--> ?PR?PRINTF?PRINTF
  +--> ?PR?_UART1_SEND_STR?Z_UART
  +--> ?PR?_CAR_PWM_SET?Z_PWM

?PR?GET_ADC_CSB_MIDDLE?Z_SENSOR            -----    -----      -----    -----      0462H    0001H
  +--> ?PR?_ADC_READ?Z_ADC
  +--> ?PR?_SELECTION_SORT?Z_GLOBAL

?PR?_ADC_READ?Z_ADC                        -----    -----      -----    -----      -----    -----
  +--> ?PR?_ADC_INIT?Z_ADC

?PR?_SELECTION_SORT?Z_GLOBAL               -----    -----      -----    -----      0463H    000AH

?PR?SMART_YSSBJIAQU?Z_SENSOR               -----    -----      -----    -----      -----    -----
  +--> ?PR?MILLIS?Z_TIMER
  +--> ?PR?GET_ADC_YSSB_MIDDLE?Z_SENSOR
  +--> ?CO?Z_SENSOR
  +--> ?PR?PRINTF?PRINTF
  +--> ?PR?_UART1_SEND_STR?Z_UART
  +--> ?PR?_MDELAY?Z_DELAY
  +--> ?PR?_PARSE_CMD?Z_MAIN
BL51 BANKED LINKER/LOCATER V6.22                                                      08/11/2018  09:36:43  PAGE 12


  +--> ?PR?_BEEP_ON_TIMES?Z_GPIO

?PR?GET_ADC_YSSB_MIDDLE?Z_SENSOR           -----    -----      -----    -----      -----    -----
  +--> ?PR?_ADC_READ?Z_ADC
  +--> ?PR?_SELECTION_SORT?Z_GLOBAL

?PR?SMART_CSBJIAQU?Z_SENSOR                -----    -----      -----    -----      045EH    0002H
  +--> ?PR?MILLIS?Z_TIMER
  +--> ?PR?GET_ADC_CSB_MIDDLE?Z_SENSOR
  +--> ?CO?Z_SENSOR
  +--> ?PR?PRINTF?PRINTF
  +--> ?PR?_UART1_SEND_STR?Z_UART
  +--> ?PR?_PARSE_CMD?Z_MAIN
  +--> ?PR?_BEEP_ON_TIMES?Z_GPIO

?PR?SMART_GENSUI?Z_SENSOR                  -----    -----      -----    -----      045EH    0004H
  +--> ?PR?MILLIS?Z_TIMER
  +--> ?PR?GET_ADC_CSB_MIDDLE?Z_SENSOR
  +--> ?PR?_CAR_PWM_SET?Z_PWM

?PR?SMART_XUNJIBIZHANG?Z_SENSOR            -----    -----      -----    -----      -----    -----
  +--> ?PR?MILLIS?Z_TIMER
  +--> ?PR?GET_ADC_CSB_MIDDLE?Z_SENSOR
  +--> ?PR?_CAR_PWM_SET?Z_PWM
  +--> ?PR?SMART_XUNJI?Z_SENSOR

?PR?SMART_XUNJIYANSE?Z_SENSOR              -----    -----      -----    -----      -----    -----
  +--> ?PR?MILLIS?Z_TIMER
  +--> ?PR?GET_ADC_YSSB_MIDDLE?Z_SENSOR
  +--> ?PR?_CAR_PWM_SET?Z_PWM
  +--> ?PR?_MDELAY?Z_DELAY
  +--> ?CO?Z_SENSOR
  +--> ?PR?_PARSE_CMD?Z_MAIN
  +--> ?PR?_BEEP_ON_TIMES?Z_GPIO
  +--> ?PR?SMART_XUNJI?Z_SENSOR

?PR?SMART_XUNJICSBJIAQU?Z_SENSOR           -----    -----      -----    -----      045EH    0002H
  +--> ?PR?GET_ADC_CSB_MIDDLE?Z_SENSOR
  +--> ?PR?MILLIS?Z_TIMER
  +--> ?PR?_BEEP_ON_TIMES?Z_GPIO
  +--> ?PR?_CAR_PWM_SET?Z_PWM
  +--> ?CO?Z_SENSOR
  +--> ?PR?_PARSE_CMD?Z_MAIN
  +--> ?PR?SMART_XUNJI?Z_SENSOR

?PR?SMART_YSSB_VERIFY?Z_SENSOR             -----    -----      -----    -----      045EH    0004H
  +--> ?PR?_BEEP_ON_TIMES?Z_GPIO
  +--> ?PR?GET_ADC_YSSB_MIDDLE?Z_SENSOR
  +--> ?PR?_MDELAY?Z_DELAY
  +--> ?PR?REWRITE_EEPROM?Z_MAIN
  +--> ?CO?Z_SENSOR
  +--> ?PR?PRINTF?PRINTF
  +--> ?PR?_UART1_SEND_STR?Z_UART



SYMBOL TABLE OF MODULE:  .\obj\51_duoji20180804 (Z_MAIN)
BL51 BANKED LINKER/LOCATER V6.22                                                      08/11/2018  09:36:43  PAGE 13



  VALUE           TYPE          NAME
  ----------------------------------

  -------         MODULE        Z_MAIN
  C:0000H         SYMBOL        _ICE_DUMMY_
  D:00D0H         PUBLIC        PSW
  D:0080H         PUBLIC        P0
  D:0090H         PUBLIC        P1
  D:00A0H         PUBLIC        P2
  D:00B0H         PUBLIC        P3
  D:00C0H         PUBLIC        P4
  D:00C8H         PUBLIC        P5
  D:00E8H         PUBLIC        P6
  D:00F8H         PUBLIC        P7
  D:00A8H         PUBLIC        IE
  B:00A8H.7       PUBLIC        EA
  B:00A8H.3       PUBLIC        ET1
  D:00B8H         PUBLIC        IP
  D:0088H         PUBLIC        TCON
  B:0088H.6       PUBLIC        TR1
  D:0098H         PUBLIC        SCON
  D:00C7H         PUBLIC        IAP_CONTR
  D:00D8H         PUBLIC        CCON
  C:6F3AH         PUBLIC        setup_global
  C:6F3DH         PUBLIC        setup_gpio
  C:6F40H         PUBLIC        setup_nled
  C:001EH         PUBLIC        setup_vol
  C:6F43H         PUBLIC        setup_beep
  C:6F46H         PUBLIC        setup_djio
  C:5CA5H         PUBLIC        setup_w25q64
  C:6F49H         PUBLIC        setup_ps2
  C:6F4CH         PUBLIC        setup_dj_timer
  C:6E89H         PUBLIC        setup_car_pwm
  C:6DA6H         PUBLIC        setup_uart1
  C:6DBDH         PUBLIC        setup_uart2
  C:6DD4H         PUBLIC        setup_uart4
  C:6F4FH         PUBLIC        setup_systick
  C:6973H         PUBLIC        setup_start
  C:52D0H         PUBLIC        setup_others
  C:6F1BH         PUBLIC        setup_interrupt
  C:6AA6H         PUBLIC        loop_nled
  C:5FACH         PUBLIC        loop_uart
  C:54D2H         PUBLIC        loop_action
  C:4718H         PUBLIC        loop_bt_once
  C:69F6H         PUBLIC        loop_ps2_data
  C:6601H         PUBLIC        loop_ps2_button
  C:5DE1H         PUBLIC        loop_ps2_car_pwm
  C:0046H         PUBLIC        loop_save_something
  C:641BH         PUBLIC        loop_vol_warning
  C:6F26H         PUBLIC        soft_reset
  C:3B63H         PUBLIC        _parse_psx_buf
  C:20C1H         PUBLIC        _parse_cmd
  C:43A3H         PUBLIC        _action_save
  C:603DH         PUBLIC        _get_action_index
  C:5BFAH         PUBLIC        _print_group
  C:6930H         PUBLIC        _int_exchange
BL51 BANKED LINKER/LOCATER V6.22                                                      08/11/2018  09:36:43  PAGE 14


  C:5866H         PUBLIC        _erase_sector
  C:63B4H         PUBLIC        _do_group_once
  C:675FH         PUBLIC        check_dj_state
  C:2B1FH         PUBLIC        _do_action
  C:6D75H         PUBLIC        _replace_char
  C:6CD4H         PUBLIC        rewrite_eeprom
  B:00A0H.0       PUBLIC        nled
  B:00C8H.1       PUBLIC        beep
  C:489CH         PUBLIC        _duoji_inc_handle
  X:0431H         PUBLIC        adc7_value
  X:0433H         PUBLIC        adc0_value
  X:0435H         PUBLIC        do_start_index
  X:0437H         PUBLIC        do_time
  X:0439H         PUBLIC        group_num_start
  X:043BH         PUBLIC        group_num_end
  X:043DH         PUBLIC        group_num_times
  X:043FH         PUBLIC        i
  X:0440H         PUBLIC        car_dw
  X:0441H         PUBLIC        bias_systick_ms_bak
  X:0445H         PUBLIC        djBiasSaveFlag
  X:0446H         PUBLIC        dbt_flag
  X:0447H         PUBLIC        vol_adc
  X:044BH         PUBLIC        save_addr_sector
  X:044FH         PUBLIC        save_action_index_bak
  X:0453H         PUBLIC        psx_buf
  C:1453H         PUBLIC        pre_cmd_set_red
  C:1483H         PUBLIC        pre_cmd_set_grn
  C:14B3H         PUBLIC        action_pre_group
  C:670CH         PUBLIC        main
  C:0091H         PUBLIC        handle_uart
  C:69B5H         PUBLIC        _abs_float
  C:0092H         PUBLIC        handle_sensor
  -------         PROC          MAIN
  C:670CH         LINE#         181
  C:670CH         LINE#         182
  C:670FH         LINE#         183
  C:6712H         LINE#         184
  C:6715H         LINE#         185
  C:6718H         LINE#         186
  C:671BH         LINE#         187
  C:671EH         LINE#         188
  C:6721H         LINE#         189
  C:6724H         LINE#         190
  C:6727H         LINE#         191
  C:672AH         LINE#         192
  C:672DH         LINE#         193
  C:6730H         LINE#         194
  C:6733H         LINE#         196
  C:6736H         LINE#         197
  C:6739H         LINE#         200
  C:673CH         LINE#         201
  C:673FH         LINE#         203
  C:6742H         LINE#         204
  C:6742H         LINE#         205
  C:6745H         LINE#         206
  C:6748H         LINE#         207
  C:674BH         LINE#         208
BL51 BANKED LINKER/LOCATER V6.22                                                      08/11/2018  09:36:43  PAGE 15


  C:674EH         LINE#         209
  C:6751H         LINE#         210
  C:6754H         LINE#         211
  C:6757H         LINE#         212
  C:675AH         LINE#         215
  C:675DH         LINE#         216
  -------         ENDPROC       MAIN
  -------         PROC          SETUP_GLOBAL
  C:6F3AH         LINE#         224
  C:6F3AH         LINE#         226
  -------         ENDPROC       SETUP_GLOBAL
  -------         PROC          SETUP_GPIO
  C:6F3DH         LINE#         229
  C:6F3DH         LINE#         231
  -------         ENDPROC       SETUP_GPIO
  -------         PROC          SETUP_NLED
  C:6F40H         LINE#         234
  C:6F40H         LINE#         235
  C:6F42H         LINE#         236
  -------         ENDPROC       SETUP_NLED
  -------         PROC          SETUP_BEEP
  C:6F43H         LINE#         238
  C:6F43H         LINE#         239
  C:6F45H         LINE#         240
  -------         ENDPROC       SETUP_BEEP
  -------         PROC          SETUP_DJIO
  C:6F46H         LINE#         242
  C:6F46H         LINE#         243
  -------         ENDPROC       SETUP_DJIO
  -------         PROC          SETUP_VOL
  C:001EH         LINE#         246
  C:001EH         LINE#         247
  -------         ENDPROC       SETUP_VOL
  -------         PROC          SETUP_W25Q64
  C:5CA5H         LINE#         251
  C:5CA5H         LINE#         253
  C:5CA8H         LINE#         254
  C:5CB9H         LINE#         256
  C:5CD3H         LINE#         257
  C:5CEFH         LINE#         258
  C:5CF9H         LINE#         259
  C:5D03H         LINE#         260
  C:5D06H         LINE#         261
  C:5D06H         LINE#         263
  C:5D12H         LINE#         264
  C:5D21H         LINE#         265
  C:5D31H         LINE#         266
  C:5D39H         LINE#         267
  C:5D42H         LINE#         268
  C:5D42H         LINE#         276
  -------         ENDPROC       SETUP_W25Q64
  -------         PROC          SETUP_PS2
  C:6F49H         LINE#         279
  C:6F49H         LINE#         281
  -------         ENDPROC       SETUP_PS2
  -------         PROC          SETUP_DJ_TIMER
  C:6F4CH         LINE#         284
BL51 BANKED LINKER/LOCATER V6.22                                                      08/11/2018  09:36:43  PAGE 16


  C:6F4CH         LINE#         285
  -------         ENDPROC       SETUP_DJ_TIMER
  -------         PROC          SETUP_CAR_PWM
  C:6E89H         LINE#         288
  C:6E89H         LINE#         290
  C:6E90H         LINE#         291
  -------         ENDPROC       SETUP_CAR_PWM
  -------         PROC          SETUP_UART1
  C:6DA6H         LINE#         294
  C:6DA6H         LINE#         296
  C:6DB1H         LINE#         298
  C:6DB4H         LINE#         300
  -------         ENDPROC       SETUP_UART1
  -------         PROC          SETUP_UART2
  C:6DBDH         LINE#         303
  C:6DBDH         LINE#         305
  C:6DC8H         LINE#         307
  C:6DCBH         LINE#         309
  -------         ENDPROC       SETUP_UART2
  -------         PROC          SETUP_UART4
  C:6DD4H         LINE#         312
  C:6DD4H         LINE#         314
  C:6DDFH         LINE#         316
  C:6DE2H         LINE#         319
  -------         ENDPROC       SETUP_UART4
  -------         PROC          SETUP_SYSTICK
  C:6F4FH         LINE#         322
  C:6F4FH         LINE#         324
  -------         ENDPROC       SETUP_SYSTICK
  -------         PROC          SETUP_START
  C:6973H         LINE#         329
  C:6973H         LINE#         331
  C:6989H         LINE#         332
  C:699FH         LINE#         333
  -------         ENDPROC       SETUP_START
  -------         PROC          SETUP_OTHERS
  C:52D0H         LINE#         336
  C:52D0H         LINE#         338
  C:52DFH         LINE#         339
  C:52DFH         LINE#         341
  C:52DFH         LINE#         342
  C:52DFH         LINE#         344
  C:52F6H         LINE#         345
  C:52F6H         LINE#         347
  C:530FH         LINE#         348
  C:531DH         LINE#         349
  C:532AH         LINE#         350
  C:5337H         LINE#         351
  C:5344H         LINE#         352
  C:534DH         LINE#         353
  C:5350H         LINE#         356
  C:5358H         LINE#         357
  C:5367H         LINE#         358
  C:536EH         LINE#         359
  C:5377H         LINE#         360
  C:5377H         LINE#         361
  C:5390H         LINE#         362
BL51 BANKED LINKER/LOCATER V6.22                                                      08/11/2018  09:36:43  PAGE 17


  C:539EH         LINE#         363
  C:53ABH         LINE#         364
  C:53B8H         LINE#         365
  C:53C5H         LINE#         366
  C:53CEH         LINE#         367
  C:53D1H         LINE#         368
  C:53D1H         LINE#         369
  C:53D1H         LINE#         371
  -------         ENDPROC       SETUP_OTHERS
  -------         PROC          SETUP_INTERRUPT
  C:6F1BH         LINE#         374
  C:6F1BH         LINE#         376
  C:6F1EH         LINE#         379
  C:6F20H         LINE#         380
  -------         ENDPROC       SETUP_INTERRUPT
  -------         PROC          LOOP_NLED
  -------         DO            
  X:040BH         SYMBOL        systick_ms_bak
  -------         ENDDO         
  C:6AA6H         LINE#         389
  C:6AA6H         LINE#         391
  C:6AD1H         LINE#         392
  C:6ADAH         LINE#         393
  C:6ADCH         LINE#         394
  C:6ADCH         LINE#         395
  -------         ENDPROC       LOOP_NLED
  -------         PROC          LOOP_UART
  -------         DO            
  X:040FH         SYMBOL        do_once1
  X:0410H         SYMBOL        do_once2
  -------         ENDDO         
  C:5FACH         LINE#         397
  C:5FACH         LINE#         399
  C:5FB2H         LINE#         403
  C:5FB9H         LINE#         405
  C:5FBCH         LINE#         406
  C:5FC5H         LINE#         408
  C:5FC5H         LINE#         409
  C:5FCEH         LINE#         412
  C:5FD1H         LINE#         413
  C:5FDAH         LINE#         416
  C:5FE3H         LINE#         417
  C:5FE3H         LINE#         418
  C:5FE8H         LINE#         419
  C:5FECH         LINE#         421
  C:5FECH         LINE#         424
  C:601BH         LINE#         425
  C:6021H         LINE#         426
  C:6025H         LINE#         427
  C:6027H         LINE#         428
  C:602AH         LINE#         429
  C:602AH         LINE#         430
  C:602BH         LINE#         431
  C:6031H         LINE#         432
  C:6035H         LINE#         433
  C:6039H         LINE#         434
  C:603CH         LINE#         435
BL51 BANKED LINKER/LOCATER V6.22                                                      08/11/2018  09:36:43  PAGE 18


  C:603CH         LINE#         436
  C:603CH         LINE#         439
  -------         ENDPROC       LOOP_UART
  -------         PROC          LOOP_SAVE_SOMETHING
  -------         DO            
  X:0411H         SYMBOL        saveTime
  -------         ENDDO         
  C:0046H         LINE#         442
  C:0046H         LINE#         444
  C:007FH         LINE#         445
  C:0084H         LINE#         446
  C:008DH         LINE#         447
  C:0090H         LINE#         448
  C:0090H         LINE#         450
  -------         ENDPROC       LOOP_SAVE_SOMETHING
  -------         PROC          LOOP_PS2_DATA
  -------         DO            
  X:0415H         SYMBOL        systick_ms_bak
  -------         ENDDO         
  C:69F6H         LINE#         453
  C:69F6H         LINE#         455
  C:6A20H         LINE#         457
  C:6A20H         LINE#         458
  C:6A29H         LINE#         459
  C:6A32H         LINE#         468
  -------         ENDPROC       LOOP_PS2_DATA
  -------         PROC          LOOP_PS2_CAR_PWM
  -------         DO            
  X:0419H         SYMBOL        car_left_bak
  X:041BH         SYMBOL        car_right_bak
  X:045EH         SYMBOL        car_left
  X:0460H         SYMBOL        car_right
  -------         ENDDO         
  C:5DE1H         LINE#         471
  C:5DE1H         LINE#         475
  C:5DECH         LINE#         476
  C:5E0FH         LINE#         477
  C:5E30H         LINE#         479
  C:5E4EH         LINE#         480
  C:5E5FH         LINE#         481
  C:5E6EH         LINE#         482
  C:5E7DH         LINE#         483
  C:5E7DH         LINE#         485
  -------         ENDPROC       LOOP_PS2_CAR_PWM
  -------         PROC          LOOP_PS2_BUTTON
  -------         DO            
  X:041DH         SYMBOL        psx_button_bak
  X:041FH         SYMBOL        mode_bak
  -------         ENDDO         
  C:6601H         LINE#         489
  C:6601H         LINE#         494
  C:660DH         LINE#         495
  C:660FH         LINE#         496
  C:6612H         LINE#         497
  C:6618H         LINE#         498
  C:6618H         LINE#         499
  C:6620H         LINE#         500
BL51 BANKED LINKER/LOCATER V6.22                                                      08/11/2018  09:36:43  PAGE 19


  C:6626H         LINE#         502
  C:6626H         LINE#         504
  C:663EH         LINE#         505
  C:663EH         LINE#         506
  C:663EH         LINE#         507
  C:664CH         LINE#         508
  C:6654H         LINE#         509
  C:665CH         LINE#         510
  C:665CH         LINE#         512
  -------         ENDPROC       LOOP_PS2_BUTTON
  -------         PROC          _PARSE_PSX_BUF
  D:0001H         SYMBOL        buf
  X:045EH         SYMBOL        mode
  -------         DO            
  X:045FH         SYMBOL        i
  X:0460H         SYMBOL        pos
  X:0420H         SYMBOL        bak
  X:0422H         SYMBOL        temp
  X:0424H         SYMBOL        temp2
  -------         ENDDO         
  C:3B63H         LINE#         514
  C:3B68H         LINE#         515
  C:3B6DH         LINE#         517
  C:3B87H         LINE#         519
  C:3B99H         LINE#         520
  C:3BA5H         LINE#         521
  C:3BB3H         LINE#         522
  C:3BC5H         LINE#         523
  C:3BE5H         LINE#         524
  C:3BE5H         LINE#         525
  C:3BF4H         LINE#         527
  C:3C03H         LINE#         528
  C:3C0BH         LINE#         529
  C:3C37H         LINE#         530
  C:3C44H         LINE#         531
  C:3C86H         LINE#         532
  C:3C86H         LINE#         534
  C:3CA2H         LINE#         535
  C:3CB0H         LINE#         536
  C:3CCBH         LINE#         540
  C:3CDAH         LINE#         541
  C:3CDAH         LINE#         542
  C:3CDDH         LINE#         543
  C:3CFAH         LINE#         547
  C:3D09H         LINE#         548
  C:3D09H         LINE#         549
  C:3D0CH         LINE#         550
  C:3D0CH         LINE#         555
  C:3D14H         LINE#         556
  C:3D17H         LINE#         558
  C:3D26H         LINE#         559
  C:3D2EH         LINE#         560
  C:3D5AH         LINE#         561
  C:3D67H         LINE#         562
  C:3DA9H         LINE#         563
  C:3DA9H         LINE#         565
  C:3DC5H         LINE#         566
BL51 BANKED LINKER/LOCATER V6.22                                                      08/11/2018  09:36:43  PAGE 20


  C:3DCAH         LINE#         567
  C:3DEBH         LINE#         571
  C:3E03H         LINE#         572
  C:3E18H         LINE#         573
  C:3E18H         LINE#         574
  C:3E1BH         LINE#         575
  C:3E41H         LINE#         579
  C:3E59H         LINE#         580
  C:3E6EH         LINE#         581
  C:3E6EH         LINE#         582
  C:3E71H         LINE#         583
  C:3E71H         LINE#         586
  C:3E71H         LINE#         587
  C:3E71H         LINE#         591
  C:3E71H         LINE#         592
  C:3E7AH         LINE#         593
  C:3E89H         LINE#         594
  C:3E94H         LINE#         595
  C:3E94H         LINE#         597
  -------         ENDPROC       _PARSE_PSX_BUF
  -------         PROC          HANDLE_UART
  C:0091H         LINE#         599
  C:0091H         LINE#         603
  -------         ENDPROC       HANDLE_UART
  C:20BBH         SYMBOL        L?0351
  -------         PROC          L?0350
  -------         ENDPROC       L?0350
  C:20BBH         SYMBOL        L?0351
  -------         PROC          _PARSE_CMD
  X:0461H         SYMBOL        cmd
  -------         DO            
  X:0426H         SYMBOL        djrFlag
  X:0464H         SYMBOL        pos
  X:0466H         SYMBOL        i
  X:0468H         SYMBOL        index
  X:046AH         SYMBOL        int1
  X:046CH         SYMBOL        int2
  -------         ENDDO         
  C:20C1H         LINE#         620
  C:20CCH         LINE#         626
  C:20CFH         LINE#         628
  C:20F9H         LINE#         629
  C:20FFH         LINE#         630
  C:2116H         LINE#         631
  C:2130H         LINE#         632
  C:216AH         LINE#         633
  C:217AH         LINE#         634
  C:2183H         LINE#         635
  C:218BH         LINE#         636
  C:2191H         LINE#         637
  C:21BCH         LINE#         638
  C:21EBH         LINE#         639
  C:220CH         LINE#         640
  C:2246H         LINE#         641
  C:226CH         LINE#         642
  C:2275H         LINE#         643
  C:2275H         LINE#         646
BL51 BANKED LINKER/LOCATER V6.22                                                      08/11/2018  09:36:43  PAGE 21


  C:229CH         LINE#         647
  C:229FH         LINE#         648
  C:22C6H         LINE#         649
  C:2301H         LINE#         650
  C:2312H         LINE#         651
  C:2312H         LINE#         652
  C:2339H         LINE#         653
  C:2374H         LINE#         654
  C:2385H         LINE#         655
  C:2385H         LINE#         656
  C:23ACH         LINE#         657
  C:23DBH         LINE#         658
  C:23E6H         LINE#         659
  C:23ECH         LINE#         660
  C:23ECH         LINE#         661
  C:2417H         LINE#         662
  C:245EH         LINE#         664
  C:2475H         LINE#         665
  C:247DH         LINE#         666
  C:248CH         LINE#         667
  C:2491H         LINE#         669
  C:2492H         LINE#         670
  C:2498H         LINE#         671
  C:2498H         LINE#         673
  C:2498H         LINE#         674
  C:2498H         LINE#         675
  C:24C2H         LINE#         676
  C:24FDH         LINE#         677
  C:250BH         LINE#         678
  C:250BH         LINE#         679
  C:2535H         LINE#         680
  C:253BH         LINE#         681
  C:2540H         LINE#         682
  C:2540H         LINE#         683
  C:2569H         LINE#         684
  C:256FH         LINE#         685
  C:2576H         LINE#         686
  C:2581H         LINE#         687
  C:25A9H         LINE#         688
  C:25B1H         LINE#         689
  C:25DBH         LINE#         690
  C:25E3H         LINE#         691
  C:260DH         LINE#         692
  C:2615H         LINE#         693
  C:263FH         LINE#         694
  C:2647H         LINE#         695
  C:2671H         LINE#         696
  C:2676H         LINE#         697
  C:26A0H         LINE#         698
  C:26A4H         LINE#         699
  C:26CEH         LINE#         700
  C:26D2H         LINE#         701
  C:26FFH         LINE#         702
  C:2708H         LINE#         703
  C:2722H         LINE#         704
  C:273CH         LINE#         705
  C:2756H         LINE#         706
BL51 BANKED LINKER/LOCATER V6.22                                                      08/11/2018  09:36:43  PAGE 22


  C:27F7H         LINE#         707
  C:2808H         LINE#         709
  C:280EH         LINE#         710
  C:2810H         LINE#         711
  C:2812H         LINE#         712
  C:2819H         LINE#         713
  C:2819H         LINE#         714
  C:282AH         LINE#         715
  C:2852H         LINE#         716
  C:2858H         LINE#         717
  C:2882H         LINE#         718
  C:288AH         LINE#         719
  C:288EH         LINE#         720
  C:2891H         LINE#         721
  C:2895H         LINE#         722
  C:2895H         LINE#         723
  C:28BFH         LINE#         724
  C:28C4H         LINE#         725
  C:290EH         LINE#         726
  C:2917H         LINE#         727
  C:2935H         LINE#         728
  C:295AH         LINE#         729
  C:2990H         LINE#         730
  C:299DH         LINE#         731
  C:29A4H         LINE#         732
  C:29AAH         LINE#         733
  C:29AAH         LINE#         734
  C:29B2H         LINE#         735
  C:29BAH         LINE#         736
  C:29C0H         LINE#         737
  C:29C0H         LINE#         738
  C:29CFH         LINE#         739
  C:29D7H         LINE#         740
  C:29DEH         LINE#         741
  C:29EDH         LINE#         742
  C:29F5H         LINE#         743
  C:29FDH         LINE#         744
  C:2A04H         LINE#         745
  C:2A13H         LINE#         746
  C:2A15H         LINE#         747
  C:2A1CH         LINE#         748
  C:2A20H         LINE#         749
  C:2A20H         LINE#         751
  C:2A37H         LINE#         752
  C:2A3FH         LINE#         753
  C:2A4EH         LINE#         754
  C:2A53H         LINE#         755
  C:2A58H         LINE#         756
  C:2A59H         LINE#         757
  C:2A5CH         LINE#         758
  C:2A5CH         LINE#         760
  C:2A5CH         LINE#         761
  C:2A83H         LINE#         762
  C:2A8CH         LINE#         763
  C:2AB3H         LINE#         764
  C:2ADFH         LINE#         765
  C:2AF1H         LINE#         766
BL51 BANKED LINKER/LOCATER V6.22                                                      08/11/2018  09:36:43  PAGE 23


  C:2AF6H         LINE#         767
  C:2B01H         LINE#         768
  C:2B09H         LINE#         770
  C:2B09H         LINE#         771
  C:2B09H         LINE#         772
  C:2B09H         LINE#         773
  -------         ENDPROC       _PARSE_CMD
  -------         PROC          _ACTION_SAVE
  X:045EH         SYMBOL        str
  -------         DO            
  X:0461H         SYMBOL        action_index
  -------         ENDDO         
  C:43A3H         LINE#         777
  C:43AEH         LINE#         778
  C:43B3H         LINE#         780
  C:43D0H         LINE#         781
  C:43D5H         LINE#         782
  C:43D8H         LINE#         783
  C:43E1H         LINE#         785
  C:43F9H         LINE#         786
  C:4435H         LINE#         787
  C:4449H         LINE#         788
  C:4460H         LINE#         789
  C:4462H         LINE#         790
  C:4471H         LINE#         791
  C:448AH         LINE#         792
  C:44A4H         LINE#         793
  C:44A4H         LINE#         794
  C:44AAH         LINE#         795
  C:44ADH         LINE#         797
  C:44B3H         LINE#         798
  C:44B6H         LINE#         800
  C:44B6H         LINE#         802
  C:44CCH         LINE#         804
  C:44E8H         LINE#         806
  C:44F1H         LINE#         808
  C:44F1H         LINE#         810
  C:4518H         LINE#         811
  C:452EH         LINE#         812
  C:4544H         LINE#         813
  C:4579H         LINE#         815
  C:4582H         LINE#         817
  -------         ENDPROC       _ACTION_SAVE
  -------         PROC          _GET_ACTION_INDEX
  X:0463H         SYMBOL        str
  -------         DO            
  X:0466H         SYMBOL        index
  -------         ENDDO         
  C:603DH         LINE#         819
  C:6048H         LINE#         820
  C:604DH         LINE#         822
  C:605DH         LINE#         823
  C:6061H         LINE#         824
  C:6066H         LINE#         825
  C:607EH         LINE#         826
  C:60A3H         LINE#         827
  C:60ADH         LINE#         828
BL51 BANKED LINKER/LOCATER V6.22                                                      08/11/2018  09:36:43  PAGE 24


  C:60AFH         LINE#         829
  C:60B8H         LINE#         830
  C:60B8H         LINE#         831
  C:60C2H         LINE#         832
  C:60C2H         LINE#         833
  C:60C4H         LINE#         834
  C:60C8H         LINE#         835
  -------         ENDPROC       _GET_ACTION_INDEX
  -------         PROC          _PRINT_GROUP
  X:046EH         SYMBOL        start
  X:0470H         SYMBOL        end
  C:5BFAH         LINE#         837
  C:5C08H         LINE#         838
  C:5C23H         LINE#         839
  C:5C3AH         LINE#         840
  C:5C3AH         LINE#         841
  C:5C55H         LINE#         842
  C:5C64H         LINE#         843
  C:5C82H         LINE#         844
  C:5C8BH         LINE#         845
  C:5C94H         LINE#         846
  C:5CA4H         LINE#         847
  -------         ENDPROC       _PRINT_GROUP
  -------         PROC          _INT_EXCHANGE
  X:0472H         SYMBOL        int1
  X:0475H         SYMBOL        int2
  -------         DO            
  D:0006H         SYMBOL        int_temp
  -------         ENDDO         
  C:6930H         LINE#         850
  C:693BH         LINE#         852
  C:6941H         LINE#         853
  C:6962H         LINE#         854
  -------         ENDPROC       _INT_EXCHANGE
  -------         PROC          _ERASE_SECTOR
  X:046EH         SYMBOL        start
  X:0470H         SYMBOL        end
  C:5866H         LINE#         857
  C:5874H         LINE#         858
  C:588FH         LINE#         859
  C:58A6H         LINE#         860
  C:58A6H         LINE#         861
  C:58BDH         LINE#         862
  C:58D9H         LINE#         863
  C:58E2H         LINE#         864
  C:5908H         LINE#         865
  C:5911H         LINE#         866
  C:5921H         LINE#         867
  C:592BH         LINE#         868
  -------         ENDPROC       _ERASE_SECTOR
  -------         PROC          _DO_GROUP_ONCE
  X:046EH         SYMBOL        group_num
  C:63B4H         LINE#         872
  C:63BCH         LINE#         884
  C:63CBH         LINE#         885
  C:63CBH         LINE#         887
  C:63CBH         LINE#         888
BL51 BANKED LINKER/LOCATER V6.22                                                      08/11/2018  09:36:43  PAGE 25


  C:63CBH         LINE#         890
  C:63E9H         LINE#         891
  C:63E9H         LINE#         893
  C:63ECH         LINE#         894
  C:6412H         LINE#         895
  -------         ENDPROC       _DO_GROUP_ONCE
  -------         PROC          _ABS_FLOAT
  X:0461H         SYMBOL        value
  C:69B5H         LINE#         899
  C:69BBH         LINE#         900
  C:69D5H         LINE#         901
  C:69E4H         LINE#         902
  C:69E4H         LINE#         903
  C:69F5H         LINE#         904
  -------         ENDPROC       _ABS_FLOAT
  -------         PROC          _DUOJI_INC_HANDLE
  X:045EH         SYMBOL        index
  -------         DO            
  X:045FH         SYMBOL        aim_temp
  -------         ENDDO         
  C:489CH         LINE#         906
  C:48A1H         LINE#         909
  C:48C6H         LINE#         911
  C:48EDH         LINE#         913
  C:48F7H         LINE#         914
  C:4901H         LINE#         915
  C:4914H         LINE#         916
  C:491BH         LINE#         917
  C:491BH         LINE#         919
  C:498FH         LINE#         920
  C:49B0H         LINE#         921
  C:49C5H         LINE#         922
  C:49C6H         LINE#         923
  C:4A0CH         LINE#         924
  C:4A0CH         LINE#         925
  C:4A0CH         LINE#         926
  -------         ENDPROC       _DUOJI_INC_HANDLE
  -------         PROC          LOOP_ACTION
  C:54D2H         LINE#         929
  C:54D2H         LINE#         931
  C:54D8H         LINE#         932
  C:54E0H         LINE#         933
  C:54E5H         LINE#         934
  C:54E5H         LINE#         936
  C:54F7H         LINE#         937
  C:5502H         LINE#         939
  C:5518H         LINE#         940
  C:5524H         LINE#         941
  C:552CH         LINE#         942
  C:5539H         LINE#         943
  C:5547H         LINE#         944
  C:554EH         LINE#         945
  C:554EH         LINE#         946
  C:554EH         LINE#         947
  C:554EH         LINE#         948
  C:5550H         LINE#         950
  C:5550H         LINE#         951
BL51 BANKED LINKER/LOCATER V6.22                                                      08/11/2018  09:36:43  PAGE 26


  C:555EH         LINE#         952
  C:555FH         LINE#         953
  C:5573H         LINE#         954
  C:5582H         LINE#         955
  C:558CH         LINE#         956
  C:559AH         LINE#         957
  C:55A1H         LINE#         958
  C:55A6H         LINE#         959
  C:55AFH         LINE#         960
  C:55AFH         LINE#         961
  C:55AFH         LINE#         963
  C:55AFH         LINE#         964
  C:55BDH         LINE#         965
  C:55BDH         LINE#         966
  C:55BDH         LINE#         968
  -------         ENDPROC       LOOP_ACTION
  -------         PROC          CHECK_DJ_STATE
  -------         DO            
  X:045EH         SYMBOL        i
  -------         ENDDO         
  C:675FH         LINE#         970
  C:675FH         LINE#         972
  C:6778H         LINE#         973
  C:679FH         LINE#         974
  C:67AFH         LINE#         975
  C:67B1H         LINE#         976
  -------         ENDPROC       CHECK_DJ_STATE
  C:2B19H         SYMBOL        L?0349
  -------         PROC          L?0348
  -------         ENDPROC       L?0348
  C:2B19H         SYMBOL        L?0349
  -------         PROC          _DO_ACTION
  X:0470H         SYMBOL        uart_receive_buf
  -------         DO            
  X:0473H         SYMBOL        index
  X:0475H         SYMBOL        time
  X:0477H         SYMBOL        i
  X:0479H         SYMBOL        lst_i
  X:047BH         SYMBOL        parse_ok
  X:047DH         SYMBOL        bias
  X:047FH         SYMBOL        pwm
  X:0483H         SYMBOL        aim_temp
  -------         ENDDO         
  C:2B1FH         LINE#         978
  C:2B2AH         LINE#         983
  C:2B2DH         LINE#         984
  C:2B36H         LINE#         986
  C:2B8CH         LINE#         987
  C:2BD6H         LINE#         988
  C:2C1FH         LINE#         989
  C:2C53H         LINE#         990
  C:2C5EH         LINE#         991
  C:2C62H         LINE#         992
  C:2C6FH         LINE#         993
  C:2C6FH         LINE#         994
  C:2CFEH         LINE#         995
  C:2D22H         LINE#         996
BL51 BANKED LINKER/LOCATER V6.22                                                      08/11/2018  09:36:43  PAGE 27


  C:2D3FH         LINE#         997
  C:2D49H         LINE#         998
  C:2D65H         LINE#         999
  C:2D6FH         LINE#         1000
  C:2D6FH         LINE#         1002
  C:2D9AH         LINE#         1003
  C:2DBEH         LINE#         1004
  C:2DD8H         LINE#         1005
  C:2DE1H         LINE#         1006
  C:2DE7H         LINE#         1007
  C:2DE8H         LINE#         1009
  C:2E31H         LINE#         1010
  C:2E7CH         LINE#         1011
  C:2E87H         LINE#         1012
  C:2EC2H         LINE#         1013
  C:2EE2H         LINE#         1014
  C:2EE3H         LINE#         1016
  C:2EE3H         LINE#         1019
  C:2EF0H         LINE#         1020
  C:2F0FH         LINE#         1021
  C:2F13H         LINE#         1022
  C:2F1FH         LINE#         1023
  C:2F34H         LINE#         1024
  C:2F54H         LINE#         1025
  C:2F87H         LINE#         1026
  C:2F89H         LINE#         1027
  C:2FA9H         LINE#         1028
  C:2FC1H         LINE#         1029
  C:2FE7H         LINE#         1030
  C:3041H         LINE#         1031
  C:3044H         LINE#         1032
  C:3064H         LINE#         1033
  C:3078H         LINE#         1034
  C:3098H         LINE#         1035
  C:30CBH         LINE#         1036
  C:30CDH         LINE#         1039
  C:312DH         LINE#         1042
  C:3164H         LINE#         1043
  C:3183H         LINE#         1044
  C:3183H         LINE#         1046
  C:31CAH         LINE#         1047
  C:31F1H         LINE#         1048
  C:3215H         LINE#         1051
  C:3229H         LINE#         1052
  C:324FH         LINE#         1053
  C:3273H         LINE#         1054
  C:328DH         LINE#         1055
  C:3290H         LINE#         1056
  C:32B6H         LINE#         1057
  C:32D6H         LINE#         1058
  C:3371H         LINE#         1059
  C:3371H         LINE#         1062
  C:3371H         LINE#         1064
  C:3374H         LINE#         1065
  C:3382H         LINE#         1066
  C:3382H         LINE#         1067
  C:3385H         LINE#         1068
BL51 BANKED LINKER/LOCATER V6.22                                                      08/11/2018  09:36:43  PAGE 28


  -------         ENDPROC       _DO_ACTION
  -------         PROC          _REPLACE_CHAR
  D:0001H         SYMBOL        str
  D:0005H         SYMBOL        ch1
  X:0467H         SYMBOL        ch2
  C:6D75H         LINE#         1070
  C:6D75H         LINE#         1071
  C:6D7AH         LINE#         1072
  C:6D7DH         LINE#         1073
  C:6D84H         LINE#         1074
  C:6D84H         LINE#         1075
  C:6D8BH         LINE#         1076
  C:6D8DH         LINE#         1078
  -------         ENDPROC       _REPLACE_CHAR
  -------         PROC          LOOP_VOL_WARNING
  -------         DO            
  X:0427H         SYMBOL        systick_ms_bak
  -------         ENDDO         
  C:641BH         LINE#         1081
  C:641BH         LINE#         1084
  C:6446H         LINE#         1085
  C:644FH         LINE#         1086
  C:645CH         LINE#         1087
  C:647EH         LINE#         1108
  -------         ENDPROC       LOOP_VOL_WARNING
  -------         PROC          HANDLE_SENSOR
  C:0092H         LINE#         1111
  C:0092H         LINE#         1217
  -------         ENDPROC       HANDLE_SENSOR
  -------         PROC          REWRITE_EEPROM
  C:6CD4H         LINE#         1220
  C:6CD4H         LINE#         1221
  C:6CDFH         LINE#         1222
  -------         ENDPROC       REWRITE_EEPROM
  -------         PROC          LOOP_BT_ONCE
  -------         DO            
  X:042BH         SYMBOL        first_change
  X:042CH         SYMBOL        step
  X:042DH         SYMBOL        systick_ms_bak
  -------         ENDDO         
  C:4718H         LINE#         1225
  C:4718H         LINE#         1228
  C:4721H         LINE#         1229
  C:4752H         LINE#         1230
  C:475BH         LINE#         1231
  C:4766H         LINE#         1232
  C:4769H         LINE#         1233
  C:476FH         LINE#         1234
  C:476FH         LINE#         1235
  C:47A4H         LINE#         1236
  C:47ADH         LINE#         1237
  C:47B8H         LINE#         1238
  C:47B8H         LINE#         1239
  C:47EDH         LINE#         1240
  C:47F6H         LINE#         1241
  C:47FFH         LINE#         1242
  C:47FFH         LINE#         1243
BL51 BANKED LINKER/LOCATER V6.22                                                      08/11/2018  09:36:43  PAGE 29


  C:4833H         LINE#         1244
  C:483CH         LINE#         1245
  C:4845H         LINE#         1246
  C:484BH         LINE#         1247
  C:487EH         LINE#         1248
  C:4887H         LINE#         1249
  C:4890H         LINE#         1250
  C:4896H         LINE#         1251
  C:489BH         LINE#         1252
  C:489BH         LINE#         1253
  C:489BH         LINE#         1254
  -------         ENDPROC       LOOP_BT_ONCE
  -------         PROC          SOFT_RESET
  C:6F26H         LINE#         1256
  C:6F26H         LINE#         1257
  C:6F29H         LINE#         1258
  -------         ENDPROC       SOFT_RESET
  -------         ENDMOD        Z_MAIN

  -------         MODULE        Z_ADC
  C:0000H         SYMBOL        _ICE_DUMMY_
  C:6DEBH         PUBLIC        _adc_init
  C:6C85H         PUBLIC        _adc_read
  D:00BCH         PUBLIC        ADC_CONTR
  D:00BDH         PUBLIC        ADC_RES
  D:00BEH         PUBLIC        ADC_LOW2
  D:009DH         PUBLIC        P1ASF
  -------         PROC          _ADC_INIT
  D:0007H         SYMBOL        ch
  C:6DEBH         LINE#         16
  C:6DEBH         LINE#         17
  C:6DF8H         LINE#         18
  C:6DFBH         LINE#         19
  C:6DFEH         LINE#         20
  C:6DFFH         LINE#         21
  -------         ENDPROC       _ADC_INIT
  -------         PROC          _ADC_READ
  D:0006H         SYMBOL        ch
  C:6C85H         LINE#         23
  C:6C87H         LINE#         24
  C:6C8AH         LINE#         25
  C:6C8FH         LINE#         26
  C:6C90H         LINE#         27
  C:6C91H         LINE#         28
  C:6C92H         LINE#         29
  C:6C93H         LINE#         30
  C:6C98H         LINE#         31
  C:6C9BH         LINE#         33
  C:6CACH         LINE#         36
  -------         ENDPROC       _ADC_READ
  -------         ENDMOD        Z_ADC

  -------         MODULE        Z_DELAY
  C:0000H         SYMBOL        _ICE_DUMMY_
  C:6ED1H         PUBLIC        _delay
  C:6E66H         PUBLIC        _udelay
  C:6D1DH         PUBLIC        _mdelay
BL51 BANKED LINKER/LOCATER V6.22                                                      08/11/2018  09:36:43  PAGE 30


  -------         PROC          _DELAY
  D:0006H         SYMBOL        t
  C:6ED1H         LINE#         3
  C:6ED1H         LINE#         5
  C:6EDBH         LINE#         7
  -------         ENDPROC       _DELAY
  -------         PROC          _UDELAY
  D:0006H         SYMBOL        t
  -------         DO            
  D:0005H         SYMBOL        i
  -------         ENDDO         
  C:6E66H         LINE#         9
  C:6E66H         LINE#         11
  C:6E70H         LINE#         12
  C:6E72H         LINE#         13
  C:6E78H         LINE#         15
  -------         ENDPROC       _UDELAY
  -------         PROC          _MDELAY
  D:0006H         SYMBOL        t
  -------         DO            
  D:0004H         SYMBOL        i
  D:0002H         SYMBOL        j
  -------         ENDDO         
  C:6D1DH         LINE#         17
  C:6D1DH         LINE#         19
  C:6D27H         LINE#         20
  C:6D35H         LINE#         21
  C:6D3CH         LINE#         22
  -------         ENDPROC       _MDELAY
  -------         ENDMOD        Z_DELAY

  -------         MODULE        Z_GLOBAL
  C:0000H         SYMBOL        _ICE_DUMMY_
  D:00D0H         PUBLIC        PSW
  D:0080H         PUBLIC        P0
  D:0090H         PUBLIC        P1
  D:00A0H         PUBLIC        P2
  D:00B0H         PUBLIC        P3
  D:00C0H         PUBLIC        P4
  D:00C8H         PUBLIC        P5
  D:00E8H         PUBLIC        P6
  D:00F8H         PUBLIC        P7
  D:00A8H         PUBLIC        IE
  D:00B8H         PUBLIC        IP
  D:0088H         PUBLIC        TCON
  D:0098H         PUBLIC        SCON
  D:00D8H         PUBLIC        CCON
  X:0000H         PUBLIC        duoji_doing
  X:0070H         PUBLIC        eeprom_info
  X:0130H         PUBLIC        uart_receive_buf
  X:0334H         PUBLIC        uart1_get_ok
  X:0335H         PUBLIC        uart1_mode
  X:0336H         PUBLIC        uart_receive_buf_index
  X:0337H         PUBLIC        cmd_return
  X:039BH         PUBLIC        timer1_flag_dj
  X:039CH         PUBLIC        duoji_index1
  X:039DH         PUBLIC        smart_mode
BL51 BANKED LINKER/LOCATER V6.22                                                      08/11/2018  09:36:43  PAGE 31


  X:039EH         PUBLIC        group_do_ok
  C:67B2H         PUBLIC        global_init
  C:51B7H         PUBLIC        _str_contain_str
  C:6E2AH         PUBLIC        _abs_int
  C:4CD2H         PUBLIC        _selection_sort
  -------         PROC          GLOBAL_INIT
  -------         DO            
  D:0003H         SYMBOL        i
  -------         ENDDO         
  C:67B2H         LINE#         15
  C:67B2H         LINE#         18
  C:67B4H         LINE#         19
  C:67C9H         LINE#         20
  C:67DEH         LINE#         21
  C:67F3H         LINE#         22
  C:67F8H         LINE#         24
  C:67FDH         LINE#         25
  C:67FFH         LINE#         26
  C:6801H         LINE#         28
  -------         ENDPROC       GLOBAL_INIT
  -------         PROC          _STR_CONTAIN_STR
  X:046EH         SYMBOL        str
  X:0471H         SYMBOL        str2
  -------         DO            
  X:0474H         SYMBOL        str_temp
  X:0477H         SYMBOL        str_temp2
  -------         ENDDO         
  C:51B7H         LINE#         30
  C:51C2H         LINE#         32
  C:51CDH         LINE#         33
  C:51E2H         LINE#         34
  C:51F6H         LINE#         35
  C:520AH         LINE#         36
  C:521AH         LINE#         37
  C:5242H         LINE#         38
  C:527DH         LINE#         39
  C:5292H         LINE#         40
  C:5292H         LINE#         41
  C:5292H         LINE#         42
  C:5292H         LINE#         43
  C:52A5H         LINE#         44
  C:52BFH         LINE#         45
  C:52BFH         LINE#         47
  C:52BFH         LINE#         48
  C:52C9H         LINE#         49
  C:52C9H         LINE#         50
  C:52CCH         LINE#         51
  C:52CFH         LINE#         52
  -------         ENDPROC       _STR_CONTAIN_STR
  -------         PROC          _SELECTION_SORT
  D:0001H         SYMBOL        a
  X:0463H         SYMBOL        len
  -------         DO            
  X:0465H         SYMBOL        i
  X:0467H         SYMBOL        j
  X:0469H         SYMBOL        mi
  X:046BH         SYMBOL        t
BL51 BANKED LINKER/LOCATER V6.22                                                      08/11/2018  09:36:43  PAGE 32


  -------         ENDDO         
  C:4CD2H         LINE#         54
  C:4CDAH         LINE#         56
  C:4D03H         LINE#         57
  C:4D10H         LINE#         58
  C:4D38H         LINE#         59
  C:4D68H         LINE#         60
  C:4D75H         LINE#         61
  C:4D75H         LINE#         62
  C:4D85H         LINE#         64
  C:4D9CH         LINE#         65
  C:4DB3H         LINE#         66
  C:4DDEH         LINE#         67
  C:4DFCH         LINE#         68
  C:4DFCH         LINE#         69
  C:4E10H         LINE#         70
  -------         ENDPROC       _SELECTION_SORT
  -------         PROC          _ABS_INT
  D:0006H         SYMBOL        int1
  C:6E2AH         LINE#         73
  C:6E2AH         LINE#         74
  C:6E36H         LINE#         75
  C:6E3DH         LINE#         76
  -------         ENDPROC       _ABS_INT
  -------         ENDMOD        Z_GLOBAL

  -------         MODULE        Z_GPIO
  C:0000H         SYMBOL        _ICE_DUMMY_
  D:00D0H         PUBLIC        PSW
  D:0080H         PUBLIC        P0
  D:0090H         PUBLIC        P1
  D:00A0H         PUBLIC        P2
  D:00B0H         PUBLIC        P3
  D:00C0H         PUBLIC        P4
  D:00C8H         PUBLIC        P5
  D:00E8H         PUBLIC        P6
  D:00F8H         PUBLIC        P7
  D:0094H         PUBLIC        P0M0
  D:0093H         PUBLIC        P0M1
  D:0092H         PUBLIC        P1M0
  D:0091H         PUBLIC        P1M1
  D:0096H         PUBLIC        P2M0
  D:0095H         PUBLIC        P2M1
  D:00B2H         PUBLIC        P3M0
  D:00B1H         PUBLIC        P3M1
  D:00B4H         PUBLIC        P4M0
[...]
  C:4EB3H         LINE#         271
  C:4EBBH         LINE#         272
  C:4EC0H         LINE#         274
  C:4ECEH         LINE#         275
  C:4ECEH         LINE#         276
  C:4ECEH         LINE#         277
  C:4ECEH         LINE#         278
  C:4EDBH         LINE#         279
  C:4EE9H         LINE#         280
  C:4EE9H         LINE#         281
  C:4EE9H         LINE#         282
  C:4EF9H         LINE#         283
  C:4F07H         LINE#         284
  C:4F07H         LINE#         285
  C:4F07H         LINE#         286
  C:4F17H         LINE#         287
  C:4F29H         LINE#         288
  C:4F2EH         LINE#         289
  C:4F35H         LINE#         290
  C:4F35H         LINE#         292
  C:4F42H         LINE#         294
  C:4F42H         LINE#         300
  -------         ENDPROC       UART2_INT
  -------         PROC          UART4
  -------         DO            
  X:04A9H         SYMBOL        buf_index
  X:04ABH         SYMBOL        sbuf_bak
  -------         ENDDO         
  C:4F4DH         LINE#         305
  C:4F5AH         LINE#         308
  C:4F62H         LINE#         309
  C:4F65H         LINE#         310
  C:4F6BH         LINE#         314
  C:4F74H         LINE#         316
  C:4F7BH         LINE#         317
  C:4F81H         LINE#         318
  C:4F88H         LINE#         319
  C:4F91H         LINE#         320
  C:4F99H         LINE#         321
  C:4FA1H         LINE#         322
  C:4FA7H         LINE#         323
  C:4FADH         LINE#         324
  C:4FB3H         LINE#         325
  C:4FB9H         LINE#         326
  C:4FBFH         LINE#         327
  C:4FC5H         LINE#         328
  C:4FCBH         LINE#         329
  C:4FCBH         LINE#         330
  C:4FD2H         LINE#         331
  C:4FD2H         LINE#         333
  C:4FEFH         LINE#         335
  C:4FF7H         LINE#         337
  C:4FFCH         LINE#         339
  C:500AH         LINE#         340
  C:500AH         LINE#         341
  C:500AH         LINE#         342
BL51 BANKED LINKER/LOCATER V6.22                                                      08/11/2018  09:36:43  PAGE 54


  C:500AH         LINE#         343
  C:5017H         LINE#         344
  C:5025H         LINE#         345
  C:5025H         LINE#         346
  C:5025H         LINE#         347
  C:5035H         LINE#         348
  C:5043H         LINE#         349
  C:5043H         LINE#         350
  C:5043H         LINE#         351
  C:5053H         LINE#         352
  C:5065H         LINE#         353
  C:506AH         LINE#         354
  C:5071H         LINE#         355
  C:5071H         LINE#         357
  C:507EH         LINE#         358
  C:507EH         LINE#         364
  -------         ENDPROC       UART4
  -------         ENDMOD        Z_UART

  -------         MODULE        Z_W25Q64
  C:0000H         SYMBOL        _ICE_DUMMY_
  D:00D0H         PUBLIC        PSW
  D:0080H         PUBLIC        P0
  D:0090H         PUBLIC        P1
  D:00A0H         PUBLIC        P2
  D:00B0H         PUBLIC        P3
  D:00C0H         PUBLIC        P4
  D:00C8H         PUBLIC        P5
  D:00E8H         PUBLIC        P6
  D:00F8H         PUBLIC        P7
  D:0092H         PUBLIC        P1M0
  D:0091H         PUBLIC        P1M1
  D:00B4H         PUBLIC        P4M0
  D:00B3H         PUBLIC        P4M1
  D:00A8H         PUBLIC        IE
  D:00B8H         PUBLIC        IP
  D:0088H         PUBLIC        TCON
  D:0098H         PUBLIC        SCON
  D:00CDH         PUBLIC        SPSTAT
  D:00CEH         PUBLIC        SPCTL
  D:00CFH         PUBLIC        SPDAT
  D:00D8H         PUBLIC        CCON
  C:6E79H         PUBLIC        SpiMasterInit
  C:6D4EH         PUBLIC        _SpiWriteRead
  B:00C0H.0       PUBLIC        P4_0
  C:6EFBH         PUBLIC        SpiFlashInit
  C:6C5BH         PUBLIC        SpiFlashReadID
  C:6EB6H         PUBLIC        SpiFlashReadSR
  C:6EE7H         PUBLIC        SpiFlashWriteEnable
  C:55BEH         PUBLIC        _SpiFlashWriteNoCheck
  C:647FH         PUBLIC        _SpiFlashRead
  C:6B7DH         PUBLIC        _SpiFlashWrite
  C:634CH         PUBLIC        _SpiFlashEraseSector
  C:6F04H         PUBLIC        SpiFlashWaitBusy
  C:61DDH         PUBLIC        _SpiFlashWritePage
  -------         PROC          SPIMASTERINIT
  C:6E79H         LINE#         27
BL51 BANKED LINKER/LOCATER V6.22                                                      08/11/2018  09:36:43  PAGE 55


  C:6E79H         LINE#         28
  C:6E79H         LINE#         42
  C:6E7CH         LINE#         43
  C:6E7FH         LINE#         44
  C:6E82H         LINE#         45
  C:6E85H         LINE#         50
  C:6E88H         LINE#         54
  -------         ENDPROC       SPIMASTERINIT
  -------         PROC          L?0033
  -------         ENDPROC       L?0033
  -------         PROC          _SPIWRITEREAD
  D:0007H         SYMBOL        d
  C:6D4EH         LINE#         103
  C:6D4EH         LINE#         104
  C:6D4EH         LINE#         105
  C:6D50H         LINE#         106
  C:6D55H         LINE#         107
  C:6D58H         LINE#         108
  C:6D5AH         LINE#         109
  -------         ENDPROC       _SPIWRITEREAD
  -------         PROC          SPIFLASHINIT
  C:6EFBH         LINE#         144
  C:6EFBH         LINE#         145
  C:6EFBH         LINE#         147
  C:6EFEH         LINE#         148
  C:6F01H         LINE#         150
  -------         ENDPROC       SPIFLASHINIT
  -------         PROC          SPIFLASHREADSR
  -------         DO            
  D:0007H         SYMBOL        rt
  -------         ENDDO         
  C:6EB6H         LINE#         165
  C:6EB6H         LINE#         166
  C:6EB6H         LINE#         167
  C:6EB6H         LINE#         168
  C:6EB8H         LINE#         169
  C:6EBDH         LINE#         170
  C:6EC2H         LINE#         171
  C:6EC4H         LINE#         172
  C:6EC4H         LINE#         173
  -------         ENDPROC       SPIFLASHREADSR
  -------         PROC          SPIFLASHWRITEENABLE
  C:6EE7H         LINE#         195
  C:6EE7H         LINE#         196
  C:6EE7H         LINE#         197
  C:6EE9H         LINE#         198
  C:6EEEH         LINE#         199
  C:6EF0H         LINE#         200
  -------         ENDPROC       SPIFLASHWRITEENABLE
  -------         PROC          SPIFLASHREADID
  -------         DO            
  D:0004H         SYMBOL        Temp
  -------         ENDDO         
  C:6C5BH         LINE#         224
  C:6C5BH         LINE#         225
  C:6C5BH         LINE#         226
  C:6C5EH         LINE#         227
BL51 BANKED LINKER/LOCATER V6.22                                                      08/11/2018  09:36:43  PAGE 56


  C:6C60H         LINE#         228
  C:6C65H         LINE#         229
  C:6C6AH         LINE#         230
  C:6C6FH         LINE#         231
  C:6C74H         LINE#         232
  C:6C7BH         LINE#         233
  C:6C80H         LINE#         234
  C:6C82H         LINE#         235
  C:6C84H         LINE#         236
  -------         ENDPROC       SPIFLASHREADID
  -------         PROC          _SPIFLASHREAD
  X:0472H         SYMBOL        pBuffer
  X:0475H         SYMBOL        ReadAddr
  X:0479H         SYMBOL        NumByteToRead
  -------         DO            
  D:0004H         SYMBOL        i
  -------         ENDDO         
  C:647FH         LINE#         245
  C:648EH         LINE#         246
  C:648EH         LINE#         248
  C:6490H         LINE#         249
  C:6495H         LINE#         250
  C:649AH         LINE#         251
  C:649FH         LINE#         252
  C:64B0H         LINE#         254
  C:64C0H         LINE#         255
  C:64C0H         LINE#         256
  C:64D8H         LINE#         257
  C:64DFH         LINE#         259
  C:64E1H         LINE#         260
  -------         ENDPROC       _SPIFLASHREAD
  -------         PROC          _SPIFLASHWRITEPAGE
  X:046EH         SYMBOL        pBuffer
  X:0471H         SYMBOL        WriteAddr
  X:0475H         SYMBOL        NumByteToWrite
  -------         DO            
  D:0004H         SYMBOL        i
  -------         ENDDO         
  C:61DDH         LINE#         269
  C:61ECH         LINE#         270
  C:61ECH         LINE#         273
  C:61EFH         LINE#         274
  C:61F1H         LINE#         276
  C:61F6H         LINE#         277
  C:620CH         LINE#         278
  C:6222H         LINE#         279
  C:622DH         LINE#         281
  C:625AH         LINE#         283
  C:625CH         LINE#         284
  -------         ENDPROC       _SPIFLASHWRITEPAGE
  -------         PROC          _SPIFLASHWRITENOCHECK
  X:0463H         SYMBOL        pBuffer
  X:0466H         SYMBOL        WriteAddr
  X:046AH         SYMBOL        NumByteToWrite
  -------         DO            
  X:046CH         SYMBOL        pageremain
  -------         ENDDO         
BL51 BANKED LINKER/LOCATER V6.22                                                      08/11/2018  09:36:43  PAGE 57


  C:55BEH         LINE#         298
  C:55CDH         LINE#         299
  C:55CDH         LINE#         301
  C:55E5H         LINE#         302
  C:55F9H         LINE#         304
  C:55F9H         LINE#         305
  C:55F9H         LINE#         306
  C:5624H         LINE#         307
  C:5639H         LINE#         309
  C:5639H         LINE#         310
  C:564AH         LINE#         311
  C:566DH         LINE#         313
  C:5686H         LINE#         314
  C:5698H         LINE#         315
  C:56A5H         LINE#         316
  C:56A5H         LINE#         317
  -------         ENDPROC       _SPIFLASHWRITENOCHECK
  -------         PROC          _SPIFLASHWRITE
  D:0001H         SYMBOL        pBuffer
  X:04B5H         SYMBOL        WriteAddr
  X:04B9H         SYMBOL        NumByteToWrite
  -------         DO            
  X:04BBH         SYMBOL        secpos
  -------         ENDDO         
  C:6B7DH         LINE#         329
  C:6B83H         LINE#         330
  C:6B83H         LINE#         331
  C:6B8DH         LINE#         334
  -------         ENDPROC       _SPIFLASHWRITE
  -------         PROC          _SPIFLASHERASESECTOR
  X:0472H         SYMBOL        Dst_Addr
  C:634CH         LINE#         357
  C:6352H         LINE#         358
  C:6352H         LINE#         360
  C:636BH         LINE#         361
  C:636EH         LINE#         362
  C:6371H         LINE#         363
  C:6373H         LINE#         364
  C:6378H         LINE#         365
  C:638EH         LINE#         366
  C:63A4H         LINE#         367
  C:63AFH         LINE#         368
  C:63B1H         LINE#         369
  -------         ENDPROC       _SPIFLASHERASESECTOR
  -------         PROC          SPIFLASHWAITBUSY
  C:6F04H         LINE#         377
  C:6F04H         LINE#         378
  C:6F04H         LINE#         379
  C:6F0BH         LINE#         380
  -------         ENDPROC       SPIFLASHWAITBUSY
  -------         ENDMOD        Z_W25Q64

  -------         MODULE        ?C?FPADD
  C:1529H         PUBLIC        ?C?FPADD
  C:1525H         PUBLIC        ?C?FPSUB
  -------         ENDMOD        ?C?FPADD

BL51 BANKED LINKER/LOCATER V6.22                                                      08/11/2018  09:36:43  PAGE 58


  -------         MODULE        ?C?FPMUL
  C:161AH         PUBLIC        ?C?FPMUL
  -------         ENDMOD        ?C?FPMUL

  -------         MODULE        ?C?FPDIV
  C:1723H         PUBLIC        ?C?FPDIV
  -------         ENDMOD        ?C?FPDIV

  -------         MODULE        ?C?FPCMP
  C:17C2H         PUBLIC        ?C?FPCMP
  C:17C0H         PUBLIC        ?C?FPCMP3
  -------         ENDMOD        ?C?FPCMP

  -------         MODULE        ?C?FPNEG
  C:1839H         PUBLIC        ?C?FPNEG
  -------         ENDMOD        ?C?FPNEG

  -------         MODULE        ?C?FCAST
  C:1854H         PUBLIC        ?C?FCASTC
  C:184FH         PUBLIC        ?C?FCASTI
  C:184AH         PUBLIC        ?C?FCASTL
  -------         ENDMOD        ?C?FCAST

  -------         MODULE        ?C?CASTF
  C:1888H         PUBLIC        ?C?CASTF
  -------         ENDMOD        ?C?CASTF

  -------         MODULE        PRINTF
  X:0472H         PUBLIC        ?_PRINTF?BYTE
  X:0472H         PUBLIC        ?_SPRINTF?BYTE
  C:33F1H         PUBLIC        _PRINTF
  C:33EBH         PUBLIC        _SPRINTF
  -------         ENDMOD        PRINTF

  -------         MODULE        SCANF
  X:046EH         PUBLIC        ?_SCANF?BYTE
  X:046EH         PUBLIC        ?_SSCANF?BYTE
  C:3896H         PUBLIC        _SCANF
  C:3892H         PUBLIC        _SSCANF
  -------         ENDMOD        SCANF

  -------         MODULE        ?C?FPROUND
  C:1909H         PUBLIC        ?C?FPROUND
  -------         ENDMOD        ?C?FPROUND

  -------         MODULE        ?C?FPCONVERT
  C:1946H         PUBLIC        ?C?FPCONVERT
  -------         ENDMOD        ?C?FPCONVERT

  -------         MODULE        ?C?FTNPWR
  C:1A7BH         PUBLIC        ?C?FTNPWR
  -------         ENDMOD        ?C?FTNPWR

  -------         MODULE        ?C?COPY
  C:1B8BH         PUBLIC        ?C?COPY
  -------         ENDMOD        ?C?COPY

BL51 BANKED LINKER/LOCATER V6.22                                                      08/11/2018  09:36:43  PAGE 59


  -------         MODULE        ?C?CLDPTR
  C:1BB1H         PUBLIC        ?C?CLDPTR
  -------         ENDMOD        ?C?CLDPTR

  -------         MODULE        ?C?CLDOPTR
  C:1BCAH         PUBLIC        ?C?CLDOPTR
  -------         ENDMOD        ?C?CLDOPTR

  -------         MODULE        ?C?CSTPTR
  C:1BF7H         PUBLIC        ?C?CSTPTR
  -------         ENDMOD        ?C?CSTPTR

  -------         MODULE        ?C?CSTOPTR
  C:1C09H         PUBLIC        ?C?CSTOPTR
  -------         ENDMOD        ?C?CSTOPTR

  -------         MODULE        ?C?IMUL
  C:1C2BH         PUBLIC        ?C?IMUL
  -------         ENDMOD        ?C?IMUL

  -------         MODULE        ?C?SIDIV
  C:1C3DH         PUBLIC        ?C?SIDIV
  -------         ENDMOD        ?C?SIDIV

  -------         MODULE        ?C?IILDX
  C:1C73H         PUBLIC        ?C?IILDX
  -------         ENDMOD        ?C?IILDX

  -------         MODULE        ?C?ILDIX
  C:1C89H         PUBLIC        ?C?ILDIX
  -------         ENDMOD        ?C?ILDIX

  -------         MODULE        ?C?ILDPTR
  C:1C9FH         PUBLIC        ?C?ILDPTR
  -------         ENDMOD        ?C?ILDPTR

  -------         MODULE        ?C?ILDOPTR
  C:1CCAH         PUBLIC        ?C?ILDOPTR
  -------         ENDMOD        ?C?ILDOPTR

  -------         MODULE        ?C?ISTPTR
  C:1D02H         PUBLIC        ?C?ISTPTR
  -------         ENDMOD        ?C?ISTPTR

  -------         MODULE        ?C?ISTOPTR
  C:1D21H         PUBLIC        ?C?ISTOPTR
  -------         ENDMOD        ?C?ISTOPTR

  -------         MODULE        ?C?ULDIV
  C:1D8AH         PUBLIC        ?C?ULDIV
  -------         ENDMOD        ?C?ULDIV

  -------         MODULE        ?C?LNEG
  C:1E1CH         PUBLIC        ?C?LNEG
  -------         ENDMOD        ?C?LNEG

  -------         MODULE        ?C?ULCMP
BL51 BANKED LINKER/LOCATER V6.22                                                      08/11/2018  09:36:43  PAGE 60


  C:1E2AH         PUBLIC        ?C?ULCMP
  -------         ENDMOD        ?C?ULCMP

  -------         MODULE        ?C?ULSHR
  C:1E3BH         PUBLIC        ?C?ULSHR
  -------         ENDMOD        ?C?ULSHR

  -------         MODULE        ?C?LSHL
  C:1E4EH         PUBLIC        ?C?LSHL
  -------         ENDMOD        ?C?LSHL

  -------         MODULE        ?C?LSTPTR
  C:1E61H         PUBLIC        ?C?LSTPTR
  -------         ENDMOD        ?C?LSTPTR

  -------         MODULE        ?C?LSTXDATA
  C:1E7BH         PUBLIC        ?C?LSTXDATA
  -------         ENDMOD        ?C?LSTXDATA

  -------         MODULE        ?C?LSTKXDATA
  C:1E87H         PUBLIC        ?C?LSTKXDATA
  -------         ENDMOD        ?C?LSTKXDATA

  -------         MODULE        ?C?OFFXADD
  C:1EB8H         PUBLIC        ?C?OFFXADD
  -------         ENDMOD        ?C?OFFXADD

  -------         MODULE        ?C?PLDXDATA
  C:1EC4H         PUBLIC        ?C?PLDXDATA
  -------         ENDMOD        ?C?PLDXDATA

  -------         MODULE        ?C?PLDIXDATA
  C:1ECDH         PUBLIC        ?C?PLDIXDATA
  -------         ENDMOD        ?C?PLDIXDATA

  -------         MODULE        ?C?PILDXDATA
  C:1EE4H         PUBLIC        ?C?PILDXDATA
  -------         ENDMOD        ?C?PILDXDATA

  -------         MODULE        ?C?PSTXDATA
  C:1EFBH         PUBLIC        ?C?PSTXDATA
  -------         ENDMOD        ?C?PSTXDATA

  -------         MODULE        ?C?CCASE
  C:1F04H         PUBLIC        ?C?CCASE
  -------         ENDMOD        ?C?CCASE

  -------         MODULE        PUTCHAR
  C:6CADH         PUBLIC        _PUTCHAR
  -------         ENDMOD        PUTCHAR

  -------         MODULE        GETCHAR
  B:0021H.3       PUBLIC        ?C?CHARLOADED
  X:04C4H         PUBLIC        ?_UNGETCHAR?BYTE
  C:6E3EH         PUBLIC        GETCHAR
  -------         ENDMOD        GETCHAR

BL51 BANKED LINKER/LOCATER V6.22                                                      08/11/2018  09:36:43  PAGE 61


  -------         MODULE        UNGETC
  C:6F0CH         PUBLIC        _UNGETCHAR
  -------         ENDMOD        UNGETC

  -------         MODULE        ISSPACE
  C:6E52H         PUBLIC        _isspace
  -------         ENDMOD        ISSPACE

  -------         MODULE        ?C?STRCPY
  C:1FF6H         PUBLIC        ?C?STRCPY
  -------         ENDMOD        ?C?STRCPY

  -------         MODULE        STRLEN
  C:6E15H         PUBLIC        _STRLEN
  -------         ENDMOD        STRLEN

  -------         MODULE        ?C?MEMSET
  C:2013H         PUBLIC        ?C?MEMSET
  -------         ENDMOD        ?C?MEMSET

  -------         MODULE        ?C?UIDIV
  C:203FH         PUBLIC        ?C?UIDIV
  -------         ENDMOD        ?C?UIDIV

  -------         MODULE        ?C?LSTIDATA
  C:2094H         PUBLIC        ?C?LSTIDATA
  -------         ENDMOD        ?C?LSTIDATA

  -------         MODULE        ?C?LSTPDATA
  C:20A0H         PUBLIC        ?C?LSTPDATA
  -------         ENDMOD        ?C?LSTPDATA

  -------         MODULE        _GETKEY
  C:6EF1H         PUBLIC        _GETKEY
  -------         ENDMOD        _GETKEY

*** WARNING L16: UNCALLED SEGMENT, IGNORED FOR OVERLAY PROCESS
    SEGMENT: ?PR?HANDLE_UART?Z_MAIN

*** WARNING L16: UNCALLED SEGMENT, IGNORED FOR OVERLAY PROCESS
    SEGMENT: ?PR?LOOP_VOL_WARNING?Z_MAIN

*** WARNING L16: UNCALLED SEGMENT, IGNORED FOR OVERLAY PROCESS
    SEGMENT: ?PR?HANDLE_SENSOR?Z_MAIN

*** WARNING L16: UNCALLED SEGMENT, IGNORED FOR OVERLAY PROCESS
    SEGMENT: ?PR?_UDELAY?Z_DELAY

*** WARNING L16: UNCALLED SEGMENT, IGNORED FOR OVERLAY PROCESS
    SEGMENT: ?PR?_ABS_INT?Z_GLOBAL

*** WARNING L16: UNCALLED SEGMENT, IGNORED FOR OVERLAY PROCESS
    SEGMENT: ?PR?UART1_CLOSE?Z_UART

*** WARNING L16: UNCALLED SEGMENT, IGNORED FOR OVERLAY PROCESS
    SEGMENT: ?PR?UART2_CLOSE?Z_UART

BL51 BANKED LINKER/LOCATER V6.22                                                      08/11/2018  09:36:43  PAGE 62


*** WARNING L16: UNCALLED SEGMENT, IGNORED FOR OVERLAY PROCESS
    SEGMENT: ?PR?UART4_CLOSE?Z_UART

*** WARNING L16: UNCALLED SEGMENT, IGNORED FOR OVERLAY PROCESS
    SEGMENT: ?PR?_SPIFLASHWRITE?Z_W25Q64

Program Size: data=29.4 xdata=1221 code=28506
LINK/LOCATE RUN COMPLETE.  9 WARNING(S),  0 ERROR(S)
