BL51 BANKED LINKER/LOCATER V6.22                                                        09/15/2018  16:48:44  PAGE 1


BL51 BANKED LINKER/LOCATER V6.22, INVOKED BY:
D:\KEIL_V5\C51\BIN\BL51.EXE .\obj\z_main.obj, .\obj\z_adc.obj, .\obj\z_delay.obj, .\obj\z_global.obj, .\obj\z_gpio.obj, 
>> .\obj\z_ps2.obj, .\obj\z_pwm.obj, .\obj\z_sensor.obj, .\obj\z_timer.obj, .\obj\z_uart.obj, .\obj\z_w25q64.obj TO .\ob
>> j\51_duoji20180828 PRINT (.\lst\51_duoji20180828.m51)


MEMORY MODEL: LARGE WITH FLOATING POINT ARITHMETIC


INPUT MODULES INCLUDED:
  .\obj\z_main.obj (Z_MAIN)
  .\obj\z_adc.obj (Z_ADC)
  .\obj\z_delay.obj (Z_DELAY)
  .\obj\z_global.obj (Z_GLOBAL)
  .\obj\z_gpio.obj (Z_GPIO)
  .\obj\z_ps2.obj (Z_PS2)
  .\obj\z_pwm.obj (Z_PWM)
  .\obj\z_sensor.obj (Z_SENSOR)
  .\obj\z_timer.obj (Z_TIMER)
  .\obj\z_uart.obj (Z_UART)
  .\obj\z_w25q64.obj (Z_W25Q64)
  D:\KEIL_V5\C51\LIB\C51FPL.LIB (?C?FPADD)
  D:\KEIL_V5\C51\LIB\C51FPL.LIB (?C?FPMUL)
  D:\KEIL_V5\C51\LIB\C51FPL.LIB (?C?FPDIV)
  D:\KEIL_V5\C51\LIB\C51FPL.LIB (?C?FPCMP)
  D:\KEIL_V5\C51\LIB\C51FPL.LIB (?C?FPNEG)
  D:\KEIL_V5\C51\LIB\C51FPL.LIB (?C?FCAST)
  D:\KEIL_V5\C51\LIB\C51FPL.LIB (?C?CASTF)
  D:\KEIL_V5\C51\LIB\C51FPL.LIB (PRINTF)
  D:\KEIL_V5\C51\LIB\C51FPL.LIB (SCANF)
  D:\KEIL_V5\C51\LIB\C51FPL.LIB (?C?FPGETOPN)
  D:\KEIL_V5\C51\LIB\C51FPL.LIB (?C?FPROUND)
  D:\KEIL_V5\C51\LIB\C51FPL.LIB (?C?FPCONVERT)
  D:\KEIL_V5\C51\LIB\C51FPL.LIB (?C?ATOF)
  D:\KEIL_V5\C51\LIB\C51FPL.LIB (?C?FTNPWR)
  D:\KEIL_V5\C51\LIB\C51L.LIB (?C_STARTUP)
  D:\KEIL_V5\C51\LIB\C51L.LIB (?C?COPY)
  D:\KEIL_V5\C51\LIB\C51L.LIB (?C?CLDPTR)
  D:\KEIL_V5\C51\LIB\C51L.LIB (?C?CLDOPTR)
  D:\KEIL_V5\C51\LIB\C51L.LIB (?C?CSTPTR)
  D:\KEIL_V5\C51\LIB\C51L.LIB (?C?CSTOPTR)
  D:\KEIL_V5\C51\LIB\C51L.LIB (?C?IMUL)
  D:\KEIL_V5\C51\LIB\C51L.LIB (?C?SIDIV)
  D:\KEIL_V5\C51\LIB\C51L.LIB (?C?IILDX)
  D:\KEIL_V5\C51\LIB\C51L.LIB (?C?ILDIX)
  D:\KEIL_V5\C51\LIB\C51L.LIB (?C?ILDPTR)
  D:\KEIL_V5\C51\LIB\C51L.LIB (?C?ILDOPTR)
  D:\KEIL_V5\C51\LIB\C51L.LIB (?C?ISTPTR)
  D:\KEIL_V5\C51\LIB\C51L.LIB (?C?ISTOPTR)
  D:\KEIL_V5\C51\LIB\C51L.LIB (?C?LMUL)
  D:\KEIL_V5\C51\LIB\C51L.LIB (?C?ULDIV)
  D:\KEIL_V5\C51\LIB\C51L.LIB (?C?LNEG)
  D:\KEIL_V5\C51\LIB\C51L.LIB (?C?ULCMP)
  D:\KEIL_V5\C51\LIB\C51L.LIB (?C?ULSHR)
  D:\KEIL_V5\C51\LIB\C51L.LIB (?C?LSHL)
  D:\KEIL_V5\C51\LIB\C51L.LIB (?C?LSTPTR)
  D:\KEIL_V5\C51\LIB\C51L.LIB (?C?LSTXDATA)
  D:\KEIL_V5\C51\LIB\C51L.LIB (?C?LSTKXDATA)
BL51 BANKED LINKER/LOCATER V6.22                                                      09/15/2018  16:48:44  PAGE 2


  D:\KEIL_V5\C51\LIB\C51L.LIB (?C?OFFXADD)
  D:\KEIL_V5\C51\LIB\C51L.LIB (?C?PLDXDATA)
  D:\KEIL_V5\C51\LIB\C51L.LIB (?C?PLDIXDATA)
  D:\KEIL_V5\C51\LIB\C51L.LIB (?C?PILDXDATA)
  D:\KEIL_V5\C51\LIB\C51L.LIB (?C?PSTXDATA)
  D:\KEIL_V5\C51\LIB\C51L.LIB (?C?CCASE)
  D:\KEIL_V5\C51\LIB\C51L.LIB (PUTCHAR)
  D:\KEIL_V5\C51\LIB\C51L.LIB (GETCHAR)
  D:\KEIL_V5\C51\LIB\C51L.LIB (UNGETC)
  D:\KEIL_V5\C51\LIB\C51L.LIB (ISSPACE)
  D:\KEIL_V5\C51\LIB\C51L.LIB (?C?STRCPY)
  D:\KEIL_V5\C51\LIB\C51L.LIB (STRLEN)
  D:\KEIL_V5\C51\LIB\C51L.LIB (?C?MEMSET)
  D:\KEIL_V5\C51\LIB\C51L.LIB (?C_INIT)
  D:\KEIL_V5\C51\LIB\C51L.LIB (?C?UIDIV)
  D:\KEIL_V5\C51\LIB\C51L.LIB (?C?LSTIDATA)
  D:\KEIL_V5\C51\LIB\C51L.LIB (?C?LSTPDATA)
  D:\KEIL_V5\C51\LIB\C51L.LIB (_GETKEY)


LINK MAP OF MODULE:  .\obj\51_duoji20180828 (Z_MAIN)


            TYPE    BASE      LENGTH    RELOCATION   SEGMENT NAME
            -----------------------------------------------------

            * * * * * * *   D A T A   M E M O R Y   * * * * * * *
            REG     0000H     0008H     ABSOLUTE     "REG BANK 0"
            REG     0008H     0008H     ABSOLUTE     "REG BANK 1"
            DATA    0010H     000BH     UNIT         _DATA_GROUP_
                    001BH     0005H                  *** GAP ***
            BIT     0020H.0   0001H.3   UNIT         _BIT_GROUP_
            BIT     0021H.3   0000H.1   UNIT         ?BI?GETCHAR
                    0021H.4   0000H.4                *** GAP ***
            IDATA   0022H     0001H     UNIT         ?STACK

            * * * * * * *  X D A T A   M E M O R Y  * * * * * * *
            XDATA   0000H     03A1H     UNIT         ?XD?Z_GLOBAL
            XDATA   03A1H     006CH     UNIT         ?XD?Z_SENSOR
            XDATA   040DH     0051H     UNIT         ?XD?Z_MAIN
            XDATA   045EH     0046H     UNIT         _XDATA_GROUP_
            XDATA   04A4H     0010H     UNIT         ?XD?Z_UART
            XDATA   04B4H     000DH     UNIT         ?XD?_SPIFLASHWRITE?Z_W25Q64
            XDATA   04C1H     0005H     UNIT         ?XD?Z_TIMER
            XDATA   04C6H     0001H     UNIT         ?XD?GETCHAR

            * * * * * * *   C O D E   M E M O R Y   * * * * * * *
            CODE    0000H     0003H     ABSOLUTE     
            CODE    0003H     0008H     UNIT         ?PR?_UART1_SEND_BYTE?Z_UART
            CODE    000BH     0003H     ABSOLUTE     
            CODE    000EH     000DH     UNIT         ?PR?DJ_IO_INIT?Z_GPIO
            CODE    001BH     0003H     ABSOLUTE     
            CODE    001EH     0005H     UNIT         ?PR?SETUP_VOL?Z_MAIN
            CODE    0023H     0003H     ABSOLUTE     
            CODE    0026H     001DH     UNIT         ?PR?IO_INIT?Z_GPIO
            CODE    0043H     0003H     ABSOLUTE     
            CODE    0046H     004BH     UNIT         ?PR?LOOP_SAVE_SOMETHING?Z_MAIN
BL51 BANKED LINKER/LOCATER V6.22                                                      09/15/2018  16:48:44  PAGE 3


            CODE    0091H     0001H     UNIT         ?PR?HANDLE_UART?Z_MAIN
            CODE    0092H     0001H     UNIT         ?PR?HANDLE_SENSOR?Z_MAIN
            CODE    0093H     0003H     ABSOLUTE     
            CODE    0096H     0004H     UNIT         ?PR?SOFT_RESET?Z_MAIN
            CODE    009AH     0001H     UNIT         ?PR?SETUP_XUNJI?Z_SENSOR
            CODE    009BH     0003H     ABSOLUTE     
            CODE    009EH     148AH     UNIT         ?CO?Z_MAIN
            CODE    1528H     0BD9H     UNIT         ?C?LIB_CODE
            CODE    2101H     0A5EH     UNIT         ?PR?_PARSE_CMD?Z_MAIN
            CODE    2B5FH     087CH     UNIT         ?PR?_DO_ACTION?Z_MAIN
            CODE    33DBH     0483H     UNIT         ?PR?PRINTF?PRINTF
            CODE    385EH     035AH     UNIT         ?PR?SCANF?SCANF
            CODE    3BB8H     0332H     UNIT         ?PR?_PARSE_PSX_BUF?Z_MAIN
            CODE    3EEAH     02BFH     UNIT         ?PR?SMART_YSSBJIAQU?Z_SENSOR
            CODE    41A9H     024FH     UNIT         ?PR?SMART_XUNJIYANSE?Z_SENSOR
            CODE    43F8H     01E0H     UNIT         ?PR?_ACTION_SAVE?Z_MAIN
            CODE    45D8H     0195H     UNIT         ?PR?SMART_YSSB_VERIFY?Z_SENSOR
            CODE    476DH     0184H     UNIT         ?PR?LOOP_BT_ONCE?Z_MAIN
            CODE    48F1H     0171H     UNIT         ?PR?_DUOJI_INC_HANDLE?Z_MAIN
            CODE    4A62H     0170H     UNIT         ?C_INITSEG
            CODE    4BD2H     015AH     UNIT         ?PR?UART1?Z_UART
            CODE    4D2CH     013FH     UNIT         ?PR?_SELECTION_SORT?Z_GLOBAL
            CODE    4E6BH     013CH     UNIT         ?PR?UART2_INT?Z_UART
            CODE    4FA7H     013CH     UNIT         ?PR?UART4?Z_UART
            CODE    50E3H     012EH     UNIT         ?PR?_CAR_PWM_SET?Z_PWM
            CODE    5211H     0119H     UNIT         ?PR?_STR_CONTAIN_STR?Z_GLOBAL
            CODE    532AH     0118H     UNIT         ?PR?SETUP_OTHERS?Z_MAIN
            CODE    5442H     0100H     UNIT         ?PR?SMART_SOUNDJIAQU?Z_SENSOR
            CODE    5542H     00ECH     UNIT         ?PR?LOOP_ACTION?Z_MAIN
            CODE    562EH     00EAH     UNIT         ?PR?_SPIFLASHWRITENOCHECK?Z_W25Q64
            CODE    5718H     00E6H     UNIT         ?PR??C?ATOF??C?ATOF
            CODE    57FEH     00D8H     UNIT         ?PR?T1_IRQ?Z_TIMER
            CODE    58D6H     00CCH     UNIT         ?PR?GET_CSB_VALUE?Z_SENSOR
            CODE    59A2H     00C6H     UNIT         ?PR?_ERASE_SECTOR?Z_MAIN
            CODE    5A68H     00B8H     UNIT         ?PR?SMART_XUNJICSBJIAQU?Z_SENSOR
            CODE    5B20H     00B5H     UNIT         ?PR?SETUP_YSSB?Z_SENSOR
            CODE    5BD5H     00B1H     UNIT         ?PR?GET_ADC_YSSB_MIDDLE?Z_SENSOR
            CODE    5C86H     00B0H     UNIT         ?PR?_PSX_WRITE_READ?Z_PS2
            CODE    5D36H     00ABH     UNIT         ?PR?_PRINT_GROUP?Z_MAIN
            CODE    5DE1H     009EH     UNIT         ?PR?SETUP_W25Q64?Z_MAIN
            CODE    5E7FH     009EH     UNIT         ?PR?SMART_CSBJIAQU?Z_SENSOR
            CODE    5F1DH     009DH     UNIT         ?PR?LOOP_PS2_CAR_PWM?Z_MAIN
            CODE    5FBAH     0098H     UNIT         ?PR?SMART_ZIYOUBIZHANG?Z_SENSOR
            CODE    6052H     0096H     UNIT         ?PR?SMART_GENSUI?Z_SENSOR
            CODE    60E8H     0091H     UNIT         ?PR?LOOP_UART?Z_MAIN
            CODE    6179H     008CH     UNIT         ?PR?_GET_ACTION_INDEX?Z_MAIN
            CODE    6205H     008CH     UNIT         ?C_C51STARTUP
            CODE    6291H     0088H     UNIT         ?CO?Z_SENSOR
            CODE    6319H     0082H     UNIT         ?PR?_SPIFLASHWRITEPAGE?Z_W25Q64
            CODE    639BH     007CH     UNIT         ?PR?_PSX_TRANSFER?Z_PS2
            CODE    6417H     0071H     UNIT         ?PR?LOOP_SMART_SENSOR?Z_SENSOR
            CODE    6488H     0068H     UNIT         ?PR?_SPIFLASHERASESECTOR?Z_W25Q64
            CODE    64F0H     0067H     UNIT         ?PR?_DO_GROUP_ONCE?Z_MAIN
            CODE    6557H     0064H     UNIT         ?PR?LOOP_VOL_WARNING?Z_MAIN
            CODE    65BBH     0063H     UNIT         ?PR?_SPIFLASHREAD?Z_W25Q64
            CODE    661EH     0061H     UNIT         ?PR?_UART4_INIT?Z_UART
            CODE    667FH     0060H     UNIT         ?PR?_UART1_INIT?Z_UART
BL51 BANKED LINKER/LOCATER V6.22                                                      09/15/2018  16:48:44  PAGE 4


            CODE    66DFH     005EH     UNIT         ?PR?_UART2_INIT?Z_UART
            CODE    673DH     005CH     UNIT         ?PR?LOOP_PS2_BUTTON?Z_MAIN
            CODE    6799H     0059H     UNIT         ?PR?_BEEP_ON_TIMES?Z_GPIO
            CODE    67F2H     0056H     UNIT         ?PR?_PWM_INIT?Z_PWM
            CODE    6848H     0053H     UNIT         ?PR?MAIN?Z_MAIN
            CODE    689BH     0053H     UNIT         ?PR?CHECK_DJ_STATE?Z_MAIN
            CODE    68EEH     0050H     UNIT         ?PR?GLOBAL_INIT?Z_GLOBAL
            CODE    693EH     004EH     UNIT         ?PR?SMART_XUNJI?Z_SENSOR
            CODE    698CH     004BH     UNIT         ?PR?T3_IRQ?Z_TIMER
            CODE    69D7H     004AH     UNIT         ?PR?SMART_XUNJIBIZHANG?Z_SENSOR
            CODE    6A21H     0049H     UNIT         ?PR?GET_ADC_CSB_MIDDLE?Z_SENSOR
            CODE    6A6AH     0043H     UNIT         ?PR?_INT_EXCHANGE?Z_MAIN
            CODE    6AADH     0042H     UNIT         ?PR?SETUP_START?Z_MAIN
            CODE    6AEFH     0041H     UNIT         ?PR?_ABS_FLOAT?Z_MAIN
            CODE    6B30H     003DH     UNIT         ?PR?LOOP_PS2_DATA?Z_MAIN
            CODE    6B6DH     003BH     UNIT         ?PR?_UART1_SEND_STR?Z_UART
            CODE    6BA8H     0038H     UNIT         ?PR?_DJ_IO_SET?Z_GPIO
            CODE    6BE0H     0037H     UNIT         ?PR?LOOP_NLED?Z_MAIN
            CODE    6C17H     0037H     UNIT         ?PR?_ZX_UART_SEND_STR?Z_UART
            CODE    6C4EH     0036H     UNIT         ?PR?_TIMER1_RESET?Z_TIMER
            CODE    6C84H     0033H     UNIT         ?PR?_UART4_SEND_STR?Z_UART
            CODE    6CB7H     0032H     UNIT         ?PR?_SPIFLASHWRITE?Z_W25Q64
            CODE    6CE9H     002BH     UNIT         ?PR?_PWM2_SETPWMWIDE?Z_PWM
            CODE    6D14H     002BH     UNIT         ?PR?_PWM3_SETPWMWIDE?Z_PWM
            CODE    6D3FH     002BH     UNIT         ?PR?_PWM4_SETPWMWIDE?Z_PWM
            CODE    6D6AH     002BH     UNIT         ?PR?_PWM5_SETPWMWIDE?Z_PWM
            CODE    6D95H     002AH     UNIT         ?PR?SPIFLASHREADID?Z_W25Q64
            CODE    6DBFH     0028H     UNIT         ?PR?_ADC_READ?Z_ADC
            CODE    6DE7H     0027H     UNIT         ?PR?PUTCHAR?PUTCHAR
            CODE    6E0EH     0025H     UNIT         ?PR?REWRITE_EEPROM?Z_MAIN
            CODE    6E33H     0024H     UNIT         ?PR?_UART2_SEND_STR?Z_UART
            CODE    6E57H     0020H     UNIT         ?PR?_MDELAY?Z_DELAY
            CODE    6E77H     001EH     UNIT         ?PR?_SPIWRITEREAD?Z_W25Q64
            CODE    6E95H     001BH     UNIT         ?PR?T0_IRQ?Z_TIMER
            CODE    6EB0H     001AH     UNIT         ?PR?_UART2_SEND_BYTE?Z_UART
            CODE    6ECAH     0019H     UNIT         ?PR?_REPLACE_CHAR?Z_MAIN
            CODE    6EE3H     0018H     UNIT         ?PR?TIMER1_INIT?Z_TIMER
            CODE    6EFBH     0017H     UNIT         ?PR?SETUP_UART1?Z_MAIN
            CODE    6F12H     0017H     UNIT         ?PR?SETUP_UART2?Z_MAIN
            CODE    6F29H     0017H     UNIT         ?PR?SETUP_UART4?Z_MAIN
            CODE    6F40H     0015H     UNIT         ?PR?_ADC_INIT?Z_ADC
            CODE    6F55H     0015H     UNIT         ?PR?_STRLEN?STRLEN
            CODE    6F6AH     0014H     UNIT         ?PR?_ABS_INT?Z_GLOBAL
            CODE    6F7EH     0014H     UNIT         ?PR?TIMER0_INIT?Z_TIMER
            CODE    6F92H     0014H     UNIT         ?PR?GETCHAR?GETCHAR
            CODE    6FA6H     0014H     UNIT         ?PR?_ISSPACE?ISSPACE
            CODE    6FBAH     0013H     UNIT         ?PR?_UDELAY?Z_DELAY
            CODE    6FCDH     0012H     UNIT         ?PR?TIMER3_INIT?Z_TIMER
            CODE    6FDFH     0010H     UNIT         ?PR?SPIMASTERINIT?Z_W25Q64
            CODE    6FEFH     000FH     UNIT         ?PR?SETUP_CAR_PWM?Z_MAIN
            CODE    6FFEH     000FH     UNIT         ?PR?MILLIS?Z_TIMER
            CODE    700DH     000FH     UNIT         ?PR?GET_UART_TIMEOUT?Z_UART
            CODE    701CH     000FH     UNIT         ?PR?SPIFLASHREADSR?Z_W25Q64
            CODE    702BH     000CH     UNIT         ?PR?SETUP_SENSOR?Z_SENSOR
            CODE    7037H     000BH     UNIT         ?PR?_DELAY?Z_DELAY
            CODE    7042H     000BH     UNIT         ?PR?_UART4_SEND_BYTE?Z_UART
            CODE    704DH     000AH     UNIT         ?PR?SPIFLASHWRITEENABLE?Z_W25Q64
BL51 BANKED LINKER/LOCATER V6.22                                                      09/15/2018  16:48:44  PAGE 5


            CODE    7057H     000AH     UNIT         ?PR?_GETKEY?_GETKEY
            CODE    7061H     0009H     UNIT         ?PR?SPIFLASHINIT?Z_W25Q64
            CODE    706AH     0008H     UNIT         ?PR?SPIFLASHWAITBUSY?Z_W25Q64
            CODE    7072H     0008H     UNIT         ?PR?GETCHAR?UNGETCHAR
            CODE    707AH     0007H     UNIT         ?PR?PSX_INIT?Z_PS2
            CODE    7081H     0006H     UNIT         ?PR?SETUP_INTERRUPT?Z_MAIN
            CODE    7087H     0004H     UNIT         ?PR?UART2_OPEN?Z_UART
            CODE    708BH     0004H     UNIT         ?PR?UART2_CLOSE?Z_UART
            CODE    708FH     0004H     UNIT         ?PR?UART4_OPEN?Z_UART
            CODE    7093H     0004H     UNIT         ?PR?UART4_CLOSE?Z_UART
            CODE    7097H     0003H     UNIT         ?PR?SETUP_GLOBAL?Z_MAIN
            CODE    709AH     0003H     UNIT         ?PR?SETUP_GPIO?Z_MAIN
            CODE    709DH     0003H     UNIT         ?PR?SETUP_NLED?Z_MAIN
            CODE    70A0H     0003H     UNIT         ?PR?SETUP_BEEP?Z_MAIN
            CODE    70A3H     0003H     UNIT         ?PR?SETUP_DJIO?Z_MAIN
            CODE    70A6H     0003H     UNIT         ?PR?SETUP_PS2?Z_MAIN
            CODE    70A9H     0003H     UNIT         ?PR?SETUP_DJ_TIMER?Z_MAIN
            CODE    70ACH     0003H     UNIT         ?PR?SETUP_SYSTICK?Z_MAIN
            CODE    70AFH     0003H     UNIT         ?PR?SETUP_CSB?Z_SENSOR
            CODE    70B2H     0003H     UNIT         ?PR?UART1_OPEN?Z_UART
            CODE    70B5H     0003H     UNIT         ?PR?UART1_CLOSE?Z_UART
            CODE    70B8H     0001H     UNIT         ?PR?SETUP_SOUND?Z_SENSOR



OVERLAY MAP OF MODULE:   .\obj\51_duoji20180828 (Z_MAIN)


SEGMENT                                       BIT_GROUP          DATA_GROUP          XDATA_GROUP
  +--> CALLED SEGMENT                      START    LENGTH     START    LENGTH     START    LENGTH
--------------------------------------------------------------------------------------------------
?PR?T1_IRQ?Z_TIMER                         -----    -----      -----    -----      -----    -----
  +--> ?PR?_TIMER1_RESET?Z_TIMER
  +--> ?PR?_DJ_IO_SET?Z_GPIO

?PR?_TIMER1_RESET?Z_TIMER                  -----    -----      -----    -----      045EH    0002H

*** NEW ROOT ***************************************************

?PR?UART1?Z_UART                           -----    -----      -----    -----      -----    -----
  +--> ?PR?MILLIS?Z_TIMER

*** NEW ROOT ***************************************************

?PR?UART2_INT?Z_UART                       -----    -----      -----    -----      -----    -----
  +--> ?PR?MILLIS?Z_TIMER

*** NEW ROOT ***************************************************

?PR?UART4?Z_UART                           -----    -----      -----    -----      -----    -----
  +--> ?PR?MILLIS?Z_TIMER

*** NEW ROOT ***************************************************

?C_C51STARTUP                              -----    -----      -----    -----      -----    -----
  +--> ?PR?MAIN?Z_MAIN
  +--> ?C_INITSEG
BL51 BANKED LINKER/LOCATER V6.22                                                      09/15/2018  16:48:44  PAGE 6



?PR?MAIN?Z_MAIN                            -----    -----      -----    -----      -----    -----
  +--> ?PR?SETUP_GLOBAL?Z_MAIN
  +--> ?PR?SETUP_GPIO?Z_MAIN
  +--> ?PR?SETUP_NLED?Z_MAIN
  +--> ?PR?SETUP_BEEP?Z_MAIN
  +--> ?PR?SETUP_DJIO?Z_MAIN
  +--> ?PR?SETUP_W25Q64?Z_MAIN
  +--> ?PR?SETUP_PS2?Z_MAIN
  +--> ?PR?SETUP_VOL?Z_MAIN
  +--> ?PR?SETUP_CAR_PWM?Z_MAIN
  +--> ?PR?SETUP_UART1?Z_MAIN
  +--> ?PR?SETUP_UART2?Z_MAIN
  +--> ?PR?SETUP_UART4?Z_MAIN
  +--> ?PR?SETUP_SYSTICK?Z_MAIN
  +--> ?PR?SETUP_OTHERS?Z_MAIN
  +--> ?PR?SETUP_SENSOR?Z_SENSOR
  +--> ?PR?SETUP_DJ_TIMER?Z_MAIN
  +--> ?PR?SETUP_INTERRUPT?Z_MAIN
  +--> ?PR?SETUP_START?Z_MAIN
  +--> ?PR?LOOP_NLED?Z_MAIN
  +--> ?PR?LOOP_UART?Z_MAIN
  +--> ?PR?LOOP_ACTION?Z_MAIN
  +--> ?PR?LOOP_BT_ONCE?Z_MAIN
  +--> ?PR?LOOP_PS2_DATA?Z_MAIN
  +--> ?PR?LOOP_PS2_BUTTON?Z_MAIN
  +--> ?PR?LOOP_PS2_CAR_PWM?Z_MAIN
  +--> ?PR?LOOP_SAVE_SOMETHING?Z_MAIN
  +--> ?PR?LOOP_SMART_SENSOR?Z_SENSOR

?PR?SETUP_GLOBAL?Z_MAIN                    -----    -----      -----    -----      -----    -----
  +--> ?PR?GLOBAL_INIT?Z_GLOBAL

?PR?SETUP_GPIO?Z_MAIN                      -----    -----      -----    -----      -----    -----
  +--> ?PR?IO_INIT?Z_GPIO

?PR?SETUP_DJIO?Z_MAIN                      -----    -----      -----    -----      -----    -----
  +--> ?PR?DJ_IO_INIT?Z_GPIO

?PR?SETUP_W25Q64?Z_MAIN                    -----    -----      -----    -----      -----    -----
  +--> ?PR?SPIFLASHINIT?Z_W25Q64
  +--> ?PR?SPIFLASHREADID?Z_W25Q64
  +--> ?PR?_SPIFLASHREAD?Z_W25Q64
  +--> ?PR?REWRITE_EEPROM?Z_MAIN

?PR?SPIFLASHINIT?Z_W25Q64                  -----    -----      -----    -----      -----    -----
  +--> ?PR?SPIMASTERINIT?Z_W25Q64

?PR?SPIFLASHREADID?Z_W25Q64                -----    -----      -----    -----      -----    -----
  +--> ?PR?_SPIWRITEREAD?Z_W25Q64

?PR?_SPIFLASHREAD?Z_W25Q64                 -----    -----      -----    -----      0474H    0009H
  +--> ?PR?_SPIWRITEREAD?Z_W25Q64

?PR?REWRITE_EEPROM?Z_MAIN                  -----    -----      -----    -----      -----    -----
  +--> ?PR?_SPIFLASHERASESECTOR?Z_W25Q64
  +--> ?PR?_SPIFLASHWRITENOCHECK?Z_W25Q64
BL51 BANKED LINKER/LOCATER V6.22                                                      09/15/2018  16:48:44  PAGE 7



?PR?_SPIFLASHERASESECTOR?Z_W25Q64          -----    -----      -----    -----      0474H    0004H
  +--> ?PR?SPIFLASHWRITEENABLE?Z_W25Q64
  +--> ?PR?SPIFLASHWAITBUSY?Z_W25Q64
  +--> ?PR?_SPIWRITEREAD?Z_W25Q64

?PR?SPIFLASHWRITEENABLE?Z_W25Q64           -----    -----      -----    -----      -----    -----
  +--> ?PR?_SPIWRITEREAD?Z_W25Q64

?PR?SPIFLASHWAITBUSY?Z_W25Q64              -----    -----      -----    -----      -----    -----
  +--> ?PR?SPIFLASHREADSR?Z_W25Q64

?PR?SPIFLASHREADSR?Z_W25Q64                -----    -----      -----    -----      -----    -----
  +--> ?PR?_SPIWRITEREAD?Z_W25Q64

?PR?_SPIFLASHWRITENOCHECK?Z_W25Q64         -----    -----      -----    -----      0465H    000BH
  +--> ?PR?_SPIFLASHWRITEPAGE?Z_W25Q64

?PR?_SPIFLASHWRITEPAGE?Z_W25Q64            -----    -----      -----    -----      0470H    0009H
  +--> ?PR?SPIFLASHWRITEENABLE?Z_W25Q64
  +--> ?PR?_SPIWRITEREAD?Z_W25Q64
  +--> ?PR?SPIFLASHWAITBUSY?Z_W25Q64

?PR?SETUP_PS2?Z_MAIN                       -----    -----      -----    -----      -----    -----
  +--> ?PR?PSX_INIT?Z_PS2

?PR?SETUP_VOL?Z_MAIN                       -----    -----      -----    -----      -----    -----
  +--> ?PR?_ADC_INIT?Z_ADC

?PR?SETUP_CAR_PWM?Z_MAIN                   -----    -----      -----    -----      -----    -----
  +--> ?PR?_PWM_INIT?Z_PWM
  +--> ?PR?_CAR_PWM_SET?Z_PWM

?PR?_CAR_PWM_SET?Z_PWM                     -----    -----      -----    -----      0470H    0004H
  +--> ?PR?_PWM3_SETPWMWIDE?Z_PWM
  +--> ?PR?_PWM2_SETPWMWIDE?Z_PWM
  +--> ?PR?_PWM4_SETPWMWIDE?Z_PWM
  +--> ?PR?_PWM5_SETPWMWIDE?Z_PWM

?PR?SETUP_UART1?Z_MAIN                     -----    -----      -----    -----      -----    -----
  +--> ?PR?_UART1_INIT?Z_UART
  +--> ?PR?UART1_OPEN?Z_UART
  +--> ?CO?Z_MAIN
  +--> ?PR?_UART1_SEND_STR?Z_UART

?PR?_UART1_INIT?Z_UART                     -----    -----      -----    -----      0460H    0004H

?PR?_UART1_SEND_STR?Z_UART                 -----    -----      -----    -----      0474H    0003H
  +--> ?PR?_UART1_SEND_BYTE?Z_UART

?PR?SETUP_UART2?Z_MAIN                     -----    -----      -----    -----      -----    -----
  +--> ?PR?_UART2_INIT?Z_UART
  +--> ?PR?UART2_OPEN?Z_UART
  +--> ?CO?Z_MAIN
  +--> ?PR?_UART2_SEND_STR?Z_UART

?PR?_UART2_INIT?Z_UART                     -----    -----      -----    -----      0460H    0004H
BL51 BANKED LINKER/LOCATER V6.22                                                      09/15/2018  16:48:44  PAGE 8



?PR?_UART2_SEND_STR?Z_UART                 -----    -----      -----    -----      0460H    0003H
  +--> ?PR?_UART2_SEND_BYTE?Z_UART

?PR?SETUP_UART4?Z_MAIN                     -----    -----      -----    -----      -----    -----
  +--> ?PR?_UART4_INIT?Z_UART
  +--> ?PR?UART4_OPEN?Z_UART
  +--> ?CO?Z_MAIN
  +--> ?PR?_UART4_SEND_STR?Z_UART

?PR?_UART4_INIT?Z_UART                     -----    -----      -----    -----      0460H    0004H

?PR?_UART4_SEND_STR?Z_UART                 -----    -----      -----    -----      0460H    0003H
  +--> ?PR?_UART4_SEND_BYTE?Z_UART

?PR?SETUP_SYSTICK?Z_MAIN                   -----    -----      -----    -----      -----    -----
  +--> ?PR?TIMER3_INIT?Z_TIMER

?PR?SETUP_OTHERS?Z_MAIN                    -----    -----      -----    -----      -----    -----
  +--> ?PR?_SPIFLASHREAD?Z_W25Q64
  +--> ?PR?_STRLEN?STRLEN
  +--> ?PR?_DO_ACTION?Z_MAIN
  +--> ?PR?_PARSE_CMD?Z_MAIN

?PR?_DO_ACTION?Z_MAIN                      -----    -----      -----    -----      0472H    0017H
  +--> ?PR?_ZX_UART_SEND_STR?Z_UART
  +--> ?CO?Z_MAIN
  +--> ?PR?MILLIS?Z_TIMER

?PR?_ZX_UART_SEND_STR?Z_UART               -----    -----      -----    -----      0489H    0003H
  +--> ?PR?_UART2_SEND_BYTE?Z_UART

?PR?_PARSE_CMD?Z_MAIN                      -----    -----      -----    -----      0463H    000DH
  +--> ?PR?_UART1_SEND_STR?Z_UART
  +--> ?CO?Z_MAIN
  +--> ?PR?_STR_CONTAIN_STR?Z_GLOBAL
  +--> ?PR?_ZX_UART_SEND_STR?Z_UART
  +--> ?PR?_CAR_PWM_SET?Z_PWM
  +--> ?PR?SCANF?SCANF
  +--> ?PR?PRINTF?PRINTF
  +--> ?PR?SOFT_RESET?Z_MAIN
  +--> ?PR?_PRINT_GROUP?Z_MAIN
  +--> ?PR?_ERASE_SECTOR?Z_MAIN
  +--> ?PR?_DO_GROUP_ONCE?Z_MAIN
  +--> ?PR?_MDELAY?Z_DELAY
  +--> ?PR?_BEEP_ON_TIMES?Z_GPIO

?PR?_STR_CONTAIN_STR?Z_GLOBAL              -----    -----      -----    -----      0470H    000CH

?PR?SCANF?SCANF                            0020H.0  0000H.6    0010H    0009H      0470H    002EH
  +--> ?PR?GETCHAR?UNGETCHAR
  +--> ?PR?_ISSPACE?ISSPACE
  +--> ?PR?GETCHAR?GETCHAR
  +--> ?PR??C?ATOF??C?ATOF

?PR?GETCHAR?GETCHAR                        -----    -----      -----    -----      -----    -----
  +--> ?PR?_GETKEY?_GETKEY
BL51 BANKED LINKER/LOCATER V6.22                                                      09/15/2018  16:48:44  PAGE 9


  +--> ?PR?PUTCHAR?PUTCHAR

?PR??C?ATOF??C?ATOF                        0020H.6  0000H.5    0019H    0002H      -----    -----

?PR?PRINTF?PRINTF                          0020H.0  0001H.1    0010H    0005H      0474H    0030H
  +--> ?PR?PUTCHAR?PUTCHAR

?PR?_PRINT_GROUP?Z_MAIN                    -----    -----      -----    -----      0470H    0004H
  +--> ?PR?_INT_EXCHANGE?Z_MAIN
  +--> ?PR?_SPIFLASHREAD?Z_W25Q64
  +--> ?PR?_UART1_SEND_STR?Z_UART
  +--> ?CO?Z_MAIN

?PR?_INT_EXCHANGE?Z_MAIN                   -----    -----      -----    -----      0474H    0006H

?PR?_ERASE_SECTOR?Z_MAIN                   -----    -----      -----    -----      0470H    0004H
  +--> ?PR?_INT_EXCHANGE?Z_MAIN
  +--> ?PR?_SPIFLASHERASESECTOR?Z_W25Q64
  +--> ?CO?Z_MAIN
  +--> ?PR?PRINTF?PRINTF
  +--> ?PR?_UART1_SEND_STR?Z_UART

?PR?_DO_GROUP_ONCE?Z_MAIN                  -----    -----      -----    -----      0470H    0002H
  +--> ?PR?_SPIFLASHREAD?Z_W25Q64
  +--> ?PR?_DO_ACTION?Z_MAIN
  +--> ?CO?Z_MAIN
  +--> ?PR?PRINTF?PRINTF
  +--> ?PR?_UART1_SEND_STR?Z_UART

?PR?_BEEP_ON_TIMES?Z_GPIO                  -----    -----      -----    -----      0470H    0006H
  +--> ?PR?_MDELAY?Z_DELAY

?PR?SETUP_SENSOR?Z_SENSOR                  -----    -----      -----    -----      -----    -----
  +--> ?PR?SETUP_XUNJI?Z_SENSOR
  +--> ?PR?SETUP_SOUND?Z_SENSOR
  +--> ?PR?SETUP_CSB?Z_SENSOR
  +--> ?PR?SETUP_YSSB?Z_SENSOR

?PR?SETUP_CSB?Z_SENSOR                     -----    -----      -----    -----      -----    -----
  +--> ?PR?TIMER0_INIT?Z_TIMER

?PR?SETUP_YSSB?Z_SENSOR                    -----    -----      -----    -----      -----    -----
  +--> ?PR?_ADC_INIT?Z_ADC
  +--> ?PR?REWRITE_EEPROM?Z_MAIN
  +--> ?CO?Z_SENSOR
  +--> ?PR?_UART1_SEND_STR?Z_UART
  +--> ?PR?PRINTF?PRINTF

?PR?SETUP_DJ_TIMER?Z_MAIN                  -----    -----      -----    -----      -----    -----
  +--> ?PR?TIMER1_INIT?Z_TIMER

?PR?SETUP_START?Z_MAIN                     -----    -----      -----    -----      -----    -----
  +--> ?PR?_MDELAY?Z_DELAY

?PR?LOOP_NLED?Z_MAIN                       -----    -----      -----    -----      -----    -----
  +--> ?PR?MILLIS?Z_TIMER

BL51 BANKED LINKER/LOCATER V6.22                                                      09/15/2018  16:48:44  PAGE 10


?PR?LOOP_UART?Z_MAIN                       -----    -----      -----    -----      -----    -----
  +--> ?PR?_PARSE_CMD?Z_MAIN
  +--> ?PR?_DO_ACTION?Z_MAIN
  +--> ?PR?_ACTION_SAVE?Z_MAIN
  +--> ?PR?GET_UART_TIMEOUT?Z_UART
  +--> ?PR?MILLIS?Z_TIMER

?PR?_ACTION_SAVE?Z_MAIN                    -----    -----      -----    -----      0460H    0005H
  +--> ?PR?REWRITE_EEPROM?Z_MAIN
  +--> ?CO?Z_MAIN
  +--> ?PR?SCANF?SCANF
  +--> ?PR?_SPIFLASHREAD?Z_W25Q64
  +--> ?PR?_STRLEN?STRLEN
  +--> ?PR?_GET_ACTION_INDEX?Z_MAIN
  +--> ?PR?_SPIFLASHERASESECTOR?Z_W25Q64
  +--> ?PR?_REPLACE_CHAR?Z_MAIN
  +--> ?PR?_SPIFLASHWRITENOCHECK?Z_W25Q64
  +--> ?PR?_UART1_SEND_STR?Z_UART

?PR?_GET_ACTION_INDEX?Z_MAIN               -----    -----      -----    -----      0465H    0005H

?PR?_REPLACE_CHAR?Z_MAIN                   -----    -----      -----    -----      0465H    0005H

?PR?LOOP_ACTION?Z_MAIN                     -----    -----      -----    -----      -----    -----
  +--> ?PR?_DUOJI_INC_HANDLE?Z_MAIN
  +--> ?PR?CHECK_DJ_STATE?Z_MAIN
  +--> ?PR?_DO_GROUP_ONCE?Z_MAIN
  +--> ?CO?Z_MAIN
  +--> ?PR?_UART1_SEND_STR?Z_UART

?PR?_DUOJI_INC_HANDLE?Z_MAIN               -----    -----      -----    -----      0460H    0003H
  +--> ?PR?_ABS_FLOAT?Z_MAIN

?PR?_ABS_FLOAT?Z_MAIN                      -----    -----      -----    -----      0463H    0004H

?PR?CHECK_DJ_STATE?Z_MAIN                  -----    -----      -----    -----      0460H    0002H

?PR?LOOP_BT_ONCE?Z_MAIN                    -----    -----      -----    -----      -----    -----
  +--> ?PR?MILLIS?Z_TIMER
  +--> ?PR?_UART4_INIT?Z_UART
  +--> ?PR?UART4_OPEN?Z_UART
  +--> ?CO?Z_MAIN
  +--> ?PR?_UART4_SEND_STR?Z_UART

?PR?LOOP_PS2_DATA?Z_MAIN                   -----    -----      -----    -----      -----    -----
  +--> ?PR?MILLIS?Z_TIMER
  +--> ?PR?_PSX_WRITE_READ?Z_PS2

?PR?_PSX_WRITE_READ?Z_PS2                  -----    -----      -----    -----      0460H    0003H
  +--> ?PR?_PSX_TRANSFER?Z_PS2

?PR?_PSX_TRANSFER?Z_PS2                    -----    -----      -----    -----      0463H    0003H
  +--> ?PR?_DELAY?Z_DELAY

?PR?LOOP_PS2_BUTTON?Z_MAIN                 -----    -----      -----    -----      -----    -----
  +--> ?PR?_CAR_PWM_SET?Z_PWM
  +--> ?PR?_PARSE_PSX_BUF?Z_MAIN
BL51 BANKED LINKER/LOCATER V6.22                                                      09/15/2018  16:48:44  PAGE 11



?PR?_PARSE_PSX_BUF?Z_MAIN                  -----    -----      -----    -----      0460H    0003H
  +--> ?CO?Z_MAIN
  +--> ?PR?_STRLEN?STRLEN
  +--> ?PR?_STR_CONTAIN_STR?Z_GLOBAL
  +--> ?PR?_PARSE_CMD?Z_MAIN
  +--> ?PR?_DO_ACTION?Z_MAIN
  +--> ?PR?_MDELAY?Z_DELAY

?PR?LOOP_PS2_CAR_PWM?Z_MAIN                -----    -----      -----    -----      0460H    0004H
  +--> ?PR?_CAR_PWM_SET?Z_PWM

?PR?LOOP_SAVE_SOMETHING?Z_MAIN             -----    -----      -----    -----      -----    -----
  +--> ?PR?MILLIS?Z_TIMER
  +--> ?PR?REWRITE_EEPROM?Z_MAIN

?PR?LOOP_SMART_SENSOR?Z_SENSOR             -----    -----      -----    -----      -----    -----
  +--> ?PR?SMART_XUNJI?Z_SENSOR
  +--> ?PR?SMART_SOUNDJIAQU?Z_SENSOR
  +--> ?PR?SMART_ZIYOUBIZHANG?Z_SENSOR
  +--> ?PR?SMART_YSSBJIAQU?Z_SENSOR
  +--> ?PR?SMART_CSBJIAQU?Z_SENSOR
  +--> ?PR?SMART_GENSUI?Z_SENSOR
  +--> ?PR?SMART_XUNJIBIZHANG?Z_SENSOR
  +--> ?PR?SMART_XUNJIYANSE?Z_SENSOR
  +--> ?PR?SMART_XUNJICSBJIAQU?Z_SENSOR
  +--> ?PR?SMART_YSSB_VERIFY?Z_SENSOR

?PR?SMART_XUNJI?Z_SENSOR                   -----    -----      -----    -----      0462H    0002H
  +--> ?PR?_CAR_PWM_SET?Z_PWM

?PR?SMART_SOUNDJIAQU?Z_SENSOR              -----    -----      -----    -----      -----    -----
  +--> ?PR?_BEEP_ON_TIMES?Z_GPIO
  +--> ?PR?MILLIS?Z_TIMER
  +--> ?CO?Z_SENSOR
  +--> ?PR?_PARSE_CMD?Z_MAIN

?PR?SMART_ZIYOUBIZHANG?Z_SENSOR            -----    -----      -----    -----      0460H    0004H
  +--> ?PR?MILLIS?Z_TIMER
  +--> ?PR?GET_ADC_CSB_MIDDLE?Z_SENSOR
  +--> ?CO?Z_SENSOR
  +--> ?PR?PRINTF?PRINTF
  +--> ?PR?_UART1_SEND_STR?Z_UART
  +--> ?PR?_CAR_PWM_SET?Z_PWM

?PR?GET_ADC_CSB_MIDDLE?Z_SENSOR            -----    -----      -----    -----      0464H    0001H
  +--> ?PR?GET_CSB_VALUE?Z_SENSOR
  +--> ?PR?_SELECTION_SORT?Z_GLOBAL

?PR?_SELECTION_SORT?Z_GLOBAL               -----    -----      -----    -----      0465H    000AH

?PR?SMART_YSSBJIAQU?Z_SENSOR               -----    -----      -----    -----      -----    -----
  +--> ?PR?MILLIS?Z_TIMER
  +--> ?PR?GET_ADC_YSSB_MIDDLE?Z_SENSOR
  +--> ?CO?Z_SENSOR
  +--> ?PR?PRINTF?PRINTF
  +--> ?PR?_UART1_SEND_STR?Z_UART
BL51 BANKED LINKER/LOCATER V6.22                                                      09/15/2018  16:48:44  PAGE 12


  +--> ?PR?_MDELAY?Z_DELAY
  +--> ?PR?_PARSE_CMD?Z_MAIN
  +--> ?PR?_BEEP_ON_TIMES?Z_GPIO

?PR?GET_ADC_YSSB_MIDDLE?Z_SENSOR           -----    -----      -----    -----      -----    -----
  +--> ?PR?_ADC_READ?Z_ADC
  +--> ?PR?_SELECTION_SORT?Z_GLOBAL

?PR?_ADC_READ?Z_ADC                        -----    -----      -----    -----      -----    -----
  +--> ?PR?_ADC_INIT?Z_ADC

?PR?SMART_CSBJIAQU?Z_SENSOR                -----    -----      -----    -----      0460H    0002H
  +--> ?PR?MILLIS?Z_TIMER
  +--> ?PR?GET_ADC_CSB_MIDDLE?Z_SENSOR
  +--> ?CO?Z_SENSOR
  +--> ?PR?PRINTF?PRINTF
  +--> ?PR?_UART1_SEND_STR?Z_UART
  +--> ?PR?_PARSE_CMD?Z_MAIN
  +--> ?PR?_BEEP_ON_TIMES?Z_GPIO

?PR?SMART_GENSUI?Z_SENSOR                  -----    -----      -----    -----      0460H    0004H
  +--> ?PR?MILLIS?Z_TIMER
  +--> ?PR?GET_ADC_CSB_MIDDLE?Z_SENSOR
  +--> ?PR?_CAR_PWM_SET?Z_PWM

?PR?SMART_XUNJIBIZHANG?Z_SENSOR            -----    -----      -----    -----      -----    -----
  +--> ?PR?MILLIS?Z_TIMER
  +--> ?PR?GET_ADC_CSB_MIDDLE?Z_SENSOR
  +--> ?PR?_CAR_PWM_SET?Z_PWM
  +--> ?PR?SMART_XUNJI?Z_SENSOR

?PR?SMART_XUNJIYANSE?Z_SENSOR              -----    -----      -----    -----      -----    -----
  +--> ?PR?MILLIS?Z_TIMER
  +--> ?PR?GET_ADC_YSSB_MIDDLE?Z_SENSOR
  +--> ?PR?_CAR_PWM_SET?Z_PWM
  +--> ?PR?_MDELAY?Z_DELAY
  +--> ?CO?Z_SENSOR
  +--> ?PR?_PARSE_CMD?Z_MAIN
  +--> ?PR?_BEEP_ON_TIMES?Z_GPIO
  +--> ?PR?SMART_XUNJI?Z_SENSOR

?PR?SMART_XUNJICSBJIAQU?Z_SENSOR           -----    -----      -----    -----      0460H    0002H
  +--> ?PR?GET_ADC_CSB_MIDDLE?Z_SENSOR
  +--> ?PR?MILLIS?Z_TIMER
  +--> ?PR?_BEEP_ON_TIMES?Z_GPIO
  +--> ?PR?_CAR_PWM_SET?Z_PWM
  +--> ?CO?Z_SENSOR
  +--> ?PR?_PARSE_CMD?Z_MAIN
  +--> ?PR?SMART_XUNJI?Z_SENSOR

?PR?SMART_YSSB_VERIFY?Z_SENSOR             -----    -----      -----    -----      0460H    0004H
  +--> ?PR?_BEEP_ON_TIMES?Z_GPIO
  +--> ?PR?GET_ADC_YSSB_MIDDLE?Z_SENSOR
  +--> ?PR?_MDELAY?Z_DELAY
  +--> ?PR?REWRITE_EEPROM?Z_MAIN
  +--> ?CO?Z_SENSOR
  +--> ?PR?PRINTF?PRINTF
BL51 BANKED LINKER/LOCATER V6.22                                                      09/15/2018  16:48:44  PAGE 13


  +--> ?PR?_UART1_SEND_STR?Z_UART



SYMBOL TABLE OF MODULE:  .\obj\51_duoji20180828 (Z_MAIN)

  VALUE           TYPE          NAME
  ----------------------------------

  -------         MODULE        Z_MAIN
  C:0000H         SYMBOL        _ICE_DUMMY_
  D:00D0H         PUBLIC        PSW
  D:0080H         PUBLIC        P0
  D:0090H         PUBLIC        P1
  D:00A0H         PUBLIC        P2
  D:00B0H         PUBLIC        P3
  D:00C0H         PUBLIC        P4
  D:00C8H         PUBLIC        P5
  D:00E8H         PUBLIC        P6
  D:00F8H         PUBLIC        P7
  D:00A8H         PUBLIC        IE
  B:00A8H.7       PUBLIC        EA
  B:00A8H.3       PUBLIC        ET1
  D:00B8H         PUBLIC        IP
  D:0088H         PUBLIC        TCON
  B:0088H.6       PUBLIC        TR1
  D:0098H         PUBLIC        SCON
  D:00C7H         PUBLIC        IAP_CONTR
  D:00D8H         PUBLIC        CCON
  C:7097H         PUBLIC        setup_global
  C:709AH         PUBLIC        setup_gpio
  C:709DH         PUBLIC        setup_nled
  C:001EH         PUBLIC        setup_vol
  C:70A0H         PUBLIC        setup_beep
  C:70A3H         PUBLIC        setup_djio
  C:5DE1H         PUBLIC        setup_w25q64
  C:70A6H         PUBLIC        setup_ps2
  C:70A9H         PUBLIC        setup_dj_timer
  C:6FEFH         PUBLIC        setup_car_pwm
  C:6EFBH         PUBLIC        setup_uart1
  C:6F12H         PUBLIC        setup_uart2
  C:6F29H         PUBLIC        setup_uart4
  C:70ACH         PUBLIC        setup_systick
  C:6AADH         PUBLIC        setup_start
  C:532AH         PUBLIC        setup_others
  C:7081H         PUBLIC        setup_interrupt
  C:6BE0H         PUBLIC        loop_nled
  C:60E8H         PUBLIC        loop_uart
  C:5542H         PUBLIC        loop_action
  C:476DH         PUBLIC        loop_bt_once
  C:6B30H         PUBLIC        loop_ps2_data
  C:673DH         PUBLIC        loop_ps2_button
  C:5F1DH         PUBLIC        loop_ps2_car_pwm
  C:0046H         PUBLIC        loop_save_something
  C:6557H         PUBLIC        loop_vol_warning
  C:0096H         PUBLIC        soft_reset
  C:3BB8H         PUBLIC        _parse_psx_buf
BL51 BANKED LINKER/LOCATER V6.22                                                      09/15/2018  16:48:44  PAGE 14


  C:2116H         PUBLIC        _parse_cmd
  C:43F8H         PUBLIC        _action_save
  C:6179H         PUBLIC        _get_action_index
  C:5D36H         PUBLIC        _print_group
  C:6A6AH         PUBLIC        _int_exchange
  C:59A2H         PUBLIC        _erase_sector
  C:64F0H         PUBLIC        _do_group_once
  C:689BH         PUBLIC        check_dj_state
  C:2B74H         PUBLIC        _do_action
  C:6ECAH         PUBLIC        _replace_char
  C:6E0EH         PUBLIC        rewrite_eeprom
  B:00A0H.0       PUBLIC        nled
  B:00C8H.1       PUBLIC        beep
  C:48F1H         PUBLIC        _duoji_inc_handle
  X:0433H         PUBLIC        adc7_value
  X:0435H         PUBLIC        adc0_value
  X:0437H         PUBLIC        do_start_index
  X:0439H         PUBLIC        do_time
  X:043BH         PUBLIC        group_num_start
  X:043DH         PUBLIC        group_num_end
  X:043FH         PUBLIC        group_num_times
  X:0441H         PUBLIC        i
  X:0442H         PUBLIC        car_dw
  X:0443H         PUBLIC        bias_systick_ms_bak
  X:0447H         PUBLIC        djBiasSaveFlag
  X:0448H         PUBLIC        dbt_flag
  X:0449H         PUBLIC        vol_adc
  X:044DH         PUBLIC        save_addr_sector
  X:0451H         PUBLIC        save_action_index_bak
  X:0455H         PUBLIC        psx_buf
  C:1459H         PUBLIC        pre_cmd_set_red
  C:1489H         PUBLIC        pre_cmd_set_grn
  C:14B9H         PUBLIC        action_pre_group
  C:6848H         PUBLIC        main
  C:0091H         PUBLIC        handle_uart
  C:6AEFH         PUBLIC        _abs_float
  C:0092H         PUBLIC        handle_sensor
  -------         PROC          MAIN
  C:6848H         LINE#         182
  C:6848H         LINE#         184
  C:684BH         LINE#         185
  C:684EH         LINE#         186
  C:6851H         LINE#         187
  C:6854H         LINE#         188
  C:6857H         LINE#         189
  C:685AH         LINE#         190
  C:685DH         LINE#         191
  C:6860H         LINE#         192
  C:6863H         LINE#         193
  C:6866H         LINE#         194
  C:6869H         LINE#         195
  C:686CH         LINE#         196
  C:686FH         LINE#         198
  C:6872H         LINE#         199
  C:6875H         LINE#         201
  C:6878H         LINE#         202
  C:687BH         LINE#         204
BL51 BANKED LINKER/LOCATER V6.22                                                      09/15/2018  16:48:44  PAGE 15


  C:687EH         LINE#         205
  C:687EH         LINE#         206
  C:6881H         LINE#         207
  C:6884H         LINE#         208
  C:6887H         LINE#         209
  C:688AH         LINE#         210
  C:688DH         LINE#         211
  C:6890H         LINE#         212
  C:6893H         LINE#         213
  C:6896H         LINE#         214
  C:6899H         LINE#         218
  -------         ENDPROC       MAIN
  -------         PROC          SETUP_GLOBAL
  C:7097H         LINE#         226
  C:7097H         LINE#         228
  -------         ENDPROC       SETUP_GLOBAL
  -------         PROC          SETUP_GPIO
  C:709AH         LINE#         231
  C:709AH         LINE#         233
  -------         ENDPROC       SETUP_GPIO
  -------         PROC          SETUP_NLED
  C:709DH         LINE#         236
  C:709DH         LINE#         237
  C:709FH         LINE#         238
  -------         ENDPROC       SETUP_NLED
  -------         PROC          SETUP_BEEP
  C:70A0H         LINE#         240
  C:70A0H         LINE#         241
  C:70A2H         LINE#         242
  -------         ENDPROC       SETUP_BEEP
  -------         PROC          SETUP_DJIO
  C:70A3H         LINE#         244
  C:70A3H         LINE#         245
  -------         ENDPROC       SETUP_DJIO
  -------         PROC          SETUP_VOL
  C:001EH         LINE#         248
  C:001EH         LINE#         249
  -------         ENDPROC       SETUP_VOL
  -------         PROC          SETUP_W25Q64
  C:5DE1H         LINE#         253
  C:5DE1H         LINE#         255
  C:5DE4H         LINE#         256
  C:5DF5H         LINE#         258
  C:5E0FH         LINE#         259
  C:5E2BH         LINE#         260
  C:5E35H         LINE#         261
  C:5E3FH         LINE#         262
  C:5E42H         LINE#         263
  C:5E42H         LINE#         265
  C:5E4EH         LINE#         266
  C:5E5DH         LINE#         267
  C:5E6DH         LINE#         268
  C:5E75H         LINE#         269
  C:5E7EH         LINE#         270
  C:5E7EH         LINE#         278
  -------         ENDPROC       SETUP_W25Q64
  -------         PROC          SETUP_PS2
BL51 BANKED LINKER/LOCATER V6.22                                                      09/15/2018  16:48:44  PAGE 16


  C:70A6H         LINE#         281
  C:70A6H         LINE#         283
  -------         ENDPROC       SETUP_PS2
  -------         PROC          SETUP_DJ_TIMER
  C:70A9H         LINE#         286
  C:70A9H         LINE#         287
  -------         ENDPROC       SETUP_DJ_TIMER
  -------         PROC          SETUP_CAR_PWM
  C:6FEFH         LINE#         290
  C:6FEFH         LINE#         292
  C:6FF6H         LINE#         293
  -------         ENDPROC       SETUP_CAR_PWM
  -------         PROC          SETUP_UART1
  C:6EFBH         LINE#         296
  C:6EFBH         LINE#         298
  C:6F06H         LINE#         300
  C:6F09H         LINE#         302
  -------         ENDPROC       SETUP_UART1
  -------         PROC          SETUP_UART2
  C:6F12H         LINE#         305
  C:6F12H         LINE#         307
  C:6F1DH         LINE#         309
  C:6F20H         LINE#         311
  -------         ENDPROC       SETUP_UART2
  -------         PROC          SETUP_UART4
  C:6F29H         LINE#         314
  C:6F29H         LINE#         316
  C:6F34H         LINE#         318
  C:6F37H         LINE#         321
  -------         ENDPROC       SETUP_UART4
  -------         PROC          SETUP_SYSTICK
  C:70ACH         LINE#         324
  C:70ACH         LINE#         326
  -------         ENDPROC       SETUP_SYSTICK
  -------         PROC          SETUP_START
  C:6AADH         LINE#         331
  C:6AADH         LINE#         333
  C:6AC3H         LINE#         334
  C:6AD9H         LINE#         335
  -------         ENDPROC       SETUP_START
  -------         PROC          SETUP_OTHERS
  C:532AH         LINE#         338
  C:532AH         LINE#         340
  C:5339H         LINE#         341
  C:5339H         LINE#         343
  C:5339H         LINE#         344
  C:5339H         LINE#         346
  C:5350H         LINE#         347
  C:5350H         LINE#         349
  C:5366H         LINE#         350
  C:537FH         LINE#         351
  C:538DH         LINE#         352
  C:539AH         LINE#         353
  C:53A7H         LINE#         354
  C:53B4H         LINE#         355
  C:53BDH         LINE#         356
  C:53C0H         LINE#         357
BL51 BANKED LINKER/LOCATER V6.22                                                      09/15/2018  16:48:44  PAGE 17


  C:53C0H         LINE#         360
  C:53C8H         LINE#         361
  C:53D7H         LINE#         362
  C:53DEH         LINE#         363
  C:53E7H         LINE#         364
  C:53E7H         LINE#         365
  C:5400H         LINE#         366
  C:540EH         LINE#         367
  C:541BH         LINE#         368
  C:5428H         LINE#         369
  C:5435H         LINE#         370
  C:543EH         LINE#         371
  C:5441H         LINE#         372
  C:5441H         LINE#         373
  C:5441H         LINE#         375
  -------         ENDPROC       SETUP_OTHERS
  -------         PROC          SETUP_INTERRUPT
  C:7081H         LINE#         378
  C:7081H         LINE#         380
  C:7084H         LINE#         383
  C:7086H         LINE#         384
  -------         ENDPROC       SETUP_INTERRUPT
  -------         PROC          LOOP_NLED
  -------         DO            
  X:040DH         SYMBOL        systick_ms_bak
  -------         ENDDO         
  C:6BE0H         LINE#         393
  C:6BE0H         LINE#         395
  C:6C0BH         LINE#         396
  C:6C14H         LINE#         397
  C:6C16H         LINE#         398
  C:6C16H         LINE#         399
  -------         ENDPROC       LOOP_NLED
  -------         PROC          LOOP_UART
  -------         DO            
  X:0411H         SYMBOL        do_once1
  X:0412H         SYMBOL        do_once2
  -------         ENDDO         
  C:60E8H         LINE#         401
  C:60E8H         LINE#         403
  C:60EEH         LINE#         407
  C:60F5H         LINE#         409
  C:60F8H         LINE#         410
  C:6101H         LINE#         412
  C:6101H         LINE#         413
  C:610AH         LINE#         416
  C:610DH         LINE#         417
  C:6116H         LINE#         420
  C:611FH         LINE#         421
  C:611FH         LINE#         422
  C:6124H         LINE#         423
  C:6128H         LINE#         425
  C:6128H         LINE#         428
  C:6157H         LINE#         429
  C:615DH         LINE#         430
  C:6161H         LINE#         431
  C:6163H         LINE#         432
BL51 BANKED LINKER/LOCATER V6.22                                                      09/15/2018  16:48:44  PAGE 18


  C:6166H         LINE#         433
  C:6166H         LINE#         434
  C:6167H         LINE#         435
  C:616DH         LINE#         436
  C:6171H         LINE#         437
  C:6175H         LINE#         438
  C:6178H         LINE#         439
  C:6178H         LINE#         440
  C:6178H         LINE#         443
  -------         ENDPROC       LOOP_UART
  -------         PROC          LOOP_SAVE_SOMETHING
  -------         DO            
  X:0413H         SYMBOL        saveTime
  -------         ENDDO         
  C:0046H         LINE#         446
  C:0046H         LINE#         448
  C:007FH         LINE#         449
  C:0084H         LINE#         450
  C:008DH         LINE#         451
  C:0090H         LINE#         452
  C:0090H         LINE#         454
  -------         ENDPROC       LOOP_SAVE_SOMETHING
  -------         PROC          LOOP_PS2_DATA
  -------         DO            
  X:0417H         SYMBOL        systick_ms_bak
  -------         ENDDO         
  C:6B30H         LINE#         457
  C:6B30H         LINE#         459
  C:6B5AH         LINE#         461
  C:6B5AH         LINE#         462
  C:6B63H         LINE#         463
  C:6B6CH         LINE#         472
  -------         ENDPROC       LOOP_PS2_DATA
  -------         PROC          LOOP_PS2_CAR_PWM
  -------         DO            
  X:041BH         SYMBOL        car_left_bak
  X:041DH         SYMBOL        car_right_bak
  X:0460H         SYMBOL        car_left
  X:0462H         SYMBOL        car_right
  -------         ENDDO         
  C:5F1DH         LINE#         475
  C:5F1DH         LINE#         479
  C:5F28H         LINE#         480
  C:5F4BH         LINE#         481
  C:5F6CH         LINE#         483
  C:5F8AH         LINE#         484
  C:5F9BH         LINE#         485
  C:5FAAH         LINE#         486
  C:5FB9H         LINE#         487
  C:5FB9H         LINE#         489
  -------         ENDPROC       LOOP_PS2_CAR_PWM
  -------         PROC          LOOP_PS2_BUTTON
  -------         DO            
  X:041FH         SYMBOL        psx_button_bak
  X:0421H         SYMBOL        mode_bak
  -------         ENDDO         
  C:673DH         LINE#         493
BL51 BANKED LINKER/LOCATER V6.22                                                      09/15/2018  16:48:44  PAGE 19


  C:673DH         LINE#         498
  C:6749H         LINE#         499
  C:674BH         LINE#         500
  C:674EH         LINE#         501
  C:6754H         LINE#         502
  C:6754H         LINE#         503
  C:675CH         LINE#         504
  C:6762H         LINE#         506
  C:6762H         LINE#         508
  C:677AH         LINE#         509
  C:677AH         LINE#         510
  C:677AH         LINE#         511
  C:6788H         LINE#         512
  C:6790H         LINE#         513
  C:6798H         LINE#         514
  C:6798H         LINE#         516
  -------         ENDPROC       LOOP_PS2_BUTTON
  -------         PROC          _PARSE_PSX_BUF
  D:0001H         SYMBOL        buf
  X:0460H         SYMBOL        mode
  -------         DO            
  X:0461H         SYMBOL        i
  X:0462H         SYMBOL        pos
  X:0422H         SYMBOL        bak
  X:0424H         SYMBOL        temp
  X:0426H         SYMBOL        temp2
  -------         ENDDO         
  C:3BB8H         LINE#         518
  C:3BBDH         LINE#         519
  C:3BC2H         LINE#         521
  C:3BDCH         LINE#         523
  C:3BEEH         LINE#         524
  C:3BFAH         LINE#         525
  C:3C08H         LINE#         526
  C:3C1AH         LINE#         527
  C:3C3AH         LINE#         528
  C:3C3AH         LINE#         529
  C:3C49H         LINE#         531
  C:3C58H         LINE#         532
  C:3C60H         LINE#         533
  C:3C8CH         LINE#         534
  C:3C99H         LINE#         535
  C:3CDBH         LINE#         536
  C:3CDBH         LINE#         538
  C:3CF7H         LINE#         539
  C:3D05H         LINE#         540
  C:3D20H         LINE#         544
  C:3D2FH         LINE#         545
  C:3D2FH         LINE#         546
  C:3D32H         LINE#         547
  C:3D4FH         LINE#         551
  C:3D5EH         LINE#         552
  C:3D5EH         LINE#         553
  C:3D61H         LINE#         554
  C:3D61H         LINE#         559
  C:3D69H         LINE#         560
  C:3D6CH         LINE#         562
BL51 BANKED LINKER/LOCATER V6.22                                                      09/15/2018  16:48:44  PAGE 20


  C:3D7BH         LINE#         563
  C:3D83H         LINE#         564
  C:3DAFH         LINE#         565
  C:3DBCH         LINE#         566
  C:3DFEH         LINE#         567
  C:3DFEH         LINE#         569
  C:3E1AH         LINE#         570
  C:3E1FH         LINE#         571
  C:3E40H         LINE#         575
  C:3E58H         LINE#         576
  C:3E6DH         LINE#         577
  C:3E6DH         LINE#         578
  C:3E70H         LINE#         579
  C:3E96H         LINE#         583
  C:3EAEH         LINE#         584
  C:3EC3H         LINE#         585
  C:3EC3H         LINE#         586
  C:3EC6H         LINE#         587
  C:3EC6H         LINE#         590
  C:3EC6H         LINE#         591
  C:3EC6H         LINE#         595
  C:3EC6H         LINE#         596
  C:3ECFH         LINE#         597
  C:3EDEH         LINE#         598
  C:3EE9H         LINE#         599
  C:3EE9H         LINE#         601
  -------         ENDPROC       _PARSE_PSX_BUF
  -------         PROC          HANDLE_UART
  C:0091H         LINE#         603
  C:0091H         LINE#         607
  -------         ENDPROC       HANDLE_UART
  C:2110H         SYMBOL        L?0352
  -------         PROC          L?0351
  -------         ENDPROC       L?0351
  C:2110H         SYMBOL        L?0352
  -------         PROC          _PARSE_CMD
  X:0463H         SYMBOL        cmd
  -------         DO            
  X:0428H         SYMBOL        djrFlag
  X:0466H         SYMBOL        pos
  X:0468H         SYMBOL        i
  X:046AH         SYMBOL        index
  X:046CH         SYMBOL        int1
  X:046EH         SYMBOL        int2
  -------         ENDDO         
  C:2116H         LINE#         624
  C:2121H         LINE#         630
  C:2124H         LINE#         632
  C:214EH         LINE#         633
  C:2154H         LINE#         634
  C:216BH         LINE#         635
  C:2185H         LINE#         636
  C:21BFH         LINE#         637
  C:21CFH         LINE#         638
  C:21D8H         LINE#         639
  C:21E0H         LINE#         640
  C:21E6H         LINE#         641
BL51 BANKED LINKER/LOCATER V6.22                                                      09/15/2018  16:48:44  PAGE 21


  C:2211H         LINE#         642
  C:2240H         LINE#         643
  C:2261H         LINE#         644
  C:229BH         LINE#         645
  C:22C1H         LINE#         646
  C:22CAH         LINE#         647
  C:22CAH         LINE#         650
  C:22F1H         LINE#         651
  C:22F4H         LINE#         652
  C:231BH         LINE#         653
  C:2356H         LINE#         654
  C:2367H         LINE#         655
  C:2367H         LINE#         656
  C:238EH         LINE#         657
  C:23C9H         LINE#         658
  C:23DAH         LINE#         659
  C:23DAH         LINE#         660
  C:2401H         LINE#         661
  C:2430H         LINE#         662
  C:243BH         LINE#         663
  C:2441H         LINE#         664
  C:2441H         LINE#         665
  C:246CH         LINE#         666
  C:24B3H         LINE#         668
  C:24CAH         LINE#         669
  C:24D2H         LINE#         670
  C:24E1H         LINE#         671
  C:24E6H         LINE#         673
  C:24E7H         LINE#         674
  C:24EDH         LINE#         675
  C:24EDH         LINE#         677
  C:24EDH         LINE#         678
  C:24EDH         LINE#         679
  C:2517H         LINE#         680
  C:2552H         LINE#         681
  C:2560H         LINE#         682
  C:2560H         LINE#         683
  C:258AH         LINE#         684
  C:2590H         LINE#         685
  C:2595H         LINE#         686
  C:2595H         LINE#         687
  C:25BEH         LINE#         688
  C:25C4H         LINE#         689
  C:25CBH         LINE#         690
  C:25D6H         LINE#         691
  C:25FEH         LINE#         692
  C:2606H         LINE#         693
  C:2630H         LINE#         694
  C:2638H         LINE#         695
  C:2662H         LINE#         696
  C:266AH         LINE#         697
  C:2694H         LINE#         698
  C:269CH         LINE#         699
  C:26C6H         LINE#         700
  C:26CBH         LINE#         701
  C:26F5H         LINE#         702
  C:26F9H         LINE#         703
BL51 BANKED LINKER/LOCATER V6.22                                                      09/15/2018  16:48:44  PAGE 22


  C:2723H         LINE#         704
  C:2727H         LINE#         705
  C:2754H         LINE#         706
  C:275DH         LINE#         707
  C:2777H         LINE#         708
  C:2791H         LINE#         709
  C:27ABH         LINE#         710
  C:284CH         LINE#         711
  C:285DH         LINE#         713
  C:2863H         LINE#         714
  C:2865H         LINE#         715
  C:2867H         LINE#         716
  C:286EH         LINE#         717
  C:286EH         LINE#         718
  C:287FH         LINE#         719
  C:28A7H         LINE#         720
  C:28ADH         LINE#         721
  C:28D7H         LINE#         722
  C:28DFH         LINE#         723
  C:28E3H         LINE#         724
  C:28E6H         LINE#         725
  C:28EAH         LINE#         726
  C:28EAH         LINE#         727
  C:2914H         LINE#         728
  C:2919H         LINE#         729
  C:2963H         LINE#         730
  C:296CH         LINE#         731
  C:298AH         LINE#         732
  C:29AFH         LINE#         733
  C:29E5H         LINE#         734
  C:29F2H         LINE#         735
  C:29F9H         LINE#         736
  C:29FFH         LINE#         737
  C:29FFH         LINE#         738
  C:2A07H         LINE#         739
  C:2A0FH         LINE#         740
  C:2A15H         LINE#         741
  C:2A15H         LINE#         742
  C:2A24H         LINE#         743
  C:2A2CH         LINE#         744
  C:2A33H         LINE#         745
  C:2A42H         LINE#         746
  C:2A4AH         LINE#         747
  C:2A52H         LINE#         748
  C:2A59H         LINE#         749
  C:2A68H         LINE#         750
  C:2A6AH         LINE#         751
  C:2A71H         LINE#         752
  C:2A75H         LINE#         753
  C:2A75H         LINE#         755
  C:2A8CH         LINE#         756
  C:2A94H         LINE#         757
  C:2AA3H         LINE#         758
  C:2AA8H         LINE#         759
  C:2AADH         LINE#         760
  C:2AAEH         LINE#         761
  C:2AB1H         LINE#         762
BL51 BANKED LINKER/LOCATER V6.22                                                      09/15/2018  16:48:44  PAGE 23


  C:2AB1H         LINE#         764
  C:2AB1H         LINE#         765
  C:2AD8H         LINE#         766
  C:2AE1H         LINE#         767
  C:2B08H         LINE#         768
  C:2B34H         LINE#         769
  C:2B46H         LINE#         770
  C:2B4BH         LINE#         771
  C:2B56H         LINE#         772
  C:2B5EH         LINE#         774
  C:2B5EH         LINE#         775
  C:2B5EH         LINE#         776
  C:2B5EH         LINE#         777
  -------         ENDPROC       _PARSE_CMD
  -------         PROC          _ACTION_SAVE
  X:0460H         SYMBOL        str
  -------         DO            
  X:0463H         SYMBOL        action_index
  -------         ENDDO         
  C:43F8H         LINE#         781
  C:4403H         LINE#         782
  C:4408H         LINE#         784
  C:4425H         LINE#         785
  C:442AH         LINE#         786
  C:442DH         LINE#         787
  C:4436H         LINE#         789
  C:444EH         LINE#         790
  C:448AH         LINE#         791
  C:449EH         LINE#         792
  C:44B5H         LINE#         793
  C:44B7H         LINE#         794
  C:44C6H         LINE#         795
  C:44DFH         LINE#         796
  C:44F9H         LINE#         797
  C:44F9H         LINE#         798
  C:44FFH         LINE#         799
  C:4502H         LINE#         801
  C:4508H         LINE#         802
  C:450BH         LINE#         804
  C:450BH         LINE#         806
  C:4521H         LINE#         808
  C:453DH         LINE#         810
  C:4546H         LINE#         812
  C:4546H         LINE#         814
  C:456DH         LINE#         815
  C:4583H         LINE#         816
  C:4599H         LINE#         817
  C:45CEH         LINE#         819
  C:45D7H         LINE#         821
  -------         ENDPROC       _ACTION_SAVE
  -------         PROC          _GET_ACTION_INDEX
  X:0465H         SYMBOL        str
  -------         DO            
  X:0468H         SYMBOL        index
  -------         ENDDO         
  C:6179H         LINE#         823
  C:6184H         LINE#         824
BL51 BANKED LINKER/LOCATER V6.22                                                      09/15/2018  16:48:44  PAGE 24


  C:6189H         LINE#         826
  C:6199H         LINE#         827
  C:619DH         LINE#         828
  C:61A2H         LINE#         829
  C:61BAH         LINE#         830
  C:61DFH         LINE#         831
  C:61E9H         LINE#         832
  C:61EBH         LINE#         833
  C:61F4H         LINE#         834
  C:61F4H         LINE#         835
  C:61FEH         LINE#         836
  C:61FEH         LINE#         837
  C:6200H         LINE#         838
  C:6204H         LINE#         839
  -------         ENDPROC       _GET_ACTION_INDEX
  -------         PROC          _PRINT_GROUP
  X:0470H         SYMBOL        start
  X:0472H         SYMBOL        end
  C:5D36H         LINE#         841
  C:5D44H         LINE#         842
  C:5D5FH         LINE#         843
  C:5D76H         LINE#         844
  C:5D76H         LINE#         845
  C:5D91H         LINE#         846
  C:5DA0H         LINE#         847
  C:5DBEH         LINE#         848
  C:5DC7H         LINE#         849
  C:5DD0H         LINE#         850
  C:5DE0H         LINE#         851
  -------         ENDPROC       _PRINT_GROUP
  -------         PROC          _INT_EXCHANGE
  X:0474H         SYMBOL        int1
  X:0477H         SYMBOL        int2
  -------         DO            
  D:0006H         SYMBOL        int_temp
  -------         ENDDO         
  C:6A6AH         LINE#         854
  C:6A75H         LINE#         856
  C:6A7BH         LINE#         857
  C:6A9CH         LINE#         858
  -------         ENDPROC       _INT_EXCHANGE
  -------         PROC          _ERASE_SECTOR
  X:0470H         SYMBOL        start
  X:0472H         SYMBOL        end
  C:59A2H         LINE#         861
  C:59B0H         LINE#         862
  C:59CBH         LINE#         863
  C:59E2H         LINE#         864
  C:59E2H         LINE#         865
  C:59F9H         LINE#         866
  C:5A15H         LINE#         867
  C:5A1EH         LINE#         868
  C:5A44H         LINE#         869
  C:5A4DH         LINE#         870
  C:5A5DH         LINE#         871
  C:5A67H         LINE#         872
  -------         ENDPROC       _ERASE_SECTOR
BL51 BANKED LINKER/LOCATER V6.22                                                      09/15/2018  16:48:44  PAGE 25


  -------         PROC          _DO_GROUP_ONCE
  X:0470H         SYMBOL        group_num
  C:64F0H         LINE#         876
  C:64F8H         LINE#         888
  C:6507H         LINE#         889
  C:6507H         LINE#         891
  C:6507H         LINE#         892
  C:6507H         LINE#         894
  C:6525H         LINE#         895
  C:6525H         LINE#         897
  C:6528H         LINE#         898
  C:654EH         LINE#         899
  -------         ENDPROC       _DO_GROUP_ONCE
  -------         PROC          _ABS_FLOAT
  X:0463H         SYMBOL        value
  C:6AEFH         LINE#         903
  C:6AF5H         LINE#         904
  C:6B0FH         LINE#         905
  C:6B1EH         LINE#         906
  C:6B1EH         LINE#         907
  C:6B2FH         LINE#         908
  -------         ENDPROC       _ABS_FLOAT
  -------         PROC          _DUOJI_INC_HANDLE
  X:0460H         SYMBOL        index
  -------         DO            
  X:0461H         SYMBOL        aim_temp
  -------         ENDDO         
  C:48F1H         LINE#         910
  C:48F6H         LINE#         913
  C:491BH         LINE#         915
  C:4942H         LINE#         917
  C:494CH         LINE#         918
  C:4956H         LINE#         919
  C:4969H         LINE#         920
  C:4970H         LINE#         921
  C:4970H         LINE#         923
  C:49E4H         LINE#         924
  C:4A05H         LINE#         925
  C:4A1AH         LINE#         926
  C:4A1BH         LINE#         927
  C:4A61H         LINE#         928
  C:4A61H         LINE#         929
  C:4A61H         LINE#         930
  -------         ENDPROC       _DUOJI_INC_HANDLE
  -------         PROC          LOOP_ACTION
  C:5542H         LINE#         933
  C:5542H         LINE#         935
  C:5548H         LINE#         936
  C:5550H         LINE#         937
  C:5555H         LINE#         938
  C:5555H         LINE#         940
  C:5567H         LINE#         941
  C:5572H         LINE#         943
  C:5588H         LINE#         944
  C:5594H         LINE#         945
  C:559CH         LINE#         946
  C:55A9H         LINE#         947
BL51 BANKED LINKER/LOCATER V6.22                                                      09/15/2018  16:48:44  PAGE 26


  C:55B7H         LINE#         948
  C:55BEH         LINE#         949
  C:55BEH         LINE#         950
  C:55BEH         LINE#         951
  C:55BEH         LINE#         952
  C:55C0H         LINE#         954
  C:55C0H         LINE#         955
  C:55CEH         LINE#         956
  C:55CFH         LINE#         957
  C:55E3H         LINE#         958
  C:55F2H         LINE#         959
  C:55FCH         LINE#         960
  C:560AH         LINE#         961
  C:5611H         LINE#         962
  C:5616H         LINE#         963
  C:561FH         LINE#         964
  C:561FH         LINE#         965
  C:561FH         LINE#         967
  C:561FH         LINE#         968
  C:562DH         LINE#         969
  C:562DH         LINE#         970
  C:562DH         LINE#         972
  -------         ENDPROC       LOOP_ACTION
  -------         PROC          CHECK_DJ_STATE
  -------         DO            
  X:0460H         SYMBOL        i
  -------         ENDDO         
  C:689BH         LINE#         974
  C:689BH         LINE#         976
  C:68B4H         LINE#         977
  C:68DBH         LINE#         978
  C:68EBH         LINE#         979
  C:68EDH         LINE#         980
  -------         ENDPROC       CHECK_DJ_STATE
  C:2B6EH         SYMBOL        L?0350
  -------         PROC          L?0349
  -------         ENDPROC       L?0349
  C:2B6EH         SYMBOL        L?0350
  -------         PROC          _DO_ACTION
  X:0472H         SYMBOL        uart_receive_buf
  -------         DO            
  X:0475H         SYMBOL        index
  X:0477H         SYMBOL        time
  X:0479H         SYMBOL        i
  X:047BH         SYMBOL        lst_i
  X:047DH         SYMBOL        parse_ok
  X:047FH         SYMBOL        bias
  X:0481H         SYMBOL        pwm
  X:0485H         SYMBOL        aim_temp
  -------         ENDDO         
  C:2B74H         LINE#         982
  C:2B7FH         LINE#         987
  C:2B82H         LINE#         988
  C:2B8BH         LINE#         990
  C:2BE1H         LINE#         991
  C:2C2BH         LINE#         992
  C:2C74H         LINE#         993
BL51 BANKED LINKER/LOCATER V6.22                                                      09/15/2018  16:48:44  PAGE 27


  C:2CA8H         LINE#         994
  C:2CB3H         LINE#         995
  C:2CB7H         LINE#         996
  C:2CC4H         LINE#         997
  C:2CC4H         LINE#         998
  C:2D53H         LINE#         999
  C:2D77H         LINE#         1000
  C:2D94H         LINE#         1001
  C:2D9EH         LINE#         1002
  C:2DBAH         LINE#         1003
  C:2DC4H         LINE#         1004
  C:2DC4H         LINE#         1006
  C:2DEFH         LINE#         1007
  C:2E13H         LINE#         1008
  C:2E2DH         LINE#         1009
  C:2E36H         LINE#         1010
  C:2E3CH         LINE#         1011
  C:2E3DH         LINE#         1013
  C:2E86H         LINE#         1014
  C:2ED1H         LINE#         1015
  C:2EDCH         LINE#         1016
  C:2F17H         LINE#         1017
  C:2F37H         LINE#         1018
  C:2F38H         LINE#         1020
  C:2F38H         LINE#         1023
  C:2F45H         LINE#         1024
  C:2F64H         LINE#         1025
  C:2F68H         LINE#         1026
  C:2F74H         LINE#         1027
  C:2F89H         LINE#         1028
  C:2FA9H         LINE#         1029
  C:2FDCH         LINE#         1030
  C:2FDEH         LINE#         1031
  C:2FFEH         LINE#         1032
  C:3016H         LINE#         1033
  C:303CH         LINE#         1034
  C:3096H         LINE#         1035
  C:3099H         LINE#         1036
  C:30B9H         LINE#         1037
  C:30CDH         LINE#         1038
  C:30EDH         LINE#         1039
  C:3120H         LINE#         1040
  C:3122H         LINE#         1043
  C:3182H         LINE#         1046
  C:31B9H         LINE#         1047
  C:31D8H         LINE#         1048
  C:31D8H         LINE#         1050
  C:321FH         LINE#         1051
  C:3246H         LINE#         1052
  C:326AH         LINE#         1055
  C:327EH         LINE#         1056
  C:32A4H         LINE#         1057
  C:32C8H         LINE#         1058
  C:32E2H         LINE#         1059
  C:32E5H         LINE#         1060
  C:330BH         LINE#         1061
  C:332BH         LINE#         1062
BL51 BANKED LINKER/LOCATER V6.22                                                      09/15/2018  16:48:44  PAGE 28


  C:33C6H         LINE#         1063
  C:33C6H         LINE#         1066
  C:33C6H         LINE#         1068
  C:33C9H         LINE#         1069
  C:33D7H         LINE#         1070
  C:33D7H         LINE#         1071
  C:33DAH         LINE#         1072
  -------         ENDPROC       _DO_ACTION
  -------         PROC          _REPLACE_CHAR
  D:0001H         SYMBOL        str
  D:0005H         SYMBOL        ch1
  X:0469H         SYMBOL        ch2
  C:6ECAH         LINE#         1074
  C:6ECAH         LINE#         1075
  C:6ECFH         LINE#         1076
  C:6ED2H         LINE#         1077
  C:6ED9H         LINE#         1078
  C:6ED9H         LINE#         1079
  C:6EE0H         LINE#         1080
  C:6EE2H         LINE#         1082
  -------         ENDPROC       _REPLACE_CHAR
  -------         PROC          LOOP_VOL_WARNING
  -------         DO            
  X:0429H         SYMBOL        systick_ms_bak
  -------         ENDDO         
  C:6557H         LINE#         1085
  C:6557H         LINE#         1088
  C:6582H         LINE#         1089
  C:658BH         LINE#         1090
  C:6598H         LINE#         1091
  C:65BAH         LINE#         1112
  -------         ENDPROC       LOOP_VOL_WARNING
  -------         PROC          HANDLE_SENSOR
  C:0092H         LINE#         1115
  C:0092H         LINE#         1221
  -------         ENDPROC       HANDLE_SENSOR
  -------         PROC          REWRITE_EEPROM
  C:6E0EH         LINE#         1224
  C:6E0EH         LINE#         1225
  C:6E19H         LINE#         1226
  -------         ENDPROC       REWRITE_EEPROM
  -------         PROC          LOOP_BT_ONCE
  -------         DO            
  X:042DH         SYMBOL        first_change
  X:042EH         SYMBOL        step
  X:042FH         SYMBOL        systick_ms_bak
  -------         ENDDO         
  C:476DH         LINE#         1229
  C:476DH         LINE#         1232
  C:4776H         LINE#         1233
  C:47A7H         LINE#         1234
  C:47B0H         LINE#         1235
  C:47BBH         LINE#         1236
  C:47BEH         LINE#         1237
  C:47C4H         LINE#         1238
  C:47C4H         LINE#         1239
  C:47F9H         LINE#         1240
BL51 BANKED LINKER/LOCATER V6.22                                                      09/15/2018  16:48:44  PAGE 29


  C:4802H         LINE#         1241
  C:480DH         LINE#         1242
  C:480DH         LINE#         1243
  C:4842H         LINE#         1244
  C:484BH         LINE#         1245
  C:4854H         LINE#         1246
  C:4854H         LINE#         1247
  C:4888H         LINE#         1248
  C:4891H         LINE#         1249
  C:489AH         LINE#         1250
  C:48A0H         LINE#         1251
  C:48D3H         LINE#         1252
  C:48DCH         LINE#         1253
  C:48E5H         LINE#         1254
  C:48EBH         LINE#         1255
  C:48F0H         LINE#         1256
  C:48F0H         LINE#         1257
  C:48F0H         LINE#         1258
  -------         ENDPROC       LOOP_BT_ONCE
  -------         PROC          SOFT_RESET
  C:0096H         LINE#         1260
  C:0096H         LINE#         1261
  C:0099H         LINE#         1262
  -------         ENDPROC       SOFT_RESET
  -------         ENDMOD        Z_MAIN

  -------         MODULE        Z_ADC
  C:0000H         SYMBOL        _ICE_DUMMY_
  C:6F40H         PUBLIC        _adc_init
  C:6DBFH         PUBLIC        _adc_read
  D:00BCH         PUBLIC        ADC_CONTR
  D:00BDH         PUBLIC        ADC_RES
  D:00BEH         PUBLIC        ADC_LOW2
  D:009DH         PUBLIC        P1ASF
  -------         PROC          _ADC_INIT
  D:0007H         SYMBOL        ch
  C:6F40H         LINE#         16
  C:6F40H         LINE#         17
  C:6F4DH         LINE#         18
  C:6F50H         LINE#         19
  C:6F53H         LINE#         20
  C:6F54H         LINE#         21
  -------         ENDPROC       _ADC_INIT
  -------         PROC          _ADC_READ
  D:0006H         SYMBOL        ch
  C:6DBFH         LINE#         23
  C:6DC1H         LINE#         24
  C:6DC4H         LINE#         25
  C:6DC9H         LINE#         26
  C:6DCAH         LINE#         27
  C:6DCBH         LINE#         28
  C:6DCCH         LINE#         29
  C:6DCDH         LINE#         30
  C:6DD2H         LINE#         31
  C:6DD5H         LINE#         33
  C:6DE6H         LINE#         36
  -------         ENDPROC       _ADC_READ
BL51 BANKED LINKER/LOCATER V6.22                                                      09/15/2018  16:48:44  PAGE 30


  -------         ENDMOD        Z_ADC

  -------         MODULE        Z_DELAY
  C:0000H         SYMBOL        _ICE_DUMMY_
  C:7037H         PUBLIC        _delay
  C:6FBAH         PUBLIC        _udelay
  C:6E57H         PUBLIC        _mdelay
  -------         PROC          _DELAY
  D:0006H         SYMBOL        t
  C:7037H         LINE#         3
  C:7037H         LINE#         5
  C:7041H         LINE#         7
  -------         ENDPROC       _DELAY
  -------         PROC          _UDELAY
  D:0006H         SYMBOL        t
  -------         DO            
  D:0005H         SYMBOL        i
  -------         ENDDO         
  C:6FBAH         LINE#         9
  C:6FBAH         LINE#         11
  C:6FC4H         LINE#         12
  C:6FC6H         LINE#         13
  C:6FCCH         LINE#         15
  -------         ENDPROC       _UDELAY
  -------         PROC          _MDELAY
  D:0006H         SYMBOL        t
  -------         DO            
  D:0004H         SYMBOL        i
  D:0002H         SYMBOL        j
  -------         ENDDO         
  C:6E57H         LINE#         17
  C:6E57H         LINE#         19
  C:6E61H         LINE#         20
  C:6E6FH         LINE#         21
  C:6E76H         LINE#         22
  -------         ENDPROC       _MDELAY
  -------         ENDMOD        Z_DELAY

  -------         MODULE        Z_GLOBAL
  C:0000H         SYMBOL        _ICE_DUMMY_
  D:00D0H         PUBLIC        PSW
  D:0080H         PUBLIC        P0
  D:0090H         PUBLIC        P1
  D:00A0H         PUBLIC        P2
  D:00B0H         PUBLIC        P3
  D:00C0H         PUBLIC        P4
  D:00C8H         PUBLIC        P5
  D:00E8H         PUBLIC        P6
  D:00F8H         PUBLIC        P7
  D:00A8H         PUBLIC        IE
  D:00B8H         PUBLIC        IP
  D:0088H         PUBLIC        TCON
  D:0098H         PUBLIC        SCON
  D:00D8H         PUBLIC        CCON
  X:0000H         PUBLIC        duoji_doing
  X:0070H         PUBLIC        eeprom_info
  X:0130H         PUBLIC        uart_receive_buf
BL51 BANKED LINKER/LOCATER V6.22                                                      09/15/2018  16:48:44  PAGE 31


  X:0334H         PUBLIC        uart1_get_ok
  X:0335H         PUBLIC        uart1_mode
  X:0336H         PUBLIC        uart_receive_buf_index
  X:0337H         PUBLIC        cmd_return
  X:039BH         PUBLIC        timer1_flag_dj
  X:039CH         PUBLIC        duoji_index1
  X:039DH         PUBLIC        smart_mode
  X:039EH         PUBLIC        group_do_ok
  X:039FH         PUBLIC        csb_cnt
  C:68EEH         PUBLIC        global_init
  C:5211H         PUBLIC        _str_contain_str
  C:6F6AH         PUBLIC        _abs_int
  C:4D2CH         PUBLIC        _selection_sort
  -------         PROC          GLOBAL_INIT
  -------         DO            
  D:0003H         SYMBOL        i
  -------         ENDDO         
  C:68EEH         LINE#         16
  C:68EEH         LINE#         19
  C:68F0H         LINE#         20
  C:6905H         LINE#         21
  C:691AH         LINE#         22
  C:692FH         LINE#         23
  C:6934H         LINE#         25
  C:6939H         LINE#         26
  C:693BH         LINE#         27
  C:693DH         LINE#         29
  -------         ENDPROC       GLOBAL_INIT
  -------         PROC          _STR_CONTAIN_STR
  X:0470H         SYMBOL        str
  X:0473H         SYMBOL        str2
  -------         DO            
  X:0476H         SYMBOL        str_temp
  X:0479H         SYMBOL        str_temp2
  -------         ENDDO         
  C:5211H         LINE#         31
  C:521CH         LINE#         33
  C:5227H         LINE#         34
  C:523CH         LINE#         35
  C:5250H         LINE#         36
  C:5264H         LINE#         37
  C:5274H         LINE#         38
  C:529CH         LINE#         39
  C:52D7H         LINE#         40
  C:52ECH         LINE#         41
  C:52ECH         LINE#         42
  C:52ECH         LINE#         43
  C:52ECH         LINE#         44
  C:52FFH         LINE#         45
  C:5319H         LINE#         46
  C:5319H         LINE#         48
  C:5319H         LINE#         49
  C:5323H         LINE#         50
  C:5323H         LINE#         51
  C:5326H         LINE#         52
  C:5329H         LINE#         53
  -------         ENDPROC       _STR_CONTAIN_STR
BL51 BANKED LINKER/LOCATER V6.22                                                      09/15/2018  16:48:44  PAGE 32


  -------         PROC          _SELECTION_SORT
  D:0001H         SYMBOL        a
  X:0465H         SYMBOL        len
  -------         DO            
  X:0467H         SYMBOL        i
  X:0469H         SYMBOL        j
  X:046BH         SYMBOL        mi
  X:046DH         SYMBOL        t
  -------         ENDDO         
  C:4D2CH         LINE#         55
  C:4D34H         LINE#         57
  C:4D5DH         LINE#         58
  C:4D6AH         LINE#         59
  C:4D92H         LINE#         60
  C:4DC2H         LINE#         61
  C:4DCFH         LINE#         62
  C:4DCFH         LINE#         63
  C:4DDFH         LINE#         65
  C:4DF6H         LINE#         66
  C:4E0DH         LINE#         67
  C:4E38H         LINE#         68
  C:4E56H         LINE#         69
  C:4E56H         LINE#         70
  C:4E6AH         LINE#         71
  -------         ENDPROC       _SELECTION_SORT
  -------         PROC          _ABS_INT
  D:0006H         SYMBOL        int1
  C:6F6AH         LINE#         74
  C:6F6AH         LINE#         75
  C:6F76H         LINE#         76
  C:6F7DH         LINE#         77
  -------         ENDPROC       _ABS_INT
  -------         ENDMOD        Z_GLOBAL

  -------         MODULE        Z_GPIO
  C:0000H         SYMBOL        _ICE_DUMMY_
  D:00D0H         PUBLIC        PSW
  D:0080H         PUBLIC        P0
  D:0090H         PUBLIC        P1
  D:00A0H         PUBLIC        P2
  D:00B0H         PUBLIC        P3
  D:00C0H         PUBLIC        P4
[...]
  C:4F28H         LINE#         275
  C:4F28H         LINE#         276
  C:4F28H         LINE#         277
  C:4F28H         LINE#         278
  C:4F35H         LINE#         279
  C:4F43H         LINE#         280
  C:4F43H         LINE#         281
  C:4F43H         LINE#         282
  C:4F53H         LINE#         283
  C:4F61H         LINE#         284
  C:4F61H         LINE#         285
  C:4F61H         LINE#         286
  C:4F71H         LINE#         287
  C:4F83H         LINE#         288
  C:4F88H         LINE#         289
  C:4F8FH         LINE#         290
  C:4F8FH         LINE#         292
  C:4F9CH         LINE#         294
  C:4F9CH         LINE#         300
  -------         ENDPROC       UART2_INT
  -------         PROC          UART4
  -------         DO            
  X:04ABH         SYMBOL        buf_index
  X:04ADH         SYMBOL        sbuf_bak
  -------         ENDDO         
  C:4FA7H         LINE#         305
  C:4FB4H         LINE#         308
  C:4FBCH         LINE#         309
  C:4FBFH         LINE#         310
  C:4FC5H         LINE#         314
  C:4FCEH         LINE#         316
  C:4FD5H         LINE#         317
  C:4FDBH         LINE#         318
  C:4FE2H         LINE#         319
  C:4FEBH         LINE#         320
  C:4FF3H         LINE#         321
  C:4FFBH         LINE#         322
  C:5001H         LINE#         323
  C:5007H         LINE#         324
BL51 BANKED LINKER/LOCATER V6.22                                                      09/15/2018  16:48:44  PAGE 55


  C:500DH         LINE#         325
  C:5013H         LINE#         326
  C:5019H         LINE#         327
  C:501FH         LINE#         328
  C:5025H         LINE#         329
  C:5025H         LINE#         330
  C:502CH         LINE#         331
  C:502CH         LINE#         333
  C:5049H         LINE#         335
  C:5051H         LINE#         337
  C:5056H         LINE#         339
  C:5064H         LINE#         340
  C:5064H         LINE#         341
  C:5064H         LINE#         342
  C:5064H         LINE#         343
  C:5071H         LINE#         344
  C:507FH         LINE#         345
  C:507FH         LINE#         346
  C:507FH         LINE#         347
  C:508FH         LINE#         348
  C:509DH         LINE#         349
  C:509DH         LINE#         350
  C:509DH         LINE#         351
  C:50ADH         LINE#         352
  C:50BFH         LINE#         353
  C:50C4H         LINE#         354
  C:50CBH         LINE#         355
  C:50CBH         LINE#         357
  C:50D8H         LINE#         358
  C:50D8H         LINE#         364
  -------         ENDPROC       UART4
  -------         ENDMOD        Z_UART

  -------         MODULE        Z_W25Q64
  C:0000H         SYMBOL        _ICE_DUMMY_
  D:00D0H         PUBLIC        PSW
  D:0080H         PUBLIC        P0
  D:0090H         PUBLIC        P1
  D:00A0H         PUBLIC        P2
  D:00B0H         PUBLIC        P3
  D:00C0H         PUBLIC        P4
  D:00C8H         PUBLIC        P5
  D:00E8H         PUBLIC        P6
  D:00F8H         PUBLIC        P7
  D:0092H         PUBLIC        P1M0
  D:0091H         PUBLIC        P1M1
  D:00B4H         PUBLIC        P4M0
  D:00B3H         PUBLIC        P4M1
  D:00A8H         PUBLIC        IE
  D:00B8H         PUBLIC        IP
  D:0088H         PUBLIC        TCON
  D:0098H         PUBLIC        SCON
  D:00CDH         PUBLIC        SPSTAT
  D:00CEH         PUBLIC        SPCTL
  D:00CFH         PUBLIC        SPDAT
  D:00D8H         PUBLIC        CCON
  C:6FDFH         PUBLIC        SpiMasterInit
BL51 BANKED LINKER/LOCATER V6.22                                                      09/15/2018  16:48:44  PAGE 56


  C:6E88H         PUBLIC        _SpiWriteRead
  B:00C0H.0       PUBLIC        P4_0
  C:7061H         PUBLIC        SpiFlashInit
  C:6D95H         PUBLIC        SpiFlashReadID
  C:701CH         PUBLIC        SpiFlashReadSR
  C:704DH         PUBLIC        SpiFlashWriteEnable
  C:562EH         PUBLIC        _SpiFlashWriteNoCheck
  C:65BBH         PUBLIC        _SpiFlashRead
  C:6CB7H         PUBLIC        _SpiFlashWrite
  C:6488H         PUBLIC        _SpiFlashEraseSector
  C:706AH         PUBLIC        SpiFlashWaitBusy
  C:6319H         PUBLIC        _SpiFlashWritePage
  -------         PROC          SPIMASTERINIT
  C:6FDFH         LINE#         27
  C:6FDFH         LINE#         28
  C:6FDFH         LINE#         42
  C:6FE2H         LINE#         43
  C:6FE5H         LINE#         44
  C:6FE8H         LINE#         45
  C:6FEBH         LINE#         50
  C:6FEEH         LINE#         54
  -------         ENDPROC       SPIMASTERINIT
  -------         PROC          L?0033
  -------         ENDPROC       L?0033
  -------         PROC          _SPIWRITEREAD
  D:0007H         SYMBOL        d
  C:6E88H         LINE#         103
  C:6E88H         LINE#         104
  C:6E88H         LINE#         105
  C:6E8AH         LINE#         106
  C:6E8FH         LINE#         107
  C:6E92H         LINE#         108
  C:6E94H         LINE#         109
  -------         ENDPROC       _SPIWRITEREAD
  -------         PROC          SPIFLASHINIT
  C:7061H         LINE#         144
  C:7061H         LINE#         145
  C:7061H         LINE#         147
  C:7064H         LINE#         148
  C:7067H         LINE#         150
  -------         ENDPROC       SPIFLASHINIT
  -------         PROC          SPIFLASHREADSR
  -------         DO            
  D:0007H         SYMBOL        rt
  -------         ENDDO         
  C:701CH         LINE#         165
  C:701CH         LINE#         166
  C:701CH         LINE#         167
  C:701CH         LINE#         168
  C:701EH         LINE#         169
  C:7023H         LINE#         170
  C:7028H         LINE#         171
  C:702AH         LINE#         172
  C:702AH         LINE#         173
  -------         ENDPROC       SPIFLASHREADSR
  -------         PROC          SPIFLASHWRITEENABLE
  C:704DH         LINE#         195
BL51 BANKED LINKER/LOCATER V6.22                                                      09/15/2018  16:48:44  PAGE 57


  C:704DH         LINE#         196
  C:704DH         LINE#         197
  C:704FH         LINE#         198
  C:7054H         LINE#         199
  C:7056H         LINE#         200
  -------         ENDPROC       SPIFLASHWRITEENABLE
  -------         PROC          SPIFLASHREADID
  -------         DO            
  D:0004H         SYMBOL        Temp
  -------         ENDDO         
  C:6D95H         LINE#         224
  C:6D95H         LINE#         225
  C:6D95H         LINE#         226
  C:6D98H         LINE#         227
  C:6D9AH         LINE#         228
  C:6D9FH         LINE#         229
  C:6DA4H         LINE#         230
  C:6DA9H         LINE#         231
  C:6DAEH         LINE#         232
  C:6DB5H         LINE#         233
  C:6DBAH         LINE#         234
  C:6DBCH         LINE#         235
  C:6DBEH         LINE#         236
  -------         ENDPROC       SPIFLASHREADID
  -------         PROC          _SPIFLASHREAD
  X:0474H         SYMBOL        pBuffer
  X:0477H         SYMBOL        ReadAddr
  X:047BH         SYMBOL        NumByteToRead
  -------         DO            
  D:0004H         SYMBOL        i
  -------         ENDDO         
  C:65BBH         LINE#         245
  C:65CAH         LINE#         246
  C:65CAH         LINE#         248
  C:65CCH         LINE#         249
  C:65D1H         LINE#         250
  C:65D6H         LINE#         251
  C:65DBH         LINE#         252
  C:65ECH         LINE#         254
  C:65FCH         LINE#         255
  C:65FCH         LINE#         256
  C:6614H         LINE#         257
  C:661BH         LINE#         259
  C:661DH         LINE#         260
  -------         ENDPROC       _SPIFLASHREAD
  -------         PROC          _SPIFLASHWRITEPAGE
  X:0470H         SYMBOL        pBuffer
  X:0473H         SYMBOL        WriteAddr
  X:0477H         SYMBOL        NumByteToWrite
  -------         DO            
  D:0004H         SYMBOL        i
  -------         ENDDO         
  C:6319H         LINE#         269
  C:6328H         LINE#         270
  C:6328H         LINE#         273
  C:632BH         LINE#         274
  C:632DH         LINE#         276
BL51 BANKED LINKER/LOCATER V6.22                                                      09/15/2018  16:48:44  PAGE 58


  C:6332H         LINE#         277
  C:6348H         LINE#         278
  C:635EH         LINE#         279
  C:6369H         LINE#         281
  C:6396H         LINE#         283
  C:6398H         LINE#         284
  -------         ENDPROC       _SPIFLASHWRITEPAGE
  -------         PROC          _SPIFLASHWRITENOCHECK
  X:0465H         SYMBOL        pBuffer
  X:0468H         SYMBOL        WriteAddr
  X:046CH         SYMBOL        NumByteToWrite
  -------         DO            
  X:046EH         SYMBOL        pageremain
  -------         ENDDO         
  C:562EH         LINE#         298
  C:563DH         LINE#         299
  C:563DH         LINE#         301
  C:5655H         LINE#         302
  C:5669H         LINE#         304
  C:5669H         LINE#         305
  C:5669H         LINE#         306
  C:5694H         LINE#         307
  C:56A9H         LINE#         309
  C:56A9H         LINE#         310
  C:56BAH         LINE#         311
  C:56DDH         LINE#         313
  C:56F6H         LINE#         314
  C:5708H         LINE#         315
  C:5715H         LINE#         316
  C:5715H         LINE#         317
  -------         ENDPROC       _SPIFLASHWRITENOCHECK
  -------         PROC          _SPIFLASHWRITE
  D:0001H         SYMBOL        pBuffer
  X:04B7H         SYMBOL        WriteAddr
  X:04BBH         SYMBOL        NumByteToWrite
  -------         DO            
  X:04BDH         SYMBOL        secpos
  -------         ENDDO         
  C:6CB7H         LINE#         329
  C:6CBDH         LINE#         330
  C:6CBDH         LINE#         331
  C:6CC7H         LINE#         334
  -------         ENDPROC       _SPIFLASHWRITE
  -------         PROC          _SPIFLASHERASESECTOR
  X:0474H         SYMBOL        Dst_Addr
  C:6488H         LINE#         357
  C:648EH         LINE#         358
  C:648EH         LINE#         360
  C:64A7H         LINE#         361
  C:64AAH         LINE#         362
  C:64ADH         LINE#         363
  C:64AFH         LINE#         364
  C:64B4H         LINE#         365
  C:64CAH         LINE#         366
  C:64E0H         LINE#         367
  C:64EBH         LINE#         368
  C:64EDH         LINE#         369
BL51 BANKED LINKER/LOCATER V6.22                                                      09/15/2018  16:48:44  PAGE 59


  -------         ENDPROC       _SPIFLASHERASESECTOR
  -------         PROC          SPIFLASHWAITBUSY
  C:706AH         LINE#         377
  C:706AH         LINE#         378
  C:706AH         LINE#         379
  C:7071H         LINE#         380
  -------         ENDPROC       SPIFLASHWAITBUSY
  -------         ENDMOD        Z_W25Q64

  -------         MODULE        ?C?FPADD
  C:152FH         PUBLIC        ?C?FPADD
  C:152BH         PUBLIC        ?C?FPSUB
  -------         ENDMOD        ?C?FPADD

  -------         MODULE        ?C?FPMUL
  C:1620H         PUBLIC        ?C?FPMUL
  -------         ENDMOD        ?C?FPMUL

  -------         MODULE        ?C?FPDIV
  C:1729H         PUBLIC        ?C?FPDIV
  -------         ENDMOD        ?C?FPDIV

  -------         MODULE        ?C?FPCMP
  C:17C8H         PUBLIC        ?C?FPCMP
  C:17C6H         PUBLIC        ?C?FPCMP3
  -------         ENDMOD        ?C?FPCMP

  -------         MODULE        ?C?FPNEG
  C:183FH         PUBLIC        ?C?FPNEG
  -------         ENDMOD        ?C?FPNEG

  -------         MODULE        ?C?FCAST
  C:185AH         PUBLIC        ?C?FCASTC
  C:1855H         PUBLIC        ?C?FCASTI
  C:1850H         PUBLIC        ?C?FCASTL
  -------         ENDMOD        ?C?FCAST

  -------         MODULE        ?C?CASTF
  C:188EH         PUBLIC        ?C?CASTF
  -------         ENDMOD        ?C?CASTF

  -------         MODULE        PRINTF
  X:0474H         PUBLIC        ?_PRINTF?BYTE
  X:0474H         PUBLIC        ?_SPRINTF?BYTE
  C:3446H         PUBLIC        _PRINTF
  C:3440H         PUBLIC        _SPRINTF
  -------         ENDMOD        PRINTF

  -------         MODULE        SCANF
  X:0470H         PUBLIC        ?_SCANF?BYTE
  X:0470H         PUBLIC        ?_SSCANF?BYTE
  C:38EBH         PUBLIC        _SCANF
  C:38E7H         PUBLIC        _SSCANF
  -------         ENDMOD        SCANF

  -------         MODULE        ?C?FPROUND
  C:190FH         PUBLIC        ?C?FPROUND
BL51 BANKED LINKER/LOCATER V6.22                                                      09/15/2018  16:48:44  PAGE 60


  -------         ENDMOD        ?C?FPROUND

  -------         MODULE        ?C?FPCONVERT
  C:194CH         PUBLIC        ?C?FPCONVERT
  -------         ENDMOD        ?C?FPCONVERT

  -------         MODULE        ?C?FTNPWR
  C:1A81H         PUBLIC        ?C?FTNPWR
  -------         ENDMOD        ?C?FTNPWR

  -------         MODULE        ?C?COPY
  C:1B91H         PUBLIC        ?C?COPY
  -------         ENDMOD        ?C?COPY

  -------         MODULE        ?C?CLDPTR
  C:1BB7H         PUBLIC        ?C?CLDPTR
  -------         ENDMOD        ?C?CLDPTR

  -------         MODULE        ?C?CLDOPTR
  C:1BD0H         PUBLIC        ?C?CLDOPTR
  -------         ENDMOD        ?C?CLDOPTR

  -------         MODULE        ?C?CSTPTR
  C:1BFDH         PUBLIC        ?C?CSTPTR
  -------         ENDMOD        ?C?CSTPTR

  -------         MODULE        ?C?CSTOPTR
  C:1C0FH         PUBLIC        ?C?CSTOPTR
  -------         ENDMOD        ?C?CSTOPTR

  -------         MODULE        ?C?IMUL
  C:1C31H         PUBLIC        ?C?IMUL
  -------         ENDMOD        ?C?IMUL

  -------         MODULE        ?C?SIDIV
  C:1C43H         PUBLIC        ?C?SIDIV
  -------         ENDMOD        ?C?SIDIV

  -------         MODULE        ?C?IILDX
  C:1C79H         PUBLIC        ?C?IILDX
  -------         ENDMOD        ?C?IILDX

  -------         MODULE        ?C?ILDIX
  C:1C8FH         PUBLIC        ?C?ILDIX
  -------         ENDMOD        ?C?ILDIX

  -------         MODULE        ?C?ILDPTR
  C:1CA5H         PUBLIC        ?C?ILDPTR
  -------         ENDMOD        ?C?ILDPTR

  -------         MODULE        ?C?ILDOPTR
  C:1CD0H         PUBLIC        ?C?ILDOPTR
  -------         ENDMOD        ?C?ILDOPTR

  -------         MODULE        ?C?ISTPTR
  C:1D08H         PUBLIC        ?C?ISTPTR
  -------         ENDMOD        ?C?ISTPTR
BL51 BANKED LINKER/LOCATER V6.22                                                      09/15/2018  16:48:44  PAGE 61



  -------         MODULE        ?C?ISTOPTR
  C:1D27H         PUBLIC        ?C?ISTOPTR
  -------         ENDMOD        ?C?ISTOPTR

  -------         MODULE        ?C?LMUL
  C:1D54H         PUBLIC        ?C?LMUL
  -------         ENDMOD        ?C?LMUL

  -------         MODULE        ?C?ULDIV
  C:1DDFH         PUBLIC        ?C?ULDIV
  -------         ENDMOD        ?C?ULDIV

  -------         MODULE        ?C?LNEG
  C:1E71H         PUBLIC        ?C?LNEG
  -------         ENDMOD        ?C?LNEG

  -------         MODULE        ?C?ULCMP
  C:1E7FH         PUBLIC        ?C?ULCMP
  -------         ENDMOD        ?C?ULCMP

  -------         MODULE        ?C?ULSHR
  C:1E90H         PUBLIC        ?C?ULSHR
  -------         ENDMOD        ?C?ULSHR

  -------         MODULE        ?C?LSHL
  C:1EA3H         PUBLIC        ?C?LSHL
  -------         ENDMOD        ?C?LSHL

  -------         MODULE        ?C?LSTPTR
  C:1EB6H         PUBLIC        ?C?LSTPTR
  -------         ENDMOD        ?C?LSTPTR

  -------         MODULE        ?C?LSTXDATA
  C:1ED0H         PUBLIC        ?C?LSTXDATA
  -------         ENDMOD        ?C?LSTXDATA

  -------         MODULE        ?C?LSTKXDATA
  C:1EDCH         PUBLIC        ?C?LSTKXDATA
  -------         ENDMOD        ?C?LSTKXDATA

  -------         MODULE        ?C?OFFXADD
  C:1F0DH         PUBLIC        ?C?OFFXADD
  -------         ENDMOD        ?C?OFFXADD

  -------         MODULE        ?C?PLDXDATA
  C:1F19H         PUBLIC        ?C?PLDXDATA
  -------         ENDMOD        ?C?PLDXDATA

  -------         MODULE        ?C?PLDIXDATA
  C:1F22H         PUBLIC        ?C?PLDIXDATA
  -------         ENDMOD        ?C?PLDIXDATA

  -------         MODULE        ?C?PILDXDATA
  C:1F39H         PUBLIC        ?C?PILDXDATA
  -------         ENDMOD        ?C?PILDXDATA

BL51 BANKED LINKER/LOCATER V6.22                                                      09/15/2018  16:48:44  PAGE 62


  -------         MODULE        ?C?PSTXDATA
  C:1F50H         PUBLIC        ?C?PSTXDATA
  -------         ENDMOD        ?C?PSTXDATA

  -------         MODULE        ?C?CCASE
  C:1F59H         PUBLIC        ?C?CCASE
  -------         ENDMOD        ?C?CCASE

  -------         MODULE        PUTCHAR
  C:6DE7H         PUBLIC        _PUTCHAR
  -------         ENDMOD        PUTCHAR

  -------         MODULE        GETCHAR
  B:0021H.3       PUBLIC        ?C?CHARLOADED
  X:04C6H         PUBLIC        ?_UNGETCHAR?BYTE
  C:6F92H         PUBLIC        GETCHAR
  -------         ENDMOD        GETCHAR

  -------         MODULE        UNGETC
  C:7072H         PUBLIC        _UNGETCHAR
  -------         ENDMOD        UNGETC

  -------         MODULE        ISSPACE
  C:6FA6H         PUBLIC        _isspace
  -------         ENDMOD        ISSPACE

  -------         MODULE        ?C?STRCPY
  C:204BH         PUBLIC        ?C?STRCPY
  -------         ENDMOD        ?C?STRCPY

  -------         MODULE        STRLEN
  C:6F55H         PUBLIC        _STRLEN
  -------         ENDMOD        STRLEN

  -------         MODULE        ?C?MEMSET
  C:2068H         PUBLIC        ?C?MEMSET
  -------         ENDMOD        ?C?MEMSET

  -------         MODULE        ?C?UIDIV
  C:2094H         PUBLIC        ?C?UIDIV
  -------         ENDMOD        ?C?UIDIV

  -------         MODULE        ?C?LSTIDATA
  C:20E9H         PUBLIC        ?C?LSTIDATA
  -------         ENDMOD        ?C?LSTIDATA

  -------         MODULE        ?C?LSTPDATA
  C:20F5H         PUBLIC        ?C?LSTPDATA
  -------         ENDMOD        ?C?LSTPDATA

  -------         MODULE        _GETKEY
  C:7057H         PUBLIC        _GETKEY
  -------         ENDMOD        _GETKEY

*** WARNING L16: UNCALLED SEGMENT, IGNORED FOR OVERLAY PROCESS
    SEGMENT: ?PR?HANDLE_UART?Z_MAIN

BL51 BANKED LINKER/LOCATER V6.22                                                      09/15/2018  16:48:44  PAGE 63


*** WARNING L16: UNCALLED SEGMENT, IGNORED FOR OVERLAY PROCESS
    SEGMENT: ?PR?LOOP_VOL_WARNING?Z_MAIN

*** WARNING L16: UNCALLED SEGMENT, IGNORED FOR OVERLAY PROCESS
    SEGMENT: ?PR?HANDLE_SENSOR?Z_MAIN

*** WARNING L16: UNCALLED SEGMENT, IGNORED FOR OVERLAY PROCESS
    SEGMENT: ?PR?_UDELAY?Z_DELAY

*** WARNING L16: UNCALLED SEGMENT, IGNORED FOR OVERLAY PROCESS
    SEGMENT: ?PR?_ABS_INT?Z_GLOBAL

*** WARNING L16: UNCALLED SEGMENT, IGNORED FOR OVERLAY PROCESS
    SEGMENT: ?PR?UART1_CLOSE?Z_UART

*** WARNING L16: UNCALLED SEGMENT, IGNORED FOR OVERLAY PROCESS
    SEGMENT: ?PR?UART2_CLOSE?Z_UART

*** WARNING L16: UNCALLED SEGMENT, IGNORED FOR OVERLAY PROCESS
    SEGMENT: ?PR?UART4_CLOSE?Z_UART

*** WARNING L16: UNCALLED SEGMENT, IGNORED FOR OVERLAY PROCESS
    SEGMENT: ?PR?_SPIFLASHWRITE?Z_W25Q64

Program Size: data=29.4 xdata=1223 code=28857
LINK/LOCATE RUN COMPLETE.  9 WARNING(S),  0 ERROR(S)
