BL51 BANKED LINKER/LOCATER V6.22                                                        09/20/2018  15:06:26  PAGE 1


BL51 BANKED LINKER/LOCATER V6.22, INVOKED BY:
D:\KEIL_V5\C51\BIN\BL51.EXE .\obj\z_main.obj, .\obj\z_adc.obj, .\obj\z_delay.obj, .\obj\z_global.obj, .\obj\z_gpio.obj, 
>> .\obj\z_ps2.obj, .\obj\z_pwm.obj, .\obj\z_sensor.obj, .\obj\z_timer.obj, .\obj\z_uart.obj, .\obj\z_w25q64.obj TO .\ob
>> j\51_duoji20180919 PRINT (.\lst\51_duoji20180919.m51)


MEMORY MODEL: LARGE WITH FLOATING POINT ARITHMETIC


INPUT MODULES INCLUDED:
  .\obj\z_main.obj (Z_MAIN)
  .\obj\z_adc.obj (Z_ADC)
  .\obj\z_delay.obj (Z_DELAY)
  .\obj\z_global.obj (Z_GLOBAL)
  .\obj\z_gpio.obj (Z_GPIO)
  .\obj\z_ps2.obj (Z_PS2)
  .\obj\z_pwm.obj (Z_PWM)
  .\obj\z_sensor.obj (Z_SENSOR)
  .\obj\z_timer.obj (Z_TIMER)
  .\obj\z_uart.obj (Z_UART)
  .\obj\z_w25q64.obj (Z_W25Q64)
  D:\KEIL_V5\C51\LIB\C51FPL.LIB (?C?FPADD)
  D:\KEIL_V5\C51\LIB\C51FPL.LIB (?C?FPMUL)
  D:\KEIL_V5\C51\LIB\C51FPL.LIB (?C?FPDIV)
  D:\KEIL_V5\C51\LIB\C51FPL.LIB (?C?FPCMP)
  D:\KEIL_V5\C51\LIB\C51FPL.LIB (?C?FPNEG)
  D:\KEIL_V5\C51\LIB\C51FPL.LIB (?C?FCAST)
  D:\KEIL_V5\C51\LIB\C51FPL.LIB (?C?CASTF)
  D:\KEIL_V5\C51\LIB\C51FPL.LIB (PRINTF)
  D:\KEIL_V5\C51\LIB\C51FPL.LIB (SCANF)
  D:\KEIL_V5\C51\LIB\C51FPL.LIB (?C?FPGETOPN)
  D:\KEIL_V5\C51\LIB\C51FPL.LIB (?C?FPROUND)
  D:\KEIL_V5\C51\LIB\C51FPL.LIB (?C?FPCONVERT)
  D:\KEIL_V5\C51\LIB\C51FPL.LIB (?C?ATOF)
  D:\KEIL_V5\C51\LIB\C51FPL.LIB (?C?FTNPWR)
  D:\KEIL_V5\C51\LIB\C51L.LIB (?C_STARTUP)
  D:\KEIL_V5\C51\LIB\C51L.LIB (?C?COPY)
  D:\KEIL_V5\C51\LIB\C51L.LIB (?C?CLDPTR)
  D:\KEIL_V5\C51\LIB\C51L.LIB (?C?CLDOPTR)
  D:\KEIL_V5\C51\LIB\C51L.LIB (?C?CSTPTR)
  D:\KEIL_V5\C51\LIB\C51L.LIB (?C?CSTOPTR)
  D:\KEIL_V5\C51\LIB\C51L.LIB (?C?IMUL)
  D:\KEIL_V5\C51\LIB\C51L.LIB (?C?SIDIV)
  D:\KEIL_V5\C51\LIB\C51L.LIB (?C?IILDX)
  D:\KEIL_V5\C51\LIB\C51L.LIB (?C?ILDIX)
  D:\KEIL_V5\C51\LIB\C51L.LIB (?C?ILDPTR)
  D:\KEIL_V5\C51\LIB\C51L.LIB (?C?ILDOPTR)
  D:\KEIL_V5\C51\LIB\C51L.LIB (?C?ISTPTR)
  D:\KEIL_V5\C51\LIB\C51L.LIB (?C?ISTOPTR)
  D:\KEIL_V5\C51\LIB\C51L.LIB (?C?LMUL)
  D:\KEIL_V5\C51\LIB\C51L.LIB (?C?ULDIV)
  D:\KEIL_V5\C51\LIB\C51L.LIB (?C?LNEG)
  D:\KEIL_V5\C51\LIB\C51L.LIB (?C?ULCMP)
  D:\KEIL_V5\C51\LIB\C51L.LIB (?C?ULSHR)
  D:\KEIL_V5\C51\LIB\C51L.LIB (?C?LSHL)
  D:\KEIL_V5\C51\LIB\C51L.LIB (?C?LSTPTR)
  D:\KEIL_V5\C51\LIB\C51L.LIB (?C?LSTXDATA)
  D:\KEIL_V5\C51\LIB\C51L.LIB (?C?LSTKXDATA)
BL51 BANKED LINKER/LOCATER V6.22                                                      09/20/2018  15:06:26  PAGE 2


  D:\KEIL_V5\C51\LIB\C51L.LIB (?C?OFFXADD)
  D:\KEIL_V5\C51\LIB\C51L.LIB (?C?PLDXDATA)
  D:\KEIL_V5\C51\LIB\C51L.LIB (?C?PLDIXDATA)
  D:\KEIL_V5\C51\LIB\C51L.LIB (?C?PILDXDATA)
  D:\KEIL_V5\C51\LIB\C51L.LIB (?C?PSTXDATA)
  D:\KEIL_V5\C51\LIB\C51L.LIB (?C?CCASE)
  D:\KEIL_V5\C51\LIB\C51L.LIB (PUTCHAR)
  D:\KEIL_V5\C51\LIB\C51L.LIB (GETCHAR)
  D:\KEIL_V5\C51\LIB\C51L.LIB (UNGETC)
  D:\KEIL_V5\C51\LIB\C51L.LIB (ISSPACE)
  D:\KEIL_V5\C51\LIB\C51L.LIB (?C?STRCPY)
  D:\KEIL_V5\C51\LIB\C51L.LIB (STRLEN)
  D:\KEIL_V5\C51\LIB\C51L.LIB (?C?MEMSET)
  D:\KEIL_V5\C51\LIB\C51L.LIB (?C_INIT)
  D:\KEIL_V5\C51\LIB\C51L.LIB (?C?UIDIV)
  D:\KEIL_V5\C51\LIB\C51L.LIB (?C?LSTIDATA)
  D:\KEIL_V5\C51\LIB\C51L.LIB (?C?LSTPDATA)
  D:\KEIL_V5\C51\LIB\C51L.LIB (_GETKEY)


LINK MAP OF MODULE:  .\obj\51_duoji20180919 (Z_MAIN)


            TYPE    BASE      LENGTH    RELOCATION   SEGMENT NAME
            -----------------------------------------------------

            * * * * * * *   D A T A   M E M O R Y   * * * * * * *
            REG     0000H     0008H     ABSOLUTE     "REG BANK 0"
            REG     0008H     0008H     ABSOLUTE     "REG BANK 1"
            DATA    0010H     000BH     UNIT         _DATA_GROUP_
                    001BH     0005H                  *** GAP ***
            BIT     0020H.0   0001H.3   UNIT         _BIT_GROUP_
            BIT     0021H.3   0000H.1   UNIT         ?BI?GETCHAR
                    0021H.4   0000H.4                *** GAP ***
            IDATA   0022H     0001H     UNIT         ?STACK

            * * * * * * *  X D A T A   M E M O R Y  * * * * * * *
            XDATA   0000H     03A1H     UNIT         ?XD?Z_GLOBAL
            XDATA   03A1H     006BH     UNIT         ?XD?Z_SENSOR
            XDATA   040CH     0051H     UNIT         ?XD?Z_MAIN
            XDATA   045DH     0046H     UNIT         _XDATA_GROUP_
            XDATA   04A3H     0010H     UNIT         ?XD?Z_UART
            XDATA   04B3H     000DH     UNIT         ?XD?_SPIFLASHWRITE?Z_W25Q64
            XDATA   04C0H     0005H     UNIT         ?XD?Z_TIMER
            XDATA   04C5H     0001H     UNIT         ?XD?GETCHAR

            * * * * * * *   C O D E   M E M O R Y   * * * * * * *
            CODE    0000H     0003H     ABSOLUTE     
            CODE    0003H     0008H     UNIT         ?PR?_UART1_SEND_BYTE?Z_UART
            CODE    000BH     0003H     ABSOLUTE     
            CODE    000EH     000DH     UNIT         ?PR?DJ_IO_INIT?Z_GPIO
            CODE    001BH     0003H     ABSOLUTE     
            CODE    001EH     0005H     UNIT         ?PR?SETUP_VOL?Z_MAIN
            CODE    0023H     0003H     ABSOLUTE     
            CODE    0026H     001DH     UNIT         ?PR?IO_INIT?Z_GPIO
            CODE    0043H     0003H     ABSOLUTE     
            CODE    0046H     004BH     UNIT         ?PR?LOOP_SAVE_SOMETHING?Z_MAIN
BL51 BANKED LINKER/LOCATER V6.22                                                      09/20/2018  15:06:26  PAGE 3


            CODE    0091H     0001H     UNIT         ?PR?HANDLE_UART?Z_MAIN
            CODE    0092H     0001H     UNIT         ?PR?SETUP_XUNJI?Z_SENSOR
            CODE    0093H     0003H     ABSOLUTE     
            CODE    0096H     0004H     UNIT         ?PR?SOFT_RESET?Z_MAIN
            CODE    009AH     0001H     UNIT         ?PR?SETUP_SOUND?Z_SENSOR
            CODE    009BH     0003H     ABSOLUTE     
            CODE    009EH     14A4H     UNIT         ?CO?Z_MAIN
            CODE    1542H     0BD9H     UNIT         ?C?LIB_CODE
            CODE    211BH     0BD0H     UNIT         ?PR?_PARSE_CMD?Z_MAIN
            CODE    2CEBH     087CH     UNIT         ?PR?_DO_ACTION?Z_MAIN
            CODE    3567H     0483H     UNIT         ?PR?PRINTF?PRINTF
            CODE    39EAH     035AH     UNIT         ?PR?SCANF?SCANF
            CODE    3D44H     0332H     UNIT         ?PR?_PARSE_PSX_BUF?Z_MAIN
            CODE    4076H     02C8H     UNIT         ?PR?SMART_YSSBJIAQU?Z_SENSOR
            CODE    433EH     0258H     UNIT         ?PR?SMART_XUNJIYANSE?Z_SENSOR
            CODE    4596H     01E0H     UNIT         ?PR?_ACTION_SAVE?Z_MAIN
            CODE    4776H     0195H     UNIT         ?PR?SMART_YSSB_VERIFY?Z_SENSOR
            CODE    490BH     0184H     UNIT         ?PR?LOOP_BT_ONCE?Z_MAIN
            CODE    4A8FH     0171H     UNIT         ?PR?_DUOJI_INC_HANDLE?Z_MAIN
            CODE    4C00H     016CH     UNIT         ?C_INITSEG
            CODE    4D6CH     015AH     UNIT         ?PR?UART1?Z_UART
            CODE    4EC6H     013FH     UNIT         ?PR?_SELECTION_SORT?Z_GLOBAL
            CODE    5005H     013CH     UNIT         ?PR?UART2_INT?Z_UART
            CODE    5141H     013CH     UNIT         ?PR?UART4?Z_UART
            CODE    527DH     012EH     UNIT         ?PR?_CAR_PWM_SET?Z_PWM
            CODE    53ABH     0119H     UNIT         ?PR?_STR_CONTAIN_STR?Z_GLOBAL
            CODE    54C4H     0118H     UNIT         ?PR?SETUP_OTHERS?Z_MAIN
            CODE    55DCH     00F1H     UNIT         ?PR?SMART_SOUNDJIAQU?Z_SENSOR
            CODE    56CDH     00ECH     UNIT         ?PR?LOOP_ACTION?Z_MAIN
            CODE    57B9H     00EAH     UNIT         ?PR?_SPIFLASHWRITENOCHECK?Z_W25Q64
            CODE    58A3H     00E6H     UNIT         ?PR??C?ATOF??C?ATOF
            CODE    5989H     00D8H     UNIT         ?PR?T0_IRQ?Z_TIMER
            CODE    5A61H     00C6H     UNIT         ?PR?_ERASE_SECTOR?Z_MAIN
            CODE    5B27H     00C1H     UNIT         ?PR?SMART_XUNJICSBJIAQU?Z_SENSOR
            CODE    5BE8H     00B5H     UNIT         ?PR?SETUP_YSSB?Z_SENSOR
            CODE    5C9DH     00B1H     UNIT         ?PR?GET_ADC_YSSB_MIDDLE?Z_SENSOR
            CODE    5D4EH     00B0H     UNIT         ?PR?_PSX_WRITE_READ?Z_PS2
            CODE    5DFEH     00ABH     UNIT         ?PR?_PRINT_GROUP?Z_MAIN
            CODE    5EA9H     009EH     UNIT         ?PR?SETUP_W25Q64?Z_MAIN
            CODE    5F47H     009DH     UNIT         ?PR?LOOP_PS2_CAR_PWM?Z_MAIN
            CODE    5FE4H     0096H     UNIT         ?PR?SMART_GENSUI?Z_SENSOR
            CODE    607AH     0091H     UNIT         ?PR?LOOP_UART?Z_MAIN
            CODE    610BH     008CH     UNIT         ?PR?_GET_ACTION_INDEX?Z_MAIN
            CODE    6197H     008CH     UNIT         ?C_C51STARTUP
            CODE    6223H     008BH     UNIT         ?PR?GET_CSB_VALUE?Z_SENSOR
            CODE    62AEH     0082H     UNIT         ?PR?_SPIFLASHWRITEPAGE?Z_W25Q64
            CODE    6330H     007CH     UNIT         ?PR?_PSX_TRANSFER?Z_PS2
            CODE    63ACH     0079H     UNIT         ?CO?Z_SENSOR
            CODE    6425H     0071H     UNIT         ?PR?LOOP_SMART_SENSOR?Z_SENSOR
            CODE    6496H     006CH     UNIT         ?PR?SMART_CSBJIAQU?Z_SENSOR
            CODE    6502H     0068H     UNIT         ?PR?_SPIFLASHERASESECTOR?Z_W25Q64
            CODE    656AH     0067H     UNIT         ?PR?_DO_GROUP_ONCE?Z_MAIN
            CODE    65D1H     0067H     UNIT         ?PR?SMART_ZIYOUBIZHANG?Z_SENSOR
            CODE    6638H     0064H     UNIT         ?PR?LOOP_VOL_WARNING?Z_MAIN
            CODE    669CH     0063H     UNIT         ?PR?_SPIFLASHREAD?Z_W25Q64
            CODE    66FFH     0061H     UNIT         ?PR?_UART4_INIT?Z_UART
            CODE    6760H     0060H     UNIT         ?PR?_UART1_INIT?Z_UART
BL51 BANKED LINKER/LOCATER V6.22                                                      09/20/2018  15:06:26  PAGE 4


            CODE    67C0H     005EH     UNIT         ?PR?_UART2_INIT?Z_UART
            CODE    681EH     005CH     UNIT         ?PR?LOOP_PS2_BUTTON?Z_MAIN
            CODE    687AH     0059H     UNIT         ?PR?_BEEP_ON_TIMES?Z_GPIO
            CODE    68D3H     0056H     UNIT         ?PR?_PWM_INIT?Z_PWM
            CODE    6929H     0053H     UNIT         ?PR?MAIN?Z_MAIN
            CODE    697CH     0053H     UNIT         ?PR?CHECK_DJ_STATE?Z_MAIN
            CODE    69CFH     0050H     UNIT         ?PR?GLOBAL_INIT?Z_GLOBAL
            CODE    6A1FH     004EH     UNIT         ?PR?SMART_XUNJI?Z_SENSOR
            CODE    6A6DH     004BH     UNIT         ?PR?T3_IRQ?Z_TIMER
            CODE    6AB8H     004AH     UNIT         ?PR?SMART_XUNJIBIZHANG?Z_SENSOR
            CODE    6B02H     0049H     UNIT         ?PR?GET_ADC_CSB_MIDDLE?Z_SENSOR
            CODE    6B4BH     0043H     UNIT         ?PR?_INT_EXCHANGE?Z_MAIN
            CODE    6B8EH     0042H     UNIT         ?PR?SETUP_START?Z_MAIN
            CODE    6BD0H     0041H     UNIT         ?PR?_ABS_FLOAT?Z_MAIN
            CODE    6C11H     003DH     UNIT         ?PR?LOOP_PS2_DATA?Z_MAIN
            CODE    6C4EH     003BH     UNIT         ?PR?_UART1_SEND_STR?Z_UART
            CODE    6C89H     0038H     UNIT         ?PR?_DJ_IO_SET?Z_GPIO
            CODE    6CC1H     0037H     UNIT         ?PR?LOOP_NLED?Z_MAIN
            CODE    6CF8H     0037H     UNIT         ?PR?_ZX_UART_SEND_STR?Z_UART
            CODE    6D2FH     0036H     UNIT         ?PR?_TIMER0_RESET?Z_TIMER
            CODE    6D65H     0033H     UNIT         ?PR?_UART4_SEND_STR?Z_UART
            CODE    6D98H     0032H     UNIT         ?PR?_SPIFLASHWRITE?Z_W25Q64
            CODE    6DCAH     002BH     UNIT         ?PR?_PWM2_SETPWMWIDE?Z_PWM
            CODE    6DF5H     002BH     UNIT         ?PR?_PWM3_SETPWMWIDE?Z_PWM
            CODE    6E20H     002BH     UNIT         ?PR?_PWM4_SETPWMWIDE?Z_PWM
            CODE    6E4BH     002BH     UNIT         ?PR?_PWM5_SETPWMWIDE?Z_PWM
            CODE    6E76H     002AH     UNIT         ?PR?SPIFLASHREADID?Z_W25Q64
            CODE    6EA0H     0028H     UNIT         ?PR?_ADC_READ?Z_ADC
            CODE    6EC8H     0027H     UNIT         ?PR?PUTCHAR?PUTCHAR
            CODE    6EEFH     0025H     UNIT         ?PR?REWRITE_EEPROM?Z_MAIN
            CODE    6F14H     0024H     UNIT         ?PR?_UART2_SEND_STR?Z_UART
            CODE    6F38H     0021H     UNIT         ?PR?T1_IRQ?Z_TIMER
            CODE    6F59H     0020H     UNIT         ?PR?_MDELAY?Z_DELAY
            CODE    6F79H     001EH     UNIT         ?PR?_SPIWRITEREAD?Z_W25Q64
            CODE    6F97H     001AH     UNIT         ?PR?_UART2_SEND_BYTE?Z_UART
            CODE    6FB1H     0019H     UNIT         ?PR?_REPLACE_CHAR?Z_MAIN
            CODE    6FCAH     0018H     UNIT         ?PR?TIMER0_INIT?Z_TIMER
            CODE    6FE2H     0017H     UNIT         ?PR?SETUP_UART1?Z_MAIN
            CODE    6FF9H     0017H     UNIT         ?PR?SETUP_UART2?Z_MAIN
            CODE    7010H     0017H     UNIT         ?PR?SETUP_UART4?Z_MAIN
            CODE    7027H     0015H     UNIT         ?PR?_ADC_INIT?Z_ADC
            CODE    703CH     0015H     UNIT         ?PR?_STRLEN?STRLEN
            CODE    7051H     0014H     UNIT         ?PR?_ABS_INT?Z_GLOBAL
            CODE    7065H     0014H     UNIT         ?PR?TIMER1_INIT?Z_TIMER
            CODE    7079H     0014H     UNIT         ?PR?GETCHAR?GETCHAR
            CODE    708DH     0014H     UNIT         ?PR?_ISSPACE?ISSPACE
            CODE    70A1H     0013H     UNIT         ?PR?_UDELAY?Z_DELAY
            CODE    70B4H     0012H     UNIT         ?PR?TIMER3_INIT?Z_TIMER
            CODE    70C6H     0010H     UNIT         ?PR?SPIMASTERINIT?Z_W25Q64
            CODE    70D6H     000FH     UNIT         ?PR?SETUP_CAR_PWM?Z_MAIN
            CODE    70E5H     000FH     UNIT         ?PR?MILLIS?Z_TIMER
            CODE    70F4H     000FH     UNIT         ?PR?GET_UART_TIMEOUT?Z_UART
            CODE    7103H     000FH     UNIT         ?PR?SPIFLASHREADSR?Z_W25Q64
            CODE    7112H     000CH     UNIT         ?PR?SETUP_SENSOR?Z_SENSOR
            CODE    711EH     000BH     UNIT         ?PR?_DELAY?Z_DELAY
            CODE    7129H     000BH     UNIT         ?PR?_UART4_SEND_BYTE?Z_UART
            CODE    7134H     000AH     UNIT         ?PR?SPIFLASHWRITEENABLE?Z_W25Q64
BL51 BANKED LINKER/LOCATER V6.22                                                      09/20/2018  15:06:26  PAGE 5


            CODE    713EH     000AH     UNIT         ?PR?_GETKEY?_GETKEY
            CODE    7148H     0009H     UNIT         ?PR?SPIFLASHINIT?Z_W25Q64
            CODE    7151H     0008H     UNIT         ?PR?SPIFLASHWAITBUSY?Z_W25Q64
            CODE    7159H     0008H     UNIT         ?PR?GETCHAR?UNGETCHAR
            CODE    7161H     0007H     UNIT         ?PR?PSX_INIT?Z_PS2
            CODE    7168H     0006H     UNIT         ?PR?SETUP_INTERRUPT?Z_MAIN
            CODE    716EH     0004H     UNIT         ?PR?UART2_OPEN?Z_UART
            CODE    7172H     0004H     UNIT         ?PR?UART2_CLOSE?Z_UART
            CODE    7176H     0004H     UNIT         ?PR?UART4_OPEN?Z_UART
            CODE    717AH     0004H     UNIT         ?PR?UART4_CLOSE?Z_UART
            CODE    717EH     0003H     UNIT         ?PR?SETUP_GLOBAL?Z_MAIN
            CODE    7181H     0003H     UNIT         ?PR?SETUP_GPIO?Z_MAIN
            CODE    7184H     0003H     UNIT         ?PR?SETUP_NLED?Z_MAIN
            CODE    7187H     0003H     UNIT         ?PR?SETUP_BEEP?Z_MAIN
            CODE    718AH     0003H     UNIT         ?PR?SETUP_DJIO?Z_MAIN
            CODE    718DH     0003H     UNIT         ?PR?SETUP_PS2?Z_MAIN
            CODE    7190H     0003H     UNIT         ?PR?SETUP_DJ_TIMER?Z_MAIN
            CODE    7193H     0003H     UNIT         ?PR?SETUP_SYSTICK?Z_MAIN
            CODE    7196H     0003H     UNIT         ?PR?SETUP_CSB?Z_SENSOR
            CODE    7199H     0003H     UNIT         ?PR?UART1_OPEN?Z_UART
            CODE    719CH     0003H     UNIT         ?PR?UART1_CLOSE?Z_UART



OVERLAY MAP OF MODULE:   .\obj\51_duoji20180919 (Z_MAIN)


SEGMENT                                       BIT_GROUP          DATA_GROUP          XDATA_GROUP
  +--> CALLED SEGMENT                      START    LENGTH     START    LENGTH     START    LENGTH
--------------------------------------------------------------------------------------------------
?PR?T0_IRQ?Z_TIMER                         -----    -----      -----    -----      -----    -----
  +--> ?PR?_TIMER0_RESET?Z_TIMER
  +--> ?PR?_DJ_IO_SET?Z_GPIO

?PR?_TIMER0_RESET?Z_TIMER                  -----    -----      -----    -----      045DH    0002H

*** NEW ROOT ***************************************************

?PR?UART1?Z_UART                           -----    -----      -----    -----      -----    -----
  +--> ?PR?MILLIS?Z_TIMER

*** NEW ROOT ***************************************************

?PR?UART2_INT?Z_UART                       -----    -----      -----    -----      -----    -----
  +--> ?PR?MILLIS?Z_TIMER

*** NEW ROOT ***************************************************

?PR?UART4?Z_UART                           -----    -----      -----    -----      -----    -----
  +--> ?PR?MILLIS?Z_TIMER

*** NEW ROOT ***************************************************

?C_C51STARTUP                              -----    -----      -----    -----      -----    -----
  +--> ?PR?MAIN?Z_MAIN
  +--> ?C_INITSEG

BL51 BANKED LINKER/LOCATER V6.22                                                      09/20/2018  15:06:26  PAGE 6


?PR?MAIN?Z_MAIN                            -----    -----      -----    -----      -----    -----
  +--> ?PR?SETUP_GLOBAL?Z_MAIN
  +--> ?PR?SETUP_GPIO?Z_MAIN
  +--> ?PR?SETUP_NLED?Z_MAIN
  +--> ?PR?SETUP_BEEP?Z_MAIN
  +--> ?PR?SETUP_DJIO?Z_MAIN
  +--> ?PR?SETUP_W25Q64?Z_MAIN
  +--> ?PR?SETUP_PS2?Z_MAIN
  +--> ?PR?SETUP_VOL?Z_MAIN
  +--> ?PR?SETUP_CAR_PWM?Z_MAIN
  +--> ?PR?SETUP_UART1?Z_MAIN
  +--> ?PR?SETUP_UART2?Z_MAIN
  +--> ?PR?SETUP_UART4?Z_MAIN
  +--> ?PR?SETUP_SYSTICK?Z_MAIN
  +--> ?PR?SETUP_OTHERS?Z_MAIN
  +--> ?PR?SETUP_SENSOR?Z_SENSOR
  +--> ?PR?SETUP_DJ_TIMER?Z_MAIN
  +--> ?PR?SETUP_INTERRUPT?Z_MAIN
  +--> ?PR?SETUP_START?Z_MAIN
  +--> ?PR?LOOP_NLED?Z_MAIN
  +--> ?PR?LOOP_UART?Z_MAIN
  +--> ?PR?LOOP_ACTION?Z_MAIN
  +--> ?PR?LOOP_BT_ONCE?Z_MAIN
  +--> ?PR?LOOP_PS2_DATA?Z_MAIN
  +--> ?PR?LOOP_PS2_BUTTON?Z_MAIN
  +--> ?PR?LOOP_PS2_CAR_PWM?Z_MAIN
  +--> ?PR?LOOP_SAVE_SOMETHING?Z_MAIN
  +--> ?PR?LOOP_SMART_SENSOR?Z_SENSOR

?PR?SETUP_GLOBAL?Z_MAIN                    -----    -----      -----    -----      -----    -----
  +--> ?PR?GLOBAL_INIT?Z_GLOBAL

?PR?SETUP_GPIO?Z_MAIN                      -----    -----      -----    -----      -----    -----
  +--> ?PR?IO_INIT?Z_GPIO

?PR?SETUP_DJIO?Z_MAIN                      -----    -----      -----    -----      -----    -----
  +--> ?PR?DJ_IO_INIT?Z_GPIO

?PR?SETUP_W25Q64?Z_MAIN                    -----    -----      -----    -----      -----    -----
  +--> ?PR?SPIFLASHINIT?Z_W25Q64
  +--> ?PR?SPIFLASHREADID?Z_W25Q64
  +--> ?PR?_SPIFLASHREAD?Z_W25Q64
  +--> ?PR?REWRITE_EEPROM?Z_MAIN

?PR?SPIFLASHINIT?Z_W25Q64                  -----    -----      -----    -----      -----    -----
  +--> ?PR?SPIMASTERINIT?Z_W25Q64

?PR?SPIFLASHREADID?Z_W25Q64                -----    -----      -----    -----      -----    -----
  +--> ?PR?_SPIWRITEREAD?Z_W25Q64

?PR?_SPIFLASHREAD?Z_W25Q64                 -----    -----      -----    -----      0473H    0009H
  +--> ?PR?_SPIWRITEREAD?Z_W25Q64

?PR?REWRITE_EEPROM?Z_MAIN                  -----    -----      -----    -----      -----    -----
  +--> ?PR?_SPIFLASHERASESECTOR?Z_W25Q64
  +--> ?PR?_SPIFLASHWRITENOCHECK?Z_W25Q64

BL51 BANKED LINKER/LOCATER V6.22                                                      09/20/2018  15:06:26  PAGE 7


?PR?_SPIFLASHERASESECTOR?Z_W25Q64          -----    -----      -----    -----      0473H    0004H
  +--> ?PR?SPIFLASHWRITEENABLE?Z_W25Q64
  +--> ?PR?SPIFLASHWAITBUSY?Z_W25Q64
  +--> ?PR?_SPIWRITEREAD?Z_W25Q64

?PR?SPIFLASHWRITEENABLE?Z_W25Q64           -----    -----      -----    -----      -----    -----
  +--> ?PR?_SPIWRITEREAD?Z_W25Q64

?PR?SPIFLASHWAITBUSY?Z_W25Q64              -----    -----      -----    -----      -----    -----
  +--> ?PR?SPIFLASHREADSR?Z_W25Q64

?PR?SPIFLASHREADSR?Z_W25Q64                -----    -----      -----    -----      -----    -----
  +--> ?PR?_SPIWRITEREAD?Z_W25Q64

?PR?_SPIFLASHWRITENOCHECK?Z_W25Q64         -----    -----      -----    -----      0464H    000BH
  +--> ?PR?_SPIFLASHWRITEPAGE?Z_W25Q64

?PR?_SPIFLASHWRITEPAGE?Z_W25Q64            -----    -----      -----    -----      046FH    0009H
  +--> ?PR?SPIFLASHWRITEENABLE?Z_W25Q64
  +--> ?PR?_SPIWRITEREAD?Z_W25Q64
  +--> ?PR?SPIFLASHWAITBUSY?Z_W25Q64

?PR?SETUP_PS2?Z_MAIN                       -----    -----      -----    -----      -----    -----
  +--> ?PR?PSX_INIT?Z_PS2

?PR?SETUP_VOL?Z_MAIN                       -----    -----      -----    -----      -----    -----
  +--> ?PR?_ADC_INIT?Z_ADC

?PR?SETUP_CAR_PWM?Z_MAIN                   -----    -----      -----    -----      -----    -----
  +--> ?PR?_PWM_INIT?Z_PWM
  +--> ?PR?_CAR_PWM_SET?Z_PWM

?PR?_CAR_PWM_SET?Z_PWM                     -----    -----      -----    -----      046FH    0004H
  +--> ?PR?_PWM3_SETPWMWIDE?Z_PWM
  +--> ?PR?_PWM2_SETPWMWIDE?Z_PWM
  +--> ?PR?_PWM4_SETPWMWIDE?Z_PWM
  +--> ?PR?_PWM5_SETPWMWIDE?Z_PWM

?PR?SETUP_UART1?Z_MAIN                     -----    -----      -----    -----      -----    -----
  +--> ?PR?_UART1_INIT?Z_UART
  +--> ?PR?UART1_OPEN?Z_UART
  +--> ?CO?Z_MAIN
  +--> ?PR?_UART1_SEND_STR?Z_UART

?PR?_UART1_INIT?Z_UART                     -----    -----      -----    -----      045FH    0004H

?PR?_UART1_SEND_STR?Z_UART                 -----    -----      -----    -----      0473H    0003H
  +--> ?PR?_UART1_SEND_BYTE?Z_UART

?PR?SETUP_UART2?Z_MAIN                     -----    -----      -----    -----      -----    -----
  +--> ?PR?_UART2_INIT?Z_UART
  +--> ?PR?UART2_OPEN?Z_UART
  +--> ?CO?Z_MAIN
  +--> ?PR?_UART2_SEND_STR?Z_UART

?PR?_UART2_INIT?Z_UART                     -----    -----      -----    -----      045FH    0004H

BL51 BANKED LINKER/LOCATER V6.22                                                      09/20/2018  15:06:26  PAGE 8


?PR?_UART2_SEND_STR?Z_UART                 -----    -----      -----    -----      045FH    0003H
  +--> ?PR?_UART2_SEND_BYTE?Z_UART

?PR?SETUP_UART4?Z_MAIN                     -----    -----      -----    -----      -----    -----
  +--> ?PR?_UART4_INIT?Z_UART
  +--> ?PR?UART4_OPEN?Z_UART
  +--> ?CO?Z_MAIN
  +--> ?PR?_UART4_SEND_STR?Z_UART

?PR?_UART4_INIT?Z_UART                     -----    -----      -----    -----      045FH    0004H

?PR?_UART4_SEND_STR?Z_UART                 -----    -----      -----    -----      045FH    0003H
  +--> ?PR?_UART4_SEND_BYTE?Z_UART

?PR?SETUP_SYSTICK?Z_MAIN                   -----    -----      -----    -----      -----    -----
  +--> ?PR?TIMER3_INIT?Z_TIMER

?PR?SETUP_OTHERS?Z_MAIN                    -----    -----      -----    -----      -----    -----
  +--> ?PR?_SPIFLASHREAD?Z_W25Q64
  +--> ?PR?_STRLEN?STRLEN
  +--> ?PR?_DO_ACTION?Z_MAIN
  +--> ?PR?_PARSE_CMD?Z_MAIN

?PR?_DO_ACTION?Z_MAIN                      -----    -----      -----    -----      0471H    0017H
  +--> ?PR?_ZX_UART_SEND_STR?Z_UART
  +--> ?CO?Z_MAIN
  +--> ?PR?MILLIS?Z_TIMER

?PR?_ZX_UART_SEND_STR?Z_UART               -----    -----      -----    -----      0488H    0003H
  +--> ?PR?_UART2_SEND_BYTE?Z_UART

?PR?_PARSE_CMD?Z_MAIN                      -----    -----      -----    -----      0462H    000DH
  +--> ?PR?_UART1_SEND_STR?Z_UART
  +--> ?CO?Z_MAIN
  +--> ?PR?_STR_CONTAIN_STR?Z_GLOBAL
  +--> ?PR?_ZX_UART_SEND_STR?Z_UART
  +--> ?PR?_CAR_PWM_SET?Z_PWM
  +--> ?PR?SCANF?SCANF
  +--> ?PR?PRINTF?PRINTF
  +--> ?PR?SOFT_RESET?Z_MAIN
  +--> ?PR?_PRINT_GROUP?Z_MAIN
  +--> ?PR?_ERASE_SECTOR?Z_MAIN
  +--> ?PR?_DO_GROUP_ONCE?Z_MAIN
  +--> ?PR?_MDELAY?Z_DELAY
  +--> ?PR?_BEEP_ON_TIMES?Z_GPIO

?PR?_STR_CONTAIN_STR?Z_GLOBAL              -----    -----      -----    -----      046FH    000CH

?PR?SCANF?SCANF                            0020H.0  0000H.6    0010H    0009H      046FH    002EH
  +--> ?PR?GETCHAR?UNGETCHAR
  +--> ?PR?_ISSPACE?ISSPACE
  +--> ?PR?GETCHAR?GETCHAR
  +--> ?PR??C?ATOF??C?ATOF

?PR?GETCHAR?GETCHAR                        -----    -----      -----    -----      -----    -----
  +--> ?PR?_GETKEY?_GETKEY
  +--> ?PR?PUTCHAR?PUTCHAR
BL51 BANKED LINKER/LOCATER V6.22                                                      09/20/2018  15:06:26  PAGE 9



?PR??C?ATOF??C?ATOF                        0020H.6  0000H.5    0019H    0002H      -----    -----

?PR?PRINTF?PRINTF                          0020H.0  0001H.1    0010H    0005H      0473H    0030H
  +--> ?PR?PUTCHAR?PUTCHAR

?PR?_PRINT_GROUP?Z_MAIN                    -----    -----      -----    -----      046FH    0004H
  +--> ?PR?_INT_EXCHANGE?Z_MAIN
  +--> ?PR?_SPIFLASHREAD?Z_W25Q64
  +--> ?PR?_UART1_SEND_STR?Z_UART
  +--> ?CO?Z_MAIN

?PR?_INT_EXCHANGE?Z_MAIN                   -----    -----      -----    -----      0473H    0006H

?PR?_ERASE_SECTOR?Z_MAIN                   -----    -----      -----    -----      046FH    0004H
  +--> ?PR?_INT_EXCHANGE?Z_MAIN
  +--> ?PR?_SPIFLASHERASESECTOR?Z_W25Q64
  +--> ?CO?Z_MAIN
  +--> ?PR?PRINTF?PRINTF
  +--> ?PR?_UART1_SEND_STR?Z_UART

?PR?_DO_GROUP_ONCE?Z_MAIN                  -----    -----      -----    -----      046FH    0002H
  +--> ?PR?_SPIFLASHREAD?Z_W25Q64
  +--> ?PR?_DO_ACTION?Z_MAIN
  +--> ?CO?Z_MAIN
  +--> ?PR?PRINTF?PRINTF
  +--> ?PR?_UART1_SEND_STR?Z_UART

?PR?_BEEP_ON_TIMES?Z_GPIO                  -----    -----      -----    -----      046FH    0006H
  +--> ?PR?_MDELAY?Z_DELAY

?PR?SETUP_SENSOR?Z_SENSOR                  -----    -----      -----    -----      -----    -----
  +--> ?PR?SETUP_XUNJI?Z_SENSOR
  +--> ?PR?SETUP_SOUND?Z_SENSOR
  +--> ?PR?SETUP_CSB?Z_SENSOR
  +--> ?PR?SETUP_YSSB?Z_SENSOR

?PR?SETUP_CSB?Z_SENSOR                     -----    -----      -----    -----      -----    -----
  +--> ?PR?TIMER0_INIT?Z_TIMER

?PR?SETUP_YSSB?Z_SENSOR                    -----    -----      -----    -----      -----    -----
  +--> ?PR?_ADC_INIT?Z_ADC
  +--> ?PR?REWRITE_EEPROM?Z_MAIN
  +--> ?CO?Z_SENSOR
  +--> ?PR?_UART1_SEND_STR?Z_UART
  +--> ?PR?PRINTF?PRINTF

?PR?SETUP_DJ_TIMER?Z_MAIN                  -----    -----      -----    -----      -----    -----
  +--> ?PR?TIMER1_INIT?Z_TIMER

?PR?SETUP_START?Z_MAIN                     -----    -----      -----    -----      -----    -----
  +--> ?PR?_MDELAY?Z_DELAY

?PR?LOOP_NLED?Z_MAIN                       -----    -----      -----    -----      -----    -----
  +--> ?PR?MILLIS?Z_TIMER

?PR?LOOP_UART?Z_MAIN                       -----    -----      -----    -----      -----    -----
BL51 BANKED LINKER/LOCATER V6.22                                                      09/20/2018  15:06:26  PAGE 10


  +--> ?PR?_PARSE_CMD?Z_MAIN
  +--> ?PR?_DO_ACTION?Z_MAIN
  +--> ?PR?_ACTION_SAVE?Z_MAIN
  +--> ?PR?GET_UART_TIMEOUT?Z_UART
  +--> ?PR?MILLIS?Z_TIMER

?PR?_ACTION_SAVE?Z_MAIN                    -----    -----      -----    -----      045FH    0005H
  +--> ?PR?REWRITE_EEPROM?Z_MAIN
  +--> ?CO?Z_MAIN
  +--> ?PR?SCANF?SCANF
  +--> ?PR?_SPIFLASHREAD?Z_W25Q64
  +--> ?PR?_STRLEN?STRLEN
  +--> ?PR?_GET_ACTION_INDEX?Z_MAIN
  +--> ?PR?_SPIFLASHERASESECTOR?Z_W25Q64
  +--> ?PR?_REPLACE_CHAR?Z_MAIN
  +--> ?PR?_SPIFLASHWRITENOCHECK?Z_W25Q64
  +--> ?PR?_UART1_SEND_STR?Z_UART

?PR?_GET_ACTION_INDEX?Z_MAIN               -----    -----      -----    -----      0464H    0005H

?PR?_REPLACE_CHAR?Z_MAIN                   -----    -----      -----    -----      0464H    0005H

?PR?LOOP_ACTION?Z_MAIN                     -----    -----      -----    -----      -----    -----
  +--> ?PR?_DUOJI_INC_HANDLE?Z_MAIN
  +--> ?PR?CHECK_DJ_STATE?Z_MAIN
  +--> ?PR?_DO_GROUP_ONCE?Z_MAIN
  +--> ?CO?Z_MAIN
  +--> ?PR?_UART1_SEND_STR?Z_UART

?PR?_DUOJI_INC_HANDLE?Z_MAIN               -----    -----      -----    -----      045FH    0003H
  +--> ?PR?_ABS_FLOAT?Z_MAIN

?PR?_ABS_FLOAT?Z_MAIN                      -----    -----      -----    -----      0462H    0004H

?PR?CHECK_DJ_STATE?Z_MAIN                  -----    -----      -----    -----      0461H    0002H

?PR?LOOP_BT_ONCE?Z_MAIN                    -----    -----      -----    -----      -----    -----
  +--> ?PR?MILLIS?Z_TIMER
  +--> ?PR?_UART4_INIT?Z_UART
  +--> ?PR?UART4_OPEN?Z_UART
  +--> ?CO?Z_MAIN
  +--> ?PR?_UART4_SEND_STR?Z_UART

?PR?LOOP_PS2_DATA?Z_MAIN                   -----    -----      -----    -----      -----    -----
  +--> ?PR?MILLIS?Z_TIMER
  +--> ?PR?_PSX_WRITE_READ?Z_PS2

?PR?_PSX_WRITE_READ?Z_PS2                  -----    -----      -----    -----      045FH    0003H
  +--> ?PR?_PSX_TRANSFER?Z_PS2

?PR?_PSX_TRANSFER?Z_PS2                    -----    -----      -----    -----      0462H    0003H
  +--> ?PR?_DELAY?Z_DELAY

?PR?LOOP_PS2_BUTTON?Z_MAIN                 -----    -----      -----    -----      -----    -----
  +--> ?PR?_CAR_PWM_SET?Z_PWM
  +--> ?PR?_PARSE_PSX_BUF?Z_MAIN

BL51 BANKED LINKER/LOCATER V6.22                                                      09/20/2018  15:06:26  PAGE 11


?PR?_PARSE_PSX_BUF?Z_MAIN                  -----    -----      -----    -----      045FH    0003H
  +--> ?CO?Z_MAIN
  +--> ?PR?_STRLEN?STRLEN
  +--> ?PR?_STR_CONTAIN_STR?Z_GLOBAL
  +--> ?PR?_PARSE_CMD?Z_MAIN
  +--> ?PR?_DO_ACTION?Z_MAIN
  +--> ?PR?_MDELAY?Z_DELAY

?PR?LOOP_PS2_CAR_PWM?Z_MAIN                -----    -----      -----    -----      045FH    0004H
  +--> ?PR?_CAR_PWM_SET?Z_PWM

?PR?LOOP_SAVE_SOMETHING?Z_MAIN             -----    -----      -----    -----      -----    -----
  +--> ?PR?MILLIS?Z_TIMER
  +--> ?PR?REWRITE_EEPROM?Z_MAIN

?PR?LOOP_SMART_SENSOR?Z_SENSOR             -----    -----      -----    -----      -----    -----
  +--> ?PR?SMART_XUNJI?Z_SENSOR
  +--> ?PR?SMART_SOUNDJIAQU?Z_SENSOR
  +--> ?PR?SMART_ZIYOUBIZHANG?Z_SENSOR
  +--> ?PR?SMART_YSSBJIAQU?Z_SENSOR
  +--> ?PR?SMART_CSBJIAQU?Z_SENSOR
  +--> ?PR?SMART_GENSUI?Z_SENSOR
  +--> ?PR?SMART_XUNJIBIZHANG?Z_SENSOR
  +--> ?PR?SMART_XUNJIYANSE?Z_SENSOR
  +--> ?PR?SMART_XUNJICSBJIAQU?Z_SENSOR
  +--> ?PR?SMART_YSSB_VERIFY?Z_SENSOR

?PR?SMART_XUNJI?Z_SENSOR                   -----    -----      -----    -----      0461H    0002H
  +--> ?PR?_CAR_PWM_SET?Z_PWM

?PR?SMART_SOUNDJIAQU?Z_SENSOR              -----    -----      -----    -----      -----    -----
  +--> ?PR?CHECK_DJ_STATE?Z_MAIN
  +--> ?PR?MILLIS?Z_TIMER
  +--> ?CO?Z_SENSOR
  +--> ?PR?_PARSE_CMD?Z_MAIN
  +--> ?PR?_BEEP_ON_TIMES?Z_GPIO

?PR?SMART_ZIYOUBIZHANG?Z_SENSOR            -----    -----      -----    -----      045FH    0002H
  +--> ?PR?MILLIS?Z_TIMER
  +--> ?PR?GET_ADC_CSB_MIDDLE?Z_SENSOR
  +--> ?PR?_CAR_PWM_SET?Z_PWM

?PR?GET_ADC_CSB_MIDDLE?Z_SENSOR            -----    -----      -----    -----      0463H    0001H
  +--> ?PR?GET_CSB_VALUE?Z_SENSOR
  +--> ?PR?_SELECTION_SORT?Z_GLOBAL

?PR?_SELECTION_SORT?Z_GLOBAL               -----    -----      -----    -----      0464H    000AH

?PR?SMART_YSSBJIAQU?Z_SENSOR               -----    -----      -----    -----      -----    -----
  +--> ?PR?CHECK_DJ_STATE?Z_MAIN
  +--> ?PR?MILLIS?Z_TIMER
  +--> ?PR?GET_ADC_YSSB_MIDDLE?Z_SENSOR
  +--> ?CO?Z_SENSOR
  +--> ?PR?PRINTF?PRINTF
  +--> ?PR?_UART1_SEND_STR?Z_UART
  +--> ?PR?_MDELAY?Z_DELAY
  +--> ?PR?_PARSE_CMD?Z_MAIN
BL51 BANKED LINKER/LOCATER V6.22                                                      09/20/2018  15:06:26  PAGE 12


  +--> ?PR?_BEEP_ON_TIMES?Z_GPIO

?PR?GET_ADC_YSSB_MIDDLE?Z_SENSOR           -----    -----      -----    -----      -----    -----
  +--> ?PR?_ADC_READ?Z_ADC
  +--> ?PR?_SELECTION_SORT?Z_GLOBAL

?PR?_ADC_READ?Z_ADC                        -----    -----      -----    -----      -----    -----
  +--> ?PR?_ADC_INIT?Z_ADC

?PR?SMART_CSBJIAQU?Z_SENSOR                -----    -----      -----    -----      -----    -----
  +--> ?PR?CHECK_DJ_STATE?Z_MAIN
  +--> ?PR?MILLIS?Z_TIMER
  +--> ?PR?GET_ADC_CSB_MIDDLE?Z_SENSOR
  +--> ?CO?Z_SENSOR
  +--> ?PR?_PARSE_CMD?Z_MAIN
  +--> ?PR?_BEEP_ON_TIMES?Z_GPIO

?PR?SMART_GENSUI?Z_SENSOR                  -----    -----      -----    -----      045FH    0004H
  +--> ?PR?MILLIS?Z_TIMER
  +--> ?PR?GET_ADC_CSB_MIDDLE?Z_SENSOR
  +--> ?PR?_CAR_PWM_SET?Z_PWM

?PR?SMART_XUNJIBIZHANG?Z_SENSOR            -----    -----      -----    -----      -----    -----
  +--> ?PR?MILLIS?Z_TIMER
  +--> ?PR?GET_ADC_CSB_MIDDLE?Z_SENSOR
  +--> ?PR?_CAR_PWM_SET?Z_PWM
  +--> ?PR?SMART_XUNJI?Z_SENSOR

?PR?SMART_XUNJIYANSE?Z_SENSOR              -----    -----      -----    -----      -----    -----
  +--> ?PR?CHECK_DJ_STATE?Z_MAIN
  +--> ?PR?MILLIS?Z_TIMER
  +--> ?PR?GET_ADC_YSSB_MIDDLE?Z_SENSOR
  +--> ?PR?_CAR_PWM_SET?Z_PWM
  +--> ?PR?_MDELAY?Z_DELAY
  +--> ?CO?Z_SENSOR
  +--> ?PR?_PARSE_CMD?Z_MAIN
  +--> ?PR?_BEEP_ON_TIMES?Z_GPIO
  +--> ?PR?SMART_XUNJI?Z_SENSOR

?PR?SMART_XUNJICSBJIAQU?Z_SENSOR           -----    -----      -----    -----      045FH    0002H
  +--> ?PR?CHECK_DJ_STATE?Z_MAIN
  +--> ?PR?GET_ADC_CSB_MIDDLE?Z_SENSOR
  +--> ?PR?MILLIS?Z_TIMER
  +--> ?PR?_BEEP_ON_TIMES?Z_GPIO
  +--> ?PR?_CAR_PWM_SET?Z_PWM
  +--> ?CO?Z_SENSOR
  +--> ?PR?_PARSE_CMD?Z_MAIN
  +--> ?PR?SMART_XUNJI?Z_SENSOR

?PR?SMART_YSSB_VERIFY?Z_SENSOR             -----    -----      -----    -----      045FH    0004H
  +--> ?PR?_BEEP_ON_TIMES?Z_GPIO
  +--> ?PR?GET_ADC_YSSB_MIDDLE?Z_SENSOR
  +--> ?PR?_MDELAY?Z_DELAY
  +--> ?PR?REWRITE_EEPROM?Z_MAIN
  +--> ?CO?Z_SENSOR
  +--> ?PR?PRINTF?PRINTF
  +--> ?PR?_UART1_SEND_STR?Z_UART
BL51 BANKED LINKER/LOCATER V6.22                                                      09/20/2018  15:06:26  PAGE 13





SYMBOL TABLE OF MODULE:  .\obj\51_duoji20180919 (Z_MAIN)

  VALUE           TYPE          NAME
  ----------------------------------

  -------         MODULE        Z_MAIN
  C:0000H         SYMBOL        _ICE_DUMMY_
  D:00D0H         PUBLIC        PSW
  D:0080H         PUBLIC        P0
  D:0090H         PUBLIC        P1
  D:00A0H         PUBLIC        P2
  D:00B0H         PUBLIC        P3
  D:00C0H         PUBLIC        P4
  D:00C8H         PUBLIC        P5
  D:00E8H         PUBLIC        P6
  D:00F8H         PUBLIC        P7
  D:00A8H         PUBLIC        IE
  B:00A8H.7       PUBLIC        EA
  B:00A8H.3       PUBLIC        ET1
  D:00B8H         PUBLIC        IP
  D:0088H         PUBLIC        TCON
  B:0088H.6       PUBLIC        TR1
  D:0098H         PUBLIC        SCON
  D:00C7H         PUBLIC        IAP_CONTR
  D:00D8H         PUBLIC        CCON
  C:717EH         PUBLIC        setup_global
  C:7181H         PUBLIC        setup_gpio
  C:7184H         PUBLIC        setup_nled
  C:001EH         PUBLIC        setup_vol
  C:7187H         PUBLIC        setup_beep
  C:718AH         PUBLIC        setup_djio
  C:5EA9H         PUBLIC        setup_w25q64
  C:718DH         PUBLIC        setup_ps2
  C:7190H         PUBLIC        setup_dj_timer
  C:70D6H         PUBLIC        setup_car_pwm
  C:6FE2H         PUBLIC        setup_uart1
  C:6FF9H         PUBLIC        setup_uart2
  C:7010H         PUBLIC        setup_uart4
  C:7193H         PUBLIC        setup_systick
  C:6B8EH         PUBLIC        setup_start
  C:54C4H         PUBLIC        setup_others
  C:7168H         PUBLIC        setup_interrupt
  C:6CC1H         PUBLIC        loop_nled
  C:607AH         PUBLIC        loop_uart
  C:56CDH         PUBLIC        loop_action
  C:490BH         PUBLIC        loop_bt_once
  C:6C11H         PUBLIC        loop_ps2_data
  C:681EH         PUBLIC        loop_ps2_button
  C:5F47H         PUBLIC        loop_ps2_car_pwm
  C:0046H         PUBLIC        loop_save_something
  C:6638H         PUBLIC        loop_vol_warning
  C:0096H         PUBLIC        soft_reset
  C:3D44H         PUBLIC        _parse_psx_buf
  C:2130H         PUBLIC        _parse_cmd
BL51 BANKED LINKER/LOCATER V6.22                                                      09/20/2018  15:06:26  PAGE 14


  C:4596H         PUBLIC        _action_save
  C:610BH         PUBLIC        _get_action_index
  C:5DFEH         PUBLIC        _print_group
  C:6B4BH         PUBLIC        _int_exchange
  C:5A61H         PUBLIC        _erase_sector
  C:656AH         PUBLIC        _do_group_once
  C:697CH         PUBLIC        check_dj_state
  C:2D00H         PUBLIC        _do_action
  C:6FB1H         PUBLIC        _replace_char
  C:6EEFH         PUBLIC        rewrite_eeprom
  B:00A0H.0       PUBLIC        nled
  B:00C8H.1       PUBLIC        beep
  C:4A8FH         PUBLIC        _duoji_inc_handle
  X:0432H         PUBLIC        adc7_value
  X:0434H         PUBLIC        adc0_value
  X:0436H         PUBLIC        do_start_index
  X:0438H         PUBLIC        do_time
  X:043AH         PUBLIC        group_num_start
  X:043CH         PUBLIC        group_num_end
  X:043EH         PUBLIC        group_num_times
  X:0440H         PUBLIC        i
  X:0441H         PUBLIC        car_dw
  X:0442H         PUBLIC        bias_systick_ms_bak
  X:0446H         PUBLIC        djBiasSaveFlag
  X:0447H         PUBLIC        dbt_flag
  X:0448H         PUBLIC        vol_adc
  X:044CH         PUBLIC        save_addr_sector
  X:0450H         PUBLIC        save_action_index_bak
  X:0454H         PUBLIC        psx_buf
  C:1473H         PUBLIC        pre_cmd_set_red
  C:14A3H         PUBLIC        pre_cmd_set_grn
  C:14D3H         PUBLIC        action_pre_group
  C:6929H         PUBLIC        main
  C:0091H         PUBLIC        handle_uart
  C:6BD0H         PUBLIC        _abs_float
  -------         PROC          MAIN
  C:6929H         LINE#         182
  C:6929H         LINE#         184
  C:692CH         LINE#         185
  C:692FH         LINE#         186
  C:6932H         LINE#         187
  C:6935H         LINE#         188
  C:6938H         LINE#         189
  C:693BH         LINE#         190
  C:693EH         LINE#         191
  C:6941H         LINE#         192
  C:6944H         LINE#         193
  C:6947H         LINE#         194
  C:694AH         LINE#         195
  C:694DH         LINE#         196
  C:6950H         LINE#         197
  C:6953H         LINE#         198
  C:6956H         LINE#         200
  C:6959H         LINE#         201
  C:695CH         LINE#         203
  C:695FH         LINE#         205
  C:695FH         LINE#         206
BL51 BANKED LINKER/LOCATER V6.22                                                      09/20/2018  15:06:26  PAGE 15


  C:6962H         LINE#         207
  C:6965H         LINE#         208
  C:6968H         LINE#         209
  C:696BH         LINE#         210
  C:696EH         LINE#         211
  C:6971H         LINE#         212
  C:6974H         LINE#         213
  C:6977H         LINE#         214
  C:697AH         LINE#         231
  -------         ENDPROC       MAIN
  -------         PROC          SETUP_GLOBAL
  C:717EH         LINE#         239
  C:717EH         LINE#         241
  -------         ENDPROC       SETUP_GLOBAL
  -------         PROC          SETUP_GPIO
  C:7181H         LINE#         244
  C:7181H         LINE#         246
  -------         ENDPROC       SETUP_GPIO
  -------         PROC          SETUP_NLED
  C:7184H         LINE#         249
  C:7184H         LINE#         250
  C:7186H         LINE#         251
  -------         ENDPROC       SETUP_NLED
  -------         PROC          SETUP_BEEP
  C:7187H         LINE#         253
  C:7187H         LINE#         254
  C:7189H         LINE#         255
  -------         ENDPROC       SETUP_BEEP
  -------         PROC          SETUP_DJIO
  C:718AH         LINE#         257
  C:718AH         LINE#         258
  -------         ENDPROC       SETUP_DJIO
  -------         PROC          SETUP_VOL
  C:001EH         LINE#         261
  C:001EH         LINE#         262
  -------         ENDPROC       SETUP_VOL
  -------         PROC          SETUP_W25Q64
  C:5EA9H         LINE#         266
  C:5EA9H         LINE#         268
  C:5EACH         LINE#         269
  C:5EBDH         LINE#         271
  C:5ED7H         LINE#         272
  C:5EF3H         LINE#         273
  C:5EFDH         LINE#         274
  C:5F07H         LINE#         275
  C:5F0AH         LINE#         276
  C:5F0AH         LINE#         278
  C:5F16H         LINE#         279
  C:5F25H         LINE#         280
  C:5F35H         LINE#         281
  C:5F3DH         LINE#         282
  C:5F46H         LINE#         283
  C:5F46H         LINE#         286
  -------         ENDPROC       SETUP_W25Q64
  -------         PROC          SETUP_PS2
  C:718DH         LINE#         289
  C:718DH         LINE#         291
BL51 BANKED LINKER/LOCATER V6.22                                                      09/20/2018  15:06:26  PAGE 16


  -------         ENDPROC       SETUP_PS2
  -------         PROC          SETUP_DJ_TIMER
  C:7190H         LINE#         294
  C:7190H         LINE#         295
  -------         ENDPROC       SETUP_DJ_TIMER
  -------         PROC          SETUP_CAR_PWM
  C:70D6H         LINE#         298
  C:70D6H         LINE#         300
  C:70DDH         LINE#         301
  -------         ENDPROC       SETUP_CAR_PWM
  -------         PROC          SETUP_UART1
  C:6FE2H         LINE#         304
  C:6FE2H         LINE#         306
  C:6FEDH         LINE#         308
  C:6FF0H         LINE#         310
  -------         ENDPROC       SETUP_UART1
  -------         PROC          SETUP_UART2
  C:6FF9H         LINE#         313
  C:6FF9H         LINE#         315
  C:7004H         LINE#         317
  C:7007H         LINE#         319
  -------         ENDPROC       SETUP_UART2
  -------         PROC          SETUP_UART4
  C:7010H         LINE#         322
  C:7010H         LINE#         324
  C:701BH         LINE#         326
  C:701EH         LINE#         329
  -------         ENDPROC       SETUP_UART4
  -------         PROC          SETUP_SYSTICK
  C:7193H         LINE#         332
  C:7193H         LINE#         334
  -------         ENDPROC       SETUP_SYSTICK
  -------         PROC          SETUP_START
  C:6B8EH         LINE#         339
  C:6B8EH         LINE#         341
  C:6BA4H         LINE#         342
  C:6BBAH         LINE#         343
  -------         ENDPROC       SETUP_START
  -------         PROC          SETUP_OTHERS
  C:54C4H         LINE#         346
  C:54C4H         LINE#         348
  C:54D3H         LINE#         349
  C:54D3H         LINE#         351
  C:54D3H         LINE#         352
  C:54D3H         LINE#         354
  C:54EAH         LINE#         355
  C:54EAH         LINE#         357
  C:5500H         LINE#         358
  C:5519H         LINE#         359
  C:5527H         LINE#         360
  C:5534H         LINE#         361
  C:5541H         LINE#         362
  C:554EH         LINE#         363
  C:5557H         LINE#         364
  C:555AH         LINE#         365
  C:555AH         LINE#         368
  C:5562H         LINE#         369
BL51 BANKED LINKER/LOCATER V6.22                                                      09/20/2018  15:06:26  PAGE 17


  C:5571H         LINE#         370
  C:5578H         LINE#         371
  C:5581H         LINE#         372
  C:5581H         LINE#         373
  C:559AH         LINE#         374
  C:55A8H         LINE#         375
  C:55B5H         LINE#         376
  C:55C2H         LINE#         377
  C:55CFH         LINE#         378
  C:55D8H         LINE#         379
  C:55DBH         LINE#         380
  C:55DBH         LINE#         381
  C:55DBH         LINE#         383
  -------         ENDPROC       SETUP_OTHERS
  -------         PROC          SETUP_INTERRUPT
  C:7168H         LINE#         386
  C:7168H         LINE#         388
  C:716BH         LINE#         391
  C:716DH         LINE#         392
  -------         ENDPROC       SETUP_INTERRUPT
  -------         PROC          LOOP_NLED
  -------         DO            
  X:040CH         SYMBOL        systick_ms_bak
  -------         ENDDO         
  C:6CC1H         LINE#         401
  C:6CC1H         LINE#         403
  C:6CECH         LINE#         404
  C:6CF5H         LINE#         405
  C:6CF7H         LINE#         406
  C:6CF7H         LINE#         407
  -------         ENDPROC       LOOP_NLED
  -------         PROC          LOOP_UART
  -------         DO            
  X:0410H         SYMBOL        do_once1
  X:0411H         SYMBOL        do_once2
  -------         ENDDO         
  C:607AH         LINE#         409
  C:607AH         LINE#         411
  C:6080H         LINE#         415
  C:6087H         LINE#         417
  C:608AH         LINE#         418
  C:6093H         LINE#         420
  C:6093H         LINE#         421
  C:609CH         LINE#         424
  C:609FH         LINE#         425
  C:60A8H         LINE#         428
  C:60B1H         LINE#         429
  C:60B1H         LINE#         430
  C:60B6H         LINE#         431
  C:60BAH         LINE#         433
  C:60BAH         LINE#         436
  C:60E9H         LINE#         437
  C:60EFH         LINE#         438
  C:60F3H         LINE#         439
  C:60F5H         LINE#         440
  C:60F8H         LINE#         441
  C:60F8H         LINE#         442
BL51 BANKED LINKER/LOCATER V6.22                                                      09/20/2018  15:06:26  PAGE 18


  C:60F9H         LINE#         443
  C:60FFH         LINE#         444
  C:6103H         LINE#         445
  C:6107H         LINE#         446
  C:610AH         LINE#         447
  C:610AH         LINE#         448
  C:610AH         LINE#         451
  -------         ENDPROC       LOOP_UART
  -------         PROC          LOOP_SAVE_SOMETHING
  -------         DO            
  X:0412H         SYMBOL        saveTime
  -------         ENDDO         
  C:0046H         LINE#         454
  C:0046H         LINE#         456
  C:007FH         LINE#         457
  C:0084H         LINE#         458
  C:008DH         LINE#         459
  C:0090H         LINE#         460
  C:0090H         LINE#         462
  -------         ENDPROC       LOOP_SAVE_SOMETHING
  -------         PROC          LOOP_PS2_DATA
  -------         DO            
  X:0416H         SYMBOL        systick_ms_bak
  -------         ENDDO         
  C:6C11H         LINE#         465
  C:6C11H         LINE#         467
  C:6C3BH         LINE#         469
  C:6C3BH         LINE#         470
  C:6C44H         LINE#         471
  C:6C4DH         LINE#         480
  -------         ENDPROC       LOOP_PS2_DATA
  -------         PROC          LOOP_PS2_CAR_PWM
  -------         DO            
  X:041AH         SYMBOL        car_left_bak
  X:041CH         SYMBOL        car_right_bak
  X:045FH         SYMBOL        car_left
  X:0461H         SYMBOL        car_right
  -------         ENDDO         
  C:5F47H         LINE#         483
  C:5F47H         LINE#         487
  C:5F52H         LINE#         488
  C:5F75H         LINE#         489
  C:5F96H         LINE#         491
  C:5FB4H         LINE#         492
  C:5FC5H         LINE#         493
  C:5FD4H         LINE#         494
  C:5FE3H         LINE#         495
  C:5FE3H         LINE#         497
  -------         ENDPROC       LOOP_PS2_CAR_PWM
  -------         PROC          LOOP_PS2_BUTTON
  -------         DO            
  X:041EH         SYMBOL        psx_button_bak
  X:0420H         SYMBOL        mode_bak
  -------         ENDDO         
  C:681EH         LINE#         501
  C:681EH         LINE#         506
  C:682AH         LINE#         507
BL51 BANKED LINKER/LOCATER V6.22                                                      09/20/2018  15:06:26  PAGE 19


  C:682CH         LINE#         508
  C:682FH         LINE#         509
  C:6835H         LINE#         510
  C:6835H         LINE#         511
  C:683DH         LINE#         512
  C:6843H         LINE#         514
  C:6843H         LINE#         516
  C:685BH         LINE#         517
  C:685BH         LINE#         518
  C:685BH         LINE#         519
  C:6869H         LINE#         520
  C:6871H         LINE#         521
  C:6879H         LINE#         522
  C:6879H         LINE#         524
  -------         ENDPROC       LOOP_PS2_BUTTON
  -------         PROC          _PARSE_PSX_BUF
  D:0001H         SYMBOL        buf
  X:045FH         SYMBOL        mode
  -------         DO            
  X:0460H         SYMBOL        i
  X:0461H         SYMBOL        pos
  X:0421H         SYMBOL        bak
  X:0423H         SYMBOL        temp
  X:0425H         SYMBOL        temp2
  -------         ENDDO         
  C:3D44H         LINE#         526
  C:3D49H         LINE#         527
  C:3D4EH         LINE#         529
  C:3D68H         LINE#         531
  C:3D7AH         LINE#         532
  C:3D86H         LINE#         533
  C:3D94H         LINE#         534
  C:3DA6H         LINE#         535
  C:3DC6H         LINE#         536
  C:3DC6H         LINE#         537
  C:3DD5H         LINE#         539
  C:3DE4H         LINE#         540
  C:3DECH         LINE#         541
  C:3E18H         LINE#         542
  C:3E25H         LINE#         543
  C:3E67H         LINE#         544
  C:3E67H         LINE#         546
  C:3E83H         LINE#         547
  C:3E91H         LINE#         548
  C:3EACH         LINE#         552
  C:3EBBH         LINE#         553
  C:3EBBH         LINE#         554
  C:3EBEH         LINE#         555
  C:3EDBH         LINE#         559
  C:3EEAH         LINE#         560
  C:3EEAH         LINE#         561
  C:3EEDH         LINE#         562
  C:3EEDH         LINE#         567
  C:3EF5H         LINE#         568
  C:3EF8H         LINE#         570
  C:3F07H         LINE#         571
  C:3F0FH         LINE#         572
BL51 BANKED LINKER/LOCATER V6.22                                                      09/20/2018  15:06:26  PAGE 20


  C:3F3BH         LINE#         573
  C:3F48H         LINE#         574
  C:3F8AH         LINE#         575
  C:3F8AH         LINE#         577
  C:3FA6H         LINE#         578
  C:3FABH         LINE#         579
  C:3FCCH         LINE#         583
  C:3FE4H         LINE#         584
  C:3FF9H         LINE#         585
  C:3FF9H         LINE#         586
  C:3FFCH         LINE#         587
  C:4022H         LINE#         591
  C:403AH         LINE#         592
  C:404FH         LINE#         593
  C:404FH         LINE#         594
  C:4052H         LINE#         595
  C:4052H         LINE#         598
  C:4052H         LINE#         599
  C:4052H         LINE#         603
  C:4052H         LINE#         604
  C:405BH         LINE#         605
  C:406AH         LINE#         606
  C:4075H         LINE#         607
  C:4075H         LINE#         609
  -------         ENDPROC       _PARSE_PSX_BUF
  -------         PROC          HANDLE_UART
  C:0091H         LINE#         611
  C:0091H         LINE#         615
  -------         ENDPROC       HANDLE_UART
  C:212AH         SYMBOL        L?0360
  -------         PROC          L?0359
  -------         ENDPROC       L?0359
  C:212AH         SYMBOL        L?0360
  -------         PROC          _PARSE_CMD
  X:0462H         SYMBOL        cmd
  -------         DO            
  X:0427H         SYMBOL        djrFlag
  X:0465H         SYMBOL        pos
  X:0467H         SYMBOL        i
  X:0469H         SYMBOL        index
  X:046BH         SYMBOL        int1
  X:046DH         SYMBOL        int2
  -------         ENDDO         
  C:2130H         LINE#         632
  C:213BH         LINE#         638
  C:213EH         LINE#         640
  C:2168H         LINE#         641
  C:216EH         LINE#         642
  C:2185H         LINE#         643
  C:219FH         LINE#         644
  C:21D9H         LINE#         645
  C:21E9H         LINE#         646
  C:21F2H         LINE#         647
  C:21FAH         LINE#         648
  C:2200H         LINE#         649
  C:222BH         LINE#         650
  C:225AH         LINE#         651
BL51 BANKED LINKER/LOCATER V6.22                                                      09/20/2018  15:06:26  PAGE 21


  C:227BH         LINE#         652
  C:22B5H         LINE#         653
  C:22DBH         LINE#         654
  C:22E4H         LINE#         655
  C:22E4H         LINE#         658
  C:230BH         LINE#         659
  C:230EH         LINE#         660
  C:2335H         LINE#         661
  C:2370H         LINE#         662
  C:2381H         LINE#         663
  C:2381H         LINE#         664
  C:23A8H         LINE#         665
  C:23E3H         LINE#         666
  C:23F4H         LINE#         667
  C:23F4H         LINE#         668
  C:241BH         LINE#         669
  C:244AH         LINE#         670
  C:2455H         LINE#         671
  C:245BH         LINE#         672
  C:245BH         LINE#         673
  C:2486H         LINE#         674
  C:24CDH         LINE#         676
  C:24E4H         LINE#         677
  C:24ECH         LINE#         678
  C:24FBH         LINE#         679
  C:2500H         LINE#         681
  C:2501H         LINE#         682
  C:2507H         LINE#         683
  C:2507H         LINE#         685
  C:2507H         LINE#         686
  C:2507H         LINE#         687
  C:2531H         LINE#         688
  C:256CH         LINE#         689
  C:257AH         LINE#         690
  C:257AH         LINE#         691
  C:25A4H         LINE#         692
  C:25AAH         LINE#         693
  C:25AFH         LINE#         694
  C:25AFH         LINE#         695
  C:25D8H         LINE#         696
  C:25DEH         LINE#         697
  C:25E5H         LINE#         698
  C:25F0H         LINE#         699
  C:2618H         LINE#         700
  C:2620H         LINE#         701
  C:264AH         LINE#         702
  C:2652H         LINE#         703
  C:267CH         LINE#         704
  C:2684H         LINE#         705
  C:26AEH         LINE#         706
  C:26B6H         LINE#         707
  C:26E0H         LINE#         708
  C:26E5H         LINE#         709
  C:270FH         LINE#         710
  C:2713H         LINE#         711
  C:273DH         LINE#         712
  C:2741H         LINE#         713
BL51 BANKED LINKER/LOCATER V6.22                                                      09/20/2018  15:06:26  PAGE 22


  C:276EH         LINE#         714
  C:2777H         LINE#         715
  C:2791H         LINE#         716
  C:27ABH         LINE#         717
  C:27C5H         LINE#         718
  C:2866H         LINE#         719
  C:2877H         LINE#         720
  C:28A1H         LINE#         721
  C:28AAH         LINE#         722
  C:28C4H         LINE#         723
  C:28DEH         LINE#         724
  C:28F8H         LINE#         725
  C:2999H         LINE#         726
  C:29AAH         LINE#         728
  C:29B0H         LINE#         729
  C:29B2H         LINE#         730
  C:29B4H         LINE#         731
  C:29BBH         LINE#         732
  C:29BBH         LINE#         733
  C:29CCH         LINE#         734
  C:29F4H         LINE#         735
  C:29FAH         LINE#         736
  C:2A24H         LINE#         737
  C:2A2CH         LINE#         738
  C:2A30H         LINE#         739
  C:2A33H         LINE#         740
  C:2A37H         LINE#         741
  C:2A37H         LINE#         742
  C:2A61H         LINE#         743
  C:2A66H         LINE#         744
  C:2AB0H         LINE#         745
  C:2AB9H         LINE#         746
  C:2AD7H         LINE#         747
  C:2AFCH         LINE#         748
  C:2B32H         LINE#         749
  C:2B3FH         LINE#         750
  C:2B46H         LINE#         751
  C:2B4CH         LINE#         752
  C:2B4CH         LINE#         753
  C:2B54H         LINE#         754
  C:2B5CH         LINE#         755
  C:2B62H         LINE#         756
  C:2B62H         LINE#         757
  C:2B71H         LINE#         758
  C:2B79H         LINE#         759
  C:2B80H         LINE#         760
  C:2B8FH         LINE#         761
  C:2B97H         LINE#         762
  C:2B9FH         LINE#         763
  C:2BA6H         LINE#         764
  C:2BB5H         LINE#         765
  C:2BB7H         LINE#         766
  C:2BBEH         LINE#         767
  C:2BC2H         LINE#         768
  C:2BC2H         LINE#         770
  C:2BD9H         LINE#         771
  C:2BE1H         LINE#         772
BL51 BANKED LINKER/LOCATER V6.22                                                      09/20/2018  15:06:26  PAGE 23


  C:2BF0H         LINE#         773
  C:2BF5H         LINE#         774
  C:2BFAH         LINE#         775
  C:2BFBH         LINE#         776
  C:2BFEH         LINE#         777
  C:2BFEH         LINE#         779
  C:2BFEH         LINE#         780
  C:2C25H         LINE#         781
  C:2C2EH         LINE#         782
  C:2C55H         LINE#         783
  C:2C81H         LINE#         784
  C:2C93H         LINE#         785
  C:2C98H         LINE#         786
  C:2CA3H         LINE#         787
  C:2CA8H         LINE#         789
  C:2CA8H         LINE#         790
  C:2CA8H         LINE#         791
  C:2CD1H         LINE#         792
  C:2CD7H         LINE#         793
  C:2CE2H         LINE#         794
  C:2CEAH         LINE#         795
  C:2CEAH         LINE#         796
  -------         ENDPROC       _PARSE_CMD
  -------         PROC          _ACTION_SAVE
  X:045FH         SYMBOL        str
  -------         DO            
  X:0462H         SYMBOL        action_index
  -------         ENDDO         
  C:4596H         LINE#         800
  C:45A1H         LINE#         801
  C:45A6H         LINE#         803
  C:45C3H         LINE#         804
  C:45C8H         LINE#         805
  C:45CBH         LINE#         806
  C:45D4H         LINE#         808
  C:45ECH         LINE#         809
  C:4628H         LINE#         810
  C:463CH         LINE#         811
  C:4653H         LINE#         812
  C:4655H         LINE#         813
  C:4664H         LINE#         814
  C:467DH         LINE#         815
  C:4697H         LINE#         816
  C:4697H         LINE#         817
  C:469DH         LINE#         818
  C:46A0H         LINE#         820
  C:46A6H         LINE#         821
  C:46A9H         LINE#         823
  C:46A9H         LINE#         825
  C:46BFH         LINE#         827
  C:46DBH         LINE#         829
  C:46E4H         LINE#         831
  C:46E4H         LINE#         833
  C:470BH         LINE#         834
  C:4721H         LINE#         835
  C:4737H         LINE#         836
  C:476CH         LINE#         838
BL51 BANKED LINKER/LOCATER V6.22                                                      09/20/2018  15:06:26  PAGE 24


  C:4775H         LINE#         840
  -------         ENDPROC       _ACTION_SAVE
  -------         PROC          _GET_ACTION_INDEX
  X:0464H         SYMBOL        str
  -------         DO            
  X:0467H         SYMBOL        index
  -------         ENDDO         
  C:610BH         LINE#         842
  C:6116H         LINE#         843
  C:611BH         LINE#         845
  C:612BH         LINE#         846
  C:612FH         LINE#         847
  C:6134H         LINE#         848
  C:614CH         LINE#         849
  C:6171H         LINE#         850
  C:617BH         LINE#         851
  C:617DH         LINE#         852
  C:6186H         LINE#         853
  C:6186H         LINE#         854
  C:6190H         LINE#         855
  C:6190H         LINE#         856
  C:6192H         LINE#         857
  C:6196H         LINE#         858
  -------         ENDPROC       _GET_ACTION_INDEX
  -------         PROC          _PRINT_GROUP
  X:046FH         SYMBOL        start
  X:0471H         SYMBOL        end
  C:5DFEH         LINE#         860
  C:5E0CH         LINE#         861
  C:5E27H         LINE#         862
  C:5E3EH         LINE#         863
  C:5E3EH         LINE#         864
  C:5E59H         LINE#         865
  C:5E68H         LINE#         866
  C:5E86H         LINE#         867
  C:5E8FH         LINE#         868
  C:5E98H         LINE#         869
  C:5EA8H         LINE#         870
  -------         ENDPROC       _PRINT_GROUP
  -------         PROC          _INT_EXCHANGE
  X:0473H         SYMBOL        int1
  X:0476H         SYMBOL        int2
  -------         DO            
  D:0006H         SYMBOL        int_temp
  -------         ENDDO         
  C:6B4BH         LINE#         873
  C:6B56H         LINE#         875
  C:6B5CH         LINE#         876
  C:6B7DH         LINE#         877
  -------         ENDPROC       _INT_EXCHANGE
  -------         PROC          _ERASE_SECTOR
  X:046FH         SYMBOL        start
  X:0471H         SYMBOL        end
  C:5A61H         LINE#         880
  C:5A6FH         LINE#         881
  C:5A8AH         LINE#         882
  C:5AA1H         LINE#         883
BL51 BANKED LINKER/LOCATER V6.22                                                      09/20/2018  15:06:26  PAGE 25


  C:5AA1H         LINE#         884
  C:5AB8H         LINE#         885
  C:5AD4H         LINE#         886
  C:5ADDH         LINE#         887
  C:5B03H         LINE#         888
  C:5B0CH         LINE#         889
  C:5B1CH         LINE#         890
  C:5B26H         LINE#         891
  -------         ENDPROC       _ERASE_SECTOR
  -------         PROC          _DO_GROUP_ONCE
  X:046FH         SYMBOL        group_num
  C:656AH         LINE#         895
  C:6572H         LINE#         907
  C:6581H         LINE#         908
  C:6581H         LINE#         910
  C:6581H         LINE#         911
  C:6581H         LINE#         913
  C:659FH         LINE#         914
  C:659FH         LINE#         916
  C:65A2H         LINE#         917
  C:65C8H         LINE#         918
  -------         ENDPROC       _DO_GROUP_ONCE
  -------         PROC          _ABS_FLOAT
  X:0462H         SYMBOL        value
  C:6BD0H         LINE#         922
  C:6BD6H         LINE#         923
  C:6BF0H         LINE#         924
  C:6BFFH         LINE#         925
  C:6BFFH         LINE#         926
  C:6C10H         LINE#         927
  -------         ENDPROC       _ABS_FLOAT
  -------         PROC          _DUOJI_INC_HANDLE
  X:045FH         SYMBOL        index
  -------         DO            
  X:0460H         SYMBOL        aim_temp
  -------         ENDDO         
  C:4A8FH         LINE#         929
  C:4A94H         LINE#         932
  C:4AB9H         LINE#         934
  C:4AE0H         LINE#         936
  C:4AEAH         LINE#         937
  C:4AF4H         LINE#         938
  C:4B07H         LINE#         939
  C:4B0EH         LINE#         940
  C:4B0EH         LINE#         942
  C:4B82H         LINE#         943
  C:4BA3H         LINE#         944
  C:4BB8H         LINE#         945
  C:4BB9H         LINE#         946
  C:4BFFH         LINE#         947
  C:4BFFH         LINE#         948
  C:4BFFH         LINE#         949
  -------         ENDPROC       _DUOJI_INC_HANDLE
  -------         PROC          LOOP_ACTION
  C:56CDH         LINE#         952
  C:56CDH         LINE#         954
  C:56D3H         LINE#         955
BL51 BANKED LINKER/LOCATER V6.22                                                      09/20/2018  15:06:26  PAGE 26


  C:56DBH         LINE#         956
  C:56E0H         LINE#         957
  C:56E0H         LINE#         959
  C:56F2H         LINE#         960
  C:56FDH         LINE#         962
  C:5713H         LINE#         963
  C:571FH         LINE#         964
  C:5727H         LINE#         965
  C:5734H         LINE#         966
  C:5742H         LINE#         967
  C:5749H         LINE#         968
  C:5749H         LINE#         969
  C:5749H         LINE#         970
  C:5749H         LINE#         971
  C:574BH         LINE#         973
  C:574BH         LINE#         974
  C:5759H         LINE#         975
  C:575AH         LINE#         976
  C:576EH         LINE#         977
  C:577DH         LINE#         978
  C:5787H         LINE#         979
  C:5795H         LINE#         980
  C:579CH         LINE#         981
  C:57A1H         LINE#         982
  C:57AAH         LINE#         983
  C:57AAH         LINE#         984
  C:57AAH         LINE#         986
  C:57AAH         LINE#         987
  C:57B8H         LINE#         988
  C:57B8H         LINE#         989
  C:57B8H         LINE#         991
  -------         ENDPROC       LOOP_ACTION
  -------         PROC          CHECK_DJ_STATE
  -------         DO            
  X:0461H         SYMBOL        i
  -------         ENDDO         
  C:697CH         LINE#         993
  C:697CH         LINE#         995
  C:6995H         LINE#         996
  C:69BCH         LINE#         997
  C:69CCH         LINE#         998
  C:69CEH         LINE#         999
  -------         ENDPROC       CHECK_DJ_STATE
  C:2CFAH         SYMBOL        L?0358
  -------         PROC          L?0357
  -------         ENDPROC       L?0357
  C:2CFAH         SYMBOL        L?0358
  -------         PROC          _DO_ACTION
  X:0471H         SYMBOL        uart_receive_buf
  -------         DO            
  X:0474H         SYMBOL        index
  X:0476H         SYMBOL        time
  X:0478H         SYMBOL        i
  X:047AH         SYMBOL        lst_i
  X:047CH         SYMBOL        parse_ok
  X:047EH         SYMBOL        bias
  X:0480H         SYMBOL        pwm
BL51 BANKED LINKER/LOCATER V6.22                                                      09/20/2018  15:06:26  PAGE 27


  X:0484H         SYMBOL        aim_temp
  -------         ENDDO         
  C:2D00H         LINE#         1001
  C:2D0BH         LINE#         1006
  C:2D0EH         LINE#         1007
  C:2D17H         LINE#         1009
  C:2D6DH         LINE#         1010
  C:2DB7H         LINE#         1011
  C:2E00H         LINE#         1012
  C:2E34H         LINE#         1013
  C:2E3FH         LINE#         1014
  C:2E43H         LINE#         1015
  C:2E50H         LINE#         1016
  C:2E50H         LINE#         1017
  C:2EDFH         LINE#         1018
  C:2F03H         LINE#         1019
  C:2F20H         LINE#         1020
  C:2F2AH         LINE#         1021
  C:2F46H         LINE#         1022
  C:2F50H         LINE#         1023
  C:2F50H         LINE#         1025
  C:2F7BH         LINE#         1026
  C:2F9FH         LINE#         1027
  C:2FB9H         LINE#         1028
  C:2FC2H         LINE#         1029
  C:2FC8H         LINE#         1030
  C:2FC9H         LINE#         1032
  C:3012H         LINE#         1033
  C:305DH         LINE#         1034
  C:3068H         LINE#         1035
  C:30A3H         LINE#         1036
  C:30C3H         LINE#         1037
  C:30C4H         LINE#         1039
  C:30C4H         LINE#         1042
  C:30D1H         LINE#         1043
  C:30F0H         LINE#         1044
  C:30F4H         LINE#         1045
  C:3100H         LINE#         1046
  C:3115H         LINE#         1047
  C:3135H         LINE#         1048
  C:3168H         LINE#         1049
  C:316AH         LINE#         1050
  C:318AH         LINE#         1051
  C:31A2H         LINE#         1052
  C:31C8H         LINE#         1053
  C:3222H         LINE#         1054
  C:3225H         LINE#         1055
  C:3245H         LINE#         1056
  C:3259H         LINE#         1057
  C:3279H         LINE#         1058
  C:32ACH         LINE#         1059
  C:32AEH         LINE#         1062
  C:330EH         LINE#         1065
  C:3345H         LINE#         1066
  C:3364H         LINE#         1067
  C:3364H         LINE#         1069
  C:33ABH         LINE#         1070
BL51 BANKED LINKER/LOCATER V6.22                                                      09/20/2018  15:06:26  PAGE 28


  C:33D2H         LINE#         1071
  C:33F6H         LINE#         1074
  C:340AH         LINE#         1075
  C:3430H         LINE#         1076
  C:3454H         LINE#         1077
  C:346EH         LINE#         1078
  C:3471H         LINE#         1079
  C:3497H         LINE#         1080
  C:34B7H         LINE#         1081
  C:3552H         LINE#         1082
  C:3552H         LINE#         1085
  C:3552H         LINE#         1087
  C:3555H         LINE#         1088
  C:3563H         LINE#         1089
  C:3563H         LINE#         1090
  C:3566H         LINE#         1091
  -------         ENDPROC       _DO_ACTION
  -------         PROC          _REPLACE_CHAR
  D:0001H         SYMBOL        str
  D:0005H         SYMBOL        ch1
  X:0468H         SYMBOL        ch2
  C:6FB1H         LINE#         1093
  C:6FB1H         LINE#         1094
  C:6FB6H         LINE#         1095
  C:6FB9H         LINE#         1096
  C:6FC0H         LINE#         1097
  C:6FC0H         LINE#         1098
  C:6FC7H         LINE#         1099
  C:6FC9H         LINE#         1101
  -------         ENDPROC       _REPLACE_CHAR
  -------         PROC          LOOP_VOL_WARNING
  -------         DO            
  X:0428H         SYMBOL        systick_ms_bak
  -------         ENDDO         
  C:6638H         LINE#         1104
  C:6638H         LINE#         1107
  C:6663H         LINE#         1108
  C:666CH         LINE#         1109
  C:6679H         LINE#         1110
  C:669BH         LINE#         1112
  -------         ENDPROC       LOOP_VOL_WARNING
  -------         PROC          REWRITE_EEPROM
  C:6EEFH         LINE#         1118
  C:6EEFH         LINE#         1119
  C:6EFAH         LINE#         1120
  -------         ENDPROC       REWRITE_EEPROM
  -------         PROC          LOOP_BT_ONCE
  -------         DO            
  X:042CH         SYMBOL        first_change
  X:042DH         SYMBOL        step
  X:042EH         SYMBOL        systick_ms_bak
  -------         ENDDO         
  C:490BH         LINE#         1123
  C:490BH         LINE#         1126
  C:4914H         LINE#         1127
  C:4945H         LINE#         1128
  C:494EH         LINE#         1129
BL51 BANKED LINKER/LOCATER V6.22                                                      09/20/2018  15:06:26  PAGE 29


  C:4959H         LINE#         1130
  C:495CH         LINE#         1131
  C:4962H         LINE#         1132
  C:4962H         LINE#         1133
  C:4997H         LINE#         1134
  C:49A0H         LINE#         1135
  C:49ABH         LINE#         1136
  C:49ABH         LINE#         1137
  C:49E0H         LINE#         1138
  C:49E9H         LINE#         1139
  C:49F2H         LINE#         1140
  C:49F2H         LINE#         1141
  C:4A26H         LINE#         1142
  C:4A2FH         LINE#         1143
  C:4A38H         LINE#         1144
  C:4A3EH         LINE#         1145
  C:4A71H         LINE#         1146
  C:4A7AH         LINE#         1147
  C:4A83H         LINE#         1148
  C:4A89H         LINE#         1149
  C:4A8EH         LINE#         1150
  C:4A8EH         LINE#         1151
  C:4A8EH         LINE#         1152
  -------         ENDPROC       LOOP_BT_ONCE
  -------         PROC          SOFT_RESET
  C:0096H         LINE#         1154
  C:0096H         LINE#         1155
  C:0099H         LINE#         1156
  -------         ENDPROC       SOFT_RESET
  -------         ENDMOD        Z_MAIN

  -------         MODULE        Z_ADC
  C:0000H         SYMBOL        _ICE_DUMMY_
  C:7027H         PUBLIC        _adc_init
  C:6EA0H         PUBLIC        _adc_read
  D:00BCH         PUBLIC        ADC_CONTR
  D:00BDH         PUBLIC        ADC_RES
  D:00BEH         PUBLIC        ADC_LOW2
  D:009DH         PUBLIC        P1ASF
  -------         PROC          _ADC_INIT
  D:0007H         SYMBOL        ch
  C:7027H         LINE#         16
  C:7027H         LINE#         17
  C:7034H         LINE#         18
  C:7037H         LINE#         19
  C:703AH         LINE#         20
  C:703BH         LINE#         21
  -------         ENDPROC       _ADC_INIT
  -------         PROC          _ADC_READ
  D:0006H         SYMBOL        ch
  C:6EA0H         LINE#         23
  C:6EA2H         LINE#         24
  C:6EA5H         LINE#         25
  C:6EAAH         LINE#         26
  C:6EABH         LINE#         27
  C:6EACH         LINE#         28
  C:6EADH         LINE#         29
BL51 BANKED LINKER/LOCATER V6.22                                                      09/20/2018  15:06:26  PAGE 30


  C:6EAEH         LINE#         30
  C:6EB3H         LINE#         31
  C:6EB6H         LINE#         33
  C:6EC7H         LINE#         36
  -------         ENDPROC       _ADC_READ
  -------         ENDMOD        Z_ADC

  -------         MODULE        Z_DELAY
  C:0000H         SYMBOL        _ICE_DUMMY_
  C:711EH         PUBLIC        _delay
  C:70A1H         PUBLIC        _udelay
  C:6F59H         PUBLIC        _mdelay
  -------         PROC          _DELAY
  D:0006H         SYMBOL        t
  C:711EH         LINE#         3
  C:711EH         LINE#         5
  C:7128H         LINE#         7
  -------         ENDPROC       _DELAY
  -------         PROC          _UDELAY
  D:0006H         SYMBOL        t
  -------         DO            
  D:0005H         SYMBOL        i
  -------         ENDDO         
  C:70A1H         LINE#         9
  C:70A1H         LINE#         11
  C:70ABH         LINE#         12
  C:70ADH         LINE#         13
  C:70B3H         LINE#         15
  -------         ENDPROC       _UDELAY
  -------         PROC          _MDELAY
  D:0006H         SYMBOL        t
  -------         DO            
  D:0004H         SYMBOL        i
  D:0002H         SYMBOL        j
  -------         ENDDO         
  C:6F59H         LINE#         17
  C:6F59H         LINE#         19
  C:6F63H         LINE#         20
  C:6F71H         LINE#         21
  C:6F78H         LINE#         22
  -------         ENDPROC       _MDELAY
  -------         ENDMOD        Z_DELAY

  -------         MODULE        Z_GLOBAL
  C:0000H         SYMBOL        _ICE_DUMMY_
  D:00D0H         PUBLIC        PSW
  D:0080H         PUBLIC        P0
  D:0090H         PUBLIC        P1
  D:00A0H         PUBLIC        P2
  D:00B0H         PUBLIC        P3
  D:00C0H         PUBLIC        P4
  D:00C8H         PUBLIC        P5
  D:00E8H         PUBLIC        P6
  D:00F8H         PUBLIC        P7
  D:00A8H         PUBLIC        IE
  D:00B8H         PUBLIC        IP
  D:0088H         PUBLIC        TCON
BL51 BANKED LINKER/LOCATER V6.22                                                      09/20/2018  15:06:26  PAGE 31


  D:0098H         PUBLIC        SCON
  D:00D8H         PUBLIC        CCON
  X:0000H         PUBLIC        duoji_doing
  X:0070H         PUBLIC        eeprom_info
  X:0130H         PUBLIC        uart_receive_buf
  X:0334H         PUBLIC        uart1_get_ok
  X:0335H         PUBLIC        uart1_mode
  X:0336H         PUBLIC        uart_receive_buf_index
  X:0337H         PUBLIC        cmd_return
  X:039BH         PUBLIC        timer1_flag_dj
  X:039CH         PUBLIC        duoji_index1
  X:039DH         PUBLIC        smart_mode
  X:039EH         PUBLIC        group_do_ok
  X:039FH         PUBLIC        csb_cnt
  C:69CFH         PUBLIC        global_init
  C:53ABH         PUBLIC        _str_contain_str
  C:7051H         PUBLIC        _abs_int
  C:4EC6H         PUBLIC        _selection_sort
  -------         PROC          GLOBAL_INIT
  -------         DO            
  D:0003H         SYMBOL        i
  -------         ENDDO         
  C:69CFH         LINE#         16
  C:69CFH         LINE#         19
  C:69D1H         LINE#         20
  C:69E6H         LINE#         21
  C:69FBH         LINE#         22
  C:6A10H         LINE#         23
  C:6A15H         LINE#         25
  C:6A1AH         LINE#         26
  C:6A1CH         LINE#         27
  C:6A1EH         LINE#         29
  -------         ENDPROC       GLOBAL_INIT
  -------         PROC          _STR_CONTAIN_STR
  X:046FH         SYMBOL        str
  X:0472H         SYMBOL        str2
  -------         DO            
  X:0475H         SYMBOL        str_temp
  X:0478H         SYMBOL        str_temp2
  -------         ENDDO         
  C:53ABH         LINE#         31
  C:53B6H         LINE#         33
  C:53C1H         LINE#         34
  C:53D6H         LINE#         35
  C:53EAH         LINE#         36
  C:53FEH         LINE#         37
  C:540EH         LINE#         38
  C:5436H         LINE#         39
  C:5471H         LINE#         40
  C:5486H         LINE#         41
  C:5486H         LINE#         42
  C:5486H         LINE#         43
  C:5486H         LINE#         44
  C:5499H         LINE#         45
  C:54B3H         LINE#         46
  C:54B3H         LINE#         48
  C:54B3H         LINE#         49
BL51 BANKED LINKER/LOCATER V6.22                                                      09/20/2018  15:06:26  PAGE 32


  C:54BDH         LINE#         50
  C:54BDH         LINE#         51
  C:54C0H         LINE#         52
  C:54C3H         LINE#         53
  -------         ENDPROC       _STR_CONTAIN_STR
  -------         PROC          _SELECTION_SORT
  D:0001H         SYMBOL        a
  X:0464H         SYMBOL        len
  -------         DO            
  X:0466H         SYMBOL        i
  X:0468H         SYMBOL        j
  X:046AH         SYMBOL        mi
  X:046CH         SYMBOL        t
  -------         ENDDO         
  C:4EC6H         LINE#         55
  C:4ECEH         LINE#         57
  C:4EF7H         LINE#         58
  C:4F04H         LINE#         59
  C:4F2CH         LINE#         60
  C:4F5CH         LINE#         61
  C:4F69H         LINE#         62
  C:4F69H         LINE#         63
  C:4F79H         LINE#         65
  C:4F90H         LINE#         66
  C:4FA7H         LINE#         67
  C:4FD2H         LINE#         68
  C:4FF0H         LINE#         69
  C:4FF0H         LINE#         70
  C:5004H         LINE#         71
  -------         ENDPROC       _SELECTION_SORT
  -------         PROC          _ABS_INT
  D:0006H         SYMBOL        int1
  C:7051H         LINE#         74
  C:7051H         LINE#         75
  C:705DH         LINE#         76
  C:7064H         LINE#         77
  -------         ENDPROC       _ABS_INT
  -------         ENDMOD        Z_GLOBAL

  -------         MODULE        Z_GPIO
  C:0000H         SYMBOL        _ICE_DUMMY_
  D:00D0H         PUBLIC        PSW
  D:0080H         PUBLIC        P0
[...]
  C:50AFH         LINE#         272
  C:50B4H         LINE#         274
  C:50C2H         LINE#         275
  C:50C2H         LINE#         276
  C:50C2H         LINE#         277
  C:50C2H         LINE#         278
  C:50CFH         LINE#         279
  C:50DDH         LINE#         280
  C:50DDH         LINE#         281
  C:50DDH         LINE#         282
  C:50EDH         LINE#         283
  C:50FBH         LINE#         284
  C:50FBH         LINE#         285
  C:50FBH         LINE#         286
  C:510BH         LINE#         287
  C:511DH         LINE#         288
  C:5122H         LINE#         289
  C:5129H         LINE#         290
  C:5129H         LINE#         292
  C:5136H         LINE#         294
  C:5136H         LINE#         300
  -------         ENDPROC       UART2_INT
  -------         PROC          UART4
  -------         DO            
  X:04AAH         SYMBOL        buf_index
  X:04ACH         SYMBOL        sbuf_bak
  -------         ENDDO         
  C:5141H         LINE#         305
  C:514EH         LINE#         308
  C:5156H         LINE#         309
  C:5159H         LINE#         310
  C:515FH         LINE#         314
  C:5168H         LINE#         316
  C:516FH         LINE#         317
  C:5175H         LINE#         318
  C:517CH         LINE#         319
  C:5185H         LINE#         320
  C:518DH         LINE#         321
  C:5195H         LINE#         322
  C:519BH         LINE#         323
  C:51A1H         LINE#         324
  C:51A7H         LINE#         325
  C:51ADH         LINE#         326
  C:51B3H         LINE#         327
  C:51B9H         LINE#         328
  C:51BFH         LINE#         329
BL51 BANKED LINKER/LOCATER V6.22                                                      09/20/2018  15:06:26  PAGE 55


  C:51BFH         LINE#         330
  C:51C6H         LINE#         331
  C:51C6H         LINE#         333
  C:51E3H         LINE#         335
  C:51EBH         LINE#         337
  C:51F0H         LINE#         339
  C:51FEH         LINE#         340
  C:51FEH         LINE#         341
  C:51FEH         LINE#         342
  C:51FEH         LINE#         343
  C:520BH         LINE#         344
  C:5219H         LINE#         345
  C:5219H         LINE#         346
  C:5219H         LINE#         347
  C:5229H         LINE#         348
  C:5237H         LINE#         349
  C:5237H         LINE#         350
  C:5237H         LINE#         351
  C:5247H         LINE#         352
  C:5259H         LINE#         353
  C:525EH         LINE#         354
  C:5265H         LINE#         355
  C:5265H         LINE#         357
  C:5272H         LINE#         358
  C:5272H         LINE#         364
  -------         ENDPROC       UART4
  -------         ENDMOD        Z_UART

  -------         MODULE        Z_W25Q64
  C:0000H         SYMBOL        _ICE_DUMMY_
  D:00D0H         PUBLIC        PSW
  D:0080H         PUBLIC        P0
  D:0090H         PUBLIC        P1
  D:00A0H         PUBLIC        P2
  D:00B0H         PUBLIC        P3
  D:00C0H         PUBLIC        P4
  D:00C8H         PUBLIC        P5
  D:00E8H         PUBLIC        P6
  D:00F8H         PUBLIC        P7
  D:0092H         PUBLIC        P1M0
  D:0091H         PUBLIC        P1M1
  D:00B4H         PUBLIC        P4M0
  D:00B3H         PUBLIC        P4M1
  D:00A8H         PUBLIC        IE
  D:00B8H         PUBLIC        IP
  D:0088H         PUBLIC        TCON
  D:0098H         PUBLIC        SCON
  D:00CDH         PUBLIC        SPSTAT
  D:00CEH         PUBLIC        SPCTL
  D:00CFH         PUBLIC        SPDAT
  D:00D8H         PUBLIC        CCON
  C:70C6H         PUBLIC        SpiMasterInit
  C:6F8AH         PUBLIC        _SpiWriteRead
  B:00C0H.0       PUBLIC        P4_0
  C:7148H         PUBLIC        SpiFlashInit
  C:6E76H         PUBLIC        SpiFlashReadID
  C:7103H         PUBLIC        SpiFlashReadSR
BL51 BANKED LINKER/LOCATER V6.22                                                      09/20/2018  15:06:26  PAGE 56


  C:7134H         PUBLIC        SpiFlashWriteEnable
  C:57B9H         PUBLIC        _SpiFlashWriteNoCheck
  C:669CH         PUBLIC        _SpiFlashRead
  C:6D98H         PUBLIC        _SpiFlashWrite
  C:6502H         PUBLIC        _SpiFlashEraseSector
  C:7151H         PUBLIC        SpiFlashWaitBusy
  C:62AEH         PUBLIC        _SpiFlashWritePage
  -------         PROC          SPIMASTERINIT
  C:70C6H         LINE#         27
  C:70C6H         LINE#         28
  C:70C6H         LINE#         42
  C:70C9H         LINE#         43
  C:70CCH         LINE#         44
  C:70CFH         LINE#         45
  C:70D2H         LINE#         50
  C:70D5H         LINE#         54
  -------         ENDPROC       SPIMASTERINIT
  -------         PROC          L?0033
  -------         ENDPROC       L?0033
  -------         PROC          _SPIWRITEREAD
  D:0007H         SYMBOL        d
  C:6F8AH         LINE#         103
  C:6F8AH         LINE#         104
  C:6F8AH         LINE#         105
  C:6F8CH         LINE#         106
  C:6F91H         LINE#         107
  C:6F94H         LINE#         108
  C:6F96H         LINE#         109
  -------         ENDPROC       _SPIWRITEREAD
  -------         PROC          SPIFLASHINIT
  C:7148H         LINE#         144
  C:7148H         LINE#         145
  C:7148H         LINE#         147
  C:714BH         LINE#         148
  C:714EH         LINE#         150
  -------         ENDPROC       SPIFLASHINIT
  -------         PROC          SPIFLASHREADSR
  -------         DO            
  D:0007H         SYMBOL        rt
  -------         ENDDO         
  C:7103H         LINE#         165
  C:7103H         LINE#         166
  C:7103H         LINE#         167
  C:7103H         LINE#         168
  C:7105H         LINE#         169
  C:710AH         LINE#         170
  C:710FH         LINE#         171
  C:7111H         LINE#         172
  C:7111H         LINE#         173
  -------         ENDPROC       SPIFLASHREADSR
  -------         PROC          SPIFLASHWRITEENABLE
  C:7134H         LINE#         195
  C:7134H         LINE#         196
  C:7134H         LINE#         197
  C:7136H         LINE#         198
  C:713BH         LINE#         199
  C:713DH         LINE#         200
BL51 BANKED LINKER/LOCATER V6.22                                                      09/20/2018  15:06:26  PAGE 57


  -------         ENDPROC       SPIFLASHWRITEENABLE
  -------         PROC          SPIFLASHREADID
  -------         DO            
  D:0004H         SYMBOL        Temp
  -------         ENDDO         
  C:6E76H         LINE#         224
  C:6E76H         LINE#         225
  C:6E76H         LINE#         226
  C:6E79H         LINE#         227
  C:6E7BH         LINE#         228
  C:6E80H         LINE#         229
  C:6E85H         LINE#         230
  C:6E8AH         LINE#         231
  C:6E8FH         LINE#         232
  C:6E96H         LINE#         233
  C:6E9BH         LINE#         234
  C:6E9DH         LINE#         235
  C:6E9FH         LINE#         236
  -------         ENDPROC       SPIFLASHREADID
  -------         PROC          _SPIFLASHREAD
  X:0473H         SYMBOL        pBuffer
  X:0476H         SYMBOL        ReadAddr
  X:047AH         SYMBOL        NumByteToRead
  -------         DO            
  D:0004H         SYMBOL        i
  -------         ENDDO         
  C:669CH         LINE#         245
  C:66ABH         LINE#         246
  C:66ABH         LINE#         248
  C:66ADH         LINE#         249
  C:66B2H         LINE#         250
  C:66B7H         LINE#         251
  C:66BCH         LINE#         252
  C:66CDH         LINE#         254
  C:66DDH         LINE#         255
  C:66DDH         LINE#         256
  C:66F5H         LINE#         257
  C:66FCH         LINE#         259
  C:66FEH         LINE#         260
  -------         ENDPROC       _SPIFLASHREAD
  -------         PROC          _SPIFLASHWRITEPAGE
  X:046FH         SYMBOL        pBuffer
  X:0472H         SYMBOL        WriteAddr
  X:0476H         SYMBOL        NumByteToWrite
  -------         DO            
  D:0004H         SYMBOL        i
  -------         ENDDO         
  C:62AEH         LINE#         269
  C:62BDH         LINE#         270
  C:62BDH         LINE#         273
  C:62C0H         LINE#         274
  C:62C2H         LINE#         276
  C:62C7H         LINE#         277
  C:62DDH         LINE#         278
  C:62F3H         LINE#         279
  C:62FEH         LINE#         281
  C:632BH         LINE#         283
BL51 BANKED LINKER/LOCATER V6.22                                                      09/20/2018  15:06:26  PAGE 58


  C:632DH         LINE#         284
  -------         ENDPROC       _SPIFLASHWRITEPAGE
  -------         PROC          _SPIFLASHWRITENOCHECK
  X:0464H         SYMBOL        pBuffer
  X:0467H         SYMBOL        WriteAddr
  X:046BH         SYMBOL        NumByteToWrite
  -------         DO            
  X:046DH         SYMBOL        pageremain
  -------         ENDDO         
  C:57B9H         LINE#         298
  C:57C8H         LINE#         299
  C:57C8H         LINE#         301
  C:57E0H         LINE#         302
  C:57F4H         LINE#         304
  C:57F4H         LINE#         305
  C:57F4H         LINE#         306
  C:581FH         LINE#         307
  C:5834H         LINE#         309
  C:5834H         LINE#         310
  C:5845H         LINE#         311
  C:5868H         LINE#         313
  C:5881H         LINE#         314
  C:5893H         LINE#         315
  C:58A0H         LINE#         316
  C:58A0H         LINE#         317
  -------         ENDPROC       _SPIFLASHWRITENOCHECK
  -------         PROC          _SPIFLASHWRITE
  D:0001H         SYMBOL        pBuffer
  X:04B6H         SYMBOL        WriteAddr
  X:04BAH         SYMBOL        NumByteToWrite
  -------         DO            
  X:04BCH         SYMBOL        secpos
  -------         ENDDO         
  C:6D98H         LINE#         329
  C:6D9EH         LINE#         330
  C:6D9EH         LINE#         331
  C:6DA8H         LINE#         334
  -------         ENDPROC       _SPIFLASHWRITE
  -------         PROC          _SPIFLASHERASESECTOR
  X:0473H         SYMBOL        Dst_Addr
  C:6502H         LINE#         357
  C:6508H         LINE#         358
  C:6508H         LINE#         360
  C:6521H         LINE#         361
  C:6524H         LINE#         362
  C:6527H         LINE#         363
  C:6529H         LINE#         364
  C:652EH         LINE#         365
  C:6544H         LINE#         366
  C:655AH         LINE#         367
  C:6565H         LINE#         368
  C:6567H         LINE#         369
  -------         ENDPROC       _SPIFLASHERASESECTOR
  -------         PROC          SPIFLASHWAITBUSY
  C:7151H         LINE#         377
  C:7151H         LINE#         378
  C:7151H         LINE#         379
BL51 BANKED LINKER/LOCATER V6.22                                                      09/20/2018  15:06:26  PAGE 59


  C:7158H         LINE#         380
  -------         ENDPROC       SPIFLASHWAITBUSY
  -------         ENDMOD        Z_W25Q64

  -------         MODULE        ?C?FPADD
  C:1549H         PUBLIC        ?C?FPADD
  C:1545H         PUBLIC        ?C?FPSUB
  -------         ENDMOD        ?C?FPADD

  -------         MODULE        ?C?FPMUL
  C:163AH         PUBLIC        ?C?FPMUL
  -------         ENDMOD        ?C?FPMUL

  -------         MODULE        ?C?FPDIV
  C:1743H         PUBLIC        ?C?FPDIV
  -------         ENDMOD        ?C?FPDIV

  -------         MODULE        ?C?FPCMP
  C:17E2H         PUBLIC        ?C?FPCMP
  C:17E0H         PUBLIC        ?C?FPCMP3
  -------         ENDMOD        ?C?FPCMP

  -------         MODULE        ?C?FPNEG
  C:1859H         PUBLIC        ?C?FPNEG
  -------         ENDMOD        ?C?FPNEG

  -------         MODULE        ?C?FCAST
  C:1874H         PUBLIC        ?C?FCASTC
  C:186FH         PUBLIC        ?C?FCASTI
  C:186AH         PUBLIC        ?C?FCASTL
  -------         ENDMOD        ?C?FCAST

  -------         MODULE        ?C?CASTF
  C:18A8H         PUBLIC        ?C?CASTF
  -------         ENDMOD        ?C?CASTF

  -------         MODULE        PRINTF
  X:0473H         PUBLIC        ?_PRINTF?BYTE
  X:0473H         PUBLIC        ?_SPRINTF?BYTE
  C:35D2H         PUBLIC        _PRINTF
  C:35CCH         PUBLIC        _SPRINTF
  -------         ENDMOD        PRINTF

  -------         MODULE        SCANF
  X:046FH         PUBLIC        ?_SCANF?BYTE
  X:046FH         PUBLIC        ?_SSCANF?BYTE
  C:3A77H         PUBLIC        _SCANF
  C:3A73H         PUBLIC        _SSCANF
  -------         ENDMOD        SCANF

  -------         MODULE        ?C?FPROUND
  C:1929H         PUBLIC        ?C?FPROUND
  -------         ENDMOD        ?C?FPROUND

  -------         MODULE        ?C?FPCONVERT
  C:1966H         PUBLIC        ?C?FPCONVERT
  -------         ENDMOD        ?C?FPCONVERT
BL51 BANKED LINKER/LOCATER V6.22                                                      09/20/2018  15:06:26  PAGE 60



  -------         MODULE        ?C?FTNPWR
  C:1A9BH         PUBLIC        ?C?FTNPWR
  -------         ENDMOD        ?C?FTNPWR

  -------         MODULE        ?C?COPY
  C:1BABH         PUBLIC        ?C?COPY
  -------         ENDMOD        ?C?COPY

  -------         MODULE        ?C?CLDPTR
  C:1BD1H         PUBLIC        ?C?CLDPTR
  -------         ENDMOD        ?C?CLDPTR

  -------         MODULE        ?C?CLDOPTR
  C:1BEAH         PUBLIC        ?C?CLDOPTR
  -------         ENDMOD        ?C?CLDOPTR

  -------         MODULE        ?C?CSTPTR
  C:1C17H         PUBLIC        ?C?CSTPTR
  -------         ENDMOD        ?C?CSTPTR

  -------         MODULE        ?C?CSTOPTR
  C:1C29H         PUBLIC        ?C?CSTOPTR
  -------         ENDMOD        ?C?CSTOPTR

  -------         MODULE        ?C?IMUL
  C:1C4BH         PUBLIC        ?C?IMUL
  -------         ENDMOD        ?C?IMUL

  -------         MODULE        ?C?SIDIV
  C:1C5DH         PUBLIC        ?C?SIDIV
  -------         ENDMOD        ?C?SIDIV

  -------         MODULE        ?C?IILDX
  C:1C93H         PUBLIC        ?C?IILDX
  -------         ENDMOD        ?C?IILDX

  -------         MODULE        ?C?ILDIX
  C:1CA9H         PUBLIC        ?C?ILDIX
  -------         ENDMOD        ?C?ILDIX

  -------         MODULE        ?C?ILDPTR
  C:1CBFH         PUBLIC        ?C?ILDPTR
  -------         ENDMOD        ?C?ILDPTR

  -------         MODULE        ?C?ILDOPTR
  C:1CEAH         PUBLIC        ?C?ILDOPTR
  -------         ENDMOD        ?C?ILDOPTR

  -------         MODULE        ?C?ISTPTR
  C:1D22H         PUBLIC        ?C?ISTPTR
  -------         ENDMOD        ?C?ISTPTR

  -------         MODULE        ?C?ISTOPTR
  C:1D41H         PUBLIC        ?C?ISTOPTR
  -------         ENDMOD        ?C?ISTOPTR

BL51 BANKED LINKER/LOCATER V6.22                                                      09/20/2018  15:06:26  PAGE 61


  -------         MODULE        ?C?LMUL
  C:1D6EH         PUBLIC        ?C?LMUL
  -------         ENDMOD        ?C?LMUL

  -------         MODULE        ?C?ULDIV
  C:1DF9H         PUBLIC        ?C?ULDIV
  -------         ENDMOD        ?C?ULDIV

  -------         MODULE        ?C?LNEG
  C:1E8BH         PUBLIC        ?C?LNEG
  -------         ENDMOD        ?C?LNEG

  -------         MODULE        ?C?ULCMP
  C:1E99H         PUBLIC        ?C?ULCMP
  -------         ENDMOD        ?C?ULCMP

  -------         MODULE        ?C?ULSHR
  C:1EAAH         PUBLIC        ?C?ULSHR
  -------         ENDMOD        ?C?ULSHR

  -------         MODULE        ?C?LSHL
  C:1EBDH         PUBLIC        ?C?LSHL
  -------         ENDMOD        ?C?LSHL

  -------         MODULE        ?C?LSTPTR
  C:1ED0H         PUBLIC        ?C?LSTPTR
  -------         ENDMOD        ?C?LSTPTR

  -------         MODULE        ?C?LSTXDATA
  C:1EEAH         PUBLIC        ?C?LSTXDATA
  -------         ENDMOD        ?C?LSTXDATA

  -------         MODULE        ?C?LSTKXDATA
  C:1EF6H         PUBLIC        ?C?LSTKXDATA
  -------         ENDMOD        ?C?LSTKXDATA

  -------         MODULE        ?C?OFFXADD
  C:1F27H         PUBLIC        ?C?OFFXADD
  -------         ENDMOD        ?C?OFFXADD

  -------         MODULE        ?C?PLDXDATA
  C:1F33H         PUBLIC        ?C?PLDXDATA
  -------         ENDMOD        ?C?PLDXDATA

  -------         MODULE        ?C?PLDIXDATA
  C:1F3CH         PUBLIC        ?C?PLDIXDATA
  -------         ENDMOD        ?C?PLDIXDATA

  -------         MODULE        ?C?PILDXDATA
  C:1F53H         PUBLIC        ?C?PILDXDATA
  -------         ENDMOD        ?C?PILDXDATA

  -------         MODULE        ?C?PSTXDATA
  C:1F6AH         PUBLIC        ?C?PSTXDATA
  -------         ENDMOD        ?C?PSTXDATA

  -------         MODULE        ?C?CCASE
BL51 BANKED LINKER/LOCATER V6.22                                                      09/20/2018  15:06:26  PAGE 62


  C:1F73H         PUBLIC        ?C?CCASE
  -------         ENDMOD        ?C?CCASE

  -------         MODULE        PUTCHAR
  C:6EC8H         PUBLIC        _PUTCHAR
  -------         ENDMOD        PUTCHAR

  -------         MODULE        GETCHAR
  B:0021H.3       PUBLIC        ?C?CHARLOADED
  X:04C5H         PUBLIC        ?_UNGETCHAR?BYTE
  C:7079H         PUBLIC        GETCHAR
  -------         ENDMOD        GETCHAR

  -------         MODULE        UNGETC
  C:7159H         PUBLIC        _UNGETCHAR
  -------         ENDMOD        UNGETC

  -------         MODULE        ISSPACE
  C:708DH         PUBLIC        _isspace
  -------         ENDMOD        ISSPACE

  -------         MODULE        ?C?STRCPY
  C:2065H         PUBLIC        ?C?STRCPY
  -------         ENDMOD        ?C?STRCPY

  -------         MODULE        STRLEN
  C:703CH         PUBLIC        _STRLEN
  -------         ENDMOD        STRLEN

  -------         MODULE        ?C?MEMSET
  C:2082H         PUBLIC        ?C?MEMSET
  -------         ENDMOD        ?C?MEMSET

  -------         MODULE        ?C?UIDIV
  C:20AEH         PUBLIC        ?C?UIDIV
  -------         ENDMOD        ?C?UIDIV

  -------         MODULE        ?C?LSTIDATA
  C:2103H         PUBLIC        ?C?LSTIDATA
  -------         ENDMOD        ?C?LSTIDATA

  -------         MODULE        ?C?LSTPDATA
  C:210FH         PUBLIC        ?C?LSTPDATA
  -------         ENDMOD        ?C?LSTPDATA

  -------         MODULE        _GETKEY
  C:713EH         PUBLIC        _GETKEY
  -------         ENDMOD        _GETKEY

*** WARNING L16: UNCALLED SEGMENT, IGNORED FOR OVERLAY PROCESS
    SEGMENT: ?PR?HANDLE_UART?Z_MAIN

*** WARNING L16: UNCALLED SEGMENT, IGNORED FOR OVERLAY PROCESS
    SEGMENT: ?PR?LOOP_VOL_WARNING?Z_MAIN

*** WARNING L16: UNCALLED SEGMENT, IGNORED FOR OVERLAY PROCESS
    SEGMENT: ?PR?_UDELAY?Z_DELAY
BL51 BANKED LINKER/LOCATER V6.22                                                      09/20/2018  15:06:26  PAGE 63



*** WARNING L16: UNCALLED SEGMENT, IGNORED FOR OVERLAY PROCESS
    SEGMENT: ?PR?_ABS_INT?Z_GLOBAL

*** WARNING L16: UNCALLED SEGMENT, IGNORED FOR OVERLAY PROCESS
    SEGMENT: ?PR?UART1_CLOSE?Z_UART

*** WARNING L16: UNCALLED SEGMENT, IGNORED FOR OVERLAY PROCESS
    SEGMENT: ?PR?UART2_CLOSE?Z_UART

*** WARNING L16: UNCALLED SEGMENT, IGNORED FOR OVERLAY PROCESS
    SEGMENT: ?PR?UART4_CLOSE?Z_UART

*** WARNING L16: UNCALLED SEGMENT, IGNORED FOR OVERLAY PROCESS
    SEGMENT: ?PR?_SPIFLASHWRITE?Z_W25Q64

Program Size: data=29.4 xdata=1222 code=29087
LINK/LOCATE RUN COMPLETE.  8 WARNING(S),  0 ERROR(S)
